[INFO] [launch]: All log files can be found below /home/lidio/.ros/log/2026-10-10-19-32-15-417744-Estara-233369
[INFO] [launch]: Default logging verbosity is set to INFO
[INFO] [rviz2-1]: process started with pid [233399]
[INFO] [robot_state_publisher-2]: process started with pid [233401]
[INFO] [ros2_control_node-3]: process started with pid [233403]
[INFO] [spawner-4]: process started with pid [233405]
[robot_state_publisher-2] [INFO] [1791631935.567788444] [robot_state_publisher]: got segment FL_calf
[robot_state_publisher-2] [INFO] [1791631935.567901291] [robot_state_publisher]: got segment FL_foot
[robot_state_publisher-2] [INFO] [1791631935.567906612] [robot_state_publisher]: got segment FL_hip
[robot_state_publisher-2] [INFO] [1791631935.567909451] [robot_state_publisher]: got segment FL_thigh
[robot_state_publisher-2] [INFO] [1791631935.567912541] [robot_state_publisher]: got segment FR_calf
[robot_state_publisher-2] [INFO] [1791631935.567915057] [robot_state_publisher]: got segment FR_foot
[robot_state_publisher-2] [INFO] [1791631935.567917439] [robot_state_publisher]: got segment FR_hip
[robot_state_publisher-2] [INFO] [1791631935.567920141] [robot_state_publisher]: got segment FR_thigh
[robot_state_publisher-2] [INFO] [1791631935.567922663] [robot_state_publisher]: got segment RL_calf
[robot_state_publisher-2] [INFO] [1791631935.567925051] [robot_state_publisher]: got segment RL_foot
[robot_state_publisher-2] [INFO] [1791631935.567927518] [robot_state_publisher]: got segment RL_hip
[robot_state_publisher-2] [INFO] [1791631935.567930051] [robot_state_publisher]: got segment RL_thigh
[robot_state_publisher-2] [INFO] [1791631935.567932421] [robot_state_publisher]: got segment RR_calf
[robot_state_publisher-2] [INFO] [1791631935.567934820] [robot_state_publisher]: got segment RR_foot
[robot_state_publisher-2] [INFO] [1791631935.567937191] [robot_state_publisher]: got segment RR_hip
[robot_state_publisher-2] [INFO] [1791631935.567939635] [robot_state_publisher]: got segment RR_thigh
[robot_state_publisher-2] [INFO] [1791631935.567942166] [robot_state_publisher]: got segment base
[robot_state_publisher-2] [INFO] [1791631935.567944551] [robot_state_publisher]: got segment front_camera
[robot_state_publisher-2] [INFO] [1791631935.567947057] [robot_state_publisher]: got segment imu_link
[robot_state_publisher-2] [INFO] [1791631935.567949660] [robot_state_publisher]: got segment lidar
[robot_state_publisher-2] [INFO] [1791631935.567952022] [robot_state_publisher]: got segment trunk
[ros2_control_node-3] [INFO] [1791631935.570203829] [controller_manager]: Subscribing to '~/robot_description' topic for robot description file.
[ros2_control_node-3] [INFO] [1791631935.570848504] [controller_manager]: update rate is 1000 Hz
[ros2_control_node-3] [INFO] [1791631935.570864511] [controller_manager]: Spawning controller_manager RT thread with scheduler priority: 50
[ros2_control_node-3] [WARN] [1791631935.570937789] [controller_manager]: Could not enable FIFO RT scheduling policy: with error number <1>(Operation not permitted). See [https://control.ros.org/master/doc/ros2_control/controller_manager/doc/userdoc.html] for details on how to enable realtime scheduling.
[ros2_control_node-3] [INFO] [1791631935.581376194] [controller_manager]: Received robot description file.
[ros2_control_node-3] [INFO] [1791631935.581985178] [resource_manager]: Loading hardware 'UnitreeSystem' 
[ros2_control_node-3] [INFO] [1791631935.585839917] [resource_manager]: Initialize hardware 'UnitreeSystem' 
[ros2_control_node-3] [INFO] [1791631935.585892179] [unitree_hardware]:  network_interface: lo, domain: 1
[ros2_control_node-3] 1791631935.587348 [1] ros2_contr: selected interface "lo" is not multicast-capable: disabling multicast
[ros2_control_node-3] [INFO] [1791631935.690137908] [unitree_hardware]: [MOTOR-MAP] controller[0] FR_hip_joint -> Unitree motor[0]
[ros2_control_node-3] [INFO] [1791631935.690158964] [unitree_hardware]: [MOTOR-MAP] controller[1] FR_thigh_joint -> Unitree motor[1]
[ros2_control_node-3] [INFO] [1791631935.690162299] [unitree_hardware]: [MOTOR-MAP] controller[2] FR_calf_joint -> Unitree motor[2]
[ros2_control_node-3] [INFO] [1791631935.690164670] [unitree_hardware]: [MOTOR-MAP] controller[3] FL_hip_joint -> Unitree motor[3]
[ros2_control_node-3] [INFO] [1791631935.690166902] [unitree_hardware]: [MOTOR-MAP] controller[4] FL_thigh_joint -> Unitree motor[4]
[ros2_control_node-3] [INFO] [1791631935.690169206] [unitree_hardware]: [MOTOR-MAP] controller[5] FL_calf_joint -> Unitree motor[5]
[ros2_control_node-3] [INFO] [1791631935.690171524] [unitree_hardware]: [MOTOR-MAP] controller[6] RR_hip_joint -> Unitree motor[6]
[ros2_control_node-3] [INFO] [1791631935.690173690] [unitree_hardware]: [MOTOR-MAP] controller[7] RR_thigh_joint -> Unitree motor[7]
[ros2_control_node-3] [INFO] [1791631935.690175894] [unitree_hardware]: [MOTOR-MAP] controller[8] RR_calf_joint -> Unitree motor[8]
[ros2_control_node-3] [INFO] [1791631935.690178084] [unitree_hardware]: [MOTOR-MAP] controller[9] RL_hip_joint -> Unitree motor[9]
[ros2_control_node-3] [INFO] [1791631935.690180258] [unitree_hardware]: [MOTOR-MAP] controller[10] RL_thigh_joint -> Unitree motor[10]
[ros2_control_node-3] [INFO] [1791631935.690182729] [unitree_hardware]: [MOTOR-MAP] controller[11] RL_calf_joint -> Unitree motor[11]
[ros2_control_node-3] [INFO] [1791631935.690775429] [resource_manager]: Successful initialization of hardware 'UnitreeSystem'
[ros2_control_node-3] [INFO] [1791631935.690935022] [resource_manager]: 'configure' hardware 'UnitreeSystem' 
[ros2_control_node-3] [INFO] [1791631935.690943268] [resource_manager]: Successful 'configure' of hardware 'UnitreeSystem'
[ros2_control_node-3] [INFO] [1791631935.690960797] [resource_manager]: 'activate' hardware 'UnitreeSystem' 
[ros2_control_node-3] [INFO] [1791631935.690965047] [resource_manager]: Successful 'activate' of hardware 'UnitreeSystem'
[ros2_control_node-3] [INFO] [1791631935.798342660] [controller_manager]: Loading controller 'joint_state_broadcaster'
[spawner-4] [INFO] [1791631935.810955295] [spawner_joint_state_broadcaster]: [94mLoaded [1mjoint_state_broadcaster[0m
[ros2_control_node-3] [INFO] [1791631935.811495307] [controller_manager]: Configuring controller 'joint_state_broadcaster'
[ros2_control_node-3] [INFO] [1791631935.811556621] [joint_state_broadcaster]: 'joints' or 'interfaces' parameter is empty. All available state interfaces will be published
[spawner-4] [INFO] [1791631935.817591953] [spawner_joint_state_broadcaster]: [92mConfigured and activated [1mjoint_state_broadcaster[0m
[INFO] [spawner-4]: process has finished cleanly [pid 233405]
[INFO] [spawner-5]: process started with pid [233527]
[rviz2-1] [INFO] [1791631936.012692489] [rviz2]: Stereo is NOT SUPPORTED
[rviz2-1] [INFO] [1791631936.012770091] [rviz2]: OpenGl version: 4.6 (GLSL 4.6)
[rviz2-1] [INFO] [1791631936.027196791] [rviz2]: Stereo is NOT SUPPORTED
[ros2_control_node-3] [INFO] [1791631936.189702196] [controller_manager]: Loading controller 'imu_sensor_broadcaster'
[spawner-5] [INFO] [1791631936.205401364] [spawner_imu_sensor_broadcaster]: [94mLoaded [1mimu_sensor_broadcaster[0m
[ros2_control_node-3] [INFO] [1791631936.206079037] [controller_manager]: Configuring controller 'imu_sensor_broadcaster'
[spawner-5] [INFO] [1791631936.209670526] [spawner_imu_sensor_broadcaster]: [92mConfigured and activated [1mimu_sensor_broadcaster[0m
[INFO] [spawner-5]: process has finished cleanly [pid 233527]
[INFO] [spawner-6]: process started with pid [233581]
[ros2_control_node-3] [INFO] [1791631936.591703241] [controller_manager]: Loading controller 'rl_quadruped_controller'
[ros2_control_node-3] [INFO] [1791631936.816623388] [rl_quadruped_controller]: Controller Update Rate: 200 Hz
[ros2_control_node-3] [INFO] [1791631936.816673910] [rl_quadruped_controller]: Enable Estimator
[ros2_control_node-3] dt: 0.005
[spawner-6] [INFO] [1791631936.827449268] [spawner_rl_quadruped_controller]: [94mLoaded [1mrl_quadruped_controller[0m
[ros2_control_node-3] [INFO] [1791631936.828289626] [controller_manager]: Configuring controller 'rl_quadruped_controller'
[ros2_control_node-3] [INFO] [1791631936.832207363] [rl_quadruped_controller]: [FOOT-LOANED] index=0 name=foot_force/FR
[ros2_control_node-3] [INFO] [1791631936.832237515] [rl_quadruped_controller]: [FOOT-LOANED] index=1 name=foot_force/FL
[ros2_control_node-3] [INFO] [1791631936.832241376] [rl_quadruped_controller]: [FOOT-LOANED] index=2 name=foot_force/RR
[ros2_control_node-3] [INFO] [1791631936.832244463] [rl_quadruped_controller]: [FOOT-LOANED] index=3 name=foot_force/RL
[ros2_control_node-3] [INFO] [1791631936.832263993] [rl_quadruped_controller]: [VERIFY] joint interface order: FR_hip_joint FR_thigh_joint FR_calf_joint ... RL_calf_joint
[ros2_control_node-3] [INFO] [1791631936.832358730] [rl_quadruped_controller]: Using robot model from go2_description
[ros2_control_node-3] [INFO] [1791631936.834310626] [rl_quadruped_controller]: [S1-RUN-SOURCE] pid=233403 package_share=/home/lidio/quadruped_robots/quadruped_ros2_control_humble/install/go2_description/share/go2_description config=/home/lidio/quadruped_robots/quadruped_ros2_control_humble/install/go2_description/share/go2_description/config/abs/config.yaml agile_model=/home/lidio/quadruped_robots/quadruped_ros2_control_humble/install/go2_description/share/go2_description/config/abs/policy.pt ra_model=/home/lidio/quadruped_robots/quadruped_ros2_control_humble/install/go2_description/share/go2_description/config/abs/ra_value.pt candidate=paper_faithful_switch group=A entry_threshold=-0.05 effective_exit_threshold=-0.05 hysteresis=false hold=false goal=(7.000,0.000)
[ros2_control_node-3] [INFO] [1791631936.834363089] [rl_quadruped_controller]: [S2-SWITCH-CONFIG] group=A entry_threshold=-0.05 effective_exit_threshold=-0.05 hysteresis=false hold=false
[ros2_control_node-3] [INFO] [1791631936.834371287] [rl_quadruped_controller]: Model loading: policy.pt
[ros2_control_node-3] robot_legs_.size(): 4
[ros2_control_node-3] [INFO] [1791631936.854190571] [rl_quadruped_controller]: [VERIFY] num_observations=61, num_of_dofs=12
[ros2_control_node-3] [INFO] [1791631936.854242159] [rl_quadruped_controller]: [VERIFY] observations order: contact ang_vel gravity_vec commands timer dof_pos dof_vel actions ray2d 
[ros2_control_node-3] [INFO] [1791631936.854305106] [rl_quadruped_controller]: [VERIFY] rl_kp[0]=30.00, rl_kd[0]=0.65
[ros2_control_node-3] [INFO] [1791631936.854318314] [rl_quadruped_controller]: [VERIFY] scales: action=0.25 lin_vel=1.00 ang_vel=1.00 dof_pos=1.00 dof_vel=0.20
[ros2_control_node-3] [INFO] [1791631936.854331977] [rl_quadruped_controller]: [VERIFY] default_dof_pos: 0.0000 0.8000 -1.5000 (first 3 joints = FR hip/thigh/calf)
[ros2_control_node-3] [INFO] [1791631936.854339332] [rl_quadruped_controller]: [VERIFY] ABS: max_ep_len=9.0s contact_thr=1.0N ray2d_count=11 ray2d_max_range=6.0m
[ros2_control_node-3] [INFO] [1791631936.854345482] [rl_quadruped_controller]: [VERIFY] decimation=4 frequency=200Hz dt=0.0200s
[ros2_control_node-3] [INFO] [1791631936.854351230] [rl_quadruped_controller]: [VERIFY] use_rl_thread=false policy_joint_order=ros1_fl_fr_rl_rr
[ros2_control_node-3] [INFO] [1791631936.857474339] [rl_quadruped_controller]: [RA] Value network loaded: ra_value.pt
[ros2_control_node-3] [INFO] [1791631936.861931016] [rl_quadruped_controller]: [REC] Recovery policy loaded: /home/lidio/quadruped_robots/quadruped_ros2_control_humble/install/go2_description/share/go2_description/config/rec/policy.pt
[ros2_control_node-3] [INFO] [1791631936.863301377] [rl_quadruped_controller]: StateRLRec: Loading recovery model: policy.pt
[ros2_control_node-3] [INFO] [1791631936.866525455] [rl_quadruped_controller]: [REC-VERIFY] num_observations=49, num_of_dofs=12
[ros2_control_node-3] [INFO] [1791631936.866575082] [rl_quadruped_controller]: [REC-VERIFY] observations: contact ang_vel gravity_vec commands dof_pos dof_vel actions 
[ros2_control_node-3] [INFO] [1791631936.866604503] [rl_quadruped_controller]: [REC-VERIFY] rl_kp[0]=30.00, rl_kd[0]=0.65
[ros2_control_node-3] [INFO] [1791631936.866623126] [rl_quadruped_controller]: [REC-VERIFY] action_scale=0.25 dof_vel_scale=0.20 contact_thr=1.0N
[spawner-6] [INFO] [1791631936.868010852] [spawner_rl_quadruped_controller]: [92mConfigured and activated [1mrl_quadruped_controller[0m
[INFO] [spawner-6]: process has finished cleanly [pid 233581]
[ros2_control_node-3] [INFO] [1791631947.855599742] [rl_quadruped_controller]: Switched from passive to fixed down
[ros2_control_node-3] [INFO] [1791631949.665675454] [rl_quadruped_controller]: Switched from fixed down to fixed stand
[ros2_control_node-3] [INFO] [1791631949.675574555] [BaseFixedStand]: [STAND-SYMM] phase=0.004 q_thigh FR=1.255 FL=1.255 RR=1.352 RL=1.352 diff_FLFR=0.000 diff_RLRR=-0.000 q_calf FR=-2.732 FL=-2.732 RR=-2.743 RL=-2.743 diff_FLFR=-0.000 diff_RLRR=0.000
[ros2_control_node-3] [INFO] [1791631950.175202582] [BaseFixedStand]: [STAND-SYMM] phase=0.398 q_thigh FR=1.074 FL=1.074 RR=1.139 RL=1.139 diff_FLFR=0.000 diff_RLRR=-0.000 q_calf FR=-2.367 FL=-2.367 RR=-2.393 RL=-2.393 diff_FLFR=-0.000 diff_RLRR=0.000
[ros2_control_node-3] [INFO] [1791631950.675649592] [BaseFixedStand]: [STAND-SYMM] phase=0.684 q_thigh FR=0.938 FL=0.938 RR=0.980 RL=0.980 diff_FLFR=0.000 diff_RLRR=-0.000 q_calf FR=-1.995 FL=-1.995 RR=-2.009 RL=-2.009 diff_FLFR=-0.000 diff_RLRR=-0.000
[ros2_control_node-3] [INFO] [1791631951.175297234] [BaseFixedStand]: [STAND-SYMM] phase=0.849 q_thigh FR=0.860 FL=0.860 RR=0.889 RL=0.889 diff_FLFR=0.000 diff_RLRR=-0.000 q_calf FR=-1.778 FL=-1.778 RR=-1.779 RL=-1.779 diff_FLFR=-0.000 diff_RLRR=-0.000
[ros2_control_node-3] [INFO] [1791631951.475447171] [rl_quadruped_controller]: Switched from fixed stand to rl
[ros2_control_node-3] [INFO] [1791631951.480688126] [StateRL]: [Ray2D] Shared memory connected: /mujoco_ray2d
[ros2_control_node-3] [INFO] [1791631951.480760410] [StateRL]: [RtFrame] Shared memory initialized: /mujoco_rt_frame session_id=39453802347269 writer_pid=233403
[ros2_control_node-3] [INFO] [1791631951.481270200] [StateRL]: [RL] enable_estimator_=1 rec_loaded=1 ra_loaded=1 ra_threshold=-0.0500
[ros2_control_node-3] [INFO] [1791631951.481289812] [StateRL]: [RL] Ray2d: shm connected, policy active
[ros2_control_node-3] [INFO] [1791631951.509102447] [StateRL]: [PATH] start=(-0.04,0.00) goal=(7.00,0.00) tracking=1 lateral_gain=2.50 heading_gain=2.50
[ros2_control_node-3] [INFO] [1791631951.509224414] [StateRL]: [GOAL] 位置=(-0.04,0.00) 偏航=-0.00 目标=(7.00,0.00) 距离=7.04 机体系=(4.99,0.00) 航向=0.00 path_err=0.00 path_on=1
[ros2_control_node-3] [INFO] [1791631951.554061049] [StateRL]: [RA] ra=-0.4296 ray2d=[1.89 1.97 2.27 2.46 2.42 1.39 1.34 0.77 0.56 1.43 0.95]
[ros2_control_node-3] [INFO] [1791631951.555859456] [StateRL]: [EVAL] step=0 t=0.000 robot=(-0.043,0.000) yaw=-0.000 goal=(7.000,0.000) dist=7.043 body=(4.993,0.000) heading=0.000 arrived=0 ra=-0.42964 entry=-0.05000 recovery=0 hold=0 twist=(0.000,0.000,0.000) min_ray_log=0.565 max_ray_log=2.465 min_ray_m=1.479 lin_vel=(0.010,0.000,-0.046) ang_vel=(-0.000,0.053,-0.000) action_range=(-0.311,2.511) contact=(1,1,1,1)
[ros2_control_node-3] [INFO] [1791631952.004095769] [StateRL]: [EVAL] step=25 t=0.500 robot=(-0.079,-0.004) yaw=0.030 goal=(7.000,0.000) dist=7.079 body=(4.991,-0.139) heading=-0.070 arrived=0 ra=-0.43737 entry=-0.05000 recovery=0 hold=0 twist=(0.000,0.000,0.000) min_ray_log=0.624 max_ray_log=2.435 min_ray_m=1.541 lin_vel=(0.077,-0.019,0.310) ang_vel=(0.137,0.758,0.196) action_range=(-1.789,3.015) contact=(1,1,1,1)
[ros2_control_node-3] [INFO] [1791631952.501271757] [StateRL]: [EVAL] step=50 t=1.000 robot=(0.081,-0.011) yaw=-0.042 goal=(7.000,0.000) dist=6.919 body=(4.988,0.245) heading=0.122 arrived=0 ra=-0.43375 entry=-0.05000 recovery=0 hold=0 twist=(0.000,0.000,0.000) min_ray_log=0.390 max_ray_log=2.585 min_ray_m=1.311 lin_vel=(0.551,0.050,-0.087) ang_vel=(-1.014,0.330,-0.257) action_range=(-1.065,2.285) contact=(1,-1,1,-1)
[ros2_control_node-3] [INFO] [1791631952.882453395] [StateRL]: [TWIST-GD] 梯度下降恢复速度优化 | 初始=[1.21,0.04,-0.04] 最终=[0.72,-0.01,-0.05] 目标=(4.96,0.65) RA迭代=[-0.0339,-0.1489,-0.1478] 中心射线=1.21
[ros2_control_node-3] [WARN] [1791631952.882506047] [StateRL]: [RA-REC] 进入恢复 | group=A mode=paper_faithful_switch ra=-0.0339 entry=-0.0500 effective_exit=-0.0500 hysteresis=false hold=false 恢复速度=[0.72,-0.01,-0.05]
[ros2_control_node-3] [INFO] [1791631952.885057466] [StateRL]: [REC-DIAG] lin_vel=[1.21,0.04,-0.13] twist=[0.72,-0.01,-0.05] hold=0 rec_action_range=[-2.034,1.293]
[ros2_control_node-3] [INFO] [1791631952.885612142] [StateRL]: [ABS-POLICY-CMD] event=recovery_command_issued clock=steady_clock_ns write_ns=39455207212140 write_id=280 source_session_id=39453802347269 source_policy_cycle_id=69 source_mode=1 action_source=2 transition_reason=1 recovery_episode_id=1 q_rad=[0.071988,0.654594,-2.008482,-0.070000,0.596053,-1.521280,0.323373,1.071666,-1.800596,0.025664,0.872140,-1.827060]
[ros2_control_node-3] [INFO] [1791631953.008272408] [StateRL]: [EVAL] step=75 t=1.500 robot=(0.574,-0.043) yaw=-0.099 goal=(7.000,0.000) dist=6.426 body=(4.964,0.528) heading=0.106 arrived=0 ra=0.00157 entry=-0.05000 recovery=1 hold=0 twist=(0.724,-0.012,-0.046) min_ray_log=-0.153 max_ray_log=2.509 min_ray_m=0.900 lin_vel=(0.928,-0.132,-0.978) ang_vel=(0.788,-1.227,0.357) action_range=(-1.987,1.771) contact=(-1,1,-1,1)
[ros2_control_node-3] [INFO] [1791631953.040727618] [StateRL]: [RA-REC] 退出恢复 | group=A mode=paper_faithful_switch ra=-0.0549 < effective_exit=-0.0500 entry=-0.0500 hysteresis=false hold=false, 回到敏捷策略
[ros2_control_node-3] [INFO] [1791631953.322058817] [StateRL]: [TWIST-GD] 梯度下降恢复速度优化 | 初始=[1.09,-0.14,0.04] 最终=[0.60,-0.17,-0.03] 目标=(4.98,0.53) RA迭代=[-0.0385,-0.1508,-0.1499] 中心射线=0.78
[ros2_control_node-3] [WARN] [1791631953.322091099] [StateRL]: [RA-REC] 进入恢复 | group=A mode=paper_faithful_switch ra=-0.0385 entry=-0.0500 effective_exit=-0.0500 hysteresis=false hold=false 恢复速度=[0.60,-0.17,-0.03]
[ros2_control_node-3] [INFO] [1791631953.323049380] [StateRL]: [ABS-POLICY-CMD] event=recovery_command_issued clock=steady_clock_ns write_ns=39455644650040 write_id=368 source_session_id=39453802347269 source_policy_cycle_id=91 source_mode=1 action_source=2 transition_reason=1 recovery_episode_id=2 q_rad=[0.007265,0.243519,-1.490533,-0.075528,0.562936,-1.881558,0.322298,0.887089,-1.661667,0.344415,0.700285,-1.776207]
[ros2_control_node-3] [INFO] [1791631953.341953767] [StateRL]: [RA-REC] 退出恢复 | group=A mode=paper_faithful_switch ra=-0.0570 < effective_exit=-0.0500 entry=-0.0500 hysteresis=false hold=false, 回到敏捷策略
[ros2_control_node-3] [INFO] [1791631953.370739653] [StateRL]: [TWIST-GD] 梯度下降恢复速度优化 | 初始=[1.04,-0.20,-0.08] 最终=[0.55,-0.22,-0.10] 目标=(4.98,0.53) RA迭代=[-0.0248,-0.1388,-0.1380] 中心射线=0.74
[ros2_control_node-3] [WARN] [1791631953.370830392] [StateRL]: [RA-REC] 进入恢复 | group=A mode=paper_faithful_switch ra=-0.0248 entry=-0.0500 effective_exit=-0.0500 hysteresis=false hold=false 恢复速度=[0.55,-0.22,-0.10]
[ros2_control_node-3] [INFO] [1791631953.386040904] [StateRL]: [ABS-POLICY-CMD] event=recovery_command_issued clock=steady_clock_ns write_ns=39455707593229 write_id=376 source_session_id=39453802347269 source_policy_cycle_id=93 source_mode=1 action_source=2 transition_reason=1 recovery_episode_id=3 q_rad=[0.075967,0.311361,-1.399733,-0.140136,0.525432,-1.673037,0.271839,1.038348,-1.799603,0.217809,0.706662,-1.709728]
[ros2_control_node-3] [INFO] [1791631953.397503305] [StateRL]: [REC-DIAG] lin_vel=[1.02,-0.06,-0.24] twist=[0.55,-0.22,-0.10] hold=0 rec_action_range=[-2.131,1.522]
[ros2_control_node-3] [INFO] [1791631953.501447266] [StateRL]: [GOAL] 位置=(1.07,-0.12) 偏航=-0.11 目标=(7.00,0.00) 距离=5.93 机体系=(4.95,0.63) 航向=0.13 path_err=0.00 path_on=0
[ros2_control_node-3] [INFO] [1791631953.502551113] [StateRL]: [RA-REC] 退出恢复 | group=A mode=paper_faithful_switch ra=-0.0714 < effective_exit=-0.0500 entry=-0.0500 hysteresis=false hold=false, 回到敏捷策略
[ros2_control_node-3] [INFO] [1791631953.505577989] [StateRL]: [EVAL] step=100 t=2.000 robot=(1.069,-0.120) yaw=-0.107 goal=(7.000,0.000) dist=5.932 body=(4.951,0.633) heading=0.127 arrived=0 ra=-0.07143 entry=-0.05000 recovery=0 hold=0 twist=(0.554,-0.218,-0.097) min_ray_log=0.516 max_ray_log=2.585 min_ray_m=1.430 lin_vel=(0.852,-0.142,-0.486) ang_vel=(-0.330,0.551,-0.598) action_range=(-1.583,2.389) contact=(-1,1,1,1)
[ros2_control_node-3] [INFO] [1791631953.531717015] [StateRL]: [TWIST-GD] 梯度下降恢复速度优化 | 初始=[0.74,-0.11,-0.63] 最终=[0.25,-0.29,-0.30] 目标=(4.94,1.00) RA迭代=[-0.0338,-0.1424,-0.1416] 中心射线=2.04
[ros2_control_node-3] [WARN] [1791631953.531752837] [StateRL]: [RA-REC] 进入恢复 | group=A mode=paper_faithful_switch ra=-0.0338 entry=-0.0500 effective_exit=-0.0500 hysteresis=false hold=false 恢复速度=[0.25,-0.29,-0.30]
[ros2_control_node-3] [INFO] [1791631953.533102991] [StateRL]: [ABS-POLICY-CMD] event=recovery_command_issued clock=steady_clock_ns write_ns=39455854699691 write_id=408 source_session_id=39453802347269 source_policy_cycle_id=101 source_mode=1 action_source=2 transition_reason=1 recovery_episode_id=4 q_rad=[0.251853,0.620864,-1.329752,-0.250730,0.654139,-1.739694,0.231179,1.062682,-1.998901,0.057847,0.846801,-1.537385]
[ros2_control_node-3] [INFO] [1791631953.540858850] [StateRL]: [RA-REC] 退出恢复 | group=A mode=paper_faithful_switch ra=-0.0629 < effective_exit=-0.0500 entry=-0.0500 hysteresis=false hold=false, 回到敏捷策略
[ros2_control_node-3] [INFO] [1791631953.728776451] [StateRL]: [TWIST-GD] 梯度下降恢复速度优化 | 初始=[0.82,0.09,0.49] 最终=[-0.18,-0.03,0.20] 目标=(4.95,0.98) RA迭代=[-0.0054,-0.0995,-0.1876] 中心射线=0.62
[ros2_control_node-3] [WARN] [1791631953.728906643] [StateRL]: [RA-REC] 进入恢复 | group=A mode=paper_faithful_switch ra=-0.0054 entry=-0.0500 effective_exit=-0.0500 hysteresis=false hold=false 恢复速度=[-0.18,-0.03,0.20]
[ros2_control_node-3] [INFO] [1791631953.732431647] [StateRL]: [ABS-POLICY-CMD] event=recovery_command_issued clock=steady_clock_ns write_ns=39456053964716 write_id=448 source_session_id=39453802347269 source_policy_cycle_id=111 source_mode=1 action_source=2 transition_reason=1 recovery_episode_id=5 q_rad=[0.250862,0.919326,-1.910326,-0.257512,0.695164,-1.600048,0.235743,1.382827,-1.867842,-0.119605,1.029029,-1.874561]
[ros2_control_node-3] [INFO] [1791631953.793747922] [StateRL]: [REC-DIAG] lin_vel=[0.78,0.08,0.15] twist=[-0.18,-0.03,0.20] hold=0 rec_action_range=[-1.428,1.022]
[ros2_control_node-3] [INFO] [1791631953.981559371] [StateRL]: [REC-DIAG] lin_vel=[0.24,-0.03,-0.06] twist=[-0.18,-0.03,0.20] hold=0 rec_action_range=[-1.556,2.674]
[ros2_control_node-3] [INFO] [1791631954.004735523] [StateRL]: [EVAL] step=125 t=2.500 robot=(1.412,-0.131) yaw=-0.038 goal=(7.000,0.000) dist=5.590 body=(4.982,0.307) heading=0.062 arrived=0 ra=0.25497 entry=-0.05000 recovery=1 hold=0 twist=(-0.177,-0.025,0.195) min_ray_log=0.235 max_ray_log=2.585 min_ray_m=1.177 lin_vel=(0.192,0.033,0.019) ang_vel=(-0.279,0.705,-0.015) action_range=(-1.625,2.545) contact=(1,1,1,1)
[ros2_control_node-3] [INFO] [1791631954.187258401] [StateRL]: [REC-DIAG] lin_vel=[-0.13,0.01,0.04] twist=[-0.18,-0.03,0.20] hold=0 rec_action_range=[-1.869,2.358]
[ros2_control_node-3] [INFO] [1791631954.392967614] [StateRL]: [REC-DIAG] lin_vel=[-0.31,0.01,0.04] twist=[-0.18,-0.03,0.20] hold=0 rec_action_range=[-1.825,1.834]
[ros2_control_node-3] [INFO] [1791631954.504523253] [StateRL]: [EVAL] step=150 t=3.000 robot=(1.330,-0.155) yaw=0.025 goal=(7.000,0.000) dist=5.672 body=(4.991,0.013) heading=0.003 arrived=0 ra=0.08023 entry=-0.05000 recovery=1 hold=0 twist=(-0.177,-0.025,0.195) min_ray_log=0.273 max_ray_log=2.585 min_ray_m=1.208 lin_vel=(-0.356,-0.071,0.002) ang_vel=(0.371,0.281,0.005) action_range=(-1.213,2.406) contact=(1,-1,1,1)
[ros2_control_node-3] [INFO] [1791631954.581661188] [StateRL]: [RA-REC] 退出恢复 | group=A mode=paper_faithful_switch ra=-0.2099 < effective_exit=-0.0500 entry=-0.0500 hysteresis=false hold=false, 回到敏捷策略
[ros2_control_node-3] [INFO] [1791631954.723285802] [StateRL]: [TWIST-GD] 梯度下降恢复速度优化 | 初始=[-0.20,-0.28,-0.08] 最终=[-1.19,0.08,-0.56] 目标=(4.99,0.46) RA迭代=[0.0978,-0.0667,-0.2077] 中心射线=0.43
[ros2_control_node-3] [WARN] [1791631954.723352433] [StateRL]: [RA-REC] 进入恢复 | group=A mode=paper_faithful_switch ra=0.0978 entry=-0.0500 effective_exit=-0.0500 hysteresis=false hold=false 恢复速度=[-1.19,0.08,-0.56]
[ros2_control_node-3] [INFO] [1791631954.724744970] [StateRL]: [REC-DIAG] lin_vel=[-0.20,-0.28,-0.18] twist=[-1.19,0.08,-0.56] hold=0 rec_action_range=[-1.879,2.074]
[ros2_control_node-3] [INFO] [1791631954.725101513] [StateRL]: [ABS-POLICY-CMD] event=recovery_command_issued clock=steady_clock_ns write_ns=39457046701680 write_id=648 source_session_id=39453802347269 source_policy_cycle_id=161 source_mode=1 action_source=2 transition_reason=1 recovery_episode_id=6 q_rad=[0.186587,0.612343,-1.498292,-0.217246,0.657196,-1.871304,0.216295,1.318537,-1.850309,0.014193,0.811967,-1.969694]
[ros2_control_node-3] [INFO] [1791631954.762337945] [StateRL]: [RA-REC] 退出恢复 | group=A mode=paper_faithful_switch ra=-0.1860 < effective_exit=-0.0500 entry=-0.0500 hysteresis=false hold=false, 回到敏捷策略
[ros2_control_node-3] [INFO] [1791631954.794571825] [StateRL]: [TWIST-GD] 梯度下降恢复速度优化 | 初始=[-0.43,-0.10,-0.30] 最终=[-0.92,0.12,-0.56] 目标=(4.99,0.49) RA迭代=[0.0030,-0.1652,-0.1638] 中心射线=0.45
[ros2_control_node-3] [WARN] [1791631954.794616081] [StateRL]: [RA-REC] 进入恢复 | group=A mode=paper_faithful_switch ra=0.0030 entry=-0.0500 effective_exit=-0.0500 hysteresis=false hold=false 恢复速度=[-0.92,0.12,-0.56]
[ros2_control_node-3] [INFO] [1791631954.795279644] [StateRL]: [ABS-POLICY-CMD] event=recovery_command_issued clock=steady_clock_ns write_ns=39457116882308 write_id=660 source_session_id=39453802347269 source_policy_cycle_id=164 source_mode=1 action_source=2 transition_reason=1 recovery_episode_id=7 q_rad=[-0.054213,1.314179,-2.039542,-0.217199,0.788338,-1.660365,0.331353,1.336533,-1.871653,0.045045,1.347849,-1.793644]
[ros2_control_node-3] [INFO] [1791631954.881860773] [StateRL]: [RA-REC] 退出恢复 | group=A mode=paper_faithful_switch ra=-0.0880 < effective_exit=-0.0500 entry=-0.0500 hysteresis=false hold=false, 回到敏捷策略
[ros2_control_node-3] [INFO] [1791631954.949159916] [StateRL]: [TWIST-GD] 梯度下降恢复速度优化 | 初始=[-0.18,-0.16,-0.26] 最终=[-0.67,0.26,-0.69] 目标=(4.98,0.85) RA迭代=[-0.0125,-0.1667,-0.1657] 中心射线=0.60
[ros2_control_node-3] [WARN] [1791631954.949293753] [StateRL]: [RA-REC] 进入恢复 | group=A mode=paper_faithful_switch ra=-0.0125 entry=-0.0500 effective_exit=-0.0500 hysteresis=false hold=false 恢复速度=[-0.67,0.26,-0.69]
[ros2_control_node-3] [INFO] [1791631954.959935797] [StateRL]: [ABS-POLICY-CMD] event=recovery_command_issued clock=steady_clock_ns write_ns=39457281482598 write_id=692 source_session_id=39453802347269 source_policy_cycle_id=172 source_mode=1 action_source=2 transition_reason=1 recovery_episode_id=8 q_rad=[0.030186,0.657174,-1.861526,-0.093721,0.759649,-2.107345,0.100610,1.129239,-2.044218,-0.134399,0.806883,-1.927469]
[ros2_control_node-3] [INFO] [1791631955.000803132] [StateRL]: [RA-REC] 退出恢复 | group=A mode=paper_faithful_switch ra=-0.0884 < effective_exit=-0.0500 entry=-0.0500 hysteresis=false hold=false, 回到敏捷策略
[ros2_control_node-3] [INFO] [1791631955.001670971] [StateRL]: [EVAL] step=175 t=3.500 robot=(1.179,-0.239) yaw=-0.017 goal=(7.000,0.000) dist=5.826 body=(4.983,0.292) heading=0.058 arrived=0 ra=-0.08838 entry=-0.05000 recovery=0 hold=0 twist=(-0.668,0.258,-0.685) min_ray_log=0.502 max_ray_log=2.585 min_ray_m=1.416 lin_vel=(-0.134,-0.032,0.145) ang_vel=(0.618,2.473,-0.654) action_range=(-0.897,2.231) contact=(-1,-1,1,-1)
[ros2_control_node-3] [INFO] [1791631955.027873478] [StateRL]: [TWIST-GD] 梯度下降恢复速度优化 | 初始=[-0.12,0.04,-0.44] 最终=[-0.61,0.30,-0.71] 目标=(4.98,0.92) RA迭代=[-0.0015,-0.1405,-0.1395] 中心射线=0.64
[ros2_control_node-3] [WARN] [1791631955.028010770] [StateRL]: [RA-REC] 进入恢复 | group=A mode=paper_faithful_switch ra=-0.0015 entry=-0.0500 effective_exit=-0.0500 hysteresis=false hold=false 恢复速度=[-0.61,0.30,-0.71]
[ros2_control_node-3] [INFO] [1791631955.029838096] [StateRL]: [REC-DIAG] lin_vel=[-0.12,0.04,0.05] twist=[-0.61,0.30,-0.71] hold=0 rec_action_range=[-2.110,1.718]
[ros2_control_node-3] [INFO] [1791631955.031036880] [StateRL]: [ABS-POLICY-CMD] event=recovery_command_issued clock=steady_clock_ns write_ns=39457352598439 write_id=708 source_session_id=39453802347269 source_policy_cycle_id=176 source_mode=1 action_source=2 transition_reason=1 recovery_episode_id=9 q_rad=[0.109692,0.921222,-1.778727,-0.286289,0.631882,-1.506561,0.106082,1.229413,-1.930056,0.049951,1.093093,-2.027582]
[ros2_control_node-3] [INFO] [1791631955.141813059] [StateRL]: [RA-REC] 退出恢复 | group=A mode=paper_faithful_switch ra=-0.0834 < effective_exit=-0.0500 entry=-0.0500 hysteresis=false hold=false, 回到敏捷策略
[ros2_control_node-3] [INFO] [1791631955.182265226] [StateRL]: [TWIST-GD] 梯度下降恢复速度优化 | 初始=[-0.22,0.07,0.32] 最终=[-0.71,0.30,0.57] 目标=(4.99,0.82) RA迭代=[0.0086,-0.1160,-0.1151] 中心射线=0.64
[ros2_control_node-3] [WARN] [1791631955.182302857] [StateRL]: [RA-REC] 进入恢复 | group=A mode=paper_faithful_switch ra=0.0086 entry=-0.0500 effective_exit=-0.0500 hysteresis=false hold=false 恢复速度=[-0.71,0.30,0.57]
[ros2_control_node-3] [INFO] [1791631955.183278093] [StateRL]: [ABS-POLICY-CMD] event=recovery_command_issued clock=steady_clock_ns write_ns=39457504879175 write_id=740 source_session_id=39453802347269 source_policy_cycle_id=184 source_mode=1 action_source=2 transition_reason=1 recovery_episode_id=10 q_rad=[0.284637,0.762598,-1.922401,-0.181596,0.707025,-1.692053,0.135778,1.477770,-2.081326,-0.277069,0.845418,-1.738017]
[ros2_control_node-3] [INFO] [1791631955.220647393] [StateRL]: [RA-REC] 退出恢复 | group=A mode=paper_faithful_switch ra=-0.0599 < effective_exit=-0.0500 entry=-0.0500 hysteresis=false hold=false, 回到敏捷策略
[ros2_control_node-3] [INFO] [1791631955.261990061] [StateRL]: [TWIST-GD] 梯度下降恢复速度优化 | 初始=[-0.20,-0.21,-0.05] 最终=[-0.69,-0.17,-0.38] 目标=(4.99,0.85) RA迭代=[-0.0280,-0.1971,-0.1957] 中心射线=0.68
[ros2_control_node-3] [WARN] [1791631955.262035039] [StateRL]: [RA-REC] 进入恢复 | group=A mode=paper_faithful_switch ra=-0.0280 entry=-0.0500 effective_exit=-0.0500 hysteresis=false hold=false 恢复速度=[-0.69,-0.17,-0.38]
[ros2_control_node-3] [INFO] [1791631955.263354962] [StateRL]: [ABS-POLICY-CMD] event=recovery_command_issued clock=steady_clock_ns write_ns=39457584947474 write_id=756 source_session_id=39453802347269 source_policy_cycle_id=188 source_mode=1 action_source=2 transition_reason=1 recovery_episode_id=11 q_rad=[0.232757,0.760708,-1.813728,-0.382477,0.779096,-1.828601,0.250304,1.132150,-1.811595,-0.137238,1.068292,-1.609285]
[ros2_control_node-3] [INFO] [1791631955.309172578] [StateRL]: [REC-DIAG] lin_vel=[-0.18,-0.18,0.12] twist=[-0.69,-0.17,-0.38] hold=0 rec_action_range=[-1.919,2.216]
[ros2_control_node-3] [INFO] [1791631955.340584661] [StateRL]: [RA-REC] 退出恢复 | group=A mode=paper_faithful_switch ra=-0.0561 < effective_exit=-0.0500 entry=-0.0500 hysteresis=false hold=false, 回到敏捷策略
[ros2_control_node-3] [INFO] [1791631955.442176187] [StateRL]: [TWIST-GD] 梯度下降恢复速度优化 | 初始=[-0.05,-0.21,0.42] 最终=[-0.54,0.02,0.75] 目标=(4.99,0.89) RA迭代=[-0.0396,-0.1656,-0.1647] 中心射线=0.71
[ros2_control_node-3] [WARN] [1791631955.442223196] [StateRL]: [RA-REC] 进入恢复 | group=A mode=paper_faithful_switch ra=-0.0396 entry=-0.0500 effective_exit=-0.0500 hysteresis=false hold=false 恢复速度=[-0.54,0.02,0.75]
[ros2_control_node-3] [INFO] [1791631955.443072558] [StateRL]: [ABS-POLICY-CMD] event=recovery_command_issued clock=steady_clock_ns write_ns=39457764674286 write_id=792 source_session_id=39453802347269 source_policy_cycle_id=197 source_mode=1 action_source=2 transition_reason=1 recovery_episode_id=12 q_rad=[0.224451,0.638277,-1.652496,-0.193452,0.777639,-1.740483,-0.002529,0.958161,-2.007821,0.017946,1.030536,-2.236302]
[ros2_control_node-3] [INFO] [1791631955.501554268] [StateRL]: [GOAL] 位置=(1.06,-0.30) 偏航=0.04 目标=(7.00,0.00) 距离=5.95 机体系=(4.99,0.07) 航向=0.01 path_err=0.00 path_on=0
[ros2_control_node-3] [INFO] [1791631955.515796191] [StateRL]: [EVAL] step=200 t=4.000 robot=(1.060,-0.297) yaw=0.037 goal=(7.000,0.000) dist=5.948 body=(4.991,0.066) heading=0.013 arrived=0 ra=-0.03661 entry=-0.05000 recovery=1 hold=0 twist=(-0.538,0.020,0.753) min_ray_log=0.616 max_ray_log=2.585 min_ray_m=1.532 lin_vel=(-0.383,-0.138,0.031) ang_vel=(-0.691,0.338,0.263) action_range=(-1.933,1.257) contact=(1,1,-1,-1)
[ros2_control_node-3] [INFO] [1791631955.526243100] [StateRL]: [RA-REC] 退出恢复 | group=A mode=paper_faithful_switch ra=-0.0525 < effective_exit=-0.0500 entry=-0.0500 hysteresis=false hold=false, 回到敏捷策略
[ros2_control_node-3] [INFO] [1791631955.666188371] [StateRL]: [TWIST-GD] 梯度下降恢复速度优化 | 初始=[0.04,-0.12,0.52] 最终=[-0.45,-0.30,1.01] 目标=(4.95,0.19) RA迭代=[-0.0272,-0.1368,-0.1362] 中心射线=0.66
[ros2_control_node-3] [WARN] [1791631955.666267725] [StateRL]: [RA-REC] 进入恢复 | group=A mode=paper_faithful_switch ra=-0.0272 entry=-0.0500 effective_exit=-0.0500 hysteresis=false hold=false 恢复速度=[-0.45,-0.30,1.01]
[ros2_control_node-3] [INFO] [1791631955.677339214] [StateRL]: [ABS-POLICY-CMD] event=recovery_command_issued clock=steady_clock_ns write_ns=39457998931128 write_id=836 source_session_id=39453802347269 source_policy_cycle_id=208 source_mode=1 action_source=2 transition_reason=1 recovery_episode_id=13 q_rad=[0.399910,0.879531,-1.903791,-0.264181,0.782468,-1.597303,0.349425,1.032887,-1.842207,-0.178294,1.157542,-1.852539]
[ros2_control_node-3] [INFO] [1791631955.700964805] [StateRL]: [RA-REC] 退出恢复 | group=A mode=paper_faithful_switch ra=-0.0541 < effective_exit=-0.0500 entry=-0.0500 hysteresis=false hold=false, 回到敏捷策略
[ros2_control_node-3] [INFO] [1791631955.732441605] [StateRL]: [TWIST-GD] 梯度下降恢复速度优化 | 初始=[-0.03,-0.16,0.29] 最终=[-0.52,-0.30,0.68] 目标=(4.94,0.10) RA迭代=[-0.0421,-0.1341,-0.1336] 中心射线=0.66
[ros2_control_node-3] [WARN] [1791631955.732555909] [StateRL]: [RA-REC] 进入恢复 | group=A mode=paper_faithful_switch ra=-0.0421 entry=-0.0500 effective_exit=-0.0500 hysteresis=false hold=false 恢复速度=[-0.52,-0.30,0.68]
[ros2_control_node-3] [INFO] [1791631955.748956890] [StateRL]: [ABS-POLICY-CMD] event=recovery_command_issued clock=steady_clock_ns write_ns=39458070513638 write_id=848 source_session_id=39453802347269 source_policy_cycle_id=211 source_mode=1 action_source=2 transition_reason=1 recovery_episode_id=14 q_rad=[0.388252,0.826520,-1.669976,-0.078613,0.840026,-1.742618,0.023192,1.276280,-1.951346,-0.015969,0.877888,-1.638020]
[ros2_control_node-3] [INFO] [1791631955.769316280] [StateRL]: [REC-DIAG] lin_vel=[-0.04,-0.29,0.05] twist=[-0.52,-0.30,0.68] hold=0 rec_action_range=[-2.998,1.378]
[ros2_control_node-3] [INFO] [1791631955.780872778] [StateRL]: [RA-REC] 退出恢复 | group=A mode=paper_faithful_switch ra=-0.0670 < effective_exit=-0.0500 entry=-0.0500 hysteresis=false hold=false, 回到敏捷策略
[ros2_control_node-3] [INFO] [1791631955.803936639] [StateRL]: [TWIST-GD] 梯度下降恢复速度优化 | 初始=[-0.10,-0.12,0.13] 最终=[-0.59,-0.30,0.61] 目标=(4.92,0.03) RA迭代=[-0.0435,-0.1341,-0.1336] 中心射线=0.67
[ros2_control_node-3] [WARN] [1791631955.803983403] [StateRL]: [RA-REC] 进入恢复 | group=A mode=paper_faithful_switch ra=-0.0435 entry=-0.0500 effective_exit=-0.0500 hysteresis=false hold=false 恢复速度=[-0.59,-0.30,0.61]
[ros2_control_node-3] [INFO] [1791631955.804926029] [StateRL]: [ABS-POLICY-CMD] event=recovery_command_issued clock=steady_clock_ns write_ns=39458126519241 write_id=864 source_session_id=39453802347269 source_policy_cycle_id=215 source_mode=1 action_source=2 transition_reason=1 recovery_episode_id=15 q_rad=[0.396073,0.931194,-1.836882,-0.391921,0.967493,-1.820501,0.286735,0.991196,-1.754608,-0.056967,1.182357,-1.666594]
[ros2_control_node-3] [INFO] [1791631955.823686365] [StateRL]: [RA-REC] 退出恢复 | group=A mode=paper_faithful_switch ra=-0.0867 < effective_exit=-0.0500 entry=-0.0500 hysteresis=false hold=false, 回到敏捷策略
[ros2_control_node-3] [INFO] [1791631955.866447513] [StateRL]: [TWIST-GD] 梯度下降恢复速度优化 | 初始=[-0.01,-0.05,-0.26] 最终=[-1.01,-0.30,-0.31] 目标=(4.93,0.08) RA迭代=[-0.0032,-0.0758,-0.1474] 中心射线=0.67
[ros2_control_node-3] [WARN] [1791631955.866570037] [StateRL]: [RA-REC] 进入恢复 | group=A mode=paper_faithful_switch ra=-0.0032 entry=-0.0500 effective_exit=-0.0500 hysteresis=false hold=false 恢复速度=[-1.01,-0.30,-0.31]
[ros2_control_node-3] [INFO] [1791631955.880584518] [StateRL]: [ABS-POLICY-CMD] event=recovery_command_issued clock=steady_clock_ns write_ns=39458202118589 write_id=872 source_session_id=39453802347269 source_policy_cycle_id=217 source_mode=1 action_source=2 transition_reason=1 recovery_episode_id=16 q_rad=[-0.160688,1.465145,-2.023278,-0.051144,0.700896,-1.490443,0.146529,1.091208,-1.814212,0.199668,1.161093,-1.849817]
[ros2_control_node-3] [INFO] [1791631955.891477318] [StateRL]: [RA-REC] 退出恢复 | group=A mode=paper_faithful_switch ra=-0.0584 < effective_exit=-0.0500 entry=-0.0500 hysteresis=false hold=false, 回到敏捷策略
[ros2_control_node-3] [INFO] [1791631956.001700518] [StateRL]: [TWIST-GD] 梯度下降恢复速度优化 | 初始=[-0.03,-0.47,-0.55] 最终=[-0.52,-0.30,-0.80] 目标=(4.99,0.87) RA迭代=[-0.0057,-0.1627,-0.1612] 中心射线=0.73
[ros2_control_node-3] [WARN] [1791631956.001754047] [StateRL]: [RA-REC] 进入恢复 | group=A mode=paper_faithful_switch ra=-0.0057 entry=-0.0500 effective_exit=-0.0500 hysteresis=false hold=false 恢复速度=[-0.52,-0.30,-0.80]
[ros2_control_node-3] [INFO] [1791631956.002401323] [StateRL]: [EVAL] step=225 t=4.500 robot=(1.035,-0.400) yaw=0.092 goal=(7.000,0.000) dist=5.978 body=(4.990,0.871) heading=0.412 arrived=0 ra=-0.00574 entry=-0.05000 recovery=1 hold=0 twist=(-0.520,-0.298,-0.801) min_ray_log=0.673 max_ray_log=2.585 min_ray_m=1.594 lin_vel=(-0.030,-0.466,-0.290) ang_vel=(1.061,-0.967,-0.551) action_range=(-2.094,1.967) contact=(-1,1,1,1)
[ros2_control_node-3] [INFO] [1791631956.002547081] [StateRL]: [ABS-POLICY-CMD] event=recovery_command_issued clock=steady_clock_ns write_ns=39458324151842 write_id=904 source_session_id=39453802347269 source_policy_cycle_id=225 source_mode=1 action_source=2 transition_reason=1 recovery_episode_id=17 q_rad=[0.217173,0.687080,-1.499857,-0.373278,0.770276,-2.023492,0.219291,1.291822,-1.846002,0.066299,1.029371,-1.953537]
[ros2_control_node-3] [INFO] [1791631956.101458495] [StateRL]: [RA-REC] 退出恢复 | group=A mode=paper_faithful_switch ra=-0.4728 < effective_exit=-0.0500 entry=-0.0500 hysteresis=false hold=false, 回到敏捷策略
[ros2_control_node-3] [INFO] [1791631956.445281391] [StateRL]: [TWIST-GD] 梯度下降恢复速度优化 | 初始=[0.46,-0.35,0.88] 最终=[-0.03,-0.10,1.22] 目标=(4.99,1.10) RA迭代=[-0.0135,-0.1548,-0.1539] 中心射线=0.81
[ros2_control_node-3] [WARN] [1791631956.445331104] [StateRL]: [RA-REC] 进入恢复 | group=A mode=paper_faithful_switch ra=-0.0135 entry=-0.0500 effective_exit=-0.0500 hysteresis=false hold=false 恢复速度=[-0.03,-0.10,1.22]
[ros2_control_node-3] [INFO] [1791631956.451049802] [StateRL]: [ABS-POLICY-CMD] event=recovery_command_issued clock=steady_clock_ns write_ns=39458772636893 write_id=992 source_session_id=39453802347269 source_policy_cycle_id=247 source_mode=1 action_source=2 transition_reason=1 recovery_episode_id=18 q_rad=[0.213773,0.830598,-1.833387,-0.131518,0.867048,-1.626144,0.114212,1.289498,-1.904390,-0.120806,0.958584,-1.809915]
[ros2_control_node-3] [INFO] [1791631956.481790822] [StateRL]: [REC-DIAG] lin_vel=[0.46,-0.26,0.21] twist=[-0.03,-0.10,1.22] hold=0 rec_action_range=[-1.362,0.685]
[ros2_control_node-3] [INFO] [1791631956.501456572] [StateRL]: [RA-REC] 退出恢复 | group=A mode=paper_faithful_switch ra=-0.0581 < effective_exit=-0.0500 entry=-0.0500 hysteresis=false hold=false, 回到敏捷策略
[ros2_control_node-3] [INFO] [1791631956.509258301] [StateRL]: [EVAL] step=250 t=5.000 robot=(1.113,-0.538) yaw=0.179 goal=(7.000,0.000) dist=5.911 body=(4.972,-0.438) heading=-0.088 arrived=0 ra=-0.05807 entry=-0.05000 recovery=0 hold=0 twist=(-0.033,-0.100,1.217) min_ray_log=0.636 max_ray_log=2.585 min_ray_m=1.554 lin_vel=(0.437,-0.320,0.026) ang_vel=(-1.051,0.754,0.849) action_range=(-0.872,2.113) contact=(1,-1,-1,-1)
[ros2_control_node-3] [INFO] [1791631956.525552637] [StateRL]: [TWIST-GD] 梯度下降恢复速度优化 | 初始=[0.41,-0.31,0.79] 最终=[-0.08,-0.21,0.49] 目标=(4.97,0.82) RA迭代=[-0.0280,-0.1411,-0.1403] 中心射线=0.67
[ros2_control_node-3] [WARN] [1791631956.525644056] [StateRL]: [RA-REC] 进入恢复 | group=A mode=paper_faithful_switch ra=-0.0280 entry=-0.0500 effective_exit=-0.0500 hysteresis=false hold=false 恢复速度=[-0.08,-0.21,0.49]
[ros2_control_node-3] [INFO] [1791631956.528196870] [StateRL]: [ABS-POLICY-CMD] event=recovery_command_issued clock=steady_clock_ns write_ns=39458849774213 write_id=1008 source_session_id=39453802347269 source_policy_cycle_id=251 source_mode=1 action_source=2 transition_reason=1 recovery_episode_id=19 q_rad=[0.277789,0.720748,-1.531302,-0.143593,0.997334,-1.650968,-0.029049,0.914758,-1.796670,0.004041,0.954047,-1.499847]
[ros2_control_node-3] [INFO] [1791631956.560856619] [StateRL]: [RA-REC] 退出恢复 | group=A mode=paper_faithful_switch ra=-0.0757 < effective_exit=-0.0500 entry=-0.0500 hysteresis=false hold=false, 回到敏捷策略
[ros2_control_node-3] [INFO] [1791631956.705056121] [StateRL]: [TWIST-GD] 梯度下降恢复速度优化 | 初始=[0.46,-0.13,0.44] 最终=[-0.53,-0.30,1.35] 目标=(4.86,0.23) RA迭代=[0.0326,-0.0813,-0.1729] 中心射线=0.55
[ros2_control_node-3] [WARN] [1791631956.705115430] [StateRL]: [RA-REC] 进入恢复 | group=A mode=paper_faithful_switch ra=0.0326 entry=-0.0500 effective_exit=-0.0500 hysteresis=false hold=false 恢复速度=[-0.53,-0.30,1.35]
[ros2_control_node-3] [INFO] [1791631956.707967541] [StateRL]: [ABS-POLICY-CMD] event=recovery_command_issued clock=steady_clock_ns write_ns=39459029502954 write_id=1044 source_session_id=39453802347269 source_policy_cycle_id=260 source_mode=1 action_source=2 transition_reason=1 recovery_episode_id=20 q_rad=[0.394672,0.720544,-1.796998,-0.296561,0.795636,-1.617978,0.157808,1.012677,-2.067733,-0.043488,0.936814,-2.037031]
[ros2_control_node-3] [INFO] [1791631956.782905427] [StateRL]: [RA-REC] 退出恢复 | group=A mode=paper_faithful_switch ra=-0.0706 < effective_exit=-0.0500 entry=-0.0500 hysteresis=false hold=false, 回到敏捷策略
[ros2_control_node-3] [INFO] [1791631956.819986624] [StateRL]: [TWIST-GD] 梯度下降恢复速度优化 | 初始=[0.06,-0.16,0.51] 最终=[-0.94,-0.30,1.47] 目标=(4.80,0.01) RA迭代=[0.0385,-0.0888,-0.1951] 中心射线=0.53
[ros2_control_node-3] [WARN] [1791631956.820083058] [StateRL]: [RA-REC] 进入恢复 | group=A mode=paper_faithful_switch ra=0.0385 entry=-0.0500 effective_exit=-0.0500 hysteresis=false hold=false 恢复速度=[-0.94,-0.30,1.47]
[ros2_control_node-3] [INFO] [1791631956.831322952] [StateRL]: [ABS-POLICY-CMD] event=recovery_command_issued clock=steady_clock_ns write_ns=39459152915952 write_id=1064 source_session_id=39453802347269 source_policy_cycle_id=265 source_mode=1 action_source=2 transition_reason=1 recovery_episode_id=21 q_rad=[0.291043,0.758033,-2.114928,-0.097499,0.766293,-1.780035,0.379297,1.137062,-1.864360,-0.132369,1.136441,-1.704902]
[ros2_control_node-3] [INFO] [1791631956.860885212] [StateRL]: [RA-REC] 退出恢复 | group=A mode=paper_faithful_switch ra=-0.0596 < effective_exit=-0.0500 entry=-0.0500 hysteresis=false hold=false, 回到敏捷策略
[ros2_control_node-3] [INFO] [1791631956.927966292] [StateRL]: [TWIST-GD] 梯度下降恢复速度优化 | 初始=[0.40,-0.09,0.09] 最终=[-0.09,-0.30,0.13] 目标=(4.76,-0.17) RA迭代=[-0.0491,-0.1150,-0.1144] 中心射线=0.52
[ros2_control_node-3] [WARN] [1791631956.928007868] [StateRL]: [RA-REC] 进入恢复 | group=A mode=paper_faithful_switch ra=-0.0491 entry=-0.0500 effective_exit=-0.0500 hysteresis=false hold=false 恢复速度=[-0.09,-0.30,0.13]
[ros2_control_node-3] [INFO] [1791631956.928726445] [StateRL]: [REC-DIAG] lin_vel=[0.40,-0.09,-0.26] twist=[-0.09,-0.30,0.13] hold=0 rec_action_range=[-2.149,1.554]
[ros2_control_node-3] [INFO] [1791631956.929338105] [StateRL]: [ABS-POLICY-CMD] event=recovery_command_issued clock=steady_clock_ns write_ns=39459250935132 write_id=1088 source_session_id=39453802347269 source_policy_cycle_id=271 source_mode=1 action_source=2 transition_reason=1 recovery_episode_id=22 q_rad=[0.388409,0.759615,-1.795295,-0.119890,0.708498,-1.691132,0.211261,1.133367,-2.037334,-0.127882,0.992717,-1.859593]
[ros2_control_node-3] [INFO] [1791631956.941067925] [StateRL]: [RA-REC] 退出恢复 | group=A mode=paper_faithful_switch ra=-0.1075 < effective_exit=-0.0500 entry=-0.0500 hysteresis=false hold=false, 回到敏捷策略
[ros2_control_node-3] [INFO] [1791631956.962860418] [StateRL]: [TWIST-GD] 梯度下降恢复速度优化 | 初始=[0.34,-0.07,-0.16] 最终=[-0.15,-0.22,-0.09] 目标=(4.75,-0.20) RA迭代=[-0.0491,-0.1128,-0.1123] 中心射线=0.50
[ros2_control_node-3] [WARN] [1791631956.962921726] [StateRL]: [RA-REC] 进入恢复 | group=A mode=paper_faithful_switch ra=-0.0491 entry=-0.0500 effective_exit=-0.0500 hysteresis=false hold=false 恢复速度=[-0.15,-0.22,-0.09]
[ros2_control_node-3] [INFO] [1791631956.963939026] [StateRL]: [ABS-POLICY-CMD] event=recovery_command_issued clock=steady_clock_ns write_ns=39459285538793 write_id=1096 source_session_id=39453802347269 source_policy_cycle_id=273 source_mode=1 action_source=2 transition_reason=1 recovery_episode_id=23 q_rad=[0.393732,0.720240,-1.790927,-0.196881,0.734177,-1.723779,0.157182,1.175394,-2.026654,-0.040221,0.988811,-1.938128]
[ros2_control_node-3] [INFO] [1791631956.982650799] [StateRL]: [RA-REC] 退出恢复 | group=A mode=paper_faithful_switch ra=-0.1406 < effective_exit=-0.0500 entry=-0.0500 hysteresis=false hold=false, 回到敏捷策略
[ros2_control_node-3] [INFO] [1791631957.009438903] [StateRL]: [TWIST-GD] 梯度下降恢复速度优化 | 初始=[0.17,-0.13,-0.27] 最终=[-0.82,-0.30,-0.55] 目标=(4.76,-0.15) RA迭代=[0.0404,-0.0424,-0.1160] 中心射线=0.48
[ros2_control_node-3] [WARN] [1791631957.009555715] [StateRL]: [RA-REC] 进入恢复 | group=A mode=paper_faithful_switch ra=0.0404 entry=-0.0500 effective_exit=-0.0500 hysteresis=false hold=false 恢复速度=[-0.82,-0.30,-0.55]
[ros2_control_node-3] [INFO] [1791631957.018125903] [StateRL]: [EVAL] step=275 t=5.500 robot=(1.294,-0.584) yaw=0.405 goal=(7.000,0.000) dist=5.736 body=(4.764,-0.149) heading=-0.078 arrived=0 ra=0.04041 entry=-0.05000 recovery=1 hold=0 twist=(-0.823,-0.300,-0.552) min_ray_log=0.485 max_ray_log=2.585 min_ray_m=1.399 lin_vel=(0.173,-0.132,0.332) ang_vel=(0.088,0.255,-0.270) action_range=(-1.938,2.125) contact=(1,1,-1,1)
[ros2_control_node-3] [INFO] [1791631957.020006266] [StateRL]: [ABS-POLICY-CMD] event=recovery_command_issued clock=steady_clock_ns write_ns=39459341550063 write_id=1104 source_session_id=39453802347269 source_policy_cycle_id=275 source_mode=1 action_source=2 transition_reason=1 recovery_episode_id=24 q_rad=[0.341334,0.705628,-1.715870,-0.281080,0.815517,-1.707753,0.242221,1.331259,-1.984514,-0.014792,1.030544,-1.845941]
[ros2_control_node-3] [INFO] [1791631957.038886663] [StateRL]: [RA-REC] 退出恢复 | group=A mode=paper_faithful_switch ra=-0.0966 < effective_exit=-0.0500 entry=-0.0500 hysteresis=false hold=false, 回到敏捷策略
[ros2_control_node-3] [INFO] [1791631957.050572339] [StateRL]: [TWIST-GD] 梯度下降恢复速度优化 | 初始=[0.15,-0.18,-0.39] 最终=[-0.85,-0.30,-0.66] 目标=(4.80,-0.02) RA迭代=[0.0515,-0.0335,-0.1156] 中心射线=0.46
[ros2_control_node-3] [WARN] [1791631957.050623331] [StateRL]: [RA-REC] 进入恢复 | group=A mode=paper_faithful_switch ra=0.0515 entry=-0.0500 effective_exit=-0.0500 hysteresis=false hold=false 恢复速度=[-0.85,-0.30,-0.66]
[ros2_control_node-3] [INFO] [1791631957.052073432] [StateRL]: [ABS-POLICY-CMD] event=recovery_command_issued clock=steady_clock_ns write_ns=39459373667315 write_id=1112 source_session_id=39453802347269 source_policy_cycle_id=277 source_mode=1 action_source=2 transition_reason=1 recovery_episode_id=25 q_rad=[0.397336,0.673906,-1.782407,-0.285304,0.821187,-2.057383,0.267362,1.219398,-1.963295,-0.044186,0.980916,-1.768008]
[ros2_control_node-3] [INFO] [1791631957.061021287] [StateRL]: [RA-REC] 退出恢复 | group=A mode=paper_faithful_switch ra=-0.0704 < effective_exit=-0.0500 entry=-0.0500 hysteresis=false hold=false, 回到敏捷策略
[ros2_control_node-3] [INFO] [1791631957.082848570] [StateRL]: [TWIST-GD] 梯度下降恢复速度优化 | 初始=[0.18,-0.10,-0.35] 最终=[-0.81,-0.30,-0.71] 目标=(4.81,0.06) RA迭代=[0.0648,-0.0291,-0.1024] 中心射线=0.45
[ros2_control_node-3] [WARN] [1791631957.082886554] [StateRL]: [RA-REC] 进入恢复 | group=A mode=paper_faithful_switch ra=0.0648 entry=-0.0500 effective_exit=-0.0500 hysteresis=false hold=false 恢复速度=[-0.81,-0.30,-0.71]
[ros2_control_node-3] [INFO] [1791631957.083965024] [StateRL]: [ABS-POLICY-CMD] event=recovery_command_issued clock=steady_clock_ns write_ns=39459405558344 write_id=1120 source_session_id=39453802347269 source_policy_cycle_id=279 source_mode=1 action_source=2 transition_reason=1 recovery_episode_id=26 q_rad=[0.360972,1.049373,-1.979661,-0.298293,0.839947,-1.810975,0.236028,1.031162,-1.764450,0.002456,1.148169,-1.797402]
[ros2_control_node-3] [INFO] [1791631957.102889393] [StateRL]: [RA-REC] 退出恢复 | group=A mode=paper_faithful_switch ra=-0.0966 < effective_exit=-0.0500 entry=-0.0500 hysteresis=false hold=false, 回到敏捷策略
[ros2_control_node-3] [INFO] [1791631957.137057770] [StateRL]: [TWIST-GD] 梯度下降恢复速度优化 | 初始=[0.24,-0.05,-0.54] 最终=[-0.75,-0.01,-0.51] 目标=(4.84,0.16) RA迭代=[-0.0059,-0.0766,-0.1600] 中心射线=0.44
[ros2_control_node-3] [WARN] [1791631957.137104831] [StateRL]: [RA-REC] 进入恢复 | group=A mode=paper_faithful_switch ra=-0.0059 entry=-0.0500 effective_exit=-0.0500 hysteresis=false hold=false 恢复速度=[-0.75,-0.01,-0.51]
[ros2_control_node-3] [INFO] [1791631957.138313262] [StateRL]: [ABS-POLICY-CMD] event=recovery_command_issued clock=steady_clock_ns write_ns=39459459913769 write_id=1128 source_session_id=39453802347269 source_policy_cycle_id=281 source_mode=1 action_source=2 transition_reason=1 recovery_episode_id=27 q_rad=[0.084959,1.335403,-1.925999,0.004473,0.762581,-1.532759,0.213443,1.491692,-1.839285,0.069989,0.920636,-1.636998]
[ros2_control_node-3] [INFO] [1791631957.141217075] [StateRL]: [RA-REC] 退出恢复 | group=A mode=paper_faithful_switch ra=-0.2419 < effective_exit=-0.0500 entry=-0.0500 hysteresis=false hold=false, 回到敏捷策略
[ros2_control_node-3] [INFO] [1791631957.223772682] [StateRL]: [TWIST-GD] 梯度下降恢复速度优化 | 初始=[0.28,-0.44,-1.16] 最终=[-0.71,0.08,-1.59] 目标=(4.94,0.75) RA迭代=[0.1155,-0.0558,-0.1985] 中心射线=0.49
[ros2_control_node-3] [WARN] [1791631957.223820885] [StateRL]: [RA-REC] 进入恢复 | group=A mode=paper_faithful_switch ra=0.1155 entry=-0.0500 effective_exit=-0.0500 hysteresis=false hold=false 恢复速度=[-0.71,0.08,-1.59]
[ros2_control_node-3] [INFO] [1791631957.225858157] [StateRL]: [ABS-POLICY-CMD] event=recovery_command_issued clock=steady_clock_ns write_ns=39459547449003 write_id=1148 source_session_id=39453802347269 source_policy_cycle_id=286 source_mode=1 action_source=2 transition_reason=1 recovery_episode_id=28 q_rad=[0.098796,0.729211,-1.695680,-0.369299,0.588207,-1.699100,0.341674,1.554678,-1.882268,0.104869,0.878042,-1.828227]
[ros2_control_node-3] [INFO] [1791631957.242860145] [StateRL]: [RA-REC] 退出恢复 | group=A mode=paper_faithful_switch ra=-0.1432 < effective_exit=-0.0500 entry=-0.0500 hysteresis=false hold=false, 回到敏捷策略
[ros2_control_node-3] [INFO] [1791631957.500584807] [StateRL]: [GOAL] 位置=(1.48,-0.63) 偏航=0.23 目标=(7.00,0.00) 距离=5.56 机体系=(4.96,0.98) 航向=0.46 path_err=-0.63 path_on=1
[ros2_control_node-3] [INFO] [1791631957.502108894] [StateRL]: [EVAL] step=300 t=6.000 robot=(1.480,-0.635) yaw=0.229 goal=(7.000,0.000) dist=5.556 body=(4.959,0.978) heading=0.458 arrived=0 ra=-0.19799 entry=-0.05000 recovery=0 hold=0 twist=(-0.712,0.077,-1.590) min_ray_log=0.299 max_ray_log=2.585 min_ray_m=1.230 lin_vel=(0.545,-0.239,0.252) ang_vel=(0.055,-1.095,0.446) action_range=(-1.488,1.777) contact=(-1,1,-1,-1)
[ros2_control_node-3] [INFO] [1791631957.544364607] [StateRL]: [TWIST-GD] 梯度下降恢复速度优化 | 初始=[0.60,-0.22,0.39] 最终=[-0.39,-0.25,0.16] 目标=(4.95,0.92) RA迭代=[-0.0124,-0.0990,-0.1803] 中心射线=0.50
[ros2_control_node-3] [WARN] [1791631957.544416347] [StateRL]: [RA-REC] 进入恢复 | group=A mode=paper_faithful_switch ra=-0.0124 entry=-0.0500 effective_exit=-0.0500 hysteresis=false hold=false 恢复速度=[-0.39,-0.25,0.16]
[ros2_control_node-3] [INFO] [1791631957.546066433] [StateRL]: [ABS-POLICY-CMD] event=recovery_command_issued clock=steady_clock_ns write_ns=39459867651275 write_id=1212 source_session_id=39453802347269 source_policy_cycle_id=302 source_mode=1 action_source=2 transition_reason=1 recovery_episode_id=29 q_rad=[-0.060451,0.112906,-1.390751,-0.128131,0.608840,-1.926098,0.270892,0.621792,-1.349807,0.104232,0.673985,-1.923311]
[ros2_control_node-3] [INFO] [1791631957.602234194] [StateRL]: [REC-DIAG] lin_vel=[0.66,-0.25,-0.19] twist=[-0.39,-0.25,0.16] hold=0 rec_action_range=[-2.752,1.333]
[ros2_control_node-3] [INFO] [1791631957.760656401] [StateRL]: [RA-REC] 退出恢复 | group=A mode=paper_faithful_switch ra=-0.0881 < effective_exit=-0.0500 entry=-0.0500 hysteresis=false hold=false, 回到敏捷策略
[ros2_control_node-3] [INFO] [1791631957.782086823] [StateRL]: [TWIST-GD] 梯度下降恢复速度优化 | 初始=[0.05,-0.10,-0.45] 最终=[-0.44,0.05,-0.39] 目标=(4.92,0.75) RA迭代=[-0.0264,-0.1205,-0.1197] 中心射线=0.38
[ros2_control_node-3] [WARN] [1791631957.782131986] [StateRL]: [RA-REC] 进入恢复 | group=A mode=paper_faithful_switch ra=-0.0264 entry=-0.0500 effective_exit=-0.0500 hysteresis=false hold=false 恢复速度=[-0.44,0.05,-0.39]
[ros2_control_node-3] [INFO] [1791631957.783100933] [StateRL]: [ABS-POLICY-CMD] event=recovery_command_issued clock=steady_clock_ns write_ns=39460104701424 write_id=1260 source_session_id=39453802347269 source_policy_cycle_id=314 source_mode=1 action_source=2 transition_reason=1 recovery_episode_id=30 q_rad=[0.233723,0.932273,-1.764476,-0.024954,0.657977,-1.848577,0.245359,1.279508,-1.931760,-0.123353,1.085370,-1.632320]
[ros2_control_node-3] [INFO] [1791631957.802546138] [StateRL]: [RA-REC] 退出恢复 | group=A mode=paper_faithful_switch ra=-0.2941 < effective_exit=-0.0500 entry=-0.0500 hysteresis=false hold=false, 回到敏捷策略
[ros2_control_node-3] [INFO] [1791631957.848553712] [StateRL]: [TWIST-GD] 梯度下降恢复速度优化 | 初始=[0.32,-0.23,-1.01] 最终=[-0.17,-0.30,-0.73] 目标=(4.96,1.09) RA迭代=[-0.0359,-0.1580,-0.1570] 中心射线=2.58
[ros2_control_node-3] [WARN] [1791631957.848607255] [StateRL]: [RA-REC] 进入恢复 | group=A mode=paper_faithful_switch ra=-0.0359 entry=-0.0500 effective_exit=-0.0500 hysteresis=false hold=false 恢复速度=[-0.17,-0.30,-0.73]
[ros2_control_node-3] [INFO] [1791631957.849931009] [StateRL]: [ABS-POLICY-CMD] event=recovery_command_issued clock=steady_clock_ns write_ns=39460171530016 write_id=1272 source_session_id=39453802347269 source_policy_cycle_id=317 source_mode=1 action_source=2 transition_reason=1 recovery_episode_id=31 q_rad=[0.139127,0.726635,-1.937195,-0.231350,0.832826,-2.222584,0.264299,1.194270,-1.803416,-0.028384,0.893109,-1.796585]
[ros2_control_node-3] [INFO] [1791631957.861021854] [StateRL]: [RA-REC] 退出恢复 | group=A mode=paper_faithful_switch ra=-0.3241 < effective_exit=-0.0500 entry=-0.0500 hysteresis=false hold=false, 回到敏捷策略
[ros2_control_node-3] [INFO] [1791631958.002128760] [StateRL]: [EVAL] step=325 t=6.500 robot=(1.694,-0.655) yaw=0.177 goal=(7.000,0.000) dist=5.346 body=(4.983,1.342) heading=0.593 arrived=0 ra=-0.08670 entry=-0.05000 recovery=0 hold=0 twist=(-0.169,-0.298,-0.727) min_ray_log=0.062 max_ray_log=2.585 min_ray_m=1.044 lin_vel=(0.471,-0.043,0.172) ang_vel=(1.792,-0.232,-0.291) action_range=(-3.688,1.498) contact=(-1,1,-1,-1)
[ros2_control_node-3] [INFO] [1791631958.083375604] [StateRL]: [TWIST-GD] 梯度下降恢复速度优化 | 初始=[0.40,-0.10,0.31] 最终=[-0.09,-0.30,0.42] 目标=(4.99,1.39) RA迭代=[0.0008,-0.1377,-0.1364] 中心射线=2.58
[ros2_control_node-3] [WARN] [1791631958.083428928] [StateRL]: [RA-REC] 进入恢复 | group=A mode=paper_faithful_switch ra=0.0008 entry=-0.0500 effective_exit=-0.0500 hysteresis=false hold=false 恢复速度=[-0.09,-0.30,0.42]
[ros2_control_node-3] [INFO] [1791631958.095123602] [StateRL]: [REC-DIAG] lin_vel=[0.40,-0.10,-0.14] twist=[-0.09,-0.30,0.42] hold=0 rec_action_range=[-2.935,1.267]
[ros2_control_node-3] [INFO] [1791631958.097264747] [StateRL]: [ABS-POLICY-CMD] event=recovery_command_issued clock=steady_clock_ns write_ns=39460418813654 write_id=1320 source_session_id=39453802347269 source_policy_cycle_id=329 source_mode=1 action_source=2 transition_reason=1 recovery_episode_id=32 q_rad=[0.176523,0.484149,-1.635168,-0.093389,0.895772,-2.233750,0.066103,0.872201,-1.825187,0.316821,0.840012,-1.707699]
[ros2_control_node-3] [INFO] [1791631958.108300729] [StateRL]: [RA-REC] 退出恢复 | group=A mode=paper_faithful_switch ra=-0.1521 < effective_exit=-0.0500 entry=-0.0500 hysteresis=false hold=false, 回到敏捷策略
[ros2_control_node-3] [INFO] [1791631958.128092824] [StateRL]: [TWIST-GD] 梯度下降恢复速度优化 | 初始=[0.51,0.01,-0.12] 最终=[-0.48,-0.30,0.17] 目标=(4.99,1.37) RA迭代=[0.0802,-0.0761,-0.1894] 中心射线=2.58
[ros2_control_node-3] [WARN] [1791631958.128210001] [StateRL]: [RA-REC] 进入恢复 | group=A mode=paper_faithful_switch ra=0.0802 entry=-0.0500 effective_exit=-0.0500 hysteresis=false hold=false 恢复速度=[-0.48,-0.30,0.17]
[ros2_control_node-3] [INFO] [1791631958.131499315] [StateRL]: [ABS-POLICY-CMD] event=recovery_command_issued clock=steady_clock_ns write_ns=39460453064168 write_id=1328 source_session_id=39453802347269 source_policy_cycle_id=331 source_mode=1 action_source=2 transition_reason=1 recovery_episode_id=33 q_rad=[0.252112,0.358671,-1.593715,-0.149384,0.669481,-1.912718,0.228835,1.027019,-2.111033,0.250457,0.639200,-1.638087]
[ros2_control_node-3] [INFO] [1791631958.141550663] [StateRL]: [RA-REC] 退出恢复 | group=A mode=paper_faithful_switch ra=-0.1373 < effective_exit=-0.0500 entry=-0.0500 hysteresis=false hold=false, 回到敏捷策略
[ros2_control_node-3] [INFO] [1791631958.171026768] [StateRL]: [TWIST-GD] 梯度下降恢复速度优化 | 初始=[0.40,0.20,-0.82] 最终=[-0.59,-0.30,-0.54] 目标=(4.99,1.46) RA迭代=[0.1093,-0.0456,-0.1703] 中心射线=2.58
[ros2_control_node-3] [WARN] [1791631958.171174013] [StateRL]: [RA-REC] 进入恢复 | group=A mode=paper_faithful_switch ra=0.1093 entry=-0.0500 effective_exit=-0.0500 hysteresis=false hold=false 恢复速度=[-0.59,-0.30,-0.54]
[ros2_control_node-3] [INFO] [1791631958.177742731] [StateRL]: [ABS-POLICY-CMD] event=recovery_command_issued clock=steady_clock_ns write_ns=39460499283886 write_id=1336 source_session_id=39453802347269 source_policy_cycle_id=333 source_mode=1 action_source=2 transition_reason=1 recovery_episode_id=34 q_rad=[-0.050705,1.290809,-1.966722,-0.139278,0.725861,-1.626051,0.363386,1.501657,-1.901616,0.055200,0.930484,-1.437709]
[ros2_control_node-3] [INFO] [1791631958.221020262] [StateRL]: [RA-REC] 退出恢复 | group=A mode=paper_faithful_switch ra=-0.1684 < effective_exit=-0.0500 entry=-0.0500 hysteresis=false hold=false, 回到敏捷策略
[ros2_control_node-3] [INFO] [1791631958.244179799] [StateRL]: [TWIST-GD] 梯度下降恢复速度优化 | 初始=[0.41,-0.27,-0.36] 最终=[-0.08,-0.30,-0.03] 目标=(4.99,1.60) RA迭代=[-0.0498,-0.1693,-0.1678] 中心射线=2.58
[ros2_control_node-3] [WARN] [1791631958.244230276] [StateRL]: [RA-REC] 进入恢复 | group=A mode=paper_faithful_switch ra=-0.0498 entry=-0.0500 effective_exit=-0.0500 hysteresis=false hold=false 恢复速度=[-0.08,-0.30,-0.03]
[ros2_control_node-3] [INFO] [1791631958.245356194] [StateRL]: [ABS-POLICY-CMD] event=recovery_command_issued clock=steady_clock_ns write_ns=39460566953136 write_id=1352 source_session_id=39453802347269 source_policy_cycle_id=337 source_mode=1 action_source=2 transition_reason=1 recovery_episode_id=35 q_rad=[0.356293,0.570202,-1.386612,-0.293880,0.877412,-2.120961,0.113077,1.221697,-2.059054,0.189561,0.843847,-1.627938]
[ros2_control_node-3] [INFO] [1791631958.261513412] [StateRL]: [RA-REC] 退出恢复 | group=A mode=paper_faithful_switch ra=-0.3516 < effective_exit=-0.0500 entry=-0.0500 hysteresis=false hold=false, 回到敏捷策略
[ros2_control_node-3] [INFO] [1791631958.290253025] [StateRL]: [TWIST-GD] 梯度下降恢复速度优化 | 初始=[0.31,-0.02,-0.59] 最终=[-0.68,-0.30,-0.13] 目标=(4.99,1.72) RA迭代=[0.0731,-0.0529,-0.1311] 中心射线=2.58
[ros2_control_node-3] [WARN] [1791631958.290415037] [StateRL]: [RA-REC] 进入恢复 | group=A mode=paper_faithful_switch ra=0.0731 entry=-0.0500 effective_exit=-0.0500 hysteresis=false hold=false 恢复速度=[-0.68,-0.30,-0.13]
[ros2_control_node-3] [INFO] [1791631958.293738300] [StateRL]: [ABS-POLICY-CMD] event=recovery_command_issued clock=steady_clock_ns write_ns=39460615302840 write_id=1360 source_session_id=39453802347269 source_policy_cycle_id=339 source_mode=1 action_source=2 transition_reason=1 recovery_episode_id=36 q_rad=[0.331310,0.781533,-1.622491,-0.478557,0.794669,-1.768166,0.452440,1.056368,-1.987831,0.107115,1.021665,-1.795395]
[ros2_control_node-3] [INFO] [1791631958.303443376] [StateRL]: [RA-REC] 退出恢复 | group=A mode=paper_faithful_switch ra=-0.2938 < effective_exit=-0.0500 entry=-0.0500 hysteresis=false hold=false, 回到敏捷策略
[ros2_control_node-3] [INFO] [1791631958.337708514] [StateRL]: [TWIST-GD] 梯度下降恢复速度优化 | 初始=[0.36,0.18,-0.34] 最终=[-0.64,-0.30,-0.22] 目标=(4.99,1.79) RA迭代=[0.1203,-0.0597,-0.1104] 中心射线=2.58
[ros2_control_node-3] [WARN] [1791631958.337830106] [StateRL]: [RA-REC] 进入恢复 | group=A mode=paper_faithful_switch ra=0.1203 entry=-0.0500 effective_exit=-0.0500 hysteresis=false hold=false 恢复速度=[-0.64,-0.30,-0.22]
[ros2_control_node-3] [INFO] [1791631958.342740677] [StateRL]: [ABS-POLICY-CMD] event=recovery_command_issued clock=steady_clock_ns write_ns=39460664308693 write_id=1368 source_session_id=39453802347269 source_policy_cycle_id=341 source_mode=1 action_source=2 transition_reason=1 recovery_episode_id=37 q_rad=[0.110423,1.183149,-1.969722,-0.258251,0.790453,-1.556605,0.193855,1.231043,-1.912597,0.194506,1.115778,-1.705260]
[ros2_control_node-3] [INFO] [1791631958.351889193] [StateRL]: [RA-REC] 退出恢复 | group=A mode=paper_faithful_switch ra=-0.3389 < effective_exit=-0.0500 entry=-0.0500 hysteresis=false hold=false, 回到敏捷策略
[ros2_control_node-3] [INFO] [1791631958.366347239] [StateRL]: [TWIST-GD] 梯度下降恢复速度优化 | 初始=[0.32,0.08,-0.20] 最终=[-0.17,-0.30,-0.14] 目标=(4.98,1.84) RA迭代=[0.0169,-0.1021,-0.1011] 中心射线=1.81
[ros2_control_node-3] [WARN] [1791631958.366425753] [StateRL]: [RA-REC] 进入恢复 | group=A mode=paper_faithful_switch ra=0.0169 entry=-0.0500 effective_exit=-0.0500 hysteresis=false hold=false 恢复速度=[-0.17,-0.30,-0.14]
[ros2_control_node-3] [INFO] [1791631958.368588492] [StateRL]: [ABS-POLICY-CMD] event=recovery_command_issued clock=steady_clock_ns write_ns=39460690173923 write_id=1376 source_session_id=39453802347269 source_policy_cycle_id=343 source_mode=1 action_source=2 transition_reason=1 recovery_episode_id=38 q_rad=[0.163786,1.114706,-1.838261,-0.248623,0.785393,-1.706033,0.211136,1.408315,-1.878154,0.106632,0.986093,-1.606616]
[ros2_control_node-3] [INFO] [1791631958.380911872] [StateRL]: [RA-REC] 退出恢复 | group=A mode=paper_faithful_switch ra=-0.3410 < effective_exit=-0.0500 entry=-0.0500 hysteresis=false hold=false, 回到敏捷策略
[ros2_control_node-3] [INFO] [1791631958.401865565] [StateRL]: [TWIST-GD] 梯度下降恢复速度优化 | 初始=[0.34,-0.06,-0.14] 最终=[-0.15,-0.30,-0.07] 目标=(4.98,1.87) RA迭代=[0.0185,-0.1028,-0.1019] 中心射线=1.78
[ros2_control_node-3] [WARN] [1791631958.401915975] [StateRL]: [RA-REC] 进入恢复 | group=A mode=paper_faithful_switch ra=0.0185 entry=-0.0500 effective_exit=-0.0500 hysteresis=false hold=false 恢复速度=[-0.15,-0.30,-0.07]
[ros2_control_node-3] [INFO] [1791631958.402817496] [StateRL]: [ABS-POLICY-CMD] event=recovery_command_issued clock=steady_clock_ns write_ns=39460724417316 write_id=1384 source_session_id=39453802347269 source_policy_cycle_id=345 source_mode=1 action_source=2 transition_reason=1 recovery_episode_id=39 q_rad=[0.199271,0.900843,-1.863937,-0.162470,0.925779,-1.916868,0.104603,1.359365,-1.795582,0.201399,0.894931,-1.629825]
[ros2_control_node-3] [INFO] [1791631958.421364188] [StateRL]: [RA-REC] 退出恢复 | group=A mode=paper_faithful_switch ra=-0.3221 < effective_exit=-0.0500 entry=-0.0500 hysteresis=false hold=false, 回到敏捷策略
[ros2_control_node-3] [INFO] [1791631958.443778069] [StateRL]: [TWIST-GD] 梯度下降恢复速度优化 | 初始=[0.36,-0.07,0.04] 最终=[-0.64,-0.30,0.02] 目标=(4.98,1.88) RA迭代=[0.0721,-0.0631,-0.1456] 中心射线=1.77
[ros2_control_node-3] [WARN] [1791631958.443818745] [StateRL]: [RA-REC] 进入恢复 | group=A mode=paper_faithful_switch ra=0.0721 entry=-0.0500 effective_exit=-0.0500 hysteresis=false hold=false 恢复速度=[-0.64,-0.30,0.02]
[ros2_control_node-3] [INFO] [1791631958.444578291] [StateRL]: [REC-DIAG] lin_vel=[0.36,-0.07,-0.24] twist=[-0.64,-0.30,0.02] hold=0 rec_action_range=[-2.195,0.982]
[ros2_control_node-3] [INFO] [1791631958.444822211] [StateRL]: [ABS-POLICY-CMD] event=recovery_command_issued clock=steady_clock_ns write_ns=39460766427482 write_id=1392 source_session_id=39453802347269 source_policy_cycle_id=347 source_mode=1 action_source=2 transition_reason=1 recovery_episode_id=40 q_rad=[0.151476,0.735521,-1.696747,-0.328297,1.043714,-2.048747,0.085858,1.045542,-1.806986,0.162536,0.937420,-1.752890]
[ros2_control_node-3] [INFO] [1791631958.461026786] [StateRL]: [RA-REC] 退出恢复 | group=A mode=paper_faithful_switch ra=-0.3063 < effective_exit=-0.0500 entry=-0.0500 hysteresis=false hold=false, 回到敏捷策略
[ros2_control_node-3] [INFO] [1791631958.482314179] [StateRL]: [TWIST-GD] 梯度下降恢复速度优化 | 初始=[0.35,0.07,0.03] 最终=[-0.64,-0.30,-0.10] 目标=(4.98,1.87) RA迭代=[0.0872,-0.0653,-0.1432] 中心射线=1.77
[ros2_control_node-3] [WARN] [1791631958.482347866] [StateRL]: [RA-REC] 进入恢复 | group=A mode=paper_faithful_switch ra=0.0872 entry=-0.0500 effective_exit=-0.0500 hysteresis=false hold=false 恢复速度=[-0.64,-0.30,-0.10]
[ros2_control_node-3] [INFO] [1791631958.483210229] [StateRL]: [ABS-POLICY-CMD] event=recovery_command_issued clock=steady_clock_ns write_ns=39460804811763 write_id=1400 source_session_id=39453802347269 source_policy_cycle_id=349 source_mode=1 action_source=2 transition_reason=1 recovery_episode_id=41 q_rad=[0.225191,0.867089,-1.746586,-0.249348,0.770331,-1.732583,0.040882,1.160953,-1.877260,0.083923,0.987242,-1.840182]
[ros2_control_node-3] [INFO] [1791631958.503772767] [StateRL]: [RA-REC] 退出恢复 | group=A mode=paper_faithful_switch ra=-0.2725 < effective_exit=-0.0500 entry=-0.0500 hysteresis=false hold=false, 回到敏捷策略
[ros2_control_node-3] [INFO] [1791631958.508231961] [StateRL]: [EVAL] step=350 t=7.000 robot=(1.892,-0.628) yaw=0.064 goal=(7.000,0.000) dist=5.146 body=(4.982,0.290) heading=0.058 arrived=0 ra=-0.27250 entry=-0.05000 recovery=0 hold=0 twist=(-0.643,-0.298,-0.104) min_ray_log=-0.216 max_ray_log=2.585 min_ray_m=0.861 lin_vel=(0.346,0.126,-0.143) ang_vel=(-0.837,1.090,0.007) action_range=(-0.705,2.795) contact=(1,-1,1,-1)
[ros2_control_node-3] [INFO] [1791631958.529294061] [StateRL]: [TWIST-GD] 梯度下降恢复速度优化 | 初始=[0.25,0.14,0.01] 最终=[-0.74,-0.30,-0.12] 目标=(4.98,1.84) RA迭代=[0.0751,-0.0747,-0.1508] 中心射线=1.78
[ros2_control_node-3] [WARN] [1791631958.529441553] [StateRL]: [RA-REC] 进入恢复 | group=A mode=paper_faithful_switch ra=0.0751 entry=-0.0500 effective_exit=-0.0500 hysteresis=false hold=false 恢复速度=[-0.74,-0.30,-0.12]
[ros2_control_node-3] [INFO] [1791631958.536358926] [StateRL]: [ABS-POLICY-CMD] event=recovery_command_issued clock=steady_clock_ns write_ns=39460857928552 write_id=1408 source_session_id=39453802347269 source_policy_cycle_id=351 source_mode=1 action_source=2 transition_reason=1 recovery_episode_id=42 q_rad=[0.336721,0.976671,-1.785008,-0.268409,0.776755,-1.565832,0.187854,1.364383,-1.908741,-0.044341,0.982847,-1.692948]
[ros2_control_node-3] [INFO] [1791631958.541022452] [StateRL]: [RA-REC] 退出恢复 | group=A mode=paper_faithful_switch ra=-0.3051 < effective_exit=-0.0500 entry=-0.0500 hysteresis=false hold=false, 回到敏捷策略
[ros2_control_node-3] [INFO] [1791631958.564016087] [StateRL]: [TWIST-GD] 梯度下降恢复速度优化 | 初始=[0.20,-0.09,0.01] 最终=[-0.29,-0.30,0.02] 目标=(4.98,1.82) RA迭代=[-0.0160,-0.1368,-0.1356] 中心射线=1.79
[ros2_control_node-3] [WARN] [1791631958.564069272] [StateRL]: [RA-REC] 进入恢复 | group=A mode=paper_faithful_switch ra=-0.0160 entry=-0.0500 effective_exit=-0.0500 hysteresis=false hold=false 恢复速度=[-0.29,-0.30,0.02]
[ros2_control_node-3] [INFO] [1791631958.565792427] [StateRL]: [ABS-POLICY-CMD] event=recovery_command_issued clock=steady_clock_ns write_ns=39460887361241 write_id=1416 source_session_id=39453802347269 source_policy_cycle_id=353 source_mode=1 action_source=2 transition_reason=1 recovery_episode_id=43 q_rad=[0.308974,0.899877,-1.834052,-0.241987,0.811007,-1.688347,0.198090,1.374144,-1.898557,0.030891,0.962760,-1.733454]
[ros2_control_node-3] [INFO] [1791631958.581446659] [StateRL]: [RA-REC] 退出恢复 | group=A mode=paper_faithful_switch ra=-0.3338 < effective_exit=-0.0500 entry=-0.0500 hysteresis=false hold=false, 回到敏捷策略
[ros2_control_node-3] [INFO] [1791631958.613532434] [StateRL]: [TWIST-GD] 梯度下降恢复速度优化 | 初始=[0.17,-0.18,0.05] 最终=[-0.32,-0.30,0.12] 目标=(4.98,1.85) RA迭代=[-0.0262,-0.1121,-0.1112] 中心射线=1.77
[ros2_control_node-3] [WARN] [1791631958.613692269] [StateRL]: [RA-REC] 进入恢复 | group=A mode=paper_faithful_switch ra=-0.0262 entry=-0.0500 effective_exit=-0.0500 hysteresis=false hold=false 恢复速度=[-0.32,-0.30,0.12]
[ros2_control_node-3] [INFO] [1791631958.619230421] [StateRL]: [ABS-POLICY-CMD] event=recovery_command_issued clock=steady_clock_ns write_ns=39460940772645 write_id=1424 source_session_id=39453802347269 source_policy_cycle_id=355 source_mode=1 action_source=2 transition_reason=1 recovery_episode_id=44 q_rad=[0.397677,0.899903,-1.787503,-0.233024,0.824885,-1.855084,0.220372,1.351692,-1.912119,0.005401,0.924403,-1.722096]
[ros2_control_node-3] [INFO] [1791631958.630230212] [StateRL]: [RA-REC] 退出恢复 | group=A mode=paper_faithful_switch ra=-0.3273 < effective_exit=-0.0500 entry=-0.0500 hysteresis=false hold=false, 回到敏捷策略
[ros2_control_node-3] [INFO] [1791631958.647874924] [StateRL]: [TWIST-GD] 梯度下降恢复速度优化 | 初始=[0.17,-0.18,-0.09] 最终=[-0.83,-0.30,-0.17] 目标=(4.98,1.89) RA迭代=[-0.0040,-0.0832,-0.1609] 中心射线=1.75
[ros2_control_node-3] [WARN] [1791631958.647941157] [StateRL]: [RA-REC] 进入恢复 | group=A mode=paper_faithful_switch ra=-0.0040 entry=-0.0500 effective_exit=-0.0500 hysteresis=false hold=false 恢复速度=[-0.83,-0.30,-0.17]
[ros2_control_node-3] [INFO] [1791631958.650969618] [StateRL]: [ABS-POLICY-CMD] event=recovery_command_issued clock=steady_clock_ns write_ns=39460972553069 write_id=1432 source_session_id=39453802347269 source_policy_cycle_id=357 source_mode=1 action_source=2 transition_reason=1 recovery_episode_id=45 q_rad=[0.346038,0.754067,-1.596436,-0.471540,0.875963,-1.874452,0.267063,1.205634,-1.828626,0.039464,0.940546,-1.831040]
[ros2_control_node-3] [INFO] [1791631958.661515149] [StateRL]: [RA-REC] 退出恢复 | group=A mode=paper_faithful_switch ra=-0.3028 < effective_exit=-0.0500 entry=-0.0500 hysteresis=false hold=false, 回到敏捷策略
[ros2_control_node-3] [INFO] [1791631958.682278940] [StateRL]: [TWIST-GD] 梯度下降恢复速度优化 | 初始=[0.18,-0.07,0.04] 最终=[-0.82,-0.30,-0.08] 目标=(4.98,1.91) RA迭代=[0.0082,-0.0807,-0.1572] 中心射线=1.75
[ros2_control_node-3] [WARN] [1791631958.682315868] [StateRL]: [RA-REC] 进入恢复 | group=A mode=paper_faithful_switch ra=0.0082 entry=-0.0500 effective_exit=-0.0500 hysteresis=false hold=false 恢复速度=[-0.82,-0.30,-0.08]
[ros2_control_node-3] [INFO] [1791631958.683161547] [StateRL]: [ABS-POLICY-CMD] event=recovery_command_issued clock=steady_clock_ns write_ns=39461004760945 write_id=1440 source_session_id=39453802347269 source_policy_cycle_id=359 source_mode=1 action_source=2 transition_reason=1 recovery_episode_id=46 q_rad=[0.308485,0.790702,-1.702689,-0.362324,0.815102,-1.780457,0.226553,1.198902,-1.897751,0.009282,0.894995,-1.677981]
[ros2_control_node-3] [INFO] [1791631958.700955411] [StateRL]: [RA-REC] 退出恢复 | group=A mode=paper_faithful_switch ra=-0.2843 < effective_exit=-0.0500 entry=-0.0500 hysteresis=false hold=false, 回到敏捷策略
[ros2_control_node-3] [INFO] [1791631958.724488186] [StateRL]: [TWIST-GD] 梯度下降恢复速度优化 | 初始=[0.11,-0.10,0.13] 最终=[-0.38,-0.30,0.20] 目标=(4.98,1.89) RA迭代=[-0.0232,-0.1199,-0.1188] 中心射线=1.75
[ros2_control_node-3] [WARN] [1791631958.724549554] [StateRL]: [RA-REC] 进入恢复 | group=A mode=paper_faithful_switch ra=-0.0232 entry=-0.0500 effective_exit=-0.0500 hysteresis=false hold=false 恢复速度=[-0.38,-0.30,0.20]
[ros2_control_node-3] [INFO] [1791631958.727078146] [StateRL]: [ABS-POLICY-CMD] event=recovery_command_issued clock=steady_clock_ns write_ns=39461048642644 write_id=1448 source_session_id=39453802347269 source_policy_cycle_id=361 source_mode=1 action_source=2 transition_reason=1 recovery_episode_id=47 q_rad=[0.334621,0.849739,-1.658175,-0.404872,1.011285,-1.880519,0.201263,1.339275,-1.873945,0.051002,0.966575,-1.641326]
[ros2_control_node-3] [INFO] [1791631958.742901219] [StateRL]: [RA-REC] 退出恢复 | group=A mode=paper_faithful_switch ra=-0.3156 < effective_exit=-0.0500 entry=-0.0500 hysteresis=false hold=false, 回到敏捷策略
[ros2_control_node-3] [INFO] [1791631958.773680316] [StateRL]: [TWIST-GD] 梯度下降恢复速度优化 | 初始=[0.08,-0.07,0.16] 最终=[-0.41,-0.30,0.23] 目标=(4.98,1.87) RA迭代=[-0.0423,-0.1350,-0.1341] 中心射线=1.77
[ros2_control_node-3] [WARN] [1791631958.773799279] [StateRL]: [RA-REC] 进入恢复 | group=A mode=paper_faithful_switch ra=-0.0423 entry=-0.0500 effective_exit=-0.0500 hysteresis=false hold=false 恢复速度=[-0.41,-0.30,0.23]
[ros2_control_node-3] [INFO] [1791631958.778013495] [StateRL]: [ABS-POLICY-CMD] event=recovery_command_issued clock=steady_clock_ns write_ns=39461099575629 write_id=1456 source_session_id=39453802347269 source_policy_cycle_id=363 source_mode=1 action_source=2 transition_reason=1 recovery_episode_id=48 q_rad=[0.346516,0.981440,-1.774177,-0.313500,0.954332,-1.880899,0.194025,1.180474,-1.786106,0.055768,1.013642,-1.628059]
[ros2_control_node-3] [INFO] [1791631958.790048934] [StateRL]: [RA-REC] 退出恢复 | group=A mode=paper_faithful_switch ra=-0.3254 < effective_exit=-0.0500 entry=-0.0500 hysteresis=false hold=false, 回到敏捷策略
[ros2_control_node-3] [INFO] [1791631958.804498178] [StateRL]: [TWIST-GD] 梯度下降恢复速度优化 | 初始=[0.13,-0.04,-0.15] 最终=[-0.87,-0.30,-0.24] 目标=(4.98,1.90) RA迭代=[0.0214,-0.0863,-0.1602] 中心射线=1.75
[ros2_control_node-3] [WARN] [1791631958.804543488] [StateRL]: [RA-REC] 进入恢复 | group=A mode=paper_faithful_switch ra=0.0214 entry=-0.0500 effective_exit=-0.0500 hysteresis=false hold=false 恢复速度=[-0.87,-0.30,-0.24]
[ros2_control_node-3] [INFO] [1791631958.805963026] [StateRL]: [ABS-POLICY-CMD] event=recovery_command_issued clock=steady_clock_ns write_ns=39461127560054 write_id=1464 source_session_id=39453802347269 source_policy_cycle_id=365 source_mode=1 action_source=2 transition_reason=1 recovery_episode_id=49 q_rad=[0.324317,0.934959,-1.789005,-0.407066,0.799450,-1.726351,0.214542,1.169245,-1.757466,0.075847,0.990155,-1.801453]
[ros2_control_node-3] [INFO] [1791631958.822520591] [StateRL]: [RA-REC] 退出恢复 | group=A mode=paper_faithful_switch ra=-0.3226 < effective_exit=-0.0500 entry=-0.0500 hysteresis=false hold=false, 回到敏捷策略
[ros2_control_node-3] [INFO] [1791631958.850468062] [StateRL]: [TWIST-GD] 梯度下降恢复速度优化 | 初始=[0.08,-0.03,-0.07] 最终=[-0.92,-0.30,0.03] 目标=(4.98,1.92) RA迭代=[0.0155,-0.0976,-0.1712] 中心射线=1.74
[ros2_control_node-3] [WARN] [1791631958.850508489] [StateRL]: [RA-REC] 进入恢复 | group=A mode=paper_faithful_switch ra=0.0155 entry=-0.0500 effective_exit=-0.0500 hysteresis=false hold=false 恢复速度=[-0.92,-0.30,0.03]
[ros2_control_node-3] [INFO] [1791631958.851540845] [StateRL]: [REC-DIAG] lin_vel=[0.08,-0.03,-0.02] twist=[-0.92,-0.30,0.03] hold=0 rec_action_range=[-1.637,2.249]
[ros2_control_node-3] [INFO] [1791631958.852211283] [StateRL]: [ABS-POLICY-CMD] event=recovery_command_issued clock=steady_clock_ns write_ns=39461173800040 write_id=1472 source_session_id=39453802347269 source_policy_cycle_id=367 source_mode=1 action_source=2 transition_reason=1 recovery_episode_id=50 q_rad=[0.269303,0.796241,-1.687696,-0.342401,0.761457,-1.589468,0.221720,1.362196,-1.909203,0.022468,0.859906,-1.617975]
[ros2_control_node-3] [INFO] [1791631958.860498849] [StateRL]: [RA-REC] 退出恢复 | group=A mode=paper_faithful_switch ra=-0.3353 < effective_exit=-0.0500 entry=-0.0500 hysteresis=false hold=false, 回到敏捷策略
[ros2_control_node-3] [INFO] [1791631958.957188541] [StateRL]: [TWIST-GD] 梯度下降恢复速度优化 | 初始=[0.08,-0.26,0.20] 最终=[-0.41,-0.30,0.21] 目标=(4.98,2.00) RA迭代=[-0.0311,-0.1268,-0.1257] 中心射线=1.73
[ros2_control_node-3] [WARN] [1791631958.957267073] [StateRL]: [RA-REC] 进入恢复 | group=A mode=paper_faithful_switch ra=-0.0311 entry=-0.0500 effective_exit=-0.0500 hysteresis=false hold=false 恢复速度=[-0.41,-0.30,0.21]
[ros2_control_node-3] [INFO] [1791631958.958766568] [StateRL]: [ABS-POLICY-CMD] event=recovery_command_issued clock=steady_clock_ns write_ns=39461280357097 write_id=1492 source_session_id=39453802347269 source_policy_cycle_id=372 source_mode=1 action_source=2 transition_reason=1 recovery_episode_id=51 q_rad=[0.228059,0.759134,-1.803765,-0.130161,0.883189,-2.012859,0.189754,1.219872,-1.668470,0.028880,0.968459,-1.836363]
[ros2_control_node-3] [INFO] [1791631958.962654020] [StateRL]: [RA-REC] 退出恢复 | group=A mode=paper_faithful_switch ra=-0.3422 < effective_exit=-0.0500 entry=-0.0500 hysteresis=false hold=false, 回到敏捷策略
[ros2_control_node-3] [INFO] [1791631958.983817506] [StateRL]: [TWIST-GD] 梯度下降恢复速度优化 | 初始=[0.28,0.14,0.61] 最终=[-1.17,-0.30,0.65] 目标=(4.99,1.83) RA迭代=[0.2431,0.0299,-0.0589] 中心射线=2.58
[ros2_control_node-3] [WARN] [1791631958.983859590] [StateRL]: [RA-REC] 进入恢复 | group=A mode=paper_faithful_switch ra=0.2431 entry=-0.0500 effective_exit=-0.0500 hysteresis=false hold=false 恢复速度=[-1.17,-0.30,0.65]
[ros2_control_node-3] [INFO] [1791631958.985441538] [StateRL]: [ABS-POLICY-CMD] event=recovery_command_issued clock=steady_clock_ns write_ns=39461307028370 write_id=1500 source_session_id=39453802347269 source_policy_cycle_id=374 source_mode=1 action_source=2 transition_reason=1 recovery_episode_id=52 q_rad=[0.426228,0.778664,-1.903141,-0.287226,0.769840,-1.486396,0.010440,0.977458,-1.988075,-0.057402,1.183265,-1.822792]
[ros2_control_node-3] [INFO] [1791631959.002398914] [StateRL]: [RA-REC] 退出恢复 | group=A mode=paper_faithful_switch ra=-0.1518 < effective_exit=-0.0500 entry=-0.0500 hysteresis=false hold=false, 回到敏捷策略
[ros2_control_node-3] [INFO] [1791631959.015628265] [StateRL]: [EVAL] step=375 t=7.500 robot=(1.969,-0.664) yaw=0.109 goal=(7.000,0.000) dist=5.074 body=(4.989,0.113) heading=0.023 arrived=0 ra=-0.15177 entry=-0.05000 recovery=0 hold=0 twist=(-1.167,-0.300,0.647) min_ray_log=-0.283 max_ray_log=2.585 min_ray_m=0.822 lin_vel=(0.281,0.207,0.069) ang_vel=(-4.679,1.716,0.285) action_range=(-2.209,2.588) contact=(1,-1,1,1)
[ros2_control_node-3] [INFO] [1791631959.037524092] [StateRL]: [TWIST-GD] 梯度下降恢复速度优化 | 初始=[0.12,0.09,0.14] 最终=[-0.87,-0.30,0.16] 目标=(4.99,1.73) RA迭代=[0.1117,-0.0857,-0.1472] 中心射线=2.58
[ros2_control_node-3] [WARN] [1791631959.037646896] [StateRL]: [RA-REC] 进入恢复 | group=A mode=paper_faithful_switch ra=0.1117 entry=-0.0500 effective_exit=-0.0500 hysteresis=false hold=false 恢复速度=[-0.87,-0.30,0.16]
[ros2_control_node-3] [INFO] [1791631959.050584493] [StateRL]: [ABS-POLICY-CMD] event=recovery_command_issued clock=steady_clock_ns write_ns=39461372141320 write_id=1508 source_session_id=39453802347269 source_policy_cycle_id=376 source_mode=1 action_source=2 transition_reason=1 recovery_episode_id=53 q_rad=[0.186614,1.017825,-2.007807,-0.160460,0.681169,-1.551222,0.157390,1.608527,-1.987228,-0.116863,0.986548,-1.697523]
[ros2_control_node-3] [INFO] [1791631959.058256479] [StateRL]: [RA-REC] 退出恢复 | group=A mode=paper_faithful_switch ra=-0.3889 < effective_exit=-0.0500 entry=-0.0500 hysteresis=false hold=false, 回到敏捷策略
[ros2_control_node-3] [INFO] [1791631959.085031187] [StateRL]: [TWIST-GD] 梯度下降恢复速度优化 | 初始=[0.21,-0.35,0.39] 最终=[-0.28,-0.30,0.53] 目标=(4.99,1.76) RA迭代=[-0.0482,-0.1583,-0.1568] 中心射线=2.58
[ros2_control_node-3] [WARN] [1791631959.085090924] [StateRL]: [RA-REC] 进入恢复 | group=A mode=paper_faithful_switch ra=-0.0482 entry=-0.0500 effective_exit=-0.0500 hysteresis=false hold=false 恢复速度=[-0.28,-0.30,0.53]
[ros2_control_node-3] [INFO] [1791631959.087672428] [StateRL]: [ABS-POLICY-CMD] event=recovery_command_issued clock=steady_clock_ns write_ns=39461409234017 write_id=1520 source_session_id=39453802347269 source_policy_cycle_id=379 source_mode=1 action_source=2 transition_reason=1 recovery_episode_id=54 q_rad=[0.350513,0.839402,-1.803061,-0.323749,0.934813,-1.920633,0.195840,0.990298,-1.761814,0.063608,1.022334,-1.788652]
[ros2_control_node-3] [INFO] [1791631959.102952143] [StateRL]: [RA-REC] 退出恢复 | group=A mode=paper_faithful_switch ra=-0.3275 < effective_exit=-0.0500 entry=-0.0500 hysteresis=false hold=false, 回到敏捷策略
[ros2_control_node-3] [INFO] [1791631959.132123704] [StateRL]: [TWIST-GD] 梯度下降恢复速度优化 | 初始=[0.19,-0.13,0.32] 最终=[-0.81,-0.30,0.22] 目标=(4.99,1.71) RA迭代=[0.0798,-0.0517,-0.1274] 中心射线=2.58
[ros2_control_node-3] [WARN] [1791631959.132223661] [StateRL]: [RA-REC] 进入恢复 | group=A mode=paper_faithful_switch ra=0.0798 entry=-0.0500 effective_exit=-0.0500 hysteresis=false hold=false 恢复速度=[-0.81,-0.30,0.22]
[ros2_control_node-3] [INFO] [1791631959.136379222] [StateRL]: [ABS-POLICY-CMD] event=recovery_command_issued clock=steady_clock_ns write_ns=39461457942998 write_id=1528 source_session_id=39453802347269 source_policy_cycle_id=381 source_mode=1 action_source=2 transition_reason=1 recovery_episode_id=55 q_rad=[0.291261,0.721772,-1.720081,-0.274056,0.811702,-1.757817,0.031098,1.078092,-1.878770,0.102066,0.969117,-1.829898]
[ros2_control_node-3] [INFO] [1791631959.144275404] [StateRL]: [RA-REC] 退出恢复 | group=A mode=paper_faithful_switch ra=-0.2690 < effective_exit=-0.0500 entry=-0.0500 hysteresis=false hold=false, 回到敏捷策略
[ros2_control_node-3] [INFO] [1791631959.170523446] [StateRL]: [TWIST-GD] 梯度下降恢复速度优化 | 初始=[0.14,-0.13,-0.24] 最终=[-0.35,-0.30,-0.32] 目标=(4.99,1.72) RA迭代=[0.0267,-0.1109,-0.1099] 中心射线=2.58
[ros2_control_node-3] [WARN] [1791631959.170628534] [StateRL]: [RA-REC] 进入恢复 | group=A mode=paper_faithful_switch ra=0.0267 entry=-0.0500 effective_exit=-0.0500 hysteresis=false hold=false 恢复速度=[-0.35,-0.30,-0.32]
[ros2_control_node-3] [INFO] [1791631959.174928753] [StateRL]: [ABS-POLICY-CMD] event=recovery_command_issued clock=steady_clock_ns write_ns=39461496490252 write_id=1536 source_session_id=39453802347269 source_policy_cycle_id=383 source_mode=1 action_source=2 transition_reason=1 recovery_episode_id=56 q_rad=[0.158667,0.985301,-1.824335,-0.325701,0.766203,-1.591001,0.272038,1.452191,-1.910122,-0.012219,0.991358,-1.762163]
[ros2_control_node-3] [INFO] [1791631959.185277263] [StateRL]: [RA-REC] 退出恢复 | group=A mode=paper_faithful_switch ra=-0.3895 < effective_exit=-0.0500 entry=-0.0500 hysteresis=false hold=false, 回到敏捷策略
[ros2_control_node-3] [INFO] [1791631959.282615692] [StateRL]: [TWIST-GD] 梯度下降恢复速度优化 | 初始=[0.28,-0.20,0.24] 最终=[-0.71,-0.30,0.38] 目标=(4.99,1.82) RA迭代=[0.0599,-0.0419,-0.1238] 中心射线=2.58
[ros2_control_node-3] [WARN] [1791631959.282648792] [StateRL]: [RA-REC] 进入恢复 | group=A mode=paper_faithful_switch ra=0.0599 entry=-0.0500 effective_exit=-0.0500 hysteresis=false hold=false 恢复速度=[-0.71,-0.30,0.38]
[ros2_control_node-3] [INFO] [1791631959.286231173] [StateRL]: [ABS-POLICY-CMD] event=recovery_command_issued clock=steady_clock_ns write_ns=39461607747966 write_id=1560 source_session_id=39453802347269 source_policy_cycle_id=389 source_mode=1 action_source=2 transition_reason=1 recovery_episode_id=57 q_rad=[0.226919,0.781161,-1.997612,-0.250443,0.810604,-1.712419,0.242296,1.069940,-1.727418,0.009289,1.175706,-1.945337]
[ros2_control_node-3] [INFO] [1791631959.302742080] [StateRL]: [RA-REC] 退出恢复 | group=A mode=paper_faithful_switch ra=-0.2570 < effective_exit=-0.0500 entry=-0.0500 hysteresis=false hold=false, 回到敏捷策略
[ros2_control_node-3] [INFO] [1791631959.336564934] [StateRL]: [TWIST-GD] 梯度下降恢复速度优化 | 初始=[0.26,0.05,0.41] 最终=[-1.16,-0.30,0.44] 目标=(4.99,1.72) RA迭代=[0.1731,-0.0202,-0.0769] 中心射线=2.58
[ros2_control_node-3] [WARN] [1791631959.336718880] [StateRL]: [RA-REC] 进入恢复 | group=A mode=paper_faithful_switch ra=0.1731 entry=-0.0500 effective_exit=-0.0500 hysteresis=false hold=false 恢复速度=[-1.16,-0.30,0.44]
[ros2_control_node-3] [INFO] [1791631959.348277870] [StateRL]: [ABS-POLICY-CMD] event=recovery_command_issued clock=steady_clock_ns write_ns=39461669872988 write_id=1568 source_session_id=39453802347269 source_policy_cycle_id=391 source_mode=1 action_source=2 transition_reason=1 recovery_episode_id=58 q_rad=[0.386023,0.801590,-1.768417,-0.266196,0.735240,-1.413444,-0.061854,1.227802,-1.885132,-0.033720,0.958317,-1.579785]
[ros2_control_node-3] [INFO] [1791631959.350590698] [StateRL]: [RA-REC] 退出恢复 | group=A mode=paper_faithful_switch ra=-0.3177 < effective_exit=-0.0500 entry=-0.0500 hysteresis=false hold=false, 回到敏捷策略
[ros2_control_node-3] [INFO] [1791631959.363811544] [StateRL]: [TWIST-GD] 梯度下降恢复速度优化 | 初始=[0.21,-0.20,0.25] 最终=[-0.28,-0.30,0.53] 目标=(4.99,1.66) RA迭代=[-0.0450,-0.1305,-0.1296] 中心射线=2.58
[ros2_control_node-3] [WARN] [1791631959.363856834] [StateRL]: [RA-REC] 进入恢复 | group=A mode=paper_faithful_switch ra=-0.0450 entry=-0.0500 effective_exit=-0.0500 hysteresis=false hold=false 恢复速度=[-0.28,-0.30,0.53]
[ros2_control_node-3] [INFO] [1791631959.365255151] [StateRL]: [ABS-POLICY-CMD] event=recovery_command_issued clock=steady_clock_ns write_ns=39461686842408 write_id=1576 source_session_id=39453802347269 source_policy_cycle_id=393 source_mode=1 action_source=2 transition_reason=1 recovery_episode_id=59 q_rad=[0.286916,0.935770,-1.971643,-0.210884,0.816608,-1.730404,0.076608,1.393696,-1.894782,0.015475,1.039873,-1.685089]
[ros2_control_node-3] [INFO] [1791631959.380863895] [StateRL]: [RA-REC] 退出恢复 | group=A mode=paper_faithful_switch ra=-0.3909 < effective_exit=-0.0500 entry=-0.0500 hysteresis=false hold=false, 回到敏捷策略
[ros2_control_node-3] [INFO] [1791631959.481621829] [StateRL]: [TWIST-GD] 梯度下降恢复速度优化 | 初始=[0.48,0.00,1.21] 最终=[-0.52,-0.30,0.59] 目标=(4.95,1.35) RA迭代=[0.0839,-0.0794,-0.1396] 中心射线=2.58
[ros2_control_node-3] [WARN] [1791631959.481649292] [StateRL]: [RA-REC] 进入恢复 | group=A mode=paper_faithful_switch ra=0.0839 entry=-0.0500 effective_exit=-0.0500 hysteresis=false hold=false 恢复速度=[-0.52,-0.30,0.59]
[ros2_control_node-3] [INFO] [1791631959.482222610] [StateRL]: [REC-DIAG] lin_vel=[0.48,0.00,0.35] twist=[-0.52,-0.30,0.59] hold=0 rec_action_range=[-1.831,2.034]
[ros2_control_node-3] [INFO] [1791631959.482550222] [StateRL]: [ABS-POLICY-CMD] event=recovery_command_issued clock=steady_clock_ns write_ns=39461804141376 write_id=1600 source_session_id=39453802347269 source_policy_cycle_id=399 source_mode=1 action_source=2 transition_reason=1 recovery_episode_id=60 q_rad=[0.167810,0.773099,-1.923729,-0.089769,0.642169,-1.728768,0.089701,1.308425,-1.921661,-0.015235,1.113669,-1.957651]
[ros2_control_node-3] [INFO] [1791631959.501616158] [StateRL]: [GOAL] 位置=(2.09,-0.74) 偏航=0.27 目标=(7.00,0.00) 距离=4.96 机体系=(4.92,-0.60) 航向=-0.12 path_err=0.00 path_on=0
[ros2_control_node-3] [INFO] [1791631959.503200375] [StateRL]: [RA-REC] 退出恢复 | group=A mode=paper_faithful_switch ra=-0.2188 < effective_exit=-0.0500 entry=-0.0500 hysteresis=false hold=false, 回到敏捷策略
[ros2_control_node-3] [INFO] [1791631959.515936946] [StateRL]: [EVAL] step=400 t=8.000 robot=(2.094,-0.744) yaw=0.272 goal=(7.000,0.000) dist=4.962 body=(4.925,-0.603) heading=-0.122 arrived=0 ra=-0.21883 entry=-0.05000 recovery=0 hold=0 twist=(-0.518,-0.299,0.595) min_ray_log=-0.363 max_ray_log=2.585 min_ray_m=0.778 lin_vel=(0.408,0.044,0.367) ang_vel=(-4.662,1.753,1.362) action_range=(-2.212,2.599) contact=(1,1,1,-1)
[ros2_control_node-3] [INFO] [1791631960.002136967] [StateRL]: [EVAL] step=425 t=8.500 robot=(2.467,-0.804) yaw=0.344 goal=(7.000,0.000) dist=4.604 body=(4.539,1.122) heading=0.553 arrived=0 ra=-0.30254 entry=-0.05000 recovery=0 hold=0 twist=(-0.518,-0.299,0.595) min_ray_log=-0.735 max_ray_log=2.585 min_ray_m=0.601 lin_vel=(1.096,-0.230,0.231) ang_vel=(-1.828,1.029,0.506) action_range=(-1.915,2.751) contact=(1,-1,1,-1)
[ros2_control_node-3] [INFO] [1791631960.502469676] [StateRL]: [EVAL] step=450 t=9.000 robot=(3.123,-0.631) yaw=0.519 goal=(7.000,0.000) dist=3.928 body=(3.680,-0.003) heading=-0.002 arrived=0 ra=-0.94398 entry=-0.05000 recovery=0 hold=0 twist=(-0.518,-0.299,0.595) min_ray_log=1.047 max_ray_log=2.585 min_ray_m=2.066 lin_vel=(1.395,-0.347,-0.136) ang_vel=(0.681,-0.842,-0.755) action_range=(-2.412,2.820) contact=(-1,1,-1,-1)
[ros2_control_node-3] [INFO] [1791631961.001267603] [StateRL]: [EVAL] step=475 t=9.500 robot=(3.872,-0.211) yaw=0.517 goal=(7.000,0.000) dist=3.136 body=(2.825,-0.902) heading=-0.674 arrived=0 ra=-0.96657 entry=-0.05000 recovery=0 hold=0 twist=(-0.518,-0.299,0.595) min_ray_log=0.425 max_ray_log=2.585 min_ray_m=1.343 lin_vel=(1.920,0.162,-0.265) ang_vel=(0.848,0.489,-0.409) action_range=(-1.975,2.838) contact=(1,-1,1,-1)
[ros2_control_node-3] [INFO] [1791631961.500605753] [StateRL]: [GOAL] 位置=(4.76,0.34) 偏航=-0.00 目标=(7.00,0.00) 距离=2.27 机体系=(2.24,-1.18) 航向=-0.92 path_err=0.34 path_on=1
[ros2_control_node-3] [INFO] [1791631961.502239430] [StateRL]: [EVAL] step=500 t=10.000 robot=(4.758,0.336) yaw=-0.000 goal=(7.000,0.000) dist=2.267 body=(2.242,-1.176) heading=-0.919 arrived=0 ra=-0.94818 entry=-0.05000 recovery=0 hold=0 twist=(-0.518,-0.299,0.595) min_ray_log=0.029 max_ray_log=2.585 min_ray_m=1.020 lin_vel=(1.866,0.793,0.397) ang_vel=(2.505,0.314,-1.773) action_range=(-1.981,2.437) contact=(-1,1,-1,-1)
[ros2_control_node-3] [INFO] [1791631962.006828333] [StateRL]: [EVAL] step=525 t=10.500 robot=(5.719,0.573) yaw=-0.665 goal=(7.000,0.000) dist=1.403 body=(1.362,-0.788) heading=-0.966 arrived=0 ra=-0.99377 entry=-0.05000 recovery=0 hold=0 twist=(-0.518,-0.299,0.595) min_ray_log=0.829 max_ray_log=2.585 min_ray_m=1.776 lin_vel=(1.519,1.357,-0.378) ang_vel=(-0.937,-0.209,-1.174) action_range=(-1.432,2.322) contact=(1,-1,1,-1)
[ros2_control_node-3] [INFO] [1791631962.502163799] [StateRL]: [EVAL] step=550 t=11.000 robot=(6.600,0.358) yaw=-1.155 goal=(7.000,0.000) dist=0.537 body=(0.489,-0.140) heading=-0.620 arrived=0 ra=-0.99903 entry=-0.05000 recovery=0 hold=0 twist=(-0.518,-0.299,0.595) min_ray_log=0.515 max_ray_log=2.585 min_ray_m=1.429 lin_vel=(1.382,0.777,0.328) ang_vel=(2.130,0.571,-1.391) action_range=(-1.824,2.092) contact=(-1,1,-1,1)
[ros2_control_node-3] [INFO] [1791631962.561751012] [StateRL]: [NORMAL-SHUTDOWN] phase=DECELERATING steady_ns=39464883273983 initial_vx=0.00000 initial_vy=0.00000 initial_wz=0.00000 ramp_ms=600
[ros2_control_node-3] [INFO] [1791631964.626074777] [StateRL]: [NORMAL-SHUTDOWN] phase=DECELERATED steady_ns=39466947684835 speed_xy=0.00056 angular_speed=0.00409 roll=0.01216 pitch=0.03715 supported_feet=4 stable_ms=400
[ros2_control_node-3] [INFO] [1791631964.626164194] [rl_quadruped_controller]: Switched from rl to fixed stand
[ros2_control_node-3] [INFO] [1791631964.630768930] [StateRL]: [VERIFY-EXIT] RL steps executed: 657
[ros2_control_node-3] [INFO] [1791631964.630851035] [rl_quadruped_controller]: [NORMAL-SHUTDOWN] phase=STANDING steady_ns=39466952465543 controller_state=FIXEDSTAND support_gains_continuous=1
[ros2_control_node-3] [INFO] [1791631964.830456540] [BaseFixedStand]: [STAND-SYMM] phase=0.165 q_thigh FR=1.028 FL=1.072 RR=1.082 RL=1.211 diff_FLFR=0.044 diff_RLRR=0.129 q_calf FR=-2.114 FL=-2.072 RR=-1.822 RL=-1.731 diff_FLFR=0.042 diff_RLRR=0.091
[ros2_control_node-3] [INFO] [1791631965.330435268] [BaseFixedStand]: [STAND-SYMM] phase=0.525 q_thigh FR=0.859 FL=0.891 RR=0.977 RL=1.096 diff_FLFR=0.032 diff_RLRR=0.120 q_calf FR=-1.837 FL=-1.799 RR=-1.678 RL=-1.596 diff_FLFR=0.038 diff_RLRR=0.081
[ros2_control_node-3] [INFO] [1791631965.830356184] [BaseFixedStand]: [STAND-SYMM] phase=0.762 q_thigh FR=0.790 FL=0.815 RR=0.920 RL=0.989 diff_FLFR=0.025 diff_RLRR=0.069 q_calf FR=-1.714 FL=-1.690 RR=-1.599 RL=-1.545 diff_FLFR=0.024 diff_RLRR=0.054
[ros2_control_node-3] [INFO] [1791631966.330517949] [BaseFixedStand]: [STAND-SYMM] phase=0.889 q_thigh FR=0.759 FL=0.785 RR=0.893 RL=0.920 diff_FLFR=0.026 diff_RLRR=0.027 q_calf FR=-1.656 FL=-1.640 RR=-1.559 RL=-1.530 diff_FLFR=0.016 diff_RLRR=0.029
[ros2_control_node-3] [INFO] [1791631966.830529367] [BaseFixedStand]: [STAND-SYMM] phase=0.950 q_thigh FR=0.743 FL=0.770 RR=0.879 RL=0.890 diff_FLFR=0.027 diff_RLRR=0.011 q_calf FR=-1.630 FL=-1.618 RR=-1.542 RL=-1.523 diff_FLFR=0.012 diff_RLRR=0.020
[ros2_control_node-3] [INFO] [1791631967.330363822] [BaseFixedStand]: [STAND-SYMM] phase=0.978 q_thigh FR=0.736 FL=0.763 RR=0.872 RL=0.876 diff_FLFR=0.027 diff_RLRR=0.004 q_calf FR=-1.617 FL=-1.607 RR=-1.534 RL=-1.519 diff_FLFR=0.010 diff_RLRR=0.016
[ros2_control_node-3] [INFO] [1791631967.605483603] [rl_quadruped_controller]: [NORMAL-SHUTDOWN] phase=STANDING_CONFIRMED steady_ns=39469927093226 stable_since_ns=39469522047556 stable_ms=400 speed_xy=0.00128 angular_speed=0.00284 base_z=0.36432 roll=0.00570 pitch=0.02883 max_q_error=0.11294 max_qdot=0.01403 supported_feet=4 max_kp=80.00000 max_kd=3.00000 q=[-0.0284,0.7339,-1.6129,0.0261,0.7604,-1.6041,-0.0118,0.8700,-1.5317,0.0147,0.8717,-1.5174] dq=[-0.0001,-0.0052,0.0140,0.0002,-0.0063,0.0102,0.0001,-0.0064,0.0083,0.0018,-0.0118,0.0034]
[ros2_control_node-3] [INFO] [1791631967.605603096] [rl_quadruped_controller]: [NORMAL-SHUTDOWN] phase=STANDING_HOLD steady_ns=39469927218495 controller_state=FIXEDSTAND support_gains=maintained auto_lower=0 auto_passive=0
[ros2_control_node-3] [INFO] [1791631967.830422630] [BaseFixedStand]: [STAND-SYMM] phase=0.990 q_thigh FR=0.733 FL=0.759 RR=0.869 RL=0.869 diff_FLFR=0.026 diff_RLRR=0.001 q_calf FR=-1.610 FL=-1.602 RR=-1.530 RL=-1.517 diff_FLFR=0.008 diff_RLRR=0.013
[ros2_control_node-3] [INFO] [1791631968.330342425] [BaseFixedStand]: [STAND-SYMM] phase=0.996 q_thigh FR=0.731 FL=0.757 RR=0.867 RL=0.866 diff_FLFR=0.026 diff_RLRR=-0.000 q_calf FR=-1.606 FL=-1.599 RR=-1.528 RL=-1.516 diff_FLFR=0.007 diff_RLRR=0.012
[ros2_control_node-3] [INFO] [1791631968.830594366] [BaseFixedStand]: [STAND-SYMM] phase=0.998 q_thigh FR=0.730 FL=0.756 RR=0.865 RL=0.864 diff_FLFR=0.026 diff_RLRR=-0.001 q_calf FR=-1.604 FL=-1.598 RR=-1.526 RL=-1.516 diff_FLFR=0.006 diff_RLRR=0.011
[ros2_control_node-3] [INFO] [1791631969.330363753] [BaseFixedStand]: [STAND-SYMM] phase=0.999 q_thigh FR=0.730 FL=0.756 RR=0.864 RL=0.863 diff_FLFR=0.026 diff_RLRR=-0.001 q_calf FR=-1.604 FL=-1.598 RR=-1.526 RL=-1.516 diff_FLFR=0.006 diff_RLRR=0.010
[ros2_control_node-3] [INFO] [1791631969.830630755] [BaseFixedStand]: [STAND-SYMM] phase=1.000 q_thigh FR=0.730 FL=0.756 RR=0.864 RL=0.863 diff_FLFR=0.026 diff_RLRR=-0.001 q_calf FR=-1.603 FL=-1.598 RR=-1.526 RL=-1.516 diff_FLFR=0.006 diff_RLRR=0.010
[ros2_control_node-3] [INFO] [1791631970.330673485] [BaseFixedStand]: [STAND-SYMM] phase=1.000 q_thigh FR=0.730 FL=0.756 RR=0.864 RL=0.862 diff_FLFR=0.026 diff_RLRR=-0.001 q_calf FR=-1.603 FL=-1.598 RR=-1.526 RL=-1.516 diff_FLFR=0.006 diff_RLRR=0.010
[ros2_control_node-3] [INFO] [1791631970.830447176] [BaseFixedStand]: [STAND-SYMM] phase=1.000 q_thigh FR=0.730 FL=0.756 RR=0.863 RL=0.862 diff_FLFR=0.026 diff_RLRR=-0.001 q_calf FR=-1.603 FL=-1.597 RR=-1.526 RL=-1.516 diff_FLFR=0.005 diff_RLRR=0.010
[ros2_control_node-3] [INFO] [1791631971.330374618] [BaseFixedStand]: [STAND-SYMM] phase=1.000 q_thigh FR=0.730 FL=0.756 RR=0.863 RL=0.862 diff_FLFR=0.026 diff_RLRR=-0.001 q_calf FR=-1.603 FL=-1.597 RR=-1.526 RL=-1.516 diff_FLFR=0.005 diff_RLRR=0.010
[ros2_control_node-3] [INFO] [1791631971.830448672] [BaseFixedStand]: [STAND-SYMM] phase=1.000 q_thigh FR=0.730 FL=0.756 RR=0.863 RL=0.862 diff_FLFR=0.026 diff_RLRR=-0.001 q_calf FR=-1.603 FL=-1.597 RR=-1.526 RL=-1.516 diff_FLFR=0.005 diff_RLRR=0.010
[ros2_control_node-3] [INFO] [1791631972.330540832] [BaseFixedStand]: [STAND-SYMM] phase=1.000 q_thigh FR=0.730 FL=0.756 RR=0.863 RL=0.862 diff_FLFR=0.026 diff_RLRR=-0.001 q_calf FR=-1.603 FL=-1.597 RR=-1.526 RL=-1.516 diff_FLFR=0.005 diff_RLRR=0.010
[ros2_control_node-3] [INFO] [1791631972.830497255] [BaseFixedStand]: [STAND-SYMM] phase=1.000 q_thigh FR=0.730 FL=0.756 RR=0.863 RL=0.862 diff_FLFR=0.026 diff_RLRR=-0.001 q_calf FR=-1.603 FL=-1.597 RR=-1.526 RL=-1.516 diff_FLFR=0.005 diff_RLRR=0.010
[WARNING] [launch]: user interrupted with ctrl-c (SIGINT)
[INFO] [ros2_control_node-3]: sending signal 'SIGINT' to process[ros2_control_node-3]
[INFO] [robot_state_publisher-2]: sending signal 'SIGINT' to process[robot_state_publisher-2]
[INFO] [rviz2-1]: sending signal 'SIGINT' to process[rviz2-1]
[rviz2-1] [INFO] [1791631972.985137296] [rclcpp]: signal_handler(SIGINT/SIGTERM)
[ros2_control_node-3] [INFO] [1791631972.985135656] [rclcpp]: signal_handler(SIGINT/SIGTERM)
[ros2_control_node-3] [INFO] [1791631972.985306340] [controller_manager]: Shutdown request received....
[ros2_control_node-3] [INFO] [1791631972.985431099] [controller_manager]: Shutting down all controllers in the controller manager.
[ros2_control_node-3] [INFO] [1791631972.985509123] [controller_manager]: Deactivating controller 'joint_state_broadcaster'
[ros2_control_node-3] [INFO] [1791631972.985614460] [controller_manager]: Shutting down controller 'joint_state_broadcaster'
[ros2_control_node-3] [INFO] [1791631972.985728004] [controller_manager]: Deactivating controller 'imu_sensor_broadcaster'
[ros2_control_node-3] [INFO] [1791631972.985824154] [controller_manager]: Shutting down controller 'imu_sensor_broadcaster'
[ros2_control_node-3] [INFO] [1791631972.985914751] [controller_manager]: Deactivating controller 'rl_quadruped_controller'
[robot_state_publisher-2] [INFO] [1791631972.985425480] [rclcpp]: signal_handler(SIGINT/SIGTERM)
[ros2_control_node-3] [INFO] [1791631972.986022963] [controller_manager]: Shutting down controller 'rl_quadruped_controller'
[ros2_control_node-3] [INFO] [1791631972.986169137] [resource_manager]: 'deactivate' hardware 'UnitreeSystem' 
[ros2_control_node-3] [INFO] [1791631972.986217923] [resource_manager]: Successful 'deactivate' of hardware 'UnitreeSystem'
[ros2_control_node-3] [INFO] [1791631972.986238111] [resource_manager]: 'shutdown' hardware 'UnitreeSystem' 
[ros2_control_node-3] [INFO] [1791631972.986265388] [resource_manager]: Successful 'shutdown' of hardware 'UnitreeSystem'
[ros2_control_node-3] [INFO] [1791631972.986297731] [controller_manager]: Shutting down the controller manager.
[robot_state_publisher-2] [INFO] [1791631972.994837228] [rclcpp]: signal_handler(SIGINT/SIGTERM)
[rviz2-1] [INFO] [1791631972.996580151] [rclcpp]: signal_handler(SIGINT/SIGTERM)
[ERROR] [ros2_control_node-3]: process has died [pid 233403, exit code -2, cmd '/opt/ros/humble/lib/controller_manager/ros2_control_node --ros-args --params-file /home/lidio/quadruped_robots/quadruped_ros2_control_humble/install/go2_description/share/go2_description/config/robot_control.yaml -r ~/robot_description:=/robot_description'].
[INFO] [robot_state_publisher-2]: process has finished cleanly [pid 233401]
[INFO] [rviz2-1]: process has finished cleanly [pid 233399]
