[INFO] [launch]: All log files can be found below /home/lidio/.ros/log/2026-10-10-10-46-35-596284-Estara-49873
[INFO] [launch]: Default logging verbosity is set to INFO
[INFO] [rviz2-1]: process started with pid [49896]
[INFO] [robot_state_publisher-2]: process started with pid [49898]
[INFO] [ros2_control_node-3]: process started with pid [49900]
[INFO] [spawner-4]: process started with pid [49902]
[robot_state_publisher-2] [INFO] [1791600395.771484371] [robot_state_publisher]: got segment FL_calf
[robot_state_publisher-2] [INFO] [1791600395.771585603] [robot_state_publisher]: got segment FL_foot
[robot_state_publisher-2] [INFO] [1791600395.771591240] [robot_state_publisher]: got segment FL_hip
[robot_state_publisher-2] [INFO] [1791600395.771594227] [robot_state_publisher]: got segment FL_thigh
[robot_state_publisher-2] [INFO] [1791600395.771596851] [robot_state_publisher]: got segment FR_calf
[robot_state_publisher-2] [INFO] [1791600395.771599446] [robot_state_publisher]: got segment FR_foot
[robot_state_publisher-2] [INFO] [1791600395.771601818] [robot_state_publisher]: got segment FR_hip
[robot_state_publisher-2] [INFO] [1791600395.771604352] [robot_state_publisher]: got segment FR_thigh
[robot_state_publisher-2] [INFO] [1791600395.771607370] [robot_state_publisher]: got segment RL_calf
[robot_state_publisher-2] [INFO] [1791600395.771610388] [robot_state_publisher]: got segment RL_foot
[robot_state_publisher-2] [INFO] [1791600395.771612797] [robot_state_publisher]: got segment RL_hip
[robot_state_publisher-2] [INFO] [1791600395.771615190] [robot_state_publisher]: got segment RL_thigh
[robot_state_publisher-2] [INFO] [1791600395.771617595] [robot_state_publisher]: got segment RR_calf
[robot_state_publisher-2] [INFO] [1791600395.771619933] [robot_state_publisher]: got segment RR_foot
[robot_state_publisher-2] [INFO] [1791600395.771622318] [robot_state_publisher]: got segment RR_hip
[robot_state_publisher-2] [INFO] [1791600395.771624710] [robot_state_publisher]: got segment RR_thigh
[robot_state_publisher-2] [INFO] [1791600395.771627418] [robot_state_publisher]: got segment base
[robot_state_publisher-2] [INFO] [1791600395.771629853] [robot_state_publisher]: got segment front_camera
[robot_state_publisher-2] [INFO] [1791600395.771632615] [robot_state_publisher]: got segment imu_link
[robot_state_publisher-2] [INFO] [1791600395.771635055] [robot_state_publisher]: got segment lidar
[robot_state_publisher-2] [INFO] [1791600395.771637426] [robot_state_publisher]: got segment trunk
[ros2_control_node-3] [INFO] [1791600395.782162878] [controller_manager]: Subscribing to '~/robot_description' topic for robot description file.
[ros2_control_node-3] [INFO] [1791600395.782888848] [controller_manager]: update rate is 1000 Hz
[ros2_control_node-3] [INFO] [1791600395.782904222] [controller_manager]: Spawning controller_manager RT thread with scheduler priority: 50
[ros2_control_node-3] [WARN] [1791600395.782979910] [controller_manager]: Could not enable FIFO RT scheduling policy: with error number <1>(Operation not permitted). See [https://control.ros.org/master/doc/ros2_control/controller_manager/doc/userdoc.html] for details on how to enable realtime scheduling.
[ros2_control_node-3] [INFO] [1791600395.793644077] [controller_manager]: Received robot description file.
[ros2_control_node-3] [INFO] [1791600395.794266715] [resource_manager]: Loading hardware 'UnitreeSystem' 
[ros2_control_node-3] [INFO] [1791600395.800512011] [resource_manager]: Initialize hardware 'UnitreeSystem' 
[ros2_control_node-3] [INFO] [1791600395.800566891] [unitree_hardware]:  network_interface: lo, domain: 1
[ros2_control_node-3] 1791600395.803271 [1] ros2_contr: selected interface "lo" is not multicast-capable: disabling multicast
[ros2_control_node-3] [INFO] [1791600395.907733854] [unitree_hardware]: [MOTOR-MAP] controller[0] FR_hip_joint -> Unitree motor[0]
[ros2_control_node-3] [INFO] [1791600395.907762696] [unitree_hardware]: [MOTOR-MAP] controller[1] FR_thigh_joint -> Unitree motor[1]
[ros2_control_node-3] [INFO] [1791600395.907766236] [unitree_hardware]: [MOTOR-MAP] controller[2] FR_calf_joint -> Unitree motor[2]
[ros2_control_node-3] [INFO] [1791600395.907769293] [unitree_hardware]: [MOTOR-MAP] controller[3] FL_hip_joint -> Unitree motor[3]
[ros2_control_node-3] [INFO] [1791600395.907772168] [unitree_hardware]: [MOTOR-MAP] controller[4] FL_thigh_joint -> Unitree motor[4]
[ros2_control_node-3] [INFO] [1791600395.907775160] [unitree_hardware]: [MOTOR-MAP] controller[5] FL_calf_joint -> Unitree motor[5]
[ros2_control_node-3] [INFO] [1791600395.907778014] [unitree_hardware]: [MOTOR-MAP] controller[6] RR_hip_joint -> Unitree motor[6]
[ros2_control_node-3] [INFO] [1791600395.907780962] [unitree_hardware]: [MOTOR-MAP] controller[7] RR_thigh_joint -> Unitree motor[7]
[ros2_control_node-3] [INFO] [1791600395.907783857] [unitree_hardware]: [MOTOR-MAP] controller[8] RR_calf_joint -> Unitree motor[8]
[ros2_control_node-3] [INFO] [1791600395.907786684] [unitree_hardware]: [MOTOR-MAP] controller[9] RL_hip_joint -> Unitree motor[9]
[ros2_control_node-3] [INFO] [1791600395.907789507] [unitree_hardware]: [MOTOR-MAP] controller[10] RL_thigh_joint -> Unitree motor[10]
[ros2_control_node-3] [INFO] [1791600395.907792450] [unitree_hardware]: [MOTOR-MAP] controller[11] RL_calf_joint -> Unitree motor[11]
[ros2_control_node-3] [INFO] [1791600395.908431543] [resource_manager]: Successful initialization of hardware 'UnitreeSystem'
[ros2_control_node-3] [INFO] [1791600395.908590758] [resource_manager]: 'configure' hardware 'UnitreeSystem' 
[ros2_control_node-3] [INFO] [1791600395.908599312] [resource_manager]: Successful 'configure' of hardware 'UnitreeSystem'
[ros2_control_node-3] [INFO] [1791600395.908618514] [resource_manager]: 'activate' hardware 'UnitreeSystem' 
[ros2_control_node-3] [INFO] [1791600395.908622954] [resource_manager]: Successful 'activate' of hardware 'UnitreeSystem'
[ros2_control_node-3] [INFO] [1791600396.007446972] [controller_manager]: Loading controller 'joint_state_broadcaster'
[spawner-4] [INFO] [1791600396.022004181] [spawner_joint_state_broadcaster]: [94mLoaded [1mjoint_state_broadcaster[0m
[ros2_control_node-3] [INFO] [1791600396.023009777] [controller_manager]: Configuring controller 'joint_state_broadcaster'
[ros2_control_node-3] [INFO] [1791600396.023163562] [joint_state_broadcaster]: 'joints' or 'interfaces' parameter is empty. All available state interfaces will be published
[spawner-4] [INFO] [1791600396.031807078] [spawner_joint_state_broadcaster]: [92mConfigured and activated [1mjoint_state_broadcaster[0m
[INFO] [spawner-4]: process has finished cleanly [pid 49902]
[INFO] [spawner-5]: process started with pid [50016]
[rviz2-1] [INFO] [1791600396.256863200] [rviz2]: Stereo is NOT SUPPORTED
[rviz2-1] [INFO] [1791600396.256977278] [rviz2]: OpenGl version: 4.6 (GLSL 4.6)
[rviz2-1] [INFO] [1791600396.280024338] [rviz2]: Stereo is NOT SUPPORTED
[spawner-5] [INFO] [1791600396.417562559] [spawner_imu_sensor_broadcaster]: waiting for service /controller_manager/list_controllers to become available...
[ros2_control_node-3] [INFO] [1791600399.426749765] [controller_manager]: Loading controller 'imu_sensor_broadcaster'
[spawner-5] [INFO] [1791600399.445191324] [spawner_imu_sensor_broadcaster]: [94mLoaded [1mimu_sensor_broadcaster[0m
[ros2_control_node-3] [INFO] [1791600399.447623407] [controller_manager]: Configuring controller 'imu_sensor_broadcaster'
[spawner-5] [INFO] [1791600399.457600672] [spawner_imu_sensor_broadcaster]: [92mConfigured and activated [1mimu_sensor_broadcaster[0m
[INFO] [spawner-5]: process has finished cleanly [pid 50016]
[INFO] [spawner-6]: process started with pid [50096]
[ros2_control_node-3] [INFO] [1791600399.883196974] [controller_manager]: Loading controller 'rl_quadruped_controller'
[ros2_control_node-3] [INFO] [1791600400.116891601] [rl_quadruped_controller]: Controller Update Rate: 200 Hz
[ros2_control_node-3] [INFO] [1791600400.116933252] [rl_quadruped_controller]: Enable Estimator
[ros2_control_node-3] dt: 0.005
[spawner-6] [INFO] [1791600400.126705261] [spawner_rl_quadruped_controller]: [94mLoaded [1mrl_quadruped_controller[0m
[ros2_control_node-3] [INFO] [1791600400.127654492] [controller_manager]: Configuring controller 'rl_quadruped_controller'
[ros2_control_node-3] [INFO] [1791600400.136259455] [rl_quadruped_controller]: [FOOT-LOANED] index=0 name=foot_force/FR
[ros2_control_node-3] [INFO] [1791600400.136308160] [rl_quadruped_controller]: [FOOT-LOANED] index=1 name=foot_force/FL
[ros2_control_node-3] [INFO] [1791600400.136312390] [rl_quadruped_controller]: [FOOT-LOANED] index=2 name=foot_force/RR
[ros2_control_node-3] [INFO] [1791600400.136316001] [rl_quadruped_controller]: [FOOT-LOANED] index=3 name=foot_force/RL
[ros2_control_node-3] [INFO] [1791600400.136337872] [rl_quadruped_controller]: [VERIFY] joint interface order: FR_hip_joint FR_thigh_joint FR_calf_joint ... RL_calf_joint
[ros2_control_node-3] [INFO] [1791600400.136413228] [rl_quadruped_controller]: Using robot model from go2_description
[ros2_control_node-3] [INFO] [1791600400.137998534] [rl_quadruped_controller]: [S1-RUN-SOURCE] pid=49900 package_share=/home/lidio/quadruped_robots/quadruped_ros2_control_humble/install/go2_description/share/go2_description config=/home/lidio/quadruped_robots/quadruped_ros2_control_humble/install/go2_description/share/go2_description/config/abs/config.yaml agile_model=/home/lidio/quadruped_robots/quadruped_ros2_control_humble/install/go2_description/share/go2_description/config/abs/policy.pt ra_model=/home/lidio/quadruped_robots/quadruped_ros2_control_humble/install/go2_description/share/go2_description/config/abs/ra_value.pt candidate=paper_faithful_switch group=A entry_threshold=-0.05 effective_exit_threshold=-0.05 hysteresis=false hold=false goal=(7.000,0.000)
[ros2_control_node-3] [INFO] [1791600400.138047257] [rl_quadruped_controller]: [S2-SWITCH-CONFIG] group=A entry_threshold=-0.05 effective_exit_threshold=-0.05 hysteresis=false hold=false
[ros2_control_node-3] [INFO] [1791600400.138054913] [rl_quadruped_controller]: Model loading: policy.pt
[ros2_control_node-3] robot_legs_.size(): 4
[ros2_control_node-3] [INFO] [1791600400.154343646] [rl_quadruped_controller]: [VERIFY] num_observations=61, num_of_dofs=12
[ros2_control_node-3] [INFO] [1791600400.154397246] [rl_quadruped_controller]: [VERIFY] observations order: contact ang_vel gravity_vec commands timer dof_pos dof_vel actions ray2d 
[ros2_control_node-3] [INFO] [1791600400.154446896] [rl_quadruped_controller]: [VERIFY] rl_kp[0]=30.00, rl_kd[0]=0.65
[ros2_control_node-3] [INFO] [1791600400.154456041] [rl_quadruped_controller]: [VERIFY] scales: action=0.25 lin_vel=1.00 ang_vel=1.00 dof_pos=1.00 dof_vel=0.20
[ros2_control_node-3] [INFO] [1791600400.154464674] [rl_quadruped_controller]: [VERIFY] default_dof_pos: 0.0000 0.8000 -1.5000 (first 3 joints = FR hip/thigh/calf)
[ros2_control_node-3] [INFO] [1791600400.154469358] [rl_quadruped_controller]: [VERIFY] ABS: max_ep_len=9.0s contact_thr=1.0N ray2d_count=11 ray2d_max_range=6.0m
[ros2_control_node-3] [INFO] [1791600400.154473233] [rl_quadruped_controller]: [VERIFY] decimation=4 frequency=200Hz dt=0.0200s
[ros2_control_node-3] [INFO] [1791600400.154476930] [rl_quadruped_controller]: [VERIFY] use_rl_thread=false policy_joint_order=ros1_fl_fr_rl_rr
[ros2_control_node-3] [INFO] [1791600400.157027092] [rl_quadruped_controller]: [RA] Value network loaded: ra_value.pt
[ros2_control_node-3] [INFO] [1791600400.160862669] [rl_quadruped_controller]: [REC] Recovery policy loaded: /home/lidio/quadruped_robots/quadruped_ros2_control_humble/install/go2_description/share/go2_description/config/rec/policy.pt
[ros2_control_node-3] [INFO] [1791600400.161563125] [rl_quadruped_controller]: StateRLRec: Loading recovery model: policy.pt
[ros2_control_node-3] [INFO] [1791600400.165946590] [rl_quadruped_controller]: [REC-VERIFY] num_observations=49, num_of_dofs=12
[ros2_control_node-3] [INFO] [1791600400.165999668] [rl_quadruped_controller]: [REC-VERIFY] observations: contact ang_vel gravity_vec commands dof_pos dof_vel actions 
[ros2_control_node-3] [INFO] [1791600400.166033230] [rl_quadruped_controller]: [REC-VERIFY] rl_kp[0]=30.00, rl_kd[0]=0.65
[ros2_control_node-3] [INFO] [1791600400.166044125] [rl_quadruped_controller]: [REC-VERIFY] action_scale=0.25 dof_vel_scale=0.20 contact_thr=1.0N
[spawner-6] [INFO] [1791600400.167359693] [spawner_rl_quadruped_controller]: [92mConfigured and activated [1mrl_quadruped_controller[0m
[INFO] [spawner-6]: process has finished cleanly [pid 50096]
[WARNING] [launch]: user interrupted with ctrl-c (SIGINT)
[INFO] [ros2_control_node-3]: sending signal 'SIGINT' to process[ros2_control_node-3]
[INFO] [robot_state_publisher-2]: sending signal 'SIGINT' to process[robot_state_publisher-2]
[INFO] [rviz2-1]: sending signal 'SIGINT' to process[rviz2-1]
[ros2_control_node-3] [INFO] [1791600406.605422715] [rclcpp]: signal_handler(SIGINT/SIGTERM)
[ros2_control_node-3] [INFO] [1791600406.605574527] [controller_manager]: Shutdown request received....
[ros2_control_node-3] [INFO] [1791600406.605641418] [controller_manager]: Shutting down all controllers in the controller manager.
[ros2_control_node-3] [INFO] [1791600406.605686669] [controller_manager]: Deactivating controller 'joint_state_broadcaster'
[ros2_control_node-3] [INFO] [1791600406.605749394] [controller_manager]: Shutting down controller 'joint_state_broadcaster'
[ros2_control_node-3] [INFO] [1791600406.605803168] [controller_manager]: Deactivating controller 'imu_sensor_broadcaster'
[ros2_control_node-3] [INFO] [1791600406.605837249] [controller_manager]: Shutting down controller 'imu_sensor_broadcaster'
[ros2_control_node-3] [INFO] [1791600406.605871153] [controller_manager]: Deactivating controller 'rl_quadruped_controller'
[ros2_control_node-3] [INFO] [1791600406.605974502] [controller_manager]: Shutting down controller 'rl_quadruped_controller'
[ros2_control_node-3] [INFO] [1791600406.606034424] [resource_manager]: 'deactivate' hardware 'UnitreeSystem' 
[ros2_control_node-3] [INFO] [1791600406.606061915] [resource_manager]: Successful 'deactivate' of hardware 'UnitreeSystem'
[ros2_control_node-3] [INFO] [1791600406.606075082] [resource_manager]: 'shutdown' hardware 'UnitreeSystem' 
[ros2_control_node-3] [INFO] [1791600406.606098133] [resource_manager]: Successful 'shutdown' of hardware 'UnitreeSystem'
[rviz2-1] [INFO] [1791600406.605432378] [rclcpp]: signal_handler(SIGINT/SIGTERM)
[robot_state_publisher-2] [INFO] [1791600406.605444459] [rclcpp]: signal_handler(SIGINT/SIGTERM)
[ros2_control_node-3] [INFO] [1791600406.606116370] [controller_manager]: Shutting down the controller manager.
[robot_state_publisher-2] [INFO] [1791600406.614822020] [rclcpp]: signal_handler(SIGINT/SIGTERM)
[rviz2-1] [INFO] [1791600406.616690035] [rclcpp]: signal_handler(SIGINT/SIGTERM)
[ERROR] [ros2_control_node-3]: process has died [pid 49900, exit code -2, cmd '/opt/ros/humble/lib/controller_manager/ros2_control_node --ros-args --params-file /home/lidio/quadruped_robots/quadruped_ros2_control_humble/install/go2_description/share/go2_description/config/robot_control.yaml -r ~/robot_description:=/robot_description'].
[INFO] [robot_state_publisher-2]: process has finished cleanly [pid 49898]
[INFO] [rviz2-1]: process has finished cleanly [pid 49896]
