[INFO] [launch]: All log files can be found below /home/lidio/.ros/log/2026-10-10-18-14-31-565378-Estara-186275
[INFO] [launch]: Default logging verbosity is set to INFO
[INFO] [rviz2-1]: process started with pid [186298]
[INFO] [robot_state_publisher-2]: process started with pid [186300]
[INFO] [ros2_control_node-3]: process started with pid [186302]
[INFO] [spawner-4]: process started with pid [186304]
[robot_state_publisher-2] [INFO] [1791627271.705003604] [robot_state_publisher]: got segment FL_calf
[robot_state_publisher-2] [INFO] [1791627271.705092005] [robot_state_publisher]: got segment FL_foot
[robot_state_publisher-2] [INFO] [1791627271.705097281] [robot_state_publisher]: got segment FL_hip
[robot_state_publisher-2] [INFO] [1791627271.705100209] [robot_state_publisher]: got segment FL_thigh
[robot_state_publisher-2] [INFO] [1791627271.705102764] [robot_state_publisher]: got segment FR_calf
[robot_state_publisher-2] [INFO] [1791627271.705105334] [robot_state_publisher]: got segment FR_foot
[robot_state_publisher-2] [INFO] [1791627271.705107809] [robot_state_publisher]: got segment FR_hip
[robot_state_publisher-2] [INFO] [1791627271.705110354] [robot_state_publisher]: got segment FR_thigh
[robot_state_publisher-2] [INFO] [1791627271.705112787] [robot_state_publisher]: got segment RL_calf
[robot_state_publisher-2] [INFO] [1791627271.705115119] [robot_state_publisher]: got segment RL_foot
[robot_state_publisher-2] [INFO] [1791627271.705117520] [robot_state_publisher]: got segment RL_hip
[robot_state_publisher-2] [INFO] [1791627271.705119977] [robot_state_publisher]: got segment RL_thigh
[robot_state_publisher-2] [INFO] [1791627271.705122328] [robot_state_publisher]: got segment RR_calf
[robot_state_publisher-2] [INFO] [1791627271.705124733] [robot_state_publisher]: got segment RR_foot
[robot_state_publisher-2] [INFO] [1791627271.705127036] [robot_state_publisher]: got segment RR_hip
[robot_state_publisher-2] [INFO] [1791627271.705129432] [robot_state_publisher]: got segment RR_thigh
[robot_state_publisher-2] [INFO] [1791627271.705131831] [robot_state_publisher]: got segment base
[robot_state_publisher-2] [INFO] [1791627271.705134231] [robot_state_publisher]: got segment front_camera
[robot_state_publisher-2] [INFO] [1791627271.705136710] [robot_state_publisher]: got segment imu_link
[robot_state_publisher-2] [INFO] [1791627271.705139158] [robot_state_publisher]: got segment lidar
[robot_state_publisher-2] [INFO] [1791627271.705141473] [robot_state_publisher]: got segment trunk
[ros2_control_node-3] [INFO] [1791627271.719578430] [controller_manager]: Subscribing to '~/robot_description' topic for robot description file.
[ros2_control_node-3] [INFO] [1791627271.720336264] [controller_manager]: update rate is 1000 Hz
[ros2_control_node-3] [INFO] [1791627271.720352215] [controller_manager]: Spawning controller_manager RT thread with scheduler priority: 50
[ros2_control_node-3] [WARN] [1791627271.720496147] [controller_manager]: Could not enable FIFO RT scheduling policy: with error number <1>(Operation not permitted). See [https://control.ros.org/master/doc/ros2_control/controller_manager/doc/userdoc.html] for details on how to enable realtime scheduling.
[ros2_control_node-3] [INFO] [1791627271.730830545] [controller_manager]: Received robot description file.
[ros2_control_node-3] [INFO] [1791627271.731469574] [resource_manager]: Loading hardware 'UnitreeSystem' 
[ros2_control_node-3] [INFO] [1791627271.736148918] [resource_manager]: Initialize hardware 'UnitreeSystem' 
[ros2_control_node-3] [INFO] [1791627271.736226049] [unitree_hardware]:  network_interface: lo, domain: 1
[ros2_control_node-3] 1791627271.737869 [1] ros2_contr: selected interface "lo" is not multicast-capable: disabling multicast
[ros2_control_node-3] [INFO] [1791627271.844341405] [unitree_hardware]: [MOTOR-MAP] controller[0] FR_hip_joint -> Unitree motor[0]
[ros2_control_node-3] [INFO] [1791627271.844365870] [unitree_hardware]: [MOTOR-MAP] controller[1] FR_thigh_joint -> Unitree motor[1]
[ros2_control_node-3] [INFO] [1791627271.844369362] [unitree_hardware]: [MOTOR-MAP] controller[2] FR_calf_joint -> Unitree motor[2]
[ros2_control_node-3] [INFO] [1791627271.844372393] [unitree_hardware]: [MOTOR-MAP] controller[3] FL_hip_joint -> Unitree motor[3]
[ros2_control_node-3] [INFO] [1791627271.844375326] [unitree_hardware]: [MOTOR-MAP] controller[4] FL_thigh_joint -> Unitree motor[4]
[ros2_control_node-3] [INFO] [1791627271.844378295] [unitree_hardware]: [MOTOR-MAP] controller[5] FL_calf_joint -> Unitree motor[5]
[ros2_control_node-3] [INFO] [1791627271.844381173] [unitree_hardware]: [MOTOR-MAP] controller[6] RR_hip_joint -> Unitree motor[6]
[ros2_control_node-3] [INFO] [1791627271.844389938] [unitree_hardware]: [MOTOR-MAP] controller[7] RR_thigh_joint -> Unitree motor[7]
[ros2_control_node-3] [INFO] [1791627271.844393020] [unitree_hardware]: [MOTOR-MAP] controller[8] RR_calf_joint -> Unitree motor[8]
[ros2_control_node-3] [INFO] [1791627271.844395985] [unitree_hardware]: [MOTOR-MAP] controller[9] RL_hip_joint -> Unitree motor[9]
[ros2_control_node-3] [INFO] [1791627271.844398923] [unitree_hardware]: [MOTOR-MAP] controller[10] RL_thigh_joint -> Unitree motor[10]
[ros2_control_node-3] [INFO] [1791627271.844401928] [unitree_hardware]: [MOTOR-MAP] controller[11] RL_calf_joint -> Unitree motor[11]
[ros2_control_node-3] [INFO] [1791627271.844918805] [resource_manager]: Successful initialization of hardware 'UnitreeSystem'
[ros2_control_node-3] [INFO] [1791627271.845068296] [resource_manager]: 'configure' hardware 'UnitreeSystem' 
[ros2_control_node-3] [INFO] [1791627271.845076036] [resource_manager]: Successful 'configure' of hardware 'UnitreeSystem'
[ros2_control_node-3] [INFO] [1791627271.845095602] [resource_manager]: 'activate' hardware 'UnitreeSystem' 
[ros2_control_node-3] [INFO] [1791627271.845100314] [resource_manager]: Successful 'activate' of hardware 'UnitreeSystem'
[spawner-4] [INFO] [1791627271.928229121] [spawner_joint_state_broadcaster]: waiting for service /controller_manager/list_controllers to become available...
[rviz2-1] [INFO] [1791627272.122545517] [rviz2]: Stereo is NOT SUPPORTED
[rviz2-1] [INFO] [1791627272.122615412] [rviz2]: OpenGl version: 4.6 (GLSL 4.6)
[rviz2-1] [INFO] [1791627272.142070463] [rviz2]: Stereo is NOT SUPPORTED
[ros2_control_node-3] [INFO] [1791627272.179592825] [controller_manager]: Loading controller 'joint_state_broadcaster'
[spawner-4] [INFO] [1791627272.187776935] [spawner_joint_state_broadcaster]: [94mLoaded [1mjoint_state_broadcaster[0m
[ros2_control_node-3] [INFO] [1791627272.188720494] [controller_manager]: Configuring controller 'joint_state_broadcaster'
[ros2_control_node-3] [INFO] [1791627272.188792604] [joint_state_broadcaster]: 'joints' or 'interfaces' parameter is empty. All available state interfaces will be published
[spawner-4] [INFO] [1791627272.195629228] [spawner_joint_state_broadcaster]: [92mConfigured and activated [1mjoint_state_broadcaster[0m
[INFO] [spawner-4]: process has finished cleanly [pid 186304]
[INFO] [spawner-5]: process started with pid [186448]
[ros2_control_node-3] [INFO] [1791627272.590337097] [controller_manager]: Loading controller 'imu_sensor_broadcaster'
[spawner-5] [INFO] [1791627272.605411140] [spawner_imu_sensor_broadcaster]: [94mLoaded [1mimu_sensor_broadcaster[0m
[ros2_control_node-3] [INFO] [1791627272.606189869] [controller_manager]: Configuring controller 'imu_sensor_broadcaster'
[spawner-5] [INFO] [1791627272.610218092] [spawner_imu_sensor_broadcaster]: [92mConfigured and activated [1mimu_sensor_broadcaster[0m
[INFO] [spawner-5]: process has finished cleanly [pid 186448]
[INFO] [spawner-6]: process started with pid [186480]
[ros2_control_node-3] [INFO] [1791627273.331093271] [controller_manager]: Loading controller 'rl_quadruped_controller'
[ros2_control_node-3] [INFO] [1791627273.581596829] [rl_quadruped_controller]: Controller Update Rate: 200 Hz
[ros2_control_node-3] [INFO] [1791627273.581648179] [rl_quadruped_controller]: Enable Estimator
[ros2_control_node-3] dt: 0.005
[spawner-6] [INFO] [1791627273.593647746] [spawner_rl_quadruped_controller]: [94mLoaded [1mrl_quadruped_controller[0m
[ros2_control_node-3] [INFO] [1791627273.594470846] [controller_manager]: Configuring controller 'rl_quadruped_controller'
[ros2_control_node-3] [INFO] [1791627273.596817225] [rl_quadruped_controller]: [FOOT-LOANED] index=0 name=foot_force/FR
[ros2_control_node-3] [INFO] [1791627273.596852088] [rl_quadruped_controller]: [FOOT-LOANED] index=1 name=foot_force/FL
[ros2_control_node-3] [INFO] [1791627273.596864398] [rl_quadruped_controller]: [FOOT-LOANED] index=2 name=foot_force/RR
[ros2_control_node-3] [INFO] [1791627273.596873992] [rl_quadruped_controller]: [FOOT-LOANED] index=3 name=foot_force/RL
[ros2_control_node-3] [INFO] [1791627273.596907617] [rl_quadruped_controller]: [VERIFY] joint interface order: FR_hip_joint FR_thigh_joint FR_calf_joint ... RL_calf_joint
[ros2_control_node-3] [INFO] [1791627273.596998723] [rl_quadruped_controller]: Using robot model from go2_description
[ros2_control_node-3] [INFO] [1791627273.600397141] [rl_quadruped_controller]: [S1-RUN-SOURCE] pid=186302 package_share=/home/lidio/quadruped_robots/quadruped_ros2_control_humble/install/go2_description/share/go2_description config=/home/lidio/quadruped_robots/quadruped_ros2_control_humble/install/go2_description/share/go2_description/config/abs/config.yaml agile_model=/home/lidio/quadruped_robots/quadruped_ros2_control_humble/install/go2_description/share/go2_description/config/abs/policy.pt ra_model=/home/lidio/quadruped_robots/quadruped_ros2_control_humble/install/go2_description/share/go2_description/config/abs/ra_value.pt candidate=paper_faithful_switch group=A entry_threshold=-0.05 effective_exit_threshold=-0.05 hysteresis=false hold=false goal=(7.000,0.000)
[ros2_control_node-3] [INFO] [1791627273.600519804] [rl_quadruped_controller]: [S2-SWITCH-CONFIG] group=A entry_threshold=-0.05 effective_exit_threshold=-0.05 hysteresis=false hold=false
[ros2_control_node-3] [INFO] [1791627273.600546772] [rl_quadruped_controller]: Model loading: policy.pt
[ros2_control_node-3] robot_legs_.size(): 4
[ros2_control_node-3] [INFO] [1791627273.631230898] [rl_quadruped_controller]: [VERIFY] num_observations=61, num_of_dofs=12
[ros2_control_node-3] [INFO] [1791627273.631279467] [rl_quadruped_controller]: [VERIFY] observations order: contact ang_vel gravity_vec commands timer dof_pos dof_vel actions ray2d 
[ros2_control_node-3] [INFO] [1791627273.631335934] [rl_quadruped_controller]: [VERIFY] rl_kp[0]=30.00, rl_kd[0]=0.65
[ros2_control_node-3] [INFO] [1791627273.631344630] [rl_quadruped_controller]: [VERIFY] scales: action=0.25 lin_vel=1.00 ang_vel=1.00 dof_pos=1.00 dof_vel=0.20
[ros2_control_node-3] [INFO] [1791627273.631354471] [rl_quadruped_controller]: [VERIFY] default_dof_pos: 0.0000 0.8000 -1.5000 (first 3 joints = FR hip/thigh/calf)
[ros2_control_node-3] [INFO] [1791627273.631359442] [rl_quadruped_controller]: [VERIFY] ABS: max_ep_len=9.0s contact_thr=1.0N ray2d_count=11 ray2d_max_range=6.0m
[ros2_control_node-3] [INFO] [1791627273.631363595] [rl_quadruped_controller]: [VERIFY] decimation=4 frequency=200Hz dt=0.0200s
[ros2_control_node-3] [INFO] [1791627273.631367846] [rl_quadruped_controller]: [VERIFY] use_rl_thread=false policy_joint_order=ros1_fl_fr_rl_rr
[ros2_control_node-3] [INFO] [1791627273.633443054] [rl_quadruped_controller]: [RA] Value network loaded: ra_value.pt
[ros2_control_node-3] [INFO] [1791627273.636661397] [rl_quadruped_controller]: [REC] Recovery policy loaded: /home/lidio/quadruped_robots/quadruped_ros2_control_humble/install/go2_description/share/go2_description/config/rec/policy.pt
[ros2_control_node-3] [INFO] [1791627273.637194999] [rl_quadruped_controller]: StateRLRec: Loading recovery model: policy.pt
[ros2_control_node-3] [INFO] [1791627273.640399840] [rl_quadruped_controller]: [REC-VERIFY] num_observations=49, num_of_dofs=12
[ros2_control_node-3] [INFO] [1791627273.640431160] [rl_quadruped_controller]: [REC-VERIFY] observations: contact ang_vel gravity_vec commands dof_pos dof_vel actions 
[ros2_control_node-3] [INFO] [1791627273.640456073] [rl_quadruped_controller]: [REC-VERIFY] rl_kp[0]=30.00, rl_kd[0]=0.65
[ros2_control_node-3] [INFO] [1791627273.640464831] [rl_quadruped_controller]: [REC-VERIFY] action_scale=0.25 dof_vel_scale=0.20 contact_thr=1.0N
[spawner-6] [INFO] [1791627273.641725035] [spawner_rl_quadruped_controller]: [92mConfigured and activated [1mrl_quadruped_controller[0m
[INFO] [spawner-6]: process has finished cleanly [pid 186480]
[ros2_control_node-3] [INFO] [1791627283.914842386] [rl_quadruped_controller]: Switched from passive to fixed down
[ros2_control_node-3] [INFO] [1791627285.784987918] [rl_quadruped_controller]: Switched from fixed down to fixed stand
[ros2_control_node-3] [INFO] [1791627285.794949657] [BaseFixedStand]: [STAND-SYMM] phase=0.004 q_thigh FR=1.255 FL=1.255 RR=1.349 RL=1.349 diff_FLFR=0.000 diff_RLRR=-0.000 q_calf FR=-2.732 FL=-2.732 RR=-2.743 RL=-2.743 diff_FLFR=0.000 diff_RLRR=0.000
[ros2_control_node-3] [INFO] [1791627286.294946711] [BaseFixedStand]: [STAND-SYMM] phase=0.398 q_thigh FR=1.074 FL=1.074 RR=1.137 RL=1.137 diff_FLFR=0.000 diff_RLRR=-0.000 q_calf FR=-2.367 FL=-2.367 RR=-2.393 RL=-2.393 diff_FLFR=-0.000 diff_RLRR=0.000
[ros2_control_node-3] [INFO] [1791627286.795033343] [BaseFixedStand]: [STAND-SYMM] phase=0.684 q_thigh FR=0.938 FL=0.938 RR=0.979 RL=0.979 diff_FLFR=0.000 diff_RLRR=-0.000 q_calf FR=-1.995 FL=-1.995 RR=-2.009 RL=-2.009 diff_FLFR=-0.000 diff_RLRR=-0.000
[ros2_control_node-3] [INFO] [1791627287.294981202] [BaseFixedStand]: [STAND-SYMM] phase=0.849 q_thigh FR=0.861 FL=0.861 RR=0.888 RL=0.888 diff_FLFR=0.000 diff_RLRR=-0.000 q_calf FR=-1.778 FL=-1.778 RR=-1.779 RL=-1.779 diff_FLFR=-0.000 diff_RLRR=-0.000
[ros2_control_node-3] [INFO] [1791627287.794929412] [BaseFixedStand]: [STAND-SYMM] phase=0.932 q_thigh FR=0.822 FL=0.822 RR=0.843 RL=0.843 diff_FLFR=0.000 diff_RLRR=-0.000 q_calf FR=-1.668 FL=-1.668 RR=-1.663 RL=-1.663 diff_FLFR=-0.000 diff_RLRR=-0.000
[ros2_control_node-3] [INFO] [1791627288.294718935] [BaseFixedStand]: [STAND-SYMM] phase=0.970 q_thigh FR=0.804 FL=0.804 RR=0.823 RL=0.823 diff_FLFR=0.000 diff_RLRR=-0.000 q_calf FR=-1.617 FL=-1.617 RR=-1.608 RL=-1.608 diff_FLFR=0.000 diff_RLRR=-0.000
[ros2_control_node-3] [INFO] [1791627288.794957234] [BaseFixedStand]: [STAND-SYMM] phase=0.987 q_thigh FR=0.797 FL=0.797 RR=0.813 RL=0.813 diff_FLFR=0.000 diff_RLRR=-0.000 q_calf FR=-1.594 FL=-1.594 RR=-1.584 RL=-1.584 diff_FLFR=0.000 diff_RLRR=-0.000
[ros2_control_node-3] [INFO] [1791627289.294917195] [BaseFixedStand]: [STAND-SYMM] phase=0.994 q_thigh FR=0.793 FL=0.793 RR=0.809 RL=0.809 diff_FLFR=0.000 diff_RLRR=-0.000 q_calf FR=-1.583 FL=-1.583 RR=-1.573 RL=-1.573 diff_FLFR=0.000 diff_RLRR=-0.000
[ros2_control_node-3] [INFO] [1791627289.794929053] [BaseFixedStand]: [STAND-SYMM] phase=0.997 q_thigh FR=0.791 FL=0.791 RR=0.807 RL=0.807 diff_FLFR=0.000 diff_RLRR=-0.000 q_calf FR=-1.578 FL=-1.578 RR=-1.567 RL=-1.567 diff_FLFR=0.000 diff_RLRR=-0.000
[ros2_control_node-3] [INFO] [1791627290.294706489] [BaseFixedStand]: [STAND-SYMM] phase=0.999 q_thigh FR=0.790 FL=0.790 RR=0.805 RL=0.805 diff_FLFR=0.000 diff_RLRR=-0.000 q_calf FR=-1.575 FL=-1.575 RR=-1.564 RL=-1.564 diff_FLFR=0.000 diff_RLRR=-0.000
[ros2_control_node-3] [INFO] [1791627290.794980733] [BaseFixedStand]: [STAND-SYMM] phase=1.000 q_thigh FR=0.789 FL=0.789 RR=0.805 RL=0.805 diff_FLFR=0.000 diff_RLRR=-0.000 q_calf FR=-1.573 FL=-1.573 RR=-1.562 RL=-1.562 diff_FLFR=0.000 diff_RLRR=-0.000
[ros2_control_node-3] [INFO] [1791627291.244993949] [rl_quadruped_controller]: Switched from fixed stand to rl
[ros2_control_node-3] [INFO] [1791627291.250729893] [StateRL]: [Ray2D] Shared memory connected: /mujoco_ray2d
[ros2_control_node-3] [INFO] [1791627291.250878281] [StateRL]: [RtFrame] Shared memory initialized: /mujoco_rt_frame session_id=34793572434792 writer_pid=186302
[ros2_control_node-3] [INFO] [1791627291.251808616] [StateRL]: [RL] enable_estimator_=1 rec_loaded=1 ra_loaded=1 ra_threshold=-0.0500
[ros2_control_node-3] [INFO] [1791627291.251855303] [StateRL]: [RL] Ray2d: shm connected, policy active
[ros2_control_node-3] [INFO] [1791627291.278339956] [StateRL]: [PATH] start=(-0.04,0.00) goal=(7.00,0.00) tracking=1 lateral_gain=2.50 heading_gain=2.50
[ros2_control_node-3] [INFO] [1791627291.278462352] [StateRL]: [GOAL] 位置=(-0.04,0.00) 偏航=-0.00 目标=(7.00,0.00) 距离=7.04 机体系=(4.99,0.00) 航向=0.00 path_err=0.00 path_on=1
[ros2_control_node-3] [INFO] [1791627291.321155242] [StateRL]: [RA] ra=-0.6346 ray2d=[2.58 0.95 0.87 0.40 2.45 2.58 2.58 2.08 2.38 1.70 1.07]
[ros2_control_node-3] [INFO] [1791627291.322946865] [StateRL]: [EVAL] step=0 t=0.000 robot=(-0.035,0.000) yaw=-0.000 goal=(7.000,0.000) dist=7.035 body=(4.993,0.000) heading=0.000 arrived=0 ra=-0.63456 entry=-0.05000 recovery=0 hold=0 twist=(0.000,0.000,0.000) min_ray_log=0.396 max_ray_log=2.585 min_ray_m=1.316 lin_vel=(0.001,0.000,-0.089) ang_vel=(-0.000,0.063,-0.000) action_range=(-0.832,2.299) contact=(1,1,1,1)
[ros2_control_node-3] [INFO] [1791627291.775779780] [StateRL]: [EVAL] step=25 t=0.500 robot=(-0.077,0.002) yaw=0.028 goal=(7.000,0.000) dist=7.077 body=(4.991,-0.146) heading=-0.073 arrived=0 ra=-0.58563 entry=-0.05000 recovery=0 hold=0 twist=(0.000,0.000,0.000) min_ray_log=0.445 max_ray_log=2.585 min_ray_m=1.361 lin_vel=(0.056,0.023,0.334) ang_vel=(-0.053,0.818,0.255) action_range=(-1.874,2.885) contact=(1,1,1,1)
[ros2_control_node-3] [INFO] [1791627292.271671284] [StateRL]: [EVAL] step=50 t=1.000 robot=(0.095,0.033) yaw=0.015 goal=(7.000,0.000) dist=6.905 body=(4.992,-0.179) heading=-0.089 arrived=0 ra=-0.71980 entry=-0.05000 recovery=0 hold=0 twist=(0.000,0.000,0.000) min_ray_log=0.294 max_ray_log=2.585 min_ray_m=1.226 lin_vel=(0.597,0.129,-0.131) ang_vel=(-1.869,0.811,0.142) action_range=(-1.395,2.427) contact=(1,-1,1,-1)
[ros2_control_node-3] [INFO] [1791627292.770850922] [StateRL]: [EVAL] step=75 t=1.500 robot=(0.640,0.132) yaw=0.033 goal=(7.000,0.000) dist=6.361 body=(4.985,-0.600) heading=-0.292 arrived=0 ra=-0.65266 entry=-0.05000 recovery=0 hold=0 twist=(0.000,0.000,0.000) min_ray_log=-0.345 max_ray_log=2.585 min_ray_m=0.787 lin_vel=(1.553,0.193,0.086) ang_vel=(0.068,-0.262,-0.256) action_range=(-1.415,2.799) contact=(-1,1,-1,1)
[ros2_control_node-3] [INFO] [1791627293.269919978] [StateRL]: [GOAL] 位置=(1.45,0.21) 偏航=-0.10 目标=(7.00,0.00) 距离=5.55 机体系=(4.98,-0.25) 航向=-0.12 path_err=0.21 path_on=1
[ros2_control_node-3] [INFO] [1791627293.270889608] [StateRL]: [EVAL] step=100 t=2.000 robot=(1.450,0.215) yaw=-0.096 goal=(7.000,0.000) dist=5.554 body=(4.983,-0.246) heading=-0.123 arrived=0 ra=-0.50599 entry=-0.05000 recovery=0 hold=0 twist=(0.000,0.000,0.000) min_ray_log=1.232 max_ray_log=2.585 min_ray_m=2.350 lin_vel=(1.623,0.200,-0.293) ang_vel=(-0.876,-1.055,-0.581) action_range=(-1.866,3.242) contact=(-1,-1,1,-1)
[ros2_control_node-3] [INFO] [1791627293.771434490] [StateRL]: [EVAL] step=125 t=2.500 robot=(2.438,0.304) yaw=-0.117 goal=(7.000,0.000) dist=4.572 body=(4.566,-0.522) heading=-0.278 arrived=0 ra=-0.73144 entry=-0.05000 recovery=0 hold=0 twist=(0.000,0.000,0.000) min_ray_log=0.403 max_ray_log=2.585 min_ray_m=1.322 lin_vel=(1.976,0.531,0.078) ang_vel=(0.056,0.633,0.425) action_range=(-2.012,1.989) contact=(1,-1,-1,1)
[ros2_control_node-3] [INFO] [1791627294.271574461] [StateRL]: [EVAL] step=150 t=3.000 robot=(3.444,0.331) yaw=-0.161 goal=(7.000,0.000) dist=3.572 body=(3.564,-0.575) heading=-0.383 arrived=0 ra=-0.95585 entry=-0.05000 recovery=0 hold=0 twist=(0.000,0.000,0.000) min_ray_log=1.252 max_ray_log=2.585 min_ray_m=2.381 lin_vel=(1.886,0.209,-0.046) ang_vel=(-0.127,-1.501,0.303) action_range=(-3.306,3.459) contact=(-1,1,-1,-1)
[ros2_control_node-3] [INFO] [1791627294.771692186] [StateRL]: [EVAL] step=175 t=3.500 robot=(4.509,0.336) yaw=-0.294 goal=(7.000,0.000) dist=2.514 body=(2.482,-0.402) heading=-0.385 arrived=0 ra=-0.97261 entry=-0.05000 recovery=0 hold=0 twist=(0.000,0.000,0.000) min_ray_log=0.501 max_ray_log=2.585 min_ray_m=1.415 lin_vel=(2.126,0.740,0.068) ang_vel=(0.131,0.318,-0.004) action_range=(-1.593,3.065) contact=(1,-1,1,1)
[ros2_control_node-3] [INFO] [1791627295.269917471] [StateRL]: [GOAL] 位置=(5.61,0.25) 偏航=-0.52 目标=(7.00,0.00) 距离=1.42 机体系=(1.33,-0.06) 航向=-0.10 path_err=0.25 path_on=1
[ros2_control_node-3] [INFO] [1791627295.270644489] [StateRL]: [EVAL] step=200 t=4.000 robot=(5.607,0.247) yaw=-0.521 goal=(7.000,0.000) dist=1.415 body=(1.331,-0.056) heading=-0.104 arrived=0 ra=-0.99709 entry=-0.05000 recovery=0 hold=0 twist=(0.000,0.000,0.000) min_ray_log=0.126 max_ray_log=2.585 min_ray_m=1.091 lin_vel=(1.926,0.643,0.021) ang_vel=(0.369,-0.537,-0.773) action_range=(-2.640,3.121) contact=(-1,1,-1,-1)
[ros2_control_node-3] [ERROR] [1791627295.772458045] [rl_quadruped_controller]: [HARD-STOP] command=1 -> forcing PASSIVE
[ros2_control_node-3] [INFO] [1791627295.772712058] [StateRL]: [VERIFY-EXIT] RL steps executed: 225
[ros2_control_node-3] [INFO] [1791627295.772789218] [rl_quadruped_controller]: [HARD-STOP-CONFIRMED] command=1 state=PASSIVE steady_ns=34798094402300 changed=1
[WARNING] [launch]: user interrupted with ctrl-c (SIGINT)
[ros2_control_node-3] [INFO] [1791627295.779242195] [rclcpp]: signal_handler(SIGINT/SIGTERM)
[ros2_control_node-3] [INFO] [1791627295.779681500] [controller_manager]: Shutdown request received....
[ros2_control_node-3] [INFO] [1791627295.779871070] [controller_manager]: Shutting down all controllers in the controller manager.
[ros2_control_node-3] [INFO] [1791627295.779984800] [controller_manager]: Deactivating controller 'joint_state_broadcaster'
[ros2_control_node-3] [INFO] [1791627295.781509357] [controller_manager]: Shutting down controller 'joint_state_broadcaster'
[robot_state_publisher-2] [INFO] [1791627295.779496726] [rclcpp]: signal_handler(SIGINT/SIGTERM)
[rviz2-1] [INFO] [1791627295.780422489] [rclcpp]: signal_handler(SIGINT/SIGTERM)
[INFO] [ros2_control_node-3]: sending signal 'SIGINT' to process[ros2_control_node-3]
[INFO] [robot_state_publisher-2]: sending signal 'SIGINT' to process[robot_state_publisher-2]
[INFO] [rviz2-1]: sending signal 'SIGINT' to process[rviz2-1]
[ros2_control_node-3] [INFO] [1791627295.781694183] [controller_manager]: Deactivating controller 'imu_sensor_broadcaster'
[ros2_control_node-3] [INFO] [1791627295.781785266] [controller_manager]: Shutting down controller 'imu_sensor_broadcaster'
[ros2_control_node-3] [INFO] [1791627295.782104527] [controller_manager]: Deactivating controller 'rl_quadruped_controller'
[ros2_control_node-3] [INFO] [1791627295.782268851] [controller_manager]: Shutting down controller 'rl_quadruped_controller'
[ros2_control_node-3] [INFO] [1791627295.782499107] [resource_manager]: 'deactivate' hardware 'UnitreeSystem' 
[ros2_control_node-3] [INFO] [1791627295.782546034] [resource_manager]: Successful 'deactivate' of hardware 'UnitreeSystem'
[ros2_control_node-3] [INFO] [1791627295.782561194] [resource_manager]: 'shutdown' hardware 'UnitreeSystem' 
[ros2_control_node-3] [INFO] [1791627295.782582778] [resource_manager]: Successful 'shutdown' of hardware 'UnitreeSystem'
[ros2_control_node-3] [INFO] [1791627295.782604137] [controller_manager]: Shutting down the controller manager.
[robot_state_publisher-2] [INFO] [1791627295.793252221] [rclcpp]: signal_handler(SIGINT/SIGTERM)
[ERROR] [ros2_control_node-3]: process has died [pid 186302, exit code -2, cmd '/opt/ros/humble/lib/controller_manager/ros2_control_node --ros-args --params-file /home/lidio/quadruped_robots/quadruped_ros2_control_humble/install/go2_description/share/go2_description/config/robot_control.yaml -r ~/robot_description:=/robot_description'].
[ERROR] [rviz2-1]: process has died [pid 186298, exit code -2, cmd '/opt/ros/humble/lib/rviz2/rviz2 -d /home/lidio/quadruped_robots/quadruped_ros2_control_humble/install/go2_description/share/go2_description/config/visualize_urdf.rviz --ros-args -r __node:=rviz_ocs2'].
[INFO] [robot_state_publisher-2]: process has finished cleanly [pid 186300]
