[INFO] [launch]: All log files can be found below /home/lidio/.ros/log/2026-10-10-19-00-39-557722-Estara-209535
[INFO] [launch]: Default logging verbosity is set to INFO
[INFO] [rviz2-1]: process started with pid [209569]
[INFO] [robot_state_publisher-2]: process started with pid [209571]
[INFO] [ros2_control_node-3]: process started with pid [209573]
[INFO] [spawner-4]: process started with pid [209575]
[ros2_control_node-3] [INFO] [1791630040.085686606] [controller_manager]: Subscribing to '~/robot_description' topic for robot description file.
[robot_state_publisher-2] [INFO] [1791630040.087107435] [robot_state_publisher]: got segment FL_calf
[robot_state_publisher-2] [INFO] [1791630040.087506209] [robot_state_publisher]: got segment FL_foot
[robot_state_publisher-2] [INFO] [1791630040.087552611] [robot_state_publisher]: got segment FL_hip
[robot_state_publisher-2] [INFO] [1791630040.087584038] [robot_state_publisher]: got segment FL_thigh
[robot_state_publisher-2] [INFO] [1791630040.087613367] [robot_state_publisher]: got segment FR_calf
[robot_state_publisher-2] [INFO] [1791630040.087641789] [robot_state_publisher]: got segment FR_foot
[robot_state_publisher-2] [INFO] [1791630040.087668193] [robot_state_publisher]: got segment FR_hip
[robot_state_publisher-2] [INFO] [1791630040.087694799] [robot_state_publisher]: got segment FR_thigh
[robot_state_publisher-2] [INFO] [1791630040.087721647] [robot_state_publisher]: got segment RL_calf
[robot_state_publisher-2] [INFO] [1791630040.087749209] [robot_state_publisher]: got segment RL_foot
[robot_state_publisher-2] [INFO] [1791630040.087775490] [robot_state_publisher]: got segment RL_hip
[robot_state_publisher-2] [INFO] [1791630040.087801853] [robot_state_publisher]: got segment RL_thigh
[robot_state_publisher-2] [INFO] [1791630040.087829802] [robot_state_publisher]: got segment RR_calf
[robot_state_publisher-2] [INFO] [1791630040.087858046] [robot_state_publisher]: got segment RR_foot
[robot_state_publisher-2] [INFO] [1791630040.087887127] [robot_state_publisher]: got segment RR_hip
[robot_state_publisher-2] [INFO] [1791630040.087915824] [robot_state_publisher]: got segment RR_thigh
[robot_state_publisher-2] [INFO] [1791630040.087943297] [robot_state_publisher]: got segment base
[robot_state_publisher-2] [INFO] [1791630040.087971841] [robot_state_publisher]: got segment front_camera
[robot_state_publisher-2] [INFO] [1791630040.088000118] [robot_state_publisher]: got segment imu_link
[robot_state_publisher-2] [INFO] [1791630040.088026489] [robot_state_publisher]: got segment lidar
[robot_state_publisher-2] [INFO] [1791630040.088052631] [robot_state_publisher]: got segment trunk
[ros2_control_node-3] [INFO] [1791630040.088041956] [controller_manager]: update rate is 1000 Hz
[ros2_control_node-3] [INFO] [1791630040.088099368] [controller_manager]: Spawning controller_manager RT thread with scheduler priority: 50
[ros2_control_node-3] [WARN] [1791630040.088348673] [controller_manager]: Could not enable FIFO RT scheduling policy: with error number <1>(Operation not permitted). See [https://control.ros.org/master/doc/ros2_control/controller_manager/doc/userdoc.html] for details on how to enable realtime scheduling.
[ros2_control_node-3] [INFO] [1791630040.091053585] [controller_manager]: Received robot description file.
[ros2_control_node-3] [INFO] [1791630040.092830626] [resource_manager]: Loading hardware 'UnitreeSystem' 
[ros2_control_node-3] [INFO] [1791630040.102851220] [resource_manager]: Initialize hardware 'UnitreeSystem' 
[ros2_control_node-3] [INFO] [1791630040.103021145] [unitree_hardware]:  network_interface: lo, domain: 1
[ros2_control_node-3] 1791630040.106310 [1] ros2_contr: selected interface "lo" is not multicast-capable: disabling multicast
[spawner-4] [INFO] [1791630040.117572521] [spawner_joint_state_broadcaster]: waiting for service /controller_manager/list_controllers to become available...
[ros2_control_node-3] [INFO] [1791630040.210887929] [unitree_hardware]: [MOTOR-MAP] controller[0] FR_hip_joint -> Unitree motor[0]
[ros2_control_node-3] [INFO] [1791630040.210917709] [unitree_hardware]: [MOTOR-MAP] controller[1] FR_thigh_joint -> Unitree motor[1]
[ros2_control_node-3] [INFO] [1791630040.210922652] [unitree_hardware]: [MOTOR-MAP] controller[2] FR_calf_joint -> Unitree motor[2]
[ros2_control_node-3] [INFO] [1791630040.210926709] [unitree_hardware]: [MOTOR-MAP] controller[3] FL_hip_joint -> Unitree motor[3]
[ros2_control_node-3] [INFO] [1791630040.210930237] [unitree_hardware]: [MOTOR-MAP] controller[4] FL_thigh_joint -> Unitree motor[4]
[ros2_control_node-3] [INFO] [1791630040.210933615] [unitree_hardware]: [MOTOR-MAP] controller[5] FL_calf_joint -> Unitree motor[5]
[ros2_control_node-3] [INFO] [1791630040.210936926] [unitree_hardware]: [MOTOR-MAP] controller[6] RR_hip_joint -> Unitree motor[6]
[ros2_control_node-3] [INFO] [1791630040.210940328] [unitree_hardware]: [MOTOR-MAP] controller[7] RR_thigh_joint -> Unitree motor[7]
[ros2_control_node-3] [INFO] [1791630040.210943641] [unitree_hardware]: [MOTOR-MAP] controller[8] RR_calf_joint -> Unitree motor[8]
[ros2_control_node-3] [INFO] [1791630040.210946949] [unitree_hardware]: [MOTOR-MAP] controller[9] RL_hip_joint -> Unitree motor[9]
[ros2_control_node-3] [INFO] [1791630040.210950264] [unitree_hardware]: [MOTOR-MAP] controller[10] RL_thigh_joint -> Unitree motor[10]
[ros2_control_node-3] [INFO] [1791630040.210953952] [unitree_hardware]: [MOTOR-MAP] controller[11] RL_calf_joint -> Unitree motor[11]
[ros2_control_node-3] [INFO] [1791630040.211727123] [resource_manager]: Successful initialization of hardware 'UnitreeSystem'
[ros2_control_node-3] [INFO] [1791630040.211934979] [resource_manager]: 'configure' hardware 'UnitreeSystem' 
[ros2_control_node-3] [INFO] [1791630040.211945693] [resource_manager]: Successful 'configure' of hardware 'UnitreeSystem'
[ros2_control_node-3] [INFO] [1791630040.211970765] [resource_manager]: 'activate' hardware 'UnitreeSystem' 
[ros2_control_node-3] [INFO] [1791630040.211976373] [resource_manager]: Successful 'activate' of hardware 'UnitreeSystem'
[ros2_control_node-3] [INFO] [1791630040.371115053] [controller_manager]: Loading controller 'joint_state_broadcaster'
[spawner-4] [INFO] [1791630040.380838877] [spawner_joint_state_broadcaster]: [94mLoaded [1mjoint_state_broadcaster[0m
[ros2_control_node-3] [INFO] [1791630040.381822130] [controller_manager]: Configuring controller 'joint_state_broadcaster'
[ros2_control_node-3] [INFO] [1791630040.381988317] [joint_state_broadcaster]: 'joints' or 'interfaces' parameter is empty. All available state interfaces will be published
[spawner-4] [INFO] [1791630040.392677441] [spawner_joint_state_broadcaster]: [92mConfigured and activated [1mjoint_state_broadcaster[0m
[rviz2-1] [INFO] [1791630040.430285881] [rviz2]: Stereo is NOT SUPPORTED
[rviz2-1] [INFO] [1791630040.430401392] [rviz2]: OpenGl version: 4.6 (GLSL 4.6)
[rviz2-1] [INFO] [1791630040.452997156] [rviz2]: Stereo is NOT SUPPORTED
[INFO] [spawner-4]: process has finished cleanly [pid 209575]
[INFO] [spawner-5]: process started with pid [209726]
[spawner-5] [INFO] [1791630040.820078480] [spawner_imu_sensor_broadcaster]: waiting for service /controller_manager/list_controllers to become available...
[ros2_control_node-3] [INFO] [1791630041.324767609] [controller_manager]: Loading controller 'imu_sensor_broadcaster'
[spawner-5] [INFO] [1791630041.346599133] [spawner_imu_sensor_broadcaster]: [94mLoaded [1mimu_sensor_broadcaster[0m
[ros2_control_node-3] [INFO] [1791630041.347795324] [controller_manager]: Configuring controller 'imu_sensor_broadcaster'
[spawner-5] [INFO] [1791630041.356139069] [spawner_imu_sensor_broadcaster]: [92mConfigured and activated [1mimu_sensor_broadcaster[0m
[INFO] [spawner-5]: process has finished cleanly [pid 209726]
[INFO] [spawner-6]: process started with pid [209780]
[ros2_control_node-3] [INFO] [1791630042.112069816] [controller_manager]: Loading controller 'rl_quadruped_controller'
[ros2_control_node-3] [INFO] [1791630042.372643982] [rl_quadruped_controller]: Controller Update Rate: 200 Hz
[ros2_control_node-3] [INFO] [1791630042.372692988] [rl_quadruped_controller]: Enable Estimator
[ros2_control_node-3] dt: 0.005
[spawner-6] [INFO] [1791630042.383775198] [spawner_rl_quadruped_controller]: [94mLoaded [1mrl_quadruped_controller[0m
[ros2_control_node-3] [INFO] [1791630042.384722718] [controller_manager]: Configuring controller 'rl_quadruped_controller'
[ros2_control_node-3] [INFO] [1791630042.387764260] [rl_quadruped_controller]: [FOOT-LOANED] index=0 name=foot_force/FR
[ros2_control_node-3] [INFO] [1791630042.387787674] [rl_quadruped_controller]: [FOOT-LOANED] index=1 name=foot_force/FL
[ros2_control_node-3] [INFO] [1791630042.387791242] [rl_quadruped_controller]: [FOOT-LOANED] index=2 name=foot_force/RR
[ros2_control_node-3] [INFO] [1791630042.387794461] [rl_quadruped_controller]: [FOOT-LOANED] index=3 name=foot_force/RL
[ros2_control_node-3] [INFO] [1791630042.387811415] [rl_quadruped_controller]: [VERIFY] joint interface order: FR_hip_joint FR_thigh_joint FR_calf_joint ... RL_calf_joint
[ros2_control_node-3] [INFO] [1791630042.387877776] [rl_quadruped_controller]: Using robot model from go2_description
[ros2_control_node-3] [INFO] [1791630042.389552796] [rl_quadruped_controller]: [S1-RUN-SOURCE] pid=209573 package_share=/home/lidio/quadruped_robots/quadruped_ros2_control_humble/install/go2_description/share/go2_description config=/home/lidio/quadruped_robots/quadruped_ros2_control_humble/install/go2_description/share/go2_description/config/abs/config.yaml agile_model=/home/lidio/quadruped_robots/quadruped_ros2_control_humble/install/go2_description/share/go2_description/config/abs/policy.pt ra_model=/home/lidio/quadruped_robots/quadruped_ros2_control_humble/install/go2_description/share/go2_description/config/abs/ra_value.pt candidate=paper_faithful_switch group=A entry_threshold=-0.05 effective_exit_threshold=-0.05 hysteresis=false hold=false goal=(7.000,0.000)
[ros2_control_node-3] [INFO] [1791630042.389600188] [rl_quadruped_controller]: [S2-SWITCH-CONFIG] group=A entry_threshold=-0.05 effective_exit_threshold=-0.05 hysteresis=false hold=false
[ros2_control_node-3] [INFO] [1791630042.389607345] [rl_quadruped_controller]: Model loading: policy.pt
[ros2_control_node-3] robot_legs_.size(): 4
[ros2_control_node-3] [INFO] [1791630042.404078971] [rl_quadruped_controller]: [VERIFY] num_observations=61, num_of_dofs=12
[ros2_control_node-3] [INFO] [1791630042.404139457] [rl_quadruped_controller]: [VERIFY] observations order: contact ang_vel gravity_vec commands timer dof_pos dof_vel actions ray2d 
[ros2_control_node-3] [INFO] [1791630042.404200602] [rl_quadruped_controller]: [VERIFY] rl_kp[0]=30.00, rl_kd[0]=0.65
[ros2_control_node-3] [INFO] [1791630042.404209782] [rl_quadruped_controller]: [VERIFY] scales: action=0.25 lin_vel=1.00 ang_vel=1.00 dof_pos=1.00 dof_vel=0.20
[ros2_control_node-3] [INFO] [1791630042.404218818] [rl_quadruped_controller]: [VERIFY] default_dof_pos: 0.0000 0.8000 -1.5000 (first 3 joints = FR hip/thigh/calf)
[ros2_control_node-3] [INFO] [1791630042.404223598] [rl_quadruped_controller]: [VERIFY] ABS: max_ep_len=9.0s contact_thr=1.0N ray2d_count=11 ray2d_max_range=6.0m
[ros2_control_node-3] [INFO] [1791630042.404227754] [rl_quadruped_controller]: [VERIFY] decimation=4 frequency=200Hz dt=0.0200s
[ros2_control_node-3] [INFO] [1791630042.404231493] [rl_quadruped_controller]: [VERIFY] use_rl_thread=false policy_joint_order=ros1_fl_fr_rl_rr
[ros2_control_node-3] [INFO] [1791630042.406272609] [rl_quadruped_controller]: [RA] Value network loaded: ra_value.pt
[ros2_control_node-3] [INFO] [1791630042.409849363] [rl_quadruped_controller]: [REC] Recovery policy loaded: /home/lidio/quadruped_robots/quadruped_ros2_control_humble/install/go2_description/share/go2_description/config/rec/policy.pt
[ros2_control_node-3] [INFO] [1791630042.410460412] [rl_quadruped_controller]: StateRLRec: Loading recovery model: policy.pt
[ros2_control_node-3] [INFO] [1791630042.413792601] [rl_quadruped_controller]: [REC-VERIFY] num_observations=49, num_of_dofs=12
[ros2_control_node-3] [INFO] [1791630042.413832359] [rl_quadruped_controller]: [REC-VERIFY] observations: contact ang_vel gravity_vec commands dof_pos dof_vel actions 
[ros2_control_node-3] [INFO] [1791630042.413865058] [rl_quadruped_controller]: [REC-VERIFY] rl_kp[0]=30.00, rl_kd[0]=0.65
[ros2_control_node-3] [INFO] [1791630042.413873078] [rl_quadruped_controller]: [REC-VERIFY] action_scale=0.25 dof_vel_scale=0.20 contact_thr=1.0N
[spawner-6] [INFO] [1791630042.415231832] [spawner_rl_quadruped_controller]: [92mConfigured and activated [1mrl_quadruped_controller[0m
[INFO] [spawner-6]: process has finished cleanly [pid 209780]
[ros2_control_node-3] [INFO] [1791630052.778161154] [rl_quadruped_controller]: Switched from passive to fixed down
[ros2_control_node-3] [INFO] [1791630054.748249142] [rl_quadruped_controller]: Switched from fixed down to fixed stand
[ros2_control_node-3] [INFO] [1791630054.758156728] [BaseFixedStand]: [STAND-SYMM] phase=0.004 q_thigh FR=1.256 FL=1.256 RR=1.344 RL=1.344 diff_FLFR=0.000 diff_RLRR=-0.000 q_calf FR=-2.732 FL=-2.732 RR=-2.743 RL=-2.743 diff_FLFR=-0.000 diff_RLRR=0.000
[ros2_control_node-3] [INFO] [1791630055.258078307] [BaseFixedStand]: [STAND-SYMM] phase=0.398 q_thigh FR=1.075 FL=1.075 RR=1.135 RL=1.135 diff_FLFR=0.000 diff_RLRR=-0.000 q_calf FR=-2.369 FL=-2.369 RR=-2.395 RL=-2.395 diff_FLFR=-0.000 diff_RLRR=0.000
[ros2_control_node-3] [INFO] [1791630055.758149385] [BaseFixedStand]: [STAND-SYMM] phase=0.684 q_thigh FR=0.939 FL=0.939 RR=0.977 RL=0.977 diff_FLFR=0.000 diff_RLRR=-0.000 q_calf FR=-1.995 FL=-1.995 RR=-2.009 RL=-2.009 diff_FLFR=-0.000 diff_RLRR=-0.000
[ros2_control_node-3] [INFO] [1791630056.258156590] [BaseFixedStand]: [STAND-SYMM] phase=0.849 q_thigh FR=0.862 FL=0.862 RR=0.887 RL=0.887 diff_FLFR=0.000 diff_RLRR=-0.000 q_calf FR=-1.778 FL=-1.778 RR=-1.779 RL=-1.779 diff_FLFR=-0.000 diff_RLRR=-0.000
[ros2_control_node-3] [INFO] [1791630056.758088288] [BaseFixedStand]: [STAND-SYMM] phase=0.932 q_thigh FR=0.823 FL=0.823 RR=0.843 RL=0.843 diff_FLFR=0.000 diff_RLRR=-0.000 q_calf FR=-1.668 FL=-1.668 RR=-1.663 RL=-1.663 diff_FLFR=0.000 diff_RLRR=-0.000
[ros2_control_node-3] [INFO] [1791630057.258145183] [BaseFixedStand]: [STAND-SYMM] phase=0.970 q_thigh FR=0.805 FL=0.805 RR=0.822 RL=0.822 diff_FLFR=0.000 diff_RLRR=-0.000 q_calf FR=-1.616 FL=-1.616 RR=-1.608 RL=-1.608 diff_FLFR=0.000 diff_RLRR=-0.000
[ros2_control_node-3] [INFO] [1791630057.757873544] [BaseFixedStand]: [STAND-SYMM] phase=0.987 q_thigh FR=0.797 FL=0.797 RR=0.813 RL=0.813 diff_FLFR=0.000 diff_RLRR=-0.000 q_calf FR=-1.593 FL=-1.593 RR=-1.584 RL=-1.584 diff_FLFR=0.000 diff_RLRR=-0.000
[ros2_control_node-3] [INFO] [1791630058.258087770] [BaseFixedStand]: [STAND-SYMM] phase=0.994 q_thigh FR=0.794 FL=0.794 RR=0.809 RL=0.809 diff_FLFR=0.000 diff_RLRR=-0.000 q_calf FR=-1.583 FL=-1.583 RR=-1.573 RL=-1.573 diff_FLFR=0.000 diff_RLRR=-0.000
[ros2_control_node-3] [INFO] [1791630058.758032302] [BaseFixedStand]: [STAND-SYMM] phase=0.997 q_thigh FR=0.792 FL=0.792 RR=0.806 RL=0.806 diff_FLFR=0.000 diff_RLRR=-0.000 q_calf FR=-1.577 FL=-1.577 RR=-1.567 RL=-1.567 diff_FLFR=0.000 diff_RLRR=-0.000
[ros2_control_node-3] [INFO] [1791630059.257935105] [BaseFixedStand]: [STAND-SYMM] phase=0.999 q_thigh FR=0.791 FL=0.791 RR=0.805 RL=0.805 diff_FLFR=0.000 diff_RLRR=-0.000 q_calf FR=-1.574 FL=-1.574 RR=-1.564 RL=-1.564 diff_FLFR=0.000 diff_RLRR=-0.000
[ros2_control_node-3] [INFO] [1791630059.757800357] [BaseFixedStand]: [STAND-SYMM] phase=1.000 q_thigh FR=0.790 FL=0.790 RR=0.804 RL=0.804 diff_FLFR=0.000 diff_RLRR=-0.000 q_calf FR=-1.573 FL=-1.573 RR=-1.562 RL=-1.562 diff_FLFR=0.000 diff_RLRR=-0.000
[ros2_control_node-3] [INFO] [1791630060.257996244] [BaseFixedStand]: [STAND-SYMM] phase=1.000 q_thigh FR=0.791 FL=0.791 RR=0.804 RL=0.804 diff_FLFR=0.000 diff_RLRR=-0.000 q_calf FR=-1.572 FL=-1.572 RR=-1.561 RL=-1.561 diff_FLFR=0.000 diff_RLRR=-0.000
[ros2_control_node-3] [INFO] [1791630060.758126665] [BaseFixedStand]: [STAND-SYMM] phase=1.000 q_thigh FR=0.791 FL=0.791 RR=0.804 RL=0.804 diff_FLFR=0.000 diff_RLRR=-0.000 q_calf FR=-1.572 FL=-1.572 RR=-1.560 RL=-1.560 diff_FLFR=0.000 diff_RLRR=-0.000
[ros2_control_node-3] [INFO] [1791630061.257955759] [BaseFixedStand]: [STAND-SYMM] phase=1.000 q_thigh FR=0.791 FL=0.791 RR=0.805 RL=0.805 diff_FLFR=0.000 diff_RLRR=-0.000 q_calf FR=-1.572 FL=-1.572 RR=-1.559 RL=-1.559 diff_FLFR=0.000 diff_RLRR=-0.000
[ros2_control_node-3] [INFO] [1791630061.758225618] [BaseFixedStand]: [STAND-SYMM] phase=1.000 q_thigh FR=0.792 FL=0.792 RR=0.805 RL=0.805 diff_FLFR=0.000 diff_RLRR=-0.000 q_calf FR=-1.571 FL=-1.571 RR=-1.559 RL=-1.559 diff_FLFR=0.000 diff_RLRR=-0.000
[ros2_control_node-3] [INFO] [1791630062.258137266] [BaseFixedStand]: [STAND-SYMM] phase=1.000 q_thigh FR=0.792 FL=0.792 RR=0.805 RL=0.805 diff_FLFR=0.000 diff_RLRR=-0.000 q_calf FR=-1.571 FL=-1.571 RR=-1.558 RL=-1.558 diff_FLFR=0.000 diff_RLRR=-0.000
[ros2_control_node-3] [INFO] [1791630062.758225011] [BaseFixedStand]: [STAND-SYMM] phase=1.000 q_thigh FR=0.793 FL=0.793 RR=0.805 RL=0.805 diff_FLFR=0.000 diff_RLRR=-0.000 q_calf FR=-1.571 FL=-1.571 RR=-1.558 RL=-1.558 diff_FLFR=0.000 diff_RLRR=-0.000
[ros2_control_node-3] [INFO] [1791630063.257951715] [BaseFixedStand]: [STAND-SYMM] phase=1.000 q_thigh FR=0.793 FL=0.793 RR=0.805 RL=0.805 diff_FLFR=0.000 diff_RLRR=-0.000 q_calf FR=-1.571 FL=-1.571 RR=-1.558 RL=-1.558 diff_FLFR=0.000 diff_RLRR=-0.000
[ros2_control_node-3] [INFO] [1791630063.757979829] [BaseFixedStand]: [STAND-SYMM] phase=1.000 q_thigh FR=0.793 FL=0.793 RR=0.805 RL=0.805 diff_FLFR=0.000 diff_RLRR=-0.000 q_calf FR=-1.571 FL=-1.571 RR=-1.558 RL=-1.558 diff_FLFR=0.000 diff_RLRR=-0.000
[ros2_control_node-3] [INFO] [1791630064.257917906] [BaseFixedStand]: [STAND-SYMM] phase=1.000 q_thigh FR=0.793 FL=0.793 RR=0.805 RL=0.805 diff_FLFR=0.000 diff_RLRR=-0.000 q_calf FR=-1.571 FL=-1.571 RR=-1.557 RL=-1.557 diff_FLFR=0.000 diff_RLRR=-0.000
[ros2_control_node-3] [INFO] [1791630064.758185013] [BaseFixedStand]: [STAND-SYMM] phase=1.000 q_thigh FR=0.793 FL=0.793 RR=0.805 RL=0.805 diff_FLFR=0.000 diff_RLRR=-0.000 q_calf FR=-1.571 FL=-1.571 RR=-1.557 RL=-1.557 diff_FLFR=0.000 diff_RLRR=-0.000
[ros2_control_node-3] [INFO] [1791630065.257880634] [BaseFixedStand]: [STAND-SYMM] phase=1.000 q_thigh FR=0.794 FL=0.794 RR=0.806 RL=0.806 diff_FLFR=0.000 diff_RLRR=-0.000 q_calf FR=-1.571 FL=-1.571 RR=-1.557 RL=-1.557 diff_FLFR=0.000 diff_RLRR=-0.000
[ros2_control_node-3] [INFO] [1791630065.758068589] [BaseFixedStand]: [STAND-SYMM] phase=1.000 q_thigh FR=0.794 FL=0.794 RR=0.806 RL=0.806 diff_FLFR=0.000 diff_RLRR=-0.000 q_calf FR=-1.571 FL=-1.571 RR=-1.557 RL=-1.557 diff_FLFR=0.000 diff_RLRR=-0.000
[ros2_control_node-3] [INFO] [1791630066.258184383] [BaseFixedStand]: [STAND-SYMM] phase=1.000 q_thigh FR=0.794 FL=0.794 RR=0.806 RL=0.806 diff_FLFR=0.000 diff_RLRR=-0.000 q_calf FR=-1.571 FL=-1.571 RR=-1.557 RL=-1.557 diff_FLFR=0.000 diff_RLRR=-0.000
[ros2_control_node-3] [INFO] [1791630066.758039924] [BaseFixedStand]: [STAND-SYMM] phase=1.000 q_thigh FR=0.794 FL=0.794 RR=0.806 RL=0.806 diff_FLFR=0.000 diff_RLRR=-0.000 q_calf FR=-1.571 FL=-1.571 RR=-1.557 RL=-1.557 diff_FLFR=0.000 diff_RLRR=-0.000
[ros2_control_node-3] [INFO] [1791630067.258053450] [BaseFixedStand]: [STAND-SYMM] phase=1.000 q_thigh FR=0.794 FL=0.794 RR=0.806 RL=0.806 diff_FLFR=0.000 diff_RLRR=-0.000 q_calf FR=-1.571 FL=-1.571 RR=-1.557 RL=-1.557 diff_FLFR=0.000 diff_RLRR=-0.000
[ros2_control_node-3] [INFO] [1791630067.758193034] [BaseFixedStand]: [STAND-SYMM] phase=1.000 q_thigh FR=0.794 FL=0.794 RR=0.806 RL=0.806 diff_FLFR=0.000 diff_RLRR=-0.000 q_calf FR=-1.571 FL=-1.571 RR=-1.557 RL=-1.557 diff_FLFR=0.000 diff_RLRR=-0.000
[ros2_control_node-3] [INFO] [1791630068.258057355] [BaseFixedStand]: [STAND-SYMM] phase=1.000 q_thigh FR=0.794 FL=0.794 RR=0.806 RL=0.806 diff_FLFR=0.000 diff_RLRR=-0.000 q_calf FR=-1.571 FL=-1.571 RR=-1.557 RL=-1.557 diff_FLFR=0.000 diff_RLRR=-0.000
[ros2_control_node-3] [INFO] [1791630068.758105543] [BaseFixedStand]: [STAND-SYMM] phase=1.000 q_thigh FR=0.794 FL=0.794 RR=0.806 RL=0.806 diff_FLFR=0.000 diff_RLRR=-0.000 q_calf FR=-1.571 FL=-1.571 RR=-1.557 RL=-1.557 diff_FLFR=0.000 diff_RLRR=-0.000
[ros2_control_node-3] [INFO] [1791630069.258137979] [BaseFixedStand]: [STAND-SYMM] phase=1.000 q_thigh FR=0.794 FL=0.794 RR=0.806 RL=0.806 diff_FLFR=0.000 diff_RLRR=-0.000 q_calf FR=-1.571 FL=-1.571 RR=-1.557 RL=-1.557 diff_FLFR=0.000 diff_RLRR=-0.000
[ros2_control_node-3] [INFO] [1791630069.758109365] [BaseFixedStand]: [STAND-SYMM] phase=1.000 q_thigh FR=0.794 FL=0.794 RR=0.806 RL=0.806 diff_FLFR=0.000 diff_RLRR=-0.000 q_calf FR=-1.571 FL=-1.571 RR=-1.557 RL=-1.557 diff_FLFR=0.000 diff_RLRR=-0.000
[ros2_control_node-3] [INFO] [1791630070.258029093] [BaseFixedStand]: [STAND-SYMM] phase=1.000 q_thigh FR=0.794 FL=0.794 RR=0.806 RL=0.806 diff_FLFR=0.000 diff_RLRR=-0.000 q_calf FR=-1.571 FL=-1.571 RR=-1.557 RL=-1.557 diff_FLFR=0.000 diff_RLRR=-0.000
[ros2_control_node-3] [INFO] [1791630070.758235768] [BaseFixedStand]: [STAND-SYMM] phase=1.000 q_thigh FR=0.794 FL=0.794 RR=0.806 RL=0.806 diff_FLFR=0.000 diff_RLRR=-0.000 q_calf FR=-1.571 FL=-1.571 RR=-1.557 RL=-1.557 diff_FLFR=0.000 diff_RLRR=-0.000
[ros2_control_node-3] [INFO] [1791630071.258143158] [BaseFixedStand]: [STAND-SYMM] phase=1.000 q_thigh FR=0.794 FL=0.794 RR=0.806 RL=0.806 diff_FLFR=0.000 diff_RLRR=-0.000 q_calf FR=-1.571 FL=-1.571 RR=-1.557 RL=-1.557 diff_FLFR=0.000 diff_RLRR=-0.000
[ros2_control_node-3] [INFO] [1791630071.758089097] [BaseFixedStand]: [STAND-SYMM] phase=1.000 q_thigh FR=0.794 FL=0.794 RR=0.806 RL=0.806 diff_FLFR=0.000 diff_RLRR=-0.000 q_calf FR=-1.571 FL=-1.571 RR=-1.557 RL=-1.557 diff_FLFR=0.000 diff_RLRR=-0.000
[ros2_control_node-3] [INFO] [1791630072.258089152] [BaseFixedStand]: [STAND-SYMM] phase=1.000 q_thigh FR=0.794 FL=0.794 RR=0.806 RL=0.806 diff_FLFR=0.000 diff_RLRR=-0.000 q_calf FR=-1.571 FL=-1.571 RR=-1.557 RL=-1.557 diff_FLFR=0.000 diff_RLRR=-0.000
[ros2_control_node-3] [INFO] [1791630072.758024691] [BaseFixedStand]: [STAND-SYMM] phase=1.000 q_thigh FR=0.794 FL=0.794 RR=0.806 RL=0.806 diff_FLFR=0.000 diff_RLRR=-0.000 q_calf FR=-1.571 FL=-1.571 RR=-1.557 RL=-1.557 diff_FLFR=0.000 diff_RLRR=-0.000
[ros2_control_node-3] [INFO] [1791630073.257946637] [BaseFixedStand]: [STAND-SYMM] phase=1.000 q_thigh FR=0.794 FL=0.794 RR=0.806 RL=0.806 diff_FLFR=0.000 diff_RLRR=-0.000 q_calf FR=-1.571 FL=-1.571 RR=-1.557 RL=-1.557 diff_FLFR=0.000 diff_RLRR=-0.000
[ros2_control_node-3] [INFO] [1791630073.758025974] [BaseFixedStand]: [STAND-SYMM] phase=1.000 q_thigh FR=0.794 FL=0.794 RR=0.806 RL=0.806 diff_FLFR=0.000 diff_RLRR=-0.000 q_calf FR=-1.571 FL=-1.571 RR=-1.557 RL=-1.557 diff_FLFR=0.000 diff_RLRR=-0.000
[ros2_control_node-3] [INFO] [1791630074.258177880] [BaseFixedStand]: [STAND-SYMM] phase=1.000 q_thigh FR=0.794 FL=0.794 RR=0.806 RL=0.806 diff_FLFR=0.000 diff_RLRR=-0.000 q_calf FR=-1.571 FL=-1.571 RR=-1.557 RL=-1.557 diff_FLFR=0.000 diff_RLRR=-0.000
[ros2_control_node-3] [INFO] [1791630074.758013091] [BaseFixedStand]: [STAND-SYMM] phase=1.000 q_thigh FR=0.794 FL=0.795 RR=0.806 RL=0.806 diff_FLFR=0.000 diff_RLRR=-0.000 q_calf FR=-1.571 FL=-1.571 RR=-1.557 RL=-1.557 diff_FLFR=0.000 diff_RLRR=-0.000
[ros2_control_node-3] [INFO] [1791630075.257941851] [BaseFixedStand]: [STAND-SYMM] phase=1.000 q_thigh FR=0.795 FL=0.795 RR=0.806 RL=0.806 diff_FLFR=0.000 diff_RLRR=-0.000 q_calf FR=-1.571 FL=-1.571 RR=-1.557 RL=-1.557 diff_FLFR=0.000 diff_RLRR=-0.000
[ros2_control_node-3] [INFO] [1791630075.757973443] [BaseFixedStand]: [STAND-SYMM] phase=1.000 q_thigh FR=0.795 FL=0.795 RR=0.806 RL=0.806 diff_FLFR=0.000 diff_RLRR=-0.000 q_calf FR=-1.571 FL=-1.571 RR=-1.557 RL=-1.557 diff_FLFR=0.000 diff_RLRR=-0.000
[ros2_control_node-3] [INFO] [1791630076.257795387] [BaseFixedStand]: [STAND-SYMM] phase=1.000 q_thigh FR=0.795 FL=0.795 RR=0.806 RL=0.806 diff_FLFR=0.000 diff_RLRR=-0.000 q_calf FR=-1.571 FL=-1.571 RR=-1.557 RL=-1.557 diff_FLFR=0.000 diff_RLRR=-0.000
[ros2_control_node-3] [INFO] [1791630076.758168867] [BaseFixedStand]: [STAND-SYMM] phase=1.000 q_thigh FR=0.795 FL=0.795 RR=0.806 RL=0.806 diff_FLFR=0.000 diff_RLRR=-0.000 q_calf FR=-1.571 FL=-1.571 RR=-1.557 RL=-1.557 diff_FLFR=0.000 diff_RLRR=-0.000
[ros2_control_node-3] [INFO] [1791630077.258091383] [BaseFixedStand]: [STAND-SYMM] phase=1.000 q_thigh FR=0.795 FL=0.795 RR=0.806 RL=0.806 diff_FLFR=0.000 diff_RLRR=-0.000 q_calf FR=-1.571 FL=-1.571 RR=-1.557 RL=-1.557 diff_FLFR=0.000 diff_RLRR=-0.000
[ros2_control_node-3] [INFO] [1791630077.758119126] [BaseFixedStand]: [STAND-SYMM] phase=1.000 q_thigh FR=0.795 FL=0.795 RR=0.806 RL=0.806 diff_FLFR=0.000 diff_RLRR=-0.000 q_calf FR=-1.571 FL=-1.571 RR=-1.557 RL=-1.557 diff_FLFR=0.000 diff_RLRR=-0.000
[ros2_control_node-3] [INFO] [1791630078.258171903] [BaseFixedStand]: [STAND-SYMM] phase=1.000 q_thigh FR=0.795 FL=0.795 RR=0.806 RL=0.806 diff_FLFR=0.000 diff_RLRR=-0.000 q_calf FR=-1.571 FL=-1.571 RR=-1.557 RL=-1.557 diff_FLFR=0.000 diff_RLRR=-0.000
[ros2_control_node-3] [INFO] [1791630078.758186472] [BaseFixedStand]: [STAND-SYMM] phase=1.000 q_thigh FR=0.795 FL=0.795 RR=0.806 RL=0.806 diff_FLFR=0.000 diff_RLRR=-0.000 q_calf FR=-1.571 FL=-1.571 RR=-1.557 RL=-1.557 diff_FLFR=0.000 diff_RLRR=-0.000
[ros2_control_node-3] [INFO] [1791630079.258040963] [BaseFixedStand]: [STAND-SYMM] phase=1.000 q_thigh FR=0.795 FL=0.795 RR=0.806 RL=0.806 diff_FLFR=0.000 diff_RLRR=-0.000 q_calf FR=-1.571 FL=-1.571 RR=-1.557 RL=-1.557 diff_FLFR=0.000 diff_RLRR=-0.000
[ros2_control_node-3] [INFO] [1791630079.758050071] [BaseFixedStand]: [STAND-SYMM] phase=1.000 q_thigh FR=0.795 FL=0.795 RR=0.806 RL=0.806 diff_FLFR=0.000 diff_RLRR=-0.000 q_calf FR=-1.571 FL=-1.571 RR=-1.557 RL=-1.557 diff_FLFR=0.000 diff_RLRR=-0.000
[ros2_control_node-3] [INFO] [1791630080.258114824] [BaseFixedStand]: [STAND-SYMM] phase=1.000 q_thigh FR=0.795 FL=0.795 RR=0.806 RL=0.806 diff_FLFR=0.000 diff_RLRR=-0.000 q_calf FR=-1.571 FL=-1.571 RR=-1.557 RL=-1.557 diff_FLFR=0.000 diff_RLRR=-0.000
[ros2_control_node-3] [INFO] [1791630080.758034460] [BaseFixedStand]: [STAND-SYMM] phase=1.000 q_thigh FR=0.795 FL=0.795 RR=0.806 RL=0.806 diff_FLFR=0.000 diff_RLRR=-0.000 q_calf FR=-1.571 FL=-1.571 RR=-1.557 RL=-1.557 diff_FLFR=0.000 diff_RLRR=-0.000
[ros2_control_node-3] [INFO] [1791630081.258031056] [BaseFixedStand]: [STAND-SYMM] phase=1.000 q_thigh FR=0.795 FL=0.795 RR=0.806 RL=0.806 diff_FLFR=0.000 diff_RLRR=-0.000 q_calf FR=-1.571 FL=-1.571 RR=-1.557 RL=-1.557 diff_FLFR=0.000 diff_RLRR=-0.000
[ros2_control_node-3] [INFO] [1791630081.758170123] [BaseFixedStand]: [STAND-SYMM] phase=1.000 q_thigh FR=0.795 FL=0.795 RR=0.806 RL=0.806 diff_FLFR=0.000 diff_RLRR=-0.000 q_calf FR=-1.571 FL=-1.571 RR=-1.557 RL=-1.557 diff_FLFR=0.000 diff_RLRR=-0.000
[ros2_control_node-3] [INFO] [1791630082.258095681] [BaseFixedStand]: [STAND-SYMM] phase=1.000 q_thigh FR=0.795 FL=0.795 RR=0.806 RL=0.806 diff_FLFR=0.000 diff_RLRR=-0.000 q_calf FR=-1.571 FL=-1.571 RR=-1.557 RL=-1.557 diff_FLFR=0.000 diff_RLRR=-0.000
[ros2_control_node-3] [INFO] [1791630082.757896421] [BaseFixedStand]: [STAND-SYMM] phase=1.000 q_thigh FR=0.795 FL=0.795 RR=0.806 RL=0.805 diff_FLFR=0.000 diff_RLRR=-0.000 q_calf FR=-1.571 FL=-1.571 RR=-1.557 RL=-1.557 diff_FLFR=0.000 diff_RLRR=-0.000
[ros2_control_node-3] [INFO] [1791630083.258261760] [BaseFixedStand]: [STAND-SYMM] phase=1.000 q_thigh FR=0.795 FL=0.795 RR=0.805 RL=0.805 diff_FLFR=0.000 diff_RLRR=-0.000 q_calf FR=-1.571 FL=-1.571 RR=-1.557 RL=-1.557 diff_FLFR=0.000 diff_RLRR=-0.000
[ros2_control_node-3] [INFO] [1791630083.757982722] [BaseFixedStand]: [STAND-SYMM] phase=1.000 q_thigh FR=0.795 FL=0.795 RR=0.805 RL=0.805 diff_FLFR=0.000 diff_RLRR=-0.000 q_calf FR=-1.571 FL=-1.571 RR=-1.557 RL=-1.557 diff_FLFR=0.000 diff_RLRR=-0.000
[ros2_control_node-3] [INFO] [1791630084.258097983] [BaseFixedStand]: [STAND-SYMM] phase=1.000 q_thigh FR=0.795 FL=0.795 RR=0.805 RL=0.805 diff_FLFR=0.000 diff_RLRR=-0.000 q_calf FR=-1.571 FL=-1.571 RR=-1.557 RL=-1.557 diff_FLFR=0.000 diff_RLRR=-0.000
[ros2_control_node-3] [INFO] [1791630084.758230221] [BaseFixedStand]: [STAND-SYMM] phase=1.000 q_thigh FR=0.795 FL=0.795 RR=0.805 RL=0.805 diff_FLFR=0.000 diff_RLRR=-0.000 q_calf FR=-1.571 FL=-1.571 RR=-1.557 RL=-1.557 diff_FLFR=0.000 diff_RLRR=-0.000
[ros2_control_node-3] [INFO] [1791630085.257984090] [BaseFixedStand]: [STAND-SYMM] phase=1.000 q_thigh FR=0.795 FL=0.795 RR=0.805 RL=0.805 diff_FLFR=0.000 diff_RLRR=-0.000 q_calf FR=-1.571 FL=-1.571 RR=-1.557 RL=-1.557 diff_FLFR=0.000 diff_RLRR=-0.000
[ros2_control_node-3] [INFO] [1791630085.757988576] [BaseFixedStand]: [STAND-SYMM] phase=1.000 q_thigh FR=0.795 FL=0.795 RR=0.805 RL=0.805 diff_FLFR=0.000 diff_RLRR=-0.000 q_calf FR=-1.571 FL=-1.571 RR=-1.557 RL=-1.557 diff_FLFR=0.000 diff_RLRR=-0.000
[ros2_control_node-3] [INFO] [1791630086.258131459] [BaseFixedStand]: [STAND-SYMM] phase=1.000 q_thigh FR=0.795 FL=0.795 RR=0.805 RL=0.805 diff_FLFR=0.000 diff_RLRR=-0.000 q_calf FR=-1.571 FL=-1.571 RR=-1.557 RL=-1.557 diff_FLFR=0.000 diff_RLRR=-0.000
[ros2_control_node-3] [INFO] [1791630086.758290225] [BaseFixedStand]: [STAND-SYMM] phase=1.000 q_thigh FR=0.795 FL=0.795 RR=0.805 RL=0.805 diff_FLFR=0.000 diff_RLRR=-0.000 q_calf FR=-1.571 FL=-1.571 RR=-1.557 RL=-1.557 diff_FLFR=0.000 diff_RLRR=-0.000
[ros2_control_node-3] [INFO] [1791630087.258265418] [BaseFixedStand]: [STAND-SYMM] phase=1.000 q_thigh FR=0.795 FL=0.795 RR=0.805 RL=0.805 diff_FLFR=0.000 diff_RLRR=-0.000 q_calf FR=-1.571 FL=-1.571 RR=-1.557 RL=-1.557 diff_FLFR=0.000 diff_RLRR=-0.000
[ros2_control_node-3] [INFO] [1791630087.758043643] [BaseFixedStand]: [STAND-SYMM] phase=1.000 q_thigh FR=0.795 FL=0.795 RR=0.805 RL=0.805 diff_FLFR=0.000 diff_RLRR=-0.000 q_calf FR=-1.571 FL=-1.571 RR=-1.557 RL=-1.557 diff_FLFR=0.000 diff_RLRR=-0.000
[ros2_control_node-3] [INFO] [1791630088.258011597] [BaseFixedStand]: [STAND-SYMM] phase=1.000 q_thigh FR=0.795 FL=0.795 RR=0.805 RL=0.805 diff_FLFR=0.000 diff_RLRR=-0.000 q_calf FR=-1.571 FL=-1.571 RR=-1.557 RL=-1.557 diff_FLFR=0.000 diff_RLRR=-0.000
[ros2_control_node-3] [INFO] [1791630088.757783423] [BaseFixedStand]: [STAND-SYMM] phase=1.000 q_thigh FR=0.795 FL=0.795 RR=0.805 RL=0.805 diff_FLFR=0.000 diff_RLRR=-0.000 q_calf FR=-1.571 FL=-1.571 RR=-1.557 RL=-1.557 diff_FLFR=0.000 diff_RLRR=-0.000
[ros2_control_node-3] [INFO] [1791630089.258306884] [BaseFixedStand]: [STAND-SYMM] phase=1.000 q_thigh FR=0.795 FL=0.795 RR=0.805 RL=0.805 diff_FLFR=0.000 diff_RLRR=-0.000 q_calf FR=-1.571 FL=-1.571 RR=-1.557 RL=-1.557 diff_FLFR=0.000 diff_RLRR=-0.000
[ros2_control_node-3] [INFO] [1791630089.758172558] [BaseFixedStand]: [STAND-SYMM] phase=1.000 q_thigh FR=0.795 FL=0.795 RR=0.805 RL=0.805 diff_FLFR=0.000 diff_RLRR=-0.000 q_calf FR=-1.571 FL=-1.571 RR=-1.557 RL=-1.557 diff_FLFR=0.000 diff_RLRR=-0.000
[ros2_control_node-3] [INFO] [1791630090.257991172] [BaseFixedStand]: [STAND-SYMM] phase=1.000 q_thigh FR=0.795 FL=0.795 RR=0.805 RL=0.805 diff_FLFR=0.000 diff_RLRR=-0.000 q_calf FR=-1.571 FL=-1.571 RR=-1.557 RL=-1.557 diff_FLFR=0.000 diff_RLRR=-0.000
[ros2_control_node-3] [INFO] [1791630090.758055026] [BaseFixedStand]: [STAND-SYMM] phase=1.000 q_thigh FR=0.795 FL=0.795 RR=0.805 RL=0.805 diff_FLFR=0.000 diff_RLRR=-0.000 q_calf FR=-1.571 FL=-1.571 RR=-1.557 RL=-1.557 diff_FLFR=0.000 diff_RLRR=-0.000
[ros2_control_node-3] [INFO] [1791630091.258004447] [BaseFixedStand]: [STAND-SYMM] phase=1.000 q_thigh FR=0.795 FL=0.795 RR=0.805 RL=0.805 diff_FLFR=0.000 diff_RLRR=-0.000 q_calf FR=-1.571 FL=-1.571 RR=-1.557 RL=-1.557 diff_FLFR=0.000 diff_RLRR=-0.000
[ros2_control_node-3] [INFO] [1791630091.757981832] [BaseFixedStand]: [STAND-SYMM] phase=1.000 q_thigh FR=0.795 FL=0.795 RR=0.805 RL=0.805 diff_FLFR=0.000 diff_RLRR=-0.000 q_calf FR=-1.571 FL=-1.571 RR=-1.557 RL=-1.557 diff_FLFR=0.000 diff_RLRR=-0.000
[ros2_control_node-3] [INFO] [1791630092.258099555] [BaseFixedStand]: [STAND-SYMM] phase=1.000 q_thigh FR=0.795 FL=0.795 RR=0.805 RL=0.805 diff_FLFR=0.000 diff_RLRR=-0.000 q_calf FR=-1.571 FL=-1.571 RR=-1.557 RL=-1.557 diff_FLFR=0.000 diff_RLRR=-0.000
[ros2_control_node-3] [INFO] [1791630092.758135995] [BaseFixedStand]: [STAND-SYMM] phase=1.000 q_thigh FR=0.795 FL=0.795 RR=0.805 RL=0.805 diff_FLFR=0.000 diff_RLRR=-0.000 q_calf FR=-1.571 FL=-1.571 RR=-1.557 RL=-1.557 diff_FLFR=0.000 diff_RLRR=-0.000
[ros2_control_node-3] [INFO] [1791630093.258122944] [BaseFixedStand]: [STAND-SYMM] phase=1.000 q_thigh FR=0.795 FL=0.795 RR=0.805 RL=0.805 diff_FLFR=0.000 diff_RLRR=-0.000 q_calf FR=-1.571 FL=-1.571 RR=-1.557 RL=-1.557 diff_FLFR=0.000 diff_RLRR=-0.000
[ros2_control_node-3] [INFO] [1791630093.758217196] [BaseFixedStand]: [STAND-SYMM] phase=1.000 q_thigh FR=0.795 FL=0.795 RR=0.805 RL=0.805 diff_FLFR=0.000 diff_RLRR=-0.000 q_calf FR=-1.571 FL=-1.571 RR=-1.557 RL=-1.557 diff_FLFR=0.000 diff_RLRR=-0.000
[ros2_control_node-3] [INFO] [1791630094.258136667] [BaseFixedStand]: [STAND-SYMM] phase=1.000 q_thigh FR=0.795 FL=0.795 RR=0.805 RL=0.805 diff_FLFR=0.000 diff_RLRR=-0.000 q_calf FR=-1.571 FL=-1.571 RR=-1.557 RL=-1.557 diff_FLFR=0.000 diff_RLRR=-0.000
[ros2_control_node-3] [INFO] [1791630094.758058041] [BaseFixedStand]: [STAND-SYMM] phase=1.000 q_thigh FR=0.795 FL=0.795 RR=0.805 RL=0.805 diff_FLFR=0.000 diff_RLRR=-0.000 q_calf FR=-1.571 FL=-1.571 RR=-1.557 RL=-1.557 diff_FLFR=0.000 diff_RLRR=-0.000
[ros2_control_node-3] [INFO] [1791630095.258071314] [BaseFixedStand]: [STAND-SYMM] phase=1.000 q_thigh FR=0.795 FL=0.795 RR=0.805 RL=0.805 diff_FLFR=0.000 diff_RLRR=-0.000 q_calf FR=-1.571 FL=-1.571 RR=-1.557 RL=-1.557 diff_FLFR=0.000 diff_RLRR=-0.000
[ros2_control_node-3] [INFO] [1791630095.757959720] [BaseFixedStand]: [STAND-SYMM] phase=1.000 q_thigh FR=0.795 FL=0.795 RR=0.805 RL=0.805 diff_FLFR=0.000 diff_RLRR=-0.000 q_calf FR=-1.571 FL=-1.571 RR=-1.557 RL=-1.557 diff_FLFR=0.000 diff_RLRR=-0.000
[ros2_control_node-3] [INFO] [1791630096.257995762] [BaseFixedStand]: [STAND-SYMM] phase=1.000 q_thigh FR=0.795 FL=0.795 RR=0.805 RL=0.805 diff_FLFR=0.000 diff_RLRR=-0.000 q_calf FR=-1.571 FL=-1.571 RR=-1.557 RL=-1.557 diff_FLFR=0.000 diff_RLRR=-0.000
[ros2_control_node-3] [INFO] [1791630096.757964536] [BaseFixedStand]: [STAND-SYMM] phase=1.000 q_thigh FR=0.795 FL=0.795 RR=0.805 RL=0.805 diff_FLFR=0.000 diff_RLRR=-0.000 q_calf FR=-1.571 FL=-1.571 RR=-1.557 RL=-1.557 diff_FLFR=0.000 diff_RLRR=-0.000
[ros2_control_node-3] [INFO] [1791630097.258314426] [BaseFixedStand]: [STAND-SYMM] phase=1.000 q_thigh FR=0.795 FL=0.795 RR=0.805 RL=0.805 diff_FLFR=0.000 diff_RLRR=-0.000 q_calf FR=-1.571 FL=-1.571 RR=-1.557 RL=-1.557 diff_FLFR=0.000 diff_RLRR=-0.000
[ros2_control_node-3] [INFO] [1791630097.758102439] [BaseFixedStand]: [STAND-SYMM] phase=1.000 q_thigh FR=0.795 FL=0.795 RR=0.805 RL=0.805 diff_FLFR=0.000 diff_RLRR=-0.000 q_calf FR=-1.571 FL=-1.571 RR=-1.557 RL=-1.557 diff_FLFR=0.000 diff_RLRR=-0.000
[ros2_control_node-3] [INFO] [1791630098.258047234] [BaseFixedStand]: [STAND-SYMM] phase=1.000 q_thigh FR=0.795 FL=0.795 RR=0.805 RL=0.805 diff_FLFR=0.000 diff_RLRR=-0.000 q_calf FR=-1.571 FL=-1.571 RR=-1.557 RL=-1.557 diff_FLFR=0.000 diff_RLRR=-0.000
[ros2_control_node-3] [INFO] [1791630098.758151109] [BaseFixedStand]: [STAND-SYMM] phase=1.000 q_thigh FR=0.795 FL=0.795 RR=0.805 RL=0.805 diff_FLFR=0.000 diff_RLRR=-0.000 q_calf FR=-1.571 FL=-1.571 RR=-1.557 RL=-1.557 diff_FLFR=0.000 diff_RLRR=-0.000
[ros2_control_node-3] [INFO] [1791630099.258003720] [BaseFixedStand]: [STAND-SYMM] phase=1.000 q_thigh FR=0.795 FL=0.795 RR=0.805 RL=0.805 diff_FLFR=0.000 diff_RLRR=-0.000 q_calf FR=-1.571 FL=-1.571 RR=-1.557 RL=-1.557 diff_FLFR=0.000 diff_RLRR=-0.000
[ros2_control_node-3] [INFO] [1791630099.757995136] [BaseFixedStand]: [STAND-SYMM] phase=1.000 q_thigh FR=0.795 FL=0.795 RR=0.805 RL=0.805 diff_FLFR=0.000 diff_RLRR=-0.000 q_calf FR=-1.571 FL=-1.571 RR=-1.557 RL=-1.557 diff_FLFR=0.000 diff_RLRR=-0.000
[ros2_control_node-3] [INFO] [1791630100.258057040] [BaseFixedStand]: [STAND-SYMM] phase=1.000 q_thigh FR=0.795 FL=0.795 RR=0.805 RL=0.805 diff_FLFR=0.000 diff_RLRR=-0.000 q_calf FR=-1.570 FL=-1.570 RR=-1.557 RL=-1.557 diff_FLFR=0.000 diff_RLRR=-0.000
[ros2_control_node-3] [INFO] [1791630100.758078260] [BaseFixedStand]: [STAND-SYMM] phase=1.000 q_thigh FR=0.795 FL=0.795 RR=0.805 RL=0.805 diff_FLFR=0.000 diff_RLRR=-0.000 q_calf FR=-1.570 FL=-1.570 RR=-1.557 RL=-1.557 diff_FLFR=0.000 diff_RLRR=-0.000
[ros2_control_node-3] [INFO] [1791630101.258261266] [BaseFixedStand]: [STAND-SYMM] phase=1.000 q_thigh FR=0.795 FL=0.795 RR=0.805 RL=0.805 diff_FLFR=0.000 diff_RLRR=-0.000 q_calf FR=-1.570 FL=-1.570 RR=-1.557 RL=-1.557 diff_FLFR=0.000 diff_RLRR=-0.000
[ros2_control_node-3] [INFO] [1791630101.757916193] [BaseFixedStand]: [STAND-SYMM] phase=1.000 q_thigh FR=0.795 FL=0.795 RR=0.805 RL=0.805 diff_FLFR=0.000 diff_RLRR=-0.000 q_calf FR=-1.570 FL=-1.570 RR=-1.557 RL=-1.557 diff_FLFR=0.000 diff_RLRR=-0.000
[ros2_control_node-3] [INFO] [1791630102.258017823] [BaseFixedStand]: [STAND-SYMM] phase=1.000 q_thigh FR=0.795 FL=0.795 RR=0.805 RL=0.805 diff_FLFR=0.000 diff_RLRR=-0.000 q_calf FR=-1.570 FL=-1.570 RR=-1.557 RL=-1.557 diff_FLFR=0.000 diff_RLRR=-0.000
[ros2_control_node-3] [INFO] [1791630102.757912270] [BaseFixedStand]: [STAND-SYMM] phase=1.000 q_thigh FR=0.795 FL=0.795 RR=0.805 RL=0.805 diff_FLFR=0.000 diff_RLRR=-0.000 q_calf FR=-1.570 FL=-1.570 RR=-1.557 RL=-1.557 diff_FLFR=0.000 diff_RLRR=-0.000
[ros2_control_node-3] [INFO] [1791630103.257994613] [BaseFixedStand]: [STAND-SYMM] phase=1.000 q_thigh FR=0.795 FL=0.795 RR=0.805 RL=0.805 diff_FLFR=0.000 diff_RLRR=-0.000 q_calf FR=-1.570 FL=-1.570 RR=-1.557 RL=-1.557 diff_FLFR=0.000 diff_RLRR=-0.000
[ros2_control_node-3] [INFO] [1791630103.758141264] [BaseFixedStand]: [STAND-SYMM] phase=1.000 q_thigh FR=0.795 FL=0.795 RR=0.805 RL=0.805 diff_FLFR=0.000 diff_RLRR=-0.000 q_calf FR=-1.570 FL=-1.570 RR=-1.557 RL=-1.557 diff_FLFR=0.000 diff_RLRR=-0.000
[ros2_control_node-3] [INFO] [1791630104.257926524] [BaseFixedStand]: [STAND-SYMM] phase=1.000 q_thigh FR=0.795 FL=0.795 RR=0.805 RL=0.805 diff_FLFR=0.000 diff_RLRR=-0.000 q_calf FR=-1.570 FL=-1.570 RR=-1.557 RL=-1.557 diff_FLFR=0.000 diff_RLRR=-0.000
[ros2_control_node-3] [INFO] [1791630104.758076670] [BaseFixedStand]: [STAND-SYMM] phase=1.000 q_thigh FR=0.795 FL=0.795 RR=0.805 RL=0.805 diff_FLFR=0.000 diff_RLRR=-0.000 q_calf FR=-1.570 FL=-1.570 RR=-1.557 RL=-1.557 diff_FLFR=0.000 diff_RLRR=-0.000
[ros2_control_node-3] [INFO] [1791630105.258092515] [BaseFixedStand]: [STAND-SYMM] phase=1.000 q_thigh FR=0.795 FL=0.795 RR=0.805 RL=0.805 diff_FLFR=0.000 diff_RLRR=-0.000 q_calf FR=-1.570 FL=-1.570 RR=-1.557 RL=-1.557 diff_FLFR=0.000 diff_RLRR=-0.000
[ros2_control_node-3] [INFO] [1791630105.758075440] [BaseFixedStand]: [STAND-SYMM] phase=1.000 q_thigh FR=0.795 FL=0.795 RR=0.805 RL=0.805 diff_FLFR=0.000 diff_RLRR=-0.000 q_calf FR=-1.570 FL=-1.570 RR=-1.557 RL=-1.557 diff_FLFR=0.000 diff_RLRR=-0.000
[ros2_control_node-3] [INFO] [1791630106.258072987] [BaseFixedStand]: [STAND-SYMM] phase=1.000 q_thigh FR=0.795 FL=0.795 RR=0.805 RL=0.805 diff_FLFR=0.000 diff_RLRR=-0.000 q_calf FR=-1.570 FL=-1.570 RR=-1.557 RL=-1.557 diff_FLFR=0.000 diff_RLRR=-0.000
[ros2_control_node-3] [INFO] [1791630106.758030625] [BaseFixedStand]: [STAND-SYMM] phase=1.000 q_thigh FR=0.795 FL=0.795 RR=0.805 RL=0.805 diff_FLFR=0.000 diff_RLRR=-0.000 q_calf FR=-1.570 FL=-1.570 RR=-1.557 RL=-1.557 diff_FLFR=0.000 diff_RLRR=-0.000
[ros2_control_node-3] [INFO] [1791630107.257971757] [BaseFixedStand]: [STAND-SYMM] phase=1.000 q_thigh FR=0.795 FL=0.795 RR=0.805 RL=0.805 diff_FLFR=0.000 diff_RLRR=-0.000 q_calf FR=-1.570 FL=-1.570 RR=-1.557 RL=-1.557 diff_FLFR=0.000 diff_RLRR=-0.000
[ros2_control_node-3] [INFO] [1791630107.758038665] [BaseFixedStand]: [STAND-SYMM] phase=1.000 q_thigh FR=0.795 FL=0.795 RR=0.805 RL=0.805 diff_FLFR=0.000 diff_RLRR=-0.000 q_calf FR=-1.570 FL=-1.570 RR=-1.557 RL=-1.557 diff_FLFR=0.000 diff_RLRR=-0.000
[ros2_control_node-3] [INFO] [1791630108.258119573] [BaseFixedStand]: [STAND-SYMM] phase=1.000 q_thigh FR=0.795 FL=0.795 RR=0.805 RL=0.805 diff_FLFR=0.000 diff_RLRR=-0.000 q_calf FR=-1.570 FL=-1.570 RR=-1.558 RL=-1.558 diff_FLFR=0.000 diff_RLRR=-0.000
[ros2_control_node-3] [INFO] [1791630108.758108435] [BaseFixedStand]: [STAND-SYMM] phase=1.000 q_thigh FR=0.795 FL=0.795 RR=0.805 RL=0.805 diff_FLFR=0.000 diff_RLRR=-0.000 q_calf FR=-1.570 FL=-1.570 RR=-1.558 RL=-1.558 diff_FLFR=0.000 diff_RLRR=-0.000
[ros2_control_node-3] [INFO] [1791630109.258108880] [BaseFixedStand]: [STAND-SYMM] phase=1.000 q_thigh FR=0.795 FL=0.795 RR=0.805 RL=0.805 diff_FLFR=0.000 diff_RLRR=-0.000 q_calf FR=-1.570 FL=-1.570 RR=-1.558 RL=-1.558 diff_FLFR=0.000 diff_RLRR=-0.000
[ros2_control_node-3] [INFO] [1791630109.758102226] [BaseFixedStand]: [STAND-SYMM] phase=1.000 q_thigh FR=0.795 FL=0.795 RR=0.805 RL=0.805 diff_FLFR=0.000 diff_RLRR=-0.000 q_calf FR=-1.570 FL=-1.570 RR=-1.558 RL=-1.558 diff_FLFR=0.000 diff_RLRR=-0.000
[ros2_control_node-3] [INFO] [1791630110.258114627] [BaseFixedStand]: [STAND-SYMM] phase=1.000 q_thigh FR=0.795 FL=0.795 RR=0.805 RL=0.805 diff_FLFR=0.000 diff_RLRR=-0.000 q_calf FR=-1.570 FL=-1.570 RR=-1.558 RL=-1.558 diff_FLFR=0.000 diff_RLRR=-0.000
[ros2_control_node-3] [INFO] [1791630110.758178355] [BaseFixedStand]: [STAND-SYMM] phase=1.000 q_thigh FR=0.795 FL=0.795 RR=0.805 RL=0.805 diff_FLFR=0.000 diff_RLRR=-0.000 q_calf FR=-1.570 FL=-1.570 RR=-1.558 RL=-1.558 diff_FLFR=0.000 diff_RLRR=-0.000
[ros2_control_node-3] [INFO] [1791630111.258067308] [BaseFixedStand]: [STAND-SYMM] phase=1.000 q_thigh FR=0.795 FL=0.795 RR=0.805 RL=0.805 diff_FLFR=0.000 diff_RLRR=-0.000 q_calf FR=-1.570 FL=-1.570 RR=-1.558 RL=-1.558 diff_FLFR=0.000 diff_RLRR=-0.000
[ros2_control_node-3] [INFO] [1791630111.757984685] [BaseFixedStand]: [STAND-SYMM] phase=1.000 q_thigh FR=0.795 FL=0.795 RR=0.805 RL=0.805 diff_FLFR=0.000 diff_RLRR=-0.000 q_calf FR=-1.570 FL=-1.570 RR=-1.558 RL=-1.558 diff_FLFR=0.000 diff_RLRR=-0.000
[ros2_control_node-3] [INFO] [1791630112.258182285] [BaseFixedStand]: [STAND-SYMM] phase=1.000 q_thigh FR=0.795 FL=0.795 RR=0.805 RL=0.805 diff_FLFR=0.000 diff_RLRR=-0.000 q_calf FR=-1.570 FL=-1.570 RR=-1.558 RL=-1.558 diff_FLFR=0.000 diff_RLRR=-0.000
[ros2_control_node-3] [INFO] [1791630112.758083341] [BaseFixedStand]: [STAND-SYMM] phase=1.000 q_thigh FR=0.795 FL=0.795 RR=0.805 RL=0.805 diff_FLFR=0.000 diff_RLRR=-0.000 q_calf FR=-1.570 FL=-1.570 RR=-1.558 RL=-1.558 diff_FLFR=0.000 diff_RLRR=-0.000
[ros2_control_node-3] [INFO] [1791630113.258291811] [BaseFixedStand]: [STAND-SYMM] phase=1.000 q_thigh FR=0.795 FL=0.795 RR=0.805 RL=0.805 diff_FLFR=0.000 diff_RLRR=-0.000 q_calf FR=-1.570 FL=-1.570 RR=-1.558 RL=-1.558 diff_FLFR=0.000 diff_RLRR=-0.000
[ros2_control_node-3] [INFO] [1791630113.758177893] [BaseFixedStand]: [STAND-SYMM] phase=1.000 q_thigh FR=0.795 FL=0.795 RR=0.805 RL=0.805 diff_FLFR=0.000 diff_RLRR=-0.000 q_calf FR=-1.570 FL=-1.570 RR=-1.558 RL=-1.558 diff_FLFR=0.000 diff_RLRR=-0.000
[ros2_control_node-3] [INFO] [1791630114.258143430] [BaseFixedStand]: [STAND-SYMM] phase=1.000 q_thigh FR=0.795 FL=0.795 RR=0.805 RL=0.805 diff_FLFR=0.000 diff_RLRR=-0.000 q_calf FR=-1.570 FL=-1.570 RR=-1.558 RL=-1.558 diff_FLFR=0.000 diff_RLRR=-0.000
[ros2_control_node-3] [INFO] [1791630114.758094811] [BaseFixedStand]: [STAND-SYMM] phase=1.000 q_thigh FR=0.795 FL=0.795 RR=0.805 RL=0.805 diff_FLFR=0.000 diff_RLRR=-0.000 q_calf FR=-1.570 FL=-1.570 RR=-1.558 RL=-1.558 diff_FLFR=0.000 diff_RLRR=-0.000
[ros2_control_node-3] [INFO] [1791630115.257921492] [BaseFixedStand]: [STAND-SYMM] phase=1.000 q_thigh FR=0.795 FL=0.795 RR=0.805 RL=0.805 diff_FLFR=0.000 diff_RLRR=-0.000 q_calf FR=-1.570 FL=-1.570 RR=-1.558 RL=-1.558 diff_FLFR=0.000 diff_RLRR=-0.000
[ros2_control_node-3] [INFO] [1791630115.758105116] [BaseFixedStand]: [STAND-SYMM] phase=1.000 q_thigh FR=0.795 FL=0.795 RR=0.805 RL=0.805 diff_FLFR=0.000 diff_RLRR=-0.000 q_calf FR=-1.570 FL=-1.570 RR=-1.558 RL=-1.558 diff_FLFR=0.000 diff_RLRR=-0.000
[ros2_control_node-3] [INFO] [1791630116.258059563] [BaseFixedStand]: [STAND-SYMM] phase=1.000 q_thigh FR=0.795 FL=0.795 RR=0.805 RL=0.805 diff_FLFR=0.000 diff_RLRR=-0.000 q_calf FR=-1.570 FL=-1.570 RR=-1.558 RL=-1.558 diff_FLFR=0.000 diff_RLRR=-0.000
[ros2_control_node-3] [INFO] [1791630116.758203556] [BaseFixedStand]: [STAND-SYMM] phase=1.000 q_thigh FR=0.795 FL=0.795 RR=0.805 RL=0.805 diff_FLFR=0.000 diff_RLRR=-0.000 q_calf FR=-1.570 FL=-1.570 RR=-1.558 RL=-1.558 diff_FLFR=0.000 diff_RLRR=-0.000
[ros2_control_node-3] [INFO] [1791630117.258172736] [BaseFixedStand]: [STAND-SYMM] phase=1.000 q_thigh FR=0.795 FL=0.795 RR=0.805 RL=0.805 diff_FLFR=0.000 diff_RLRR=-0.000 q_calf FR=-1.570 FL=-1.570 RR=-1.558 RL=-1.558 diff_FLFR=0.000 diff_RLRR=-0.000
[ros2_control_node-3] [INFO] [1791630117.757901986] [BaseFixedStand]: [STAND-SYMM] phase=1.000 q_thigh FR=0.795 FL=0.795 RR=0.805 RL=0.805 diff_FLFR=0.000 diff_RLRR=-0.000 q_calf FR=-1.570 FL=-1.570 RR=-1.558 RL=-1.558 diff_FLFR=0.000 diff_RLRR=-0.000
[ros2_control_node-3] [INFO] [1791630118.258169698] [BaseFixedStand]: [STAND-SYMM] phase=1.000 q_thigh FR=0.795 FL=0.795 RR=0.805 RL=0.805 diff_FLFR=0.000 diff_RLRR=-0.000 q_calf FR=-1.570 FL=-1.570 RR=-1.558 RL=-1.558 diff_FLFR=0.000 diff_RLRR=-0.000
[ros2_control_node-3] [INFO] [1791630118.757907414] [BaseFixedStand]: [STAND-SYMM] phase=1.000 q_thigh FR=0.795 FL=0.795 RR=0.805 RL=0.805 diff_FLFR=0.000 diff_RLRR=-0.000 q_calf FR=-1.570 FL=-1.570 RR=-1.558 RL=-1.558 diff_FLFR=0.000 diff_RLRR=-0.000
[ros2_control_node-3] [INFO] [1791630119.258245289] [BaseFixedStand]: [STAND-SYMM] phase=1.000 q_thigh FR=0.795 FL=0.795 RR=0.805 RL=0.805 diff_FLFR=0.000 diff_RLRR=-0.000 q_calf FR=-1.570 FL=-1.570 RR=-1.558 RL=-1.558 diff_FLFR=0.000 diff_RLRR=-0.000
[ros2_control_node-3] [INFO] [1791630119.758333658] [BaseFixedStand]: [STAND-SYMM] phase=1.000 q_thigh FR=0.795 FL=0.795 RR=0.805 RL=0.805 diff_FLFR=0.000 diff_RLRR=-0.000 q_calf FR=-1.570 FL=-1.570 RR=-1.558 RL=-1.558 diff_FLFR=0.000 diff_RLRR=-0.000
[ros2_control_node-3] [INFO] [1791630120.258192988] [BaseFixedStand]: [STAND-SYMM] phase=1.000 q_thigh FR=0.795 FL=0.795 RR=0.805 RL=0.805 diff_FLFR=0.000 diff_RLRR=-0.000 q_calf FR=-1.570 FL=-1.570 RR=-1.558 RL=-1.558 diff_FLFR=0.000 diff_RLRR=-0.000
[ros2_control_node-3] [INFO] [1791630120.758008372] [BaseFixedStand]: [STAND-SYMM] phase=1.000 q_thigh FR=0.795 FL=0.795 RR=0.805 RL=0.805 diff_FLFR=0.000 diff_RLRR=-0.000 q_calf FR=-1.570 FL=-1.570 RR=-1.558 RL=-1.558 diff_FLFR=0.000 diff_RLRR=-0.000
[ros2_control_node-3] [INFO] [1791630121.257911404] [BaseFixedStand]: [STAND-SYMM] phase=1.000 q_thigh FR=0.795 FL=0.795 RR=0.805 RL=0.805 diff_FLFR=0.000 diff_RLRR=-0.000 q_calf FR=-1.570 FL=-1.570 RR=-1.558 RL=-1.558 diff_FLFR=0.000 diff_RLRR=-0.000
[ros2_control_node-3] [INFO] [1791630121.758178971] [BaseFixedStand]: [STAND-SYMM] phase=1.000 q_thigh FR=0.795 FL=0.795 RR=0.805 RL=0.805 diff_FLFR=0.000 diff_RLRR=-0.000 q_calf FR=-1.570 FL=-1.570 RR=-1.558 RL=-1.558 diff_FLFR=0.000 diff_RLRR=-0.000
[ros2_control_node-3] [INFO] [1791630122.258299439] [BaseFixedStand]: [STAND-SYMM] phase=1.000 q_thigh FR=0.795 FL=0.795 RR=0.805 RL=0.805 diff_FLFR=0.000 diff_RLRR=-0.000 q_calf FR=-1.570 FL=-1.570 RR=-1.558 RL=-1.558 diff_FLFR=0.000 diff_RLRR=-0.000
[ros2_control_node-3] [INFO] [1791630122.758138099] [BaseFixedStand]: [STAND-SYMM] phase=1.000 q_thigh FR=0.795 FL=0.795 RR=0.805 RL=0.804 diff_FLFR=0.000 diff_RLRR=-0.000 q_calf FR=-1.570 FL=-1.570 RR=-1.558 RL=-1.558 diff_FLFR=0.000 diff_RLRR=-0.000
[ros2_control_node-3] [INFO] [1791630123.258093292] [BaseFixedStand]: [STAND-SYMM] phase=1.000 q_thigh FR=0.795 FL=0.795 RR=0.804 RL=0.804 diff_FLFR=0.000 diff_RLRR=-0.000 q_calf FR=-1.570 FL=-1.570 RR=-1.558 RL=-1.558 diff_FLFR=0.000 diff_RLRR=-0.000
[ros2_control_node-3] [INFO] [1791630123.758111033] [BaseFixedStand]: [STAND-SYMM] phase=1.000 q_thigh FR=0.795 FL=0.795 RR=0.804 RL=0.804 diff_FLFR=0.000 diff_RLRR=-0.000 q_calf FR=-1.570 FL=-1.570 RR=-1.558 RL=-1.558 diff_FLFR=0.000 diff_RLRR=-0.000
[ros2_control_node-3] [INFO] [1791630124.258111400] [BaseFixedStand]: [STAND-SYMM] phase=1.000 q_thigh FR=0.795 FL=0.795 RR=0.804 RL=0.804 diff_FLFR=0.000 diff_RLRR=-0.000 q_calf FR=-1.570 FL=-1.570 RR=-1.558 RL=-1.558 diff_FLFR=0.000 diff_RLRR=-0.000
[ros2_control_node-3] [INFO] [1791630124.758205961] [BaseFixedStand]: [STAND-SYMM] phase=1.000 q_thigh FR=0.795 FL=0.795 RR=0.804 RL=0.804 diff_FLFR=0.000 diff_RLRR=-0.000 q_calf FR=-1.570 FL=-1.570 RR=-1.558 RL=-1.558 diff_FLFR=0.000 diff_RLRR=-0.000
[ros2_control_node-3] [INFO] [1791630125.257946399] [BaseFixedStand]: [STAND-SYMM] phase=1.000 q_thigh FR=0.795 FL=0.795 RR=0.804 RL=0.804 diff_FLFR=0.000 diff_RLRR=-0.000 q_calf FR=-1.570 FL=-1.570 RR=-1.558 RL=-1.558 diff_FLFR=0.000 diff_RLRR=-0.000
[ros2_control_node-3] [INFO] [1791630125.757845846] [BaseFixedStand]: [STAND-SYMM] phase=1.000 q_thigh FR=0.795 FL=0.795 RR=0.804 RL=0.804 diff_FLFR=0.000 diff_RLRR=-0.000 q_calf FR=-1.570 FL=-1.570 RR=-1.558 RL=-1.558 diff_FLFR=0.000 diff_RLRR=-0.000
[ros2_control_node-3] [INFO] [1791630126.258175846] [BaseFixedStand]: [STAND-SYMM] phase=1.000 q_thigh FR=0.795 FL=0.795 RR=0.804 RL=0.804 diff_FLFR=0.000 diff_RLRR=-0.000 q_calf FR=-1.570 FL=-1.570 RR=-1.558 RL=-1.558 diff_FLFR=0.000 diff_RLRR=-0.000
[ros2_control_node-3] [INFO] [1791630126.758211475] [BaseFixedStand]: [STAND-SYMM] phase=1.000 q_thigh FR=0.795 FL=0.795 RR=0.804 RL=0.804 diff_FLFR=0.000 diff_RLRR=-0.000 q_calf FR=-1.570 FL=-1.570 RR=-1.558 RL=-1.558 diff_FLFR=0.000 diff_RLRR=-0.000
[ros2_control_node-3] [INFO] [1791630127.257999269] [BaseFixedStand]: [STAND-SYMM] phase=1.000 q_thigh FR=0.795 FL=0.795 RR=0.804 RL=0.804 diff_FLFR=0.000 diff_RLRR=-0.000 q_calf FR=-1.570 FL=-1.570 RR=-1.558 RL=-1.558 diff_FLFR=0.000 diff_RLRR=-0.000
[ros2_control_node-3] [INFO] [1791630127.758056864] [BaseFixedStand]: [STAND-SYMM] phase=1.000 q_thigh FR=0.795 FL=0.795 RR=0.804 RL=0.804 diff_FLFR=0.000 diff_RLRR=-0.000 q_calf FR=-1.570 FL=-1.570 RR=-1.558 RL=-1.558 diff_FLFR=0.000 diff_RLRR=-0.000
[ros2_control_node-3] [INFO] [1791630128.258046020] [BaseFixedStand]: [STAND-SYMM] phase=1.000 q_thigh FR=0.795 FL=0.795 RR=0.804 RL=0.804 diff_FLFR=0.000 diff_RLRR=-0.000 q_calf FR=-1.570 FL=-1.570 RR=-1.558 RL=-1.558 diff_FLFR=0.000 diff_RLRR=-0.000
[ros2_control_node-3] [INFO] [1791630128.758287809] [BaseFixedStand]: [STAND-SYMM] phase=1.000 q_thigh FR=0.795 FL=0.795 RR=0.804 RL=0.804 diff_FLFR=0.000 diff_RLRR=-0.000 q_calf FR=-1.570 FL=-1.570 RR=-1.558 RL=-1.558 diff_FLFR=0.000 diff_RLRR=-0.000
[ros2_control_node-3] [INFO] [1791630129.258119102] [BaseFixedStand]: [STAND-SYMM] phase=1.000 q_thigh FR=0.795 FL=0.795 RR=0.804 RL=0.804 diff_FLFR=0.000 diff_RLRR=-0.000 q_calf FR=-1.570 FL=-1.570 RR=-1.558 RL=-1.558 diff_FLFR=0.000 diff_RLRR=-0.000
[ros2_control_node-3] [INFO] [1791630129.757956456] [BaseFixedStand]: [STAND-SYMM] phase=1.000 q_thigh FR=0.795 FL=0.795 RR=0.804 RL=0.804 diff_FLFR=0.000 diff_RLRR=-0.000 q_calf FR=-1.570 FL=-1.570 RR=-1.558 RL=-1.558 diff_FLFR=0.000 diff_RLRR=-0.000
[ros2_control_node-3] [INFO] [1791630130.258039345] [BaseFixedStand]: [STAND-SYMM] phase=1.000 q_thigh FR=0.795 FL=0.795 RR=0.804 RL=0.804 diff_FLFR=0.000 diff_RLRR=-0.000 q_calf FR=-1.570 FL=-1.570 RR=-1.558 RL=-1.558 diff_FLFR=0.000 diff_RLRR=-0.000
[ros2_control_node-3] [INFO] [1791630130.758063527] [BaseFixedStand]: [STAND-SYMM] phase=1.000 q_thigh FR=0.795 FL=0.795 RR=0.804 RL=0.804 diff_FLFR=0.000 diff_RLRR=-0.000 q_calf FR=-1.570 FL=-1.570 RR=-1.558 RL=-1.558 diff_FLFR=0.000 diff_RLRR=-0.000
[ros2_control_node-3] [INFO] [1791630131.257963067] [BaseFixedStand]: [STAND-SYMM] phase=1.000 q_thigh FR=0.795 FL=0.795 RR=0.804 RL=0.804 diff_FLFR=0.000 diff_RLRR=-0.000 q_calf FR=-1.570 FL=-1.570 RR=-1.558 RL=-1.558 diff_FLFR=0.000 diff_RLRR=-0.000
[ros2_control_node-3] [INFO] [1791630131.758038996] [BaseFixedStand]: [STAND-SYMM] phase=1.000 q_thigh FR=0.795 FL=0.795 RR=0.804 RL=0.804 diff_FLFR=0.000 diff_RLRR=-0.000 q_calf FR=-1.570 FL=-1.570 RR=-1.558 RL=-1.558 diff_FLFR=0.000 diff_RLRR=-0.000
[ros2_control_node-3] [INFO] [1791630132.258117797] [BaseFixedStand]: [STAND-SYMM] phase=1.000 q_thigh FR=0.795 FL=0.795 RR=0.804 RL=0.804 diff_FLFR=0.000 diff_RLRR=-0.000 q_calf FR=-1.570 FL=-1.570 RR=-1.558 RL=-1.558 diff_FLFR=0.000 diff_RLRR=-0.000
[ros2_control_node-3] [INFO] [1791630132.758023852] [BaseFixedStand]: [STAND-SYMM] phase=1.000 q_thigh FR=0.795 FL=0.795 RR=0.804 RL=0.804 diff_FLFR=0.000 diff_RLRR=-0.000 q_calf FR=-1.570 FL=-1.570 RR=-1.558 RL=-1.558 diff_FLFR=0.000 diff_RLRR=-0.000
[ros2_control_node-3] [INFO] [1791630133.258028755] [BaseFixedStand]: [STAND-SYMM] phase=1.000 q_thigh FR=0.795 FL=0.795 RR=0.804 RL=0.804 diff_FLFR=0.000 diff_RLRR=-0.000 q_calf FR=-1.570 FL=-1.570 RR=-1.558 RL=-1.558 diff_FLFR=0.000 diff_RLRR=-0.000
[ros2_control_node-3] [INFO] [1791630133.758046463] [BaseFixedStand]: [STAND-SYMM] phase=1.000 q_thigh FR=0.795 FL=0.795 RR=0.804 RL=0.804 diff_FLFR=0.000 diff_RLRR=-0.000 q_calf FR=-1.570 FL=-1.570 RR=-1.558 RL=-1.558 diff_FLFR=0.000 diff_RLRR=-0.000
[ros2_control_node-3] [INFO] [1791630134.258107429] [BaseFixedStand]: [STAND-SYMM] phase=1.000 q_thigh FR=0.795 FL=0.795 RR=0.804 RL=0.804 diff_FLFR=0.000 diff_RLRR=-0.000 q_calf FR=-1.570 FL=-1.570 RR=-1.558 RL=-1.558 diff_FLFR=0.000 diff_RLRR=-0.000
[ros2_control_node-3] [INFO] [1791630134.758226944] [BaseFixedStand]: [STAND-SYMM] phase=1.000 q_thigh FR=0.795 FL=0.795 RR=0.804 RL=0.804 diff_FLFR=0.000 diff_RLRR=-0.000 q_calf FR=-1.570 FL=-1.570 RR=-1.558 RL=-1.558 diff_FLFR=0.000 diff_RLRR=-0.000
[ros2_control_node-3] [INFO] [1791630135.258091221] [BaseFixedStand]: [STAND-SYMM] phase=1.000 q_thigh FR=0.795 FL=0.795 RR=0.804 RL=0.804 diff_FLFR=0.000 diff_RLRR=-0.000 q_calf FR=-1.570 FL=-1.570 RR=-1.558 RL=-1.558 diff_FLFR=0.000 diff_RLRR=-0.000
[ros2_control_node-3] [INFO] [1791630135.758275597] [BaseFixedStand]: [STAND-SYMM] phase=1.000 q_thigh FR=0.795 FL=0.795 RR=0.804 RL=0.804 diff_FLFR=0.000 diff_RLRR=-0.000 q_calf FR=-1.570 FL=-1.570 RR=-1.558 RL=-1.558 diff_FLFR=0.000 diff_RLRR=-0.000
[ros2_control_node-3] [INFO] [1791630136.258234798] [BaseFixedStand]: [STAND-SYMM] phase=1.000 q_thigh FR=0.795 FL=0.795 RR=0.804 RL=0.804 diff_FLFR=0.000 diff_RLRR=-0.000 q_calf FR=-1.570 FL=-1.570 RR=-1.558 RL=-1.558 diff_FLFR=0.000 diff_RLRR=-0.000
[ros2_control_node-3] [INFO] [1791630136.758191216] [BaseFixedStand]: [STAND-SYMM] phase=1.000 q_thigh FR=0.795 FL=0.795 RR=0.804 RL=0.804 diff_FLFR=0.000 diff_RLRR=-0.000 q_calf FR=-1.570 FL=-1.570 RR=-1.558 RL=-1.558 diff_FLFR=0.000 diff_RLRR=-0.000
[ros2_control_node-3] [INFO] [1791630137.258034796] [BaseFixedStand]: [STAND-SYMM] phase=1.000 q_thigh FR=0.795 FL=0.795 RR=0.804 RL=0.804 diff_FLFR=0.000 diff_RLRR=-0.000 q_calf FR=-1.570 FL=-1.570 RR=-1.558 RL=-1.558 diff_FLFR=0.000 diff_RLRR=-0.000
[ros2_control_node-3] [INFO] [1791630137.758176149] [BaseFixedStand]: [STAND-SYMM] phase=1.000 q_thigh FR=0.795 FL=0.795 RR=0.804 RL=0.804 diff_FLFR=0.000 diff_RLRR=-0.000 q_calf FR=-1.570 FL=-1.570 RR=-1.558 RL=-1.558 diff_FLFR=0.000 diff_RLRR=-0.000
[ros2_control_node-3] [INFO] [1791630138.258096376] [BaseFixedStand]: [STAND-SYMM] phase=1.000 q_thigh FR=0.795 FL=0.795 RR=0.804 RL=0.804 diff_FLFR=0.000 diff_RLRR=-0.000 q_calf FR=-1.570 FL=-1.570 RR=-1.558 RL=-1.558 diff_FLFR=0.000 diff_RLRR=-0.000
[ros2_control_node-3] [INFO] [1791630138.758058376] [BaseFixedStand]: [STAND-SYMM] phase=1.000 q_thigh FR=0.795 FL=0.795 RR=0.804 RL=0.804 diff_FLFR=0.000 diff_RLRR=-0.000 q_calf FR=-1.570 FL=-1.570 RR=-1.558 RL=-1.558 diff_FLFR=0.000 diff_RLRR=-0.000
[ros2_control_node-3] [INFO] [1791630139.258226490] [BaseFixedStand]: [STAND-SYMM] phase=1.000 q_thigh FR=0.795 FL=0.795 RR=0.804 RL=0.804 diff_FLFR=0.000 diff_RLRR=-0.000 q_calf FR=-1.570 FL=-1.570 RR=-1.558 RL=-1.558 diff_FLFR=0.000 diff_RLRR=-0.000
[ros2_control_node-3] [INFO] [1791630139.758107150] [BaseFixedStand]: [STAND-SYMM] phase=1.000 q_thigh FR=0.795 FL=0.795 RR=0.804 RL=0.804 diff_FLFR=0.000 diff_RLRR=-0.000 q_calf FR=-1.570 FL=-1.570 RR=-1.558 RL=-1.558 diff_FLFR=0.000 diff_RLRR=-0.000
[ros2_control_node-3] [INFO] [1791630140.258292368] [BaseFixedStand]: [STAND-SYMM] phase=1.000 q_thigh FR=0.795 FL=0.795 RR=0.804 RL=0.804 diff_FLFR=0.000 diff_RLRR=-0.000 q_calf FR=-1.570 FL=-1.570 RR=-1.558 RL=-1.558 diff_FLFR=0.000 diff_RLRR=-0.000
[ros2_control_node-3] [INFO] [1791630140.757797498] [BaseFixedStand]: [STAND-SYMM] phase=1.000 q_thigh FR=0.795 FL=0.795 RR=0.804 RL=0.804 diff_FLFR=0.000 diff_RLRR=-0.000 q_calf FR=-1.570 FL=-1.570 RR=-1.558 RL=-1.558 diff_FLFR=0.000 diff_RLRR=-0.000
[ros2_control_node-3] [INFO] [1791630141.257751822] [BaseFixedStand]: [STAND-SYMM] phase=1.000 q_thigh FR=0.795 FL=0.795 RR=0.804 RL=0.804 diff_FLFR=0.000 diff_RLRR=-0.000 q_calf FR=-1.570 FL=-1.570 RR=-1.558 RL=-1.558 diff_FLFR=0.000 diff_RLRR=-0.000
[ros2_control_node-3] [INFO] [1791630141.758239951] [BaseFixedStand]: [STAND-SYMM] phase=1.000 q_thigh FR=0.795 FL=0.795 RR=0.804 RL=0.804 diff_FLFR=0.000 diff_RLRR=-0.000 q_calf FR=-1.570 FL=-1.570 RR=-1.558 RL=-1.558 diff_FLFR=0.000 diff_RLRR=-0.000
[ros2_control_node-3] [INFO] [1791630142.257988292] [BaseFixedStand]: [STAND-SYMM] phase=1.000 q_thigh FR=0.795 FL=0.795 RR=0.804 RL=0.804 diff_FLFR=0.000 diff_RLRR=-0.000 q_calf FR=-1.570 FL=-1.570 RR=-1.558 RL=-1.558 diff_FLFR=0.000 diff_RLRR=-0.000
[ros2_control_node-3] [INFO] [1791630142.758191455] [BaseFixedStand]: [STAND-SYMM] phase=1.000 q_thigh FR=0.795 FL=0.795 RR=0.804 RL=0.804 diff_FLFR=0.000 diff_RLRR=-0.000 q_calf FR=-1.570 FL=-1.570 RR=-1.558 RL=-1.558 diff_FLFR=0.000 diff_RLRR=-0.000
[ros2_control_node-3] [INFO] [1791630143.258181299] [BaseFixedStand]: [STAND-SYMM] phase=1.000 q_thigh FR=0.795 FL=0.795 RR=0.804 RL=0.804 diff_FLFR=0.000 diff_RLRR=-0.000 q_calf FR=-1.570 FL=-1.570 RR=-1.558 RL=-1.558 diff_FLFR=0.000 diff_RLRR=-0.000
[ros2_control_node-3] [INFO] [1791630143.758097796] [BaseFixedStand]: [STAND-SYMM] phase=1.000 q_thigh FR=0.795 FL=0.795 RR=0.804 RL=0.804 diff_FLFR=0.000 diff_RLRR=-0.000 q_calf FR=-1.570 FL=-1.570 RR=-1.558 RL=-1.558 diff_FLFR=0.000 diff_RLRR=-0.000
[ros2_control_node-3] [INFO] [1791630144.258142578] [BaseFixedStand]: [STAND-SYMM] phase=1.000 q_thigh FR=0.795 FL=0.795 RR=0.804 RL=0.804 diff_FLFR=0.000 diff_RLRR=-0.000 q_calf FR=-1.570 FL=-1.570 RR=-1.558 RL=-1.558 diff_FLFR=0.000 diff_RLRR=-0.000
[ros2_control_node-3] [INFO] [1791630144.758239324] [BaseFixedStand]: [STAND-SYMM] phase=1.000 q_thigh FR=0.795 FL=0.795 RR=0.804 RL=0.804 diff_FLFR=0.000 diff_RLRR=-0.000 q_calf FR=-1.570 FL=-1.570 RR=-1.558 RL=-1.558 diff_FLFR=0.000 diff_RLRR=-0.000
[ros2_control_node-3] [INFO] [1791630145.258071659] [BaseFixedStand]: [STAND-SYMM] phase=1.000 q_thigh FR=0.795 FL=0.795 RR=0.804 RL=0.804 diff_FLFR=0.000 diff_RLRR=-0.000 q_calf FR=-1.570 FL=-1.570 RR=-1.558 RL=-1.558 diff_FLFR=0.000 diff_RLRR=-0.000
[ros2_control_node-3] [INFO] [1791630145.758010947] [BaseFixedStand]: [STAND-SYMM] phase=1.000 q_thigh FR=0.795 FL=0.795 RR=0.804 RL=0.804 diff_FLFR=0.000 diff_RLRR=-0.000 q_calf FR=-1.570 FL=-1.570 RR=-1.558 RL=-1.558 diff_FLFR=0.000 diff_RLRR=-0.000
[ros2_control_node-3] [INFO] [1791630146.258109361] [BaseFixedStand]: [STAND-SYMM] phase=1.000 q_thigh FR=0.795 FL=0.795 RR=0.804 RL=0.804 diff_FLFR=0.000 diff_RLRR=-0.000 q_calf FR=-1.570 FL=-1.570 RR=-1.558 RL=-1.558 diff_FLFR=0.000 diff_RLRR=-0.000
[ros2_control_node-3] [INFO] [1791630146.758207794] [BaseFixedStand]: [STAND-SYMM] phase=1.000 q_thigh FR=0.795 FL=0.795 RR=0.804 RL=0.804 diff_FLFR=0.000 diff_RLRR=-0.000 q_calf FR=-1.570 FL=-1.570 RR=-1.558 RL=-1.558 diff_FLFR=0.000 diff_RLRR=-0.000
[ros2_control_node-3] [INFO] [1791630147.258187951] [BaseFixedStand]: [STAND-SYMM] phase=1.000 q_thigh FR=0.795 FL=0.795 RR=0.804 RL=0.804 diff_FLFR=0.000 diff_RLRR=-0.000 q_calf FR=-1.570 FL=-1.570 RR=-1.558 RL=-1.558 diff_FLFR=0.000 diff_RLRR=-0.000
[ros2_control_node-3] [INFO] [1791630147.758061891] [BaseFixedStand]: [STAND-SYMM] phase=1.000 q_thigh FR=0.795 FL=0.795 RR=0.804 RL=0.804 diff_FLFR=0.000 diff_RLRR=-0.000 q_calf FR=-1.570 FL=-1.570 RR=-1.558 RL=-1.558 diff_FLFR=0.000 diff_RLRR=-0.000
[ros2_control_node-3] [INFO] [1791630148.258135837] [BaseFixedStand]: [STAND-SYMM] phase=1.000 q_thigh FR=0.795 FL=0.795 RR=0.804 RL=0.804 diff_FLFR=0.000 diff_RLRR=-0.000 q_calf FR=-1.570 FL=-1.570 RR=-1.558 RL=-1.558 diff_FLFR=0.000 diff_RLRR=-0.000
[ros2_control_node-3] [INFO] [1791630148.758181966] [BaseFixedStand]: [STAND-SYMM] phase=1.000 q_thigh FR=0.795 FL=0.795 RR=0.804 RL=0.804 diff_FLFR=0.000 diff_RLRR=-0.000 q_calf FR=-1.570 FL=-1.570 RR=-1.558 RL=-1.558 diff_FLFR=0.000 diff_RLRR=-0.000
[ros2_control_node-3] [INFO] [1791630149.258233683] [BaseFixedStand]: [STAND-SYMM] phase=1.000 q_thigh FR=0.795 FL=0.795 RR=0.804 RL=0.804 diff_FLFR=0.000 diff_RLRR=-0.000 q_calf FR=-1.570 FL=-1.570 RR=-1.558 RL=-1.558 diff_FLFR=0.000 diff_RLRR=-0.000
[ros2_control_node-3] [INFO] [1791630149.758199602] [BaseFixedStand]: [STAND-SYMM] phase=1.000 q_thigh FR=0.795 FL=0.795 RR=0.804 RL=0.804 diff_FLFR=0.000 diff_RLRR=-0.000 q_calf FR=-1.570 FL=-1.570 RR=-1.559 RL=-1.559 diff_FLFR=0.000 diff_RLRR=-0.000
[ros2_control_node-3] [INFO] [1791630150.258218698] [BaseFixedStand]: [STAND-SYMM] phase=1.000 q_thigh FR=0.795 FL=0.795 RR=0.804 RL=0.804 diff_FLFR=0.000 diff_RLRR=-0.000 q_calf FR=-1.570 FL=-1.570 RR=-1.559 RL=-1.559 diff_FLFR=0.000 diff_RLRR=-0.000
[ros2_control_node-3] [INFO] [1791630150.758166400] [BaseFixedStand]: [STAND-SYMM] phase=1.000 q_thigh FR=0.795 FL=0.795 RR=0.804 RL=0.804 diff_FLFR=0.000 diff_RLRR=-0.000 q_calf FR=-1.570 FL=-1.570 RR=-1.559 RL=-1.559 diff_FLFR=0.000 diff_RLRR=-0.000
[ros2_control_node-3] [INFO] [1791630151.258272460] [BaseFixedStand]: [STAND-SYMM] phase=1.000 q_thigh FR=0.795 FL=0.795 RR=0.804 RL=0.804 diff_FLFR=0.000 diff_RLRR=-0.000 q_calf FR=-1.570 FL=-1.570 RR=-1.559 RL=-1.559 diff_FLFR=0.000 diff_RLRR=-0.000
[ros2_control_node-3] [INFO] [1791630151.758102470] [BaseFixedStand]: [STAND-SYMM] phase=1.000 q_thigh FR=0.795 FL=0.795 RR=0.804 RL=0.804 diff_FLFR=0.000 diff_RLRR=-0.000 q_calf FR=-1.570 FL=-1.570 RR=-1.559 RL=-1.559 diff_FLFR=0.000 diff_RLRR=-0.000
[ros2_control_node-3] [INFO] [1791630152.258286717] [BaseFixedStand]: [STAND-SYMM] phase=1.000 q_thigh FR=0.795 FL=0.795 RR=0.804 RL=0.804 diff_FLFR=0.000 diff_RLRR=-0.000 q_calf FR=-1.570 FL=-1.570 RR=-1.559 RL=-1.559 diff_FLFR=0.000 diff_RLRR=-0.000
[ros2_control_node-3] [INFO] [1791630152.758113495] [BaseFixedStand]: [STAND-SYMM] phase=1.000 q_thigh FR=0.795 FL=0.795 RR=0.804 RL=0.804 diff_FLFR=0.000 diff_RLRR=-0.000 q_calf FR=-1.570 FL=-1.570 RR=-1.559 RL=-1.559 diff_FLFR=0.000 diff_RLRR=-0.000
[ros2_control_node-3] [INFO] [1791630153.258069641] [BaseFixedStand]: [STAND-SYMM] phase=1.000 q_thigh FR=0.795 FL=0.795 RR=0.804 RL=0.804 diff_FLFR=0.000 diff_RLRR=-0.000 q_calf FR=-1.570 FL=-1.570 RR=-1.559 RL=-1.559 diff_FLFR=0.000 diff_RLRR=-0.000
[ros2_control_node-3] [INFO] [1791630153.758188743] [BaseFixedStand]: [STAND-SYMM] phase=1.000 q_thigh FR=0.795 FL=0.795 RR=0.804 RL=0.804 diff_FLFR=0.000 diff_RLRR=-0.000 q_calf FR=-1.570 FL=-1.570 RR=-1.559 RL=-1.559 diff_FLFR=0.000 diff_RLRR=-0.000
[ros2_control_node-3] [INFO] [1791630154.257999924] [BaseFixedStand]: [STAND-SYMM] phase=1.000 q_thigh FR=0.795 FL=0.795 RR=0.804 RL=0.804 diff_FLFR=0.000 diff_RLRR=-0.000 q_calf FR=-1.570 FL=-1.570 RR=-1.559 RL=-1.559 diff_FLFR=0.000 diff_RLRR=-0.000
[ros2_control_node-3] [INFO] [1791630154.758130417] [BaseFixedStand]: [STAND-SYMM] phase=1.000 q_thigh FR=0.795 FL=0.795 RR=0.804 RL=0.804 diff_FLFR=0.000 diff_RLRR=-0.000 q_calf FR=-1.570 FL=-1.570 RR=-1.559 RL=-1.559 diff_FLFR=0.000 diff_RLRR=-0.000
[ros2_control_node-3] [INFO] [1791630155.258068132] [BaseFixedStand]: [STAND-SYMM] phase=1.000 q_thigh FR=0.795 FL=0.795 RR=0.804 RL=0.804 diff_FLFR=0.000 diff_RLRR=-0.000 q_calf FR=-1.570 FL=-1.570 RR=-1.559 RL=-1.559 diff_FLFR=0.000 diff_RLRR=-0.000
[ros2_control_node-3] [INFO] [1791630155.758118077] [BaseFixedStand]: [STAND-SYMM] phase=1.000 q_thigh FR=0.795 FL=0.795 RR=0.804 RL=0.804 diff_FLFR=0.000 diff_RLRR=-0.000 q_calf FR=-1.570 FL=-1.570 RR=-1.559 RL=-1.559 diff_FLFR=0.000 diff_RLRR=-0.000
[ros2_control_node-3] [INFO] [1791630156.258150602] [BaseFixedStand]: [STAND-SYMM] phase=1.000 q_thigh FR=0.795 FL=0.795 RR=0.804 RL=0.804 diff_FLFR=0.000 diff_RLRR=-0.000 q_calf FR=-1.570 FL=-1.570 RR=-1.559 RL=-1.559 diff_FLFR=0.000 diff_RLRR=-0.000
[ros2_control_node-3] [INFO] [1791630156.757995386] [BaseFixedStand]: [STAND-SYMM] phase=1.000 q_thigh FR=0.795 FL=0.795 RR=0.804 RL=0.804 diff_FLFR=0.000 diff_RLRR=-0.000 q_calf FR=-1.570 FL=-1.570 RR=-1.559 RL=-1.559 diff_FLFR=0.000 diff_RLRR=-0.000
[ros2_control_node-3] [INFO] [1791630157.258074250] [BaseFixedStand]: [STAND-SYMM] phase=1.000 q_thigh FR=0.795 FL=0.795 RR=0.804 RL=0.804 diff_FLFR=0.000 diff_RLRR=-0.000 q_calf FR=-1.570 FL=-1.570 RR=-1.559 RL=-1.559 diff_FLFR=0.000 diff_RLRR=-0.000
[ros2_control_node-3] [INFO] [1791630157.758165914] [BaseFixedStand]: [STAND-SYMM] phase=1.000 q_thigh FR=0.795 FL=0.795 RR=0.804 RL=0.804 diff_FLFR=0.000 diff_RLRR=-0.000 q_calf FR=-1.570 FL=-1.570 RR=-1.559 RL=-1.559 diff_FLFR=0.000 diff_RLRR=-0.000
[ros2_control_node-3] [INFO] [1791630158.257874440] [BaseFixedStand]: [STAND-SYMM] phase=1.000 q_thigh FR=0.795 FL=0.795 RR=0.804 RL=0.804 diff_FLFR=0.000 diff_RLRR=-0.000 q_calf FR=-1.570 FL=-1.570 RR=-1.559 RL=-1.559 diff_FLFR=0.000 diff_RLRR=-0.000
[ros2_control_node-3] [INFO] [1791630158.758082215] [BaseFixedStand]: [STAND-SYMM] phase=1.000 q_thigh FR=0.795 FL=0.795 RR=0.804 RL=0.804 diff_FLFR=0.000 diff_RLRR=-0.000 q_calf FR=-1.570 FL=-1.570 RR=-1.559 RL=-1.559 diff_FLFR=0.000 diff_RLRR=-0.000
[ros2_control_node-3] [INFO] [1791630159.257983143] [BaseFixedStand]: [STAND-SYMM] phase=1.000 q_thigh FR=0.795 FL=0.795 RR=0.804 RL=0.804 diff_FLFR=0.000 diff_RLRR=-0.000 q_calf FR=-1.570 FL=-1.570 RR=-1.559 RL=-1.559 diff_FLFR=0.000 diff_RLRR=-0.000
[ros2_control_node-3] [INFO] [1791630159.758253401] [BaseFixedStand]: [STAND-SYMM] phase=1.000 q_thigh FR=0.795 FL=0.795 RR=0.804 RL=0.804 diff_FLFR=0.000 diff_RLRR=-0.000 q_calf FR=-1.570 FL=-1.570 RR=-1.559 RL=-1.559 diff_FLFR=0.000 diff_RLRR=-0.000
[ros2_control_node-3] [INFO] [1791630160.258117095] [BaseFixedStand]: [STAND-SYMM] phase=1.000 q_thigh FR=0.795 FL=0.795 RR=0.804 RL=0.804 diff_FLFR=0.000 diff_RLRR=-0.000 q_calf FR=-1.570 FL=-1.570 RR=-1.559 RL=-1.559 diff_FLFR=0.000 diff_RLRR=-0.000
[ros2_control_node-3] [INFO] [1791630160.758185746] [BaseFixedStand]: [STAND-SYMM] phase=1.000 q_thigh FR=0.795 FL=0.795 RR=0.804 RL=0.804 diff_FLFR=0.000 diff_RLRR=-0.000 q_calf FR=-1.570 FL=-1.570 RR=-1.559 RL=-1.559 diff_FLFR=0.000 diff_RLRR=-0.000
[ros2_control_node-3] [INFO] [1791630161.258197629] [BaseFixedStand]: [STAND-SYMM] phase=1.000 q_thigh FR=0.795 FL=0.795 RR=0.804 RL=0.804 diff_FLFR=0.000 diff_RLRR=-0.000 q_calf FR=-1.570 FL=-1.570 RR=-1.559 RL=-1.559 diff_FLFR=0.000 diff_RLRR=-0.000
[ros2_control_node-3] [INFO] [1791630161.758127958] [BaseFixedStand]: [STAND-SYMM] phase=1.000 q_thigh FR=0.795 FL=0.795 RR=0.804 RL=0.804 diff_FLFR=0.000 diff_RLRR=-0.000 q_calf FR=-1.570 FL=-1.570 RR=-1.559 RL=-1.559 diff_FLFR=0.000 diff_RLRR=-0.000
[ros2_control_node-3] [INFO] [1791630162.257975537] [BaseFixedStand]: [STAND-SYMM] phase=1.000 q_thigh FR=0.795 FL=0.795 RR=0.804 RL=0.804 diff_FLFR=0.000 diff_RLRR=-0.000 q_calf FR=-1.570 FL=-1.570 RR=-1.559 RL=-1.559 diff_FLFR=0.000 diff_RLRR=-0.000
[ros2_control_node-3] [INFO] [1791630162.758222452] [BaseFixedStand]: [STAND-SYMM] phase=1.000 q_thigh FR=0.795 FL=0.795 RR=0.804 RL=0.804 diff_FLFR=0.000 diff_RLRR=-0.000 q_calf FR=-1.570 FL=-1.570 RR=-1.559 RL=-1.559 diff_FLFR=0.000 diff_RLRR=-0.000
[ros2_control_node-3] [INFO] [1791630163.258057719] [BaseFixedStand]: [STAND-SYMM] phase=1.000 q_thigh FR=0.795 FL=0.795 RR=0.804 RL=0.804 diff_FLFR=0.000 diff_RLRR=-0.000 q_calf FR=-1.570 FL=-1.570 RR=-1.559 RL=-1.559 diff_FLFR=0.000 diff_RLRR=-0.000
[ros2_control_node-3] [INFO] [1791630163.758210678] [BaseFixedStand]: [STAND-SYMM] phase=1.000 q_thigh FR=0.795 FL=0.795 RR=0.804 RL=0.804 diff_FLFR=0.000 diff_RLRR=-0.000 q_calf FR=-1.570 FL=-1.570 RR=-1.559 RL=-1.559 diff_FLFR=0.000 diff_RLRR=-0.000
[ros2_control_node-3] [INFO] [1791630164.258158521] [BaseFixedStand]: [STAND-SYMM] phase=1.000 q_thigh FR=0.795 FL=0.795 RR=0.804 RL=0.804 diff_FLFR=0.000 diff_RLRR=-0.000 q_calf FR=-1.570 FL=-1.570 RR=-1.559 RL=-1.559 diff_FLFR=0.000 diff_RLRR=-0.000
[ros2_control_node-3] [INFO] [1791630164.758032388] [BaseFixedStand]: [STAND-SYMM] phase=1.000 q_thigh FR=0.795 FL=0.795 RR=0.804 RL=0.804 diff_FLFR=0.000 diff_RLRR=-0.000 q_calf FR=-1.570 FL=-1.570 RR=-1.559 RL=-1.559 diff_FLFR=0.000 diff_RLRR=-0.000
[ros2_control_node-3] [INFO] [1791630165.258023571] [BaseFixedStand]: [STAND-SYMM] phase=1.000 q_thigh FR=0.795 FL=0.795 RR=0.804 RL=0.804 diff_FLFR=0.000 diff_RLRR=-0.000 q_calf FR=-1.570 FL=-1.570 RR=-1.559 RL=-1.559 diff_FLFR=0.000 diff_RLRR=-0.000
[ros2_control_node-3] [INFO] [1791630165.758094723] [BaseFixedStand]: [STAND-SYMM] phase=1.000 q_thigh FR=0.795 FL=0.795 RR=0.804 RL=0.804 diff_FLFR=0.000 diff_RLRR=-0.000 q_calf FR=-1.570 FL=-1.570 RR=-1.559 RL=-1.559 diff_FLFR=0.000 diff_RLRR=-0.000
[ros2_control_node-3] [INFO] [1791630166.258087265] [BaseFixedStand]: [STAND-SYMM] phase=1.000 q_thigh FR=0.795 FL=0.795 RR=0.804 RL=0.804 diff_FLFR=0.000 diff_RLRR=-0.000 q_calf FR=-1.570 FL=-1.570 RR=-1.559 RL=-1.559 diff_FLFR=0.000 diff_RLRR=-0.000
[ros2_control_node-3] [INFO] [1791630166.758098720] [BaseFixedStand]: [STAND-SYMM] phase=1.000 q_thigh FR=0.795 FL=0.795 RR=0.804 RL=0.804 diff_FLFR=0.000 diff_RLRR=-0.000 q_calf FR=-1.570 FL=-1.570 RR=-1.559 RL=-1.559 diff_FLFR=0.000 diff_RLRR=-0.000
[ros2_control_node-3] [INFO] [1791630167.258106530] [BaseFixedStand]: [STAND-SYMM] phase=1.000 q_thigh FR=0.795 FL=0.795 RR=0.804 RL=0.804 diff_FLFR=0.000 diff_RLRR=-0.000 q_calf FR=-1.570 FL=-1.570 RR=-1.559 RL=-1.559 diff_FLFR=0.000 diff_RLRR=-0.000
[ros2_control_node-3] [INFO] [1791630167.758030963] [BaseFixedStand]: [STAND-SYMM] phase=1.000 q_thigh FR=0.795 FL=0.795 RR=0.804 RL=0.803 diff_FLFR=0.000 diff_RLRR=-0.000 q_calf FR=-1.570 FL=-1.570 RR=-1.559 RL=-1.559 diff_FLFR=0.000 diff_RLRR=-0.000
[ros2_control_node-3] [INFO] [1791630168.258099489] [BaseFixedStand]: [STAND-SYMM] phase=1.000 q_thigh FR=0.795 FL=0.795 RR=0.803 RL=0.803 diff_FLFR=0.000 diff_RLRR=-0.000 q_calf FR=-1.570 FL=-1.570 RR=-1.559 RL=-1.559 diff_FLFR=0.000 diff_RLRR=-0.000
[ros2_control_node-3] [INFO] [1791630168.758154006] [BaseFixedStand]: [STAND-SYMM] phase=1.000 q_thigh FR=0.795 FL=0.795 RR=0.803 RL=0.803 diff_FLFR=0.000 diff_RLRR=-0.000 q_calf FR=-1.570 FL=-1.570 RR=-1.559 RL=-1.559 diff_FLFR=0.000 diff_RLRR=-0.000
[ros2_control_node-3] [INFO] [1791630169.258058474] [BaseFixedStand]: [STAND-SYMM] phase=1.000 q_thigh FR=0.795 FL=0.795 RR=0.803 RL=0.803 diff_FLFR=0.000 diff_RLRR=-0.000 q_calf FR=-1.570 FL=-1.570 RR=-1.559 RL=-1.559 diff_FLFR=0.000 diff_RLRR=-0.000
[ros2_control_node-3] [INFO] [1791630169.758126354] [BaseFixedStand]: [STAND-SYMM] phase=1.000 q_thigh FR=0.795 FL=0.795 RR=0.803 RL=0.803 diff_FLFR=0.000 diff_RLRR=-0.000 q_calf FR=-1.570 FL=-1.570 RR=-1.559 RL=-1.559 diff_FLFR=0.000 diff_RLRR=-0.000
[ros2_control_node-3] [INFO] [1791630170.258172070] [BaseFixedStand]: [STAND-SYMM] phase=1.000 q_thigh FR=0.795 FL=0.795 RR=0.803 RL=0.803 diff_FLFR=0.000 diff_RLRR=-0.000 q_calf FR=-1.570 FL=-1.570 RR=-1.559 RL=-1.559 diff_FLFR=0.000 diff_RLRR=-0.000
[ros2_control_node-3] [INFO] [1791630170.758203045] [BaseFixedStand]: [STAND-SYMM] phase=1.000 q_thigh FR=0.795 FL=0.795 RR=0.803 RL=0.803 diff_FLFR=0.000 diff_RLRR=-0.000 q_calf FR=-1.570 FL=-1.570 RR=-1.559 RL=-1.559 diff_FLFR=0.000 diff_RLRR=-0.000
[ros2_control_node-3] [INFO] [1791630171.258100987] [BaseFixedStand]: [STAND-SYMM] phase=1.000 q_thigh FR=0.795 FL=0.795 RR=0.803 RL=0.803 diff_FLFR=0.000 diff_RLRR=-0.000 q_calf FR=-1.570 FL=-1.570 RR=-1.559 RL=-1.559 diff_FLFR=0.000 diff_RLRR=-0.000
[ros2_control_node-3] [INFO] [1791630171.758080675] [BaseFixedStand]: [STAND-SYMM] phase=1.000 q_thigh FR=0.795 FL=0.795 RR=0.803 RL=0.803 diff_FLFR=0.000 diff_RLRR=-0.000 q_calf FR=-1.570 FL=-1.570 RR=-1.559 RL=-1.559 diff_FLFR=0.000 diff_RLRR=-0.000
[ros2_control_node-3] [INFO] [1791630172.258033702] [BaseFixedStand]: [STAND-SYMM] phase=1.000 q_thigh FR=0.795 FL=0.795 RR=0.803 RL=0.803 diff_FLFR=0.000 diff_RLRR=-0.000 q_calf FR=-1.570 FL=-1.570 RR=-1.559 RL=-1.559 diff_FLFR=0.000 diff_RLRR=-0.000
[ros2_control_node-3] [INFO] [1791630172.758086606] [BaseFixedStand]: [STAND-SYMM] phase=1.000 q_thigh FR=0.795 FL=0.795 RR=0.803 RL=0.803 diff_FLFR=0.000 diff_RLRR=-0.000 q_calf FR=-1.570 FL=-1.570 RR=-1.559 RL=-1.559 diff_FLFR=0.000 diff_RLRR=-0.000
[ros2_control_node-3] [INFO] [1791630173.258243418] [BaseFixedStand]: [STAND-SYMM] phase=1.000 q_thigh FR=0.795 FL=0.795 RR=0.803 RL=0.803 diff_FLFR=0.000 diff_RLRR=-0.000 q_calf FR=-1.570 FL=-1.570 RR=-1.559 RL=-1.559 diff_FLFR=0.000 diff_RLRR=-0.000
[ros2_control_node-3] [INFO] [1791630173.757930911] [BaseFixedStand]: [STAND-SYMM] phase=1.000 q_thigh FR=0.795 FL=0.795 RR=0.803 RL=0.803 diff_FLFR=0.000 diff_RLRR=-0.000 q_calf FR=-1.570 FL=-1.570 RR=-1.559 RL=-1.559 diff_FLFR=0.000 diff_RLRR=-0.000
[ros2_control_node-3] [INFO] [1791630174.258125324] [BaseFixedStand]: [STAND-SYMM] phase=1.000 q_thigh FR=0.795 FL=0.795 RR=0.803 RL=0.803 diff_FLFR=0.000 diff_RLRR=-0.000 q_calf FR=-1.570 FL=-1.570 RR=-1.559 RL=-1.559 diff_FLFR=0.000 diff_RLRR=-0.000
[ros2_control_node-3] [INFO] [1791630174.758161339] [BaseFixedStand]: [STAND-SYMM] phase=1.000 q_thigh FR=0.795 FL=0.795 RR=0.803 RL=0.803 diff_FLFR=0.000 diff_RLRR=-0.000 q_calf FR=-1.570 FL=-1.570 RR=-1.559 RL=-1.559 diff_FLFR=0.000 diff_RLRR=-0.000
[ros2_control_node-3] [INFO] [1791630175.258173208] [BaseFixedStand]: [STAND-SYMM] phase=1.000 q_thigh FR=0.795 FL=0.795 RR=0.803 RL=0.803 diff_FLFR=0.000 diff_RLRR=-0.000 q_calf FR=-1.570 FL=-1.570 RR=-1.559 RL=-1.559 diff_FLFR=0.000 diff_RLRR=-0.000
[ros2_control_node-3] [INFO] [1791630175.757955302] [BaseFixedStand]: [STAND-SYMM] phase=1.000 q_thigh FR=0.795 FL=0.795 RR=0.803 RL=0.803 diff_FLFR=0.000 diff_RLRR=-0.000 q_calf FR=-1.570 FL=-1.570 RR=-1.559 RL=-1.559 diff_FLFR=0.000 diff_RLRR=-0.000
[ros2_control_node-3] [INFO] [1791630176.258181392] [BaseFixedStand]: [STAND-SYMM] phase=1.000 q_thigh FR=0.795 FL=0.795 RR=0.803 RL=0.803 diff_FLFR=0.000 diff_RLRR=-0.000 q_calf FR=-1.570 FL=-1.570 RR=-1.559 RL=-1.559 diff_FLFR=0.000 diff_RLRR=-0.000
[ros2_control_node-3] [INFO] [1791630176.758104106] [BaseFixedStand]: [STAND-SYMM] phase=1.000 q_thigh FR=0.795 FL=0.795 RR=0.803 RL=0.803 diff_FLFR=0.000 diff_RLRR=-0.000 q_calf FR=-1.570 FL=-1.570 RR=-1.559 RL=-1.559 diff_FLFR=0.000 diff_RLRR=-0.000
[ros2_control_node-3] [INFO] [1791630177.258210915] [BaseFixedStand]: [STAND-SYMM] phase=1.000 q_thigh FR=0.795 FL=0.795 RR=0.803 RL=0.803 diff_FLFR=0.000 diff_RLRR=-0.000 q_calf FR=-1.570 FL=-1.570 RR=-1.559 RL=-1.559 diff_FLFR=0.000 diff_RLRR=-0.000
[ros2_control_node-3] [INFO] [1791630177.757796257] [BaseFixedStand]: [STAND-SYMM] phase=1.000 q_thigh FR=0.795 FL=0.795 RR=0.803 RL=0.803 diff_FLFR=0.000 diff_RLRR=-0.000 q_calf FR=-1.570 FL=-1.570 RR=-1.559 RL=-1.559 diff_FLFR=0.000 diff_RLRR=-0.000
[ros2_control_node-3] [INFO] [1791630178.257985502] [BaseFixedStand]: [STAND-SYMM] phase=1.000 q_thigh FR=0.795 FL=0.795 RR=0.803 RL=0.803 diff_FLFR=0.000 diff_RLRR=-0.000 q_calf FR=-1.570 FL=-1.570 RR=-1.559 RL=-1.559 diff_FLFR=0.000 diff_RLRR=-0.000
[ros2_control_node-3] [INFO] [1791630178.758006651] [BaseFixedStand]: [STAND-SYMM] phase=1.000 q_thigh FR=0.795 FL=0.795 RR=0.803 RL=0.803 diff_FLFR=0.000 diff_RLRR=-0.000 q_calf FR=-1.570 FL=-1.570 RR=-1.559 RL=-1.559 diff_FLFR=0.000 diff_RLRR=-0.000
[ros2_control_node-3] [INFO] [1791630179.258012078] [BaseFixedStand]: [STAND-SYMM] phase=1.000 q_thigh FR=0.795 FL=0.795 RR=0.803 RL=0.803 diff_FLFR=0.000 diff_RLRR=-0.000 q_calf FR=-1.570 FL=-1.570 RR=-1.559 RL=-1.559 diff_FLFR=0.000 diff_RLRR=-0.000
[ros2_control_node-3] [INFO] [1791630179.758068945] [BaseFixedStand]: [STAND-SYMM] phase=1.000 q_thigh FR=0.795 FL=0.795 RR=0.803 RL=0.803 diff_FLFR=0.000 diff_RLRR=-0.000 q_calf FR=-1.570 FL=-1.570 RR=-1.559 RL=-1.559 diff_FLFR=0.000 diff_RLRR=-0.000
[ros2_control_node-3] [INFO] [1791630180.257980588] [BaseFixedStand]: [STAND-SYMM] phase=1.000 q_thigh FR=0.795 FL=0.795 RR=0.803 RL=0.803 diff_FLFR=0.000 diff_RLRR=-0.000 q_calf FR=-1.570 FL=-1.570 RR=-1.559 RL=-1.559 diff_FLFR=0.000 diff_RLRR=-0.000
[ros2_control_node-3] [INFO] [1791630180.757952210] [BaseFixedStand]: [STAND-SYMM] phase=1.000 q_thigh FR=0.795 FL=0.795 RR=0.803 RL=0.803 diff_FLFR=0.000 diff_RLRR=-0.000 q_calf FR=-1.570 FL=-1.570 RR=-1.559 RL=-1.559 diff_FLFR=0.000 diff_RLRR=-0.000
[ros2_control_node-3] [ERROR] [1791630181.057748596] [rl_quadruped_controller]: [HARD-STOP] command=1 -> forcing PASSIVE
[ros2_control_node-3] [INFO] [1791630181.057933952] [rl_quadruped_controller]: [HARD-STOP-CONFIRMED] command=1 state=PASSIVE steady_ns=37683379549784 changed=1
[WARNING] [launch]: user interrupted with ctrl-c (SIGINT)
[INFO] [ros2_control_node-3]: sending signal 'SIGINT' to process[ros2_control_node-3]
[INFO] [robot_state_publisher-2]: sending signal 'SIGINT' to process[robot_state_publisher-2]
[INFO] [rviz2-1]: sending signal 'SIGINT' to process[rviz2-1]
[rviz2-1] [INFO] [1791630181.060490692] [rclcpp]: signal_handler(SIGINT/SIGTERM)
[robot_state_publisher-2] [INFO] [1791630181.060501364] [rclcpp]: signal_handler(SIGINT/SIGTERM)
[ros2_control_node-3] [INFO] [1791630181.060585572] [rclcpp]: signal_handler(SIGINT/SIGTERM)
[ros2_control_node-3] [INFO] [1791630181.060742418] [controller_manager]: Shutdown request received....
[ros2_control_node-3] [INFO] [1791630181.060880188] [controller_manager]: Shutting down all controllers in the controller manager.
[ros2_control_node-3] [INFO] [1791630181.060973187] [controller_manager]: Deactivating controller 'joint_state_broadcaster'
[ros2_control_node-3] [INFO] [1791630181.061109855] [controller_manager]: Shutting down controller 'joint_state_broadcaster'
[ros2_control_node-3] [INFO] [1791630181.061232958] [controller_manager]: Deactivating controller 'imu_sensor_broadcaster'
[ros2_control_node-3] [INFO] [1791630181.061317372] [controller_manager]: Shutting down controller 'imu_sensor_broadcaster'
[ros2_control_node-3] [INFO] [1791630181.061425111] [controller_manager]: Deactivating controller 'rl_quadruped_controller'
[ros2_control_node-3] [INFO] [1791630181.061621170] [controller_manager]: Shutting down controller 'rl_quadruped_controller'
[ros2_control_node-3] [INFO] [1791630181.061939735] [resource_manager]: 'deactivate' hardware 'UnitreeSystem' 
[ros2_control_node-3] [INFO] [1791630181.062008949] [resource_manager]: Successful 'deactivate' of hardware 'UnitreeSystem'
[ros2_control_node-3] [INFO] [1791630181.062039524] [resource_manager]: 'shutdown' hardware 'UnitreeSystem' 
[ros2_control_node-3] [INFO] [1791630181.062070735] [resource_manager]: Successful 'shutdown' of hardware 'UnitreeSystem'
[ros2_control_node-3] [INFO] [1791630181.062180467] [controller_manager]: Shutting down the controller manager.
[robot_state_publisher-2] [INFO] [1791630181.069626621] [rclcpp]: signal_handler(SIGINT/SIGTERM)
[rviz2-1] [INFO] [1791630181.071686600] [rclcpp]: signal_handler(SIGINT/SIGTERM)
[ERROR] [ros2_control_node-3]: process has died [pid 209573, exit code -2, cmd '/opt/ros/humble/lib/controller_manager/ros2_control_node --ros-args --params-file /home/lidio/quadruped_robots/quadruped_ros2_control_humble/install/go2_description/share/go2_description/config/robot_control.yaml -r ~/robot_description:=/robot_description'].
[INFO] [robot_state_publisher-2]: process has finished cleanly [pid 209571]
[INFO] [rviz2-1]: process has finished cleanly [pid 209569]
