[INFO] [launch]: All log files can be found below /home/lidio/.ros/log/2026-10-08-13-33-58-265229-Estara-184470
[INFO] [launch]: Default logging verbosity is set to INFO
[INFO] [rviz2-1]: process started with pid [184493]
[INFO] [robot_state_publisher-2]: process started with pid [184495]
[INFO] [ros2_control_node-3]: process started with pid [184497]
[INFO] [spawner-4]: process started with pid [184499]
[robot_state_publisher-2] [INFO] [1791437638.414418281] [robot_state_publisher]: got segment FL_calf
[robot_state_publisher-2] [INFO] [1791437638.414527743] [robot_state_publisher]: got segment FL_foot
[robot_state_publisher-2] [INFO] [1791437638.414533766] [robot_state_publisher]: got segment FL_hip
[robot_state_publisher-2] [INFO] [1791437638.414537334] [robot_state_publisher]: got segment FL_thigh
[robot_state_publisher-2] [INFO] [1791437638.414539970] [robot_state_publisher]: got segment FR_calf
[robot_state_publisher-2] [INFO] [1791437638.414542649] [robot_state_publisher]: got segment FR_foot
[robot_state_publisher-2] [INFO] [1791437638.414545304] [robot_state_publisher]: got segment FR_hip
[robot_state_publisher-2] [INFO] [1791437638.414548106] [robot_state_publisher]: got segment FR_thigh
[robot_state_publisher-2] [INFO] [1791437638.414550630] [robot_state_publisher]: got segment RL_calf
[robot_state_publisher-2] [INFO] [1791437638.414553294] [robot_state_publisher]: got segment RL_foot
[robot_state_publisher-2] [INFO] [1791437638.414555792] [robot_state_publisher]: got segment RL_hip
[robot_state_publisher-2] [INFO] [1791437638.414558381] [robot_state_publisher]: got segment RL_thigh
[robot_state_publisher-2] [INFO] [1791437638.414561012] [robot_state_publisher]: got segment RR_calf
[robot_state_publisher-2] [INFO] [1791437638.414563593] [robot_state_publisher]: got segment RR_foot
[robot_state_publisher-2] [INFO] [1791437638.414566152] [robot_state_publisher]: got segment RR_hip
[robot_state_publisher-2] [INFO] [1791437638.414568670] [robot_state_publisher]: got segment RR_thigh
[robot_state_publisher-2] [INFO] [1791437638.414571170] [robot_state_publisher]: got segment base
[robot_state_publisher-2] [INFO] [1791437638.414573807] [robot_state_publisher]: got segment front_camera
[robot_state_publisher-2] [INFO] [1791437638.414576415] [robot_state_publisher]: got segment imu_link
[robot_state_publisher-2] [INFO] [1791437638.414578888] [robot_state_publisher]: got segment lidar
[robot_state_publisher-2] [INFO] [1791437638.414581560] [robot_state_publisher]: got segment trunk
[ros2_control_node-3] [INFO] [1791437638.414498904] [controller_manager]: Subscribing to '~/robot_description' topic for robot description file.
[ros2_control_node-3] [INFO] [1791437638.415263102] [controller_manager]: update rate is 1000 Hz
[ros2_control_node-3] [INFO] [1791437638.415276797] [controller_manager]: Spawning controller_manager RT thread with scheduler priority: 50
[ros2_control_node-3] [WARN] [1791437638.415399332] [controller_manager]: Could not enable FIFO RT scheduling policy: with error number <1>(Operation not permitted). See [https://control.ros.org/master/doc/ros2_control/controller_manager/doc/userdoc.html] for details on how to enable realtime scheduling.
[ros2_control_node-3] [INFO] [1791437638.425896679] [controller_manager]: Received robot description file.
[ros2_control_node-3] [INFO] [1791437638.426237286] [resource_manager]: Loading hardware 'UnitreeSystem' 
[ros2_control_node-3] [INFO] [1791437638.429857895] [resource_manager]: Initialize hardware 'UnitreeSystem' 
[ros2_control_node-3] [INFO] [1791437638.429914565] [unitree_hardware]:  network_interface: lo, domain: 1
[ros2_control_node-3] 1791437638.431600 [1] ros2_contr: selected interface "lo" is not multicast-capable: disabling multicast
[ros2_control_node-3] [INFO] [1791437638.534184850] [unitree_hardware]: [MOTOR-MAP] controller[0] FR_hip_joint -> Unitree motor[0]
[ros2_control_node-3] [INFO] [1791437638.534203829] [unitree_hardware]: [MOTOR-MAP] controller[1] FR_thigh_joint -> Unitree motor[1]
[ros2_control_node-3] [INFO] [1791437638.534206237] [unitree_hardware]: [MOTOR-MAP] controller[2] FR_calf_joint -> Unitree motor[2]
[ros2_control_node-3] [INFO] [1791437638.534208038] [unitree_hardware]: [MOTOR-MAP] controller[3] FL_hip_joint -> Unitree motor[3]
[ros2_control_node-3] [INFO] [1791437638.534209835] [unitree_hardware]: [MOTOR-MAP] controller[4] FL_thigh_joint -> Unitree motor[4]
[ros2_control_node-3] [INFO] [1791437638.534211620] [unitree_hardware]: [MOTOR-MAP] controller[5] FL_calf_joint -> Unitree motor[5]
[ros2_control_node-3] [INFO] [1791437638.534213384] [unitree_hardware]: [MOTOR-MAP] controller[6] RR_hip_joint -> Unitree motor[6]
[ros2_control_node-3] [INFO] [1791437638.534215155] [unitree_hardware]: [MOTOR-MAP] controller[7] RR_thigh_joint -> Unitree motor[7]
[ros2_control_node-3] [INFO] [1791437638.534216896] [unitree_hardware]: [MOTOR-MAP] controller[8] RR_calf_joint -> Unitree motor[8]
[ros2_control_node-3] [INFO] [1791437638.534218645] [unitree_hardware]: [MOTOR-MAP] controller[9] RL_hip_joint -> Unitree motor[9]
[ros2_control_node-3] [INFO] [1791437638.534220385] [unitree_hardware]: [MOTOR-MAP] controller[10] RL_thigh_joint -> Unitree motor[10]
[ros2_control_node-3] [INFO] [1791437638.534222230] [unitree_hardware]: [MOTOR-MAP] controller[11] RL_calf_joint -> Unitree motor[11]
[ros2_control_node-3] [INFO] [1791437638.534624347] [resource_manager]: Successful initialization of hardware 'UnitreeSystem'
[ros2_control_node-3] [INFO] [1791437638.534748404] [resource_manager]: 'configure' hardware 'UnitreeSystem' 
[ros2_control_node-3] [INFO] [1791437638.534754787] [resource_manager]: Successful 'configure' of hardware 'UnitreeSystem'
[ros2_control_node-3] [INFO] [1791437638.534768754] [resource_manager]: 'activate' hardware 'UnitreeSystem' 
[ros2_control_node-3] [INFO] [1791437638.534772257] [resource_manager]: Successful 'activate' of hardware 'UnitreeSystem'
[spawner-4] [INFO] [1791437638.648591207] [spawner_joint_state_broadcaster]: waiting for service /controller_manager/list_controllers to become available...
[rviz2-1] [INFO] [1791437638.889859928] [rviz2]: Stereo is NOT SUPPORTED
[rviz2-1] [INFO] [1791437638.889939432] [rviz2]: OpenGl version: 4.6 (GLSL 4.6)
[ros2_control_node-3] [INFO] [1791437638.900428234] [controller_manager]: Loading controller 'joint_state_broadcaster'
[spawner-4] [INFO] [1791437638.906265253] [spawner_joint_state_broadcaster]: [94mLoaded [1mjoint_state_broadcaster[0m
[ros2_control_node-3] [INFO] [1791437638.906958801] [controller_manager]: Configuring controller 'joint_state_broadcaster'
[ros2_control_node-3] [INFO] [1791437638.907063114] [joint_state_broadcaster]: 'joints' or 'interfaces' parameter is empty. All available state interfaces will be published
[rviz2-1] [INFO] [1791437638.907658008] [rviz2]: Stereo is NOT SUPPORTED
[spawner-4] [INFO] [1791437638.916422087] [spawner_joint_state_broadcaster]: [92mConfigured and activated [1mjoint_state_broadcaster[0m
[INFO] [spawner-4]: process has finished cleanly [pid 184499]
[INFO] [spawner-5]: process started with pid [184621]
[spawner-5] [INFO] [1791437639.349082518] [spawner_imu_sensor_broadcaster]: waiting for service /controller_manager/list_controllers to become available...
[ros2_control_node-3] [INFO] [1791437639.602979144] [controller_manager]: Loading controller 'imu_sensor_broadcaster'
[spawner-5] [INFO] [1791437639.616907895] [spawner_imu_sensor_broadcaster]: [94mLoaded [1mimu_sensor_broadcaster[0m
[ros2_control_node-3] [INFO] [1791437639.618634681] [controller_manager]: Configuring controller 'imu_sensor_broadcaster'
[spawner-5] [INFO] [1791437639.627244846] [spawner_imu_sensor_broadcaster]: [92mConfigured and activated [1mimu_sensor_broadcaster[0m
[INFO] [spawner-5]: process has finished cleanly [pid 184621]
[INFO] [spawner-6]: process started with pid [184678]
[spawner-6] [INFO] [1791437640.088191122] [spawner_rl_quadruped_controller]: waiting for service /controller_manager/list_controllers to become available...
[ros2_control_node-3] [INFO] [1791437642.095827694] [controller_manager]: Loading controller 'rl_quadruped_controller'
[ros2_control_node-3] [INFO] [1791437642.356600404] [rl_quadruped_controller]: Controller Update Rate: 200 Hz
[ros2_control_node-3] [INFO] [1791437642.356657518] [rl_quadruped_controller]: Enable Estimator
[ros2_control_node-3] dt: 0.005
[spawner-6] [INFO] [1791437642.358769197] [spawner_rl_quadruped_controller]: [94mLoaded [1mrl_quadruped_controller[0m
[ros2_control_node-3] [INFO] [1791437642.359862674] [controller_manager]: Configuring controller 'rl_quadruped_controller'
[ros2_control_node-3] [INFO] [1791437642.363798814] [rl_quadruped_controller]: [VERIFY] joint interface order: FR_hip_joint FR_thigh_joint FR_calf_joint ... RL_calf_joint
[ros2_control_node-3] [INFO] [1791437642.363895619] [rl_quadruped_controller]: Using robot model from go2_description
[ros2_control_node-3] [INFO] [1791437642.366586048] [rl_quadruped_controller]: [S1-RUN-SOURCE] pid=184497 package_share=/tmp/s1_04_overlay/share/go2_description config=/tmp/s1_04_overlay/share/go2_description/config/abs/config.yaml agile_model=/tmp/s1_04_overlay/share/go2_description/config/abs/policy.pt ra_model=/tmp/s1_04_overlay/share/go2_description/config/abs/ra_value.pt candidate=paper_faithful_switch entry_threshold=-0.050000 goal=(1.000,0.000)
[ros2_control_node-3] [INFO] [1791437642.366685504] [rl_quadruped_controller]: Model loading: policy.pt
[ros2_control_node-3] robot_legs_.size(): 4
[ros2_control_node-3] [INFO] [1791437642.384938280] [rl_quadruped_controller]: [VERIFY] num_observations=61, num_of_dofs=12
[ros2_control_node-3] [INFO] [1791437642.384988488] [rl_quadruped_controller]: [VERIFY] observations order: contact ang_vel gravity_vec commands timer dof_pos dof_vel actions ray2d 
[ros2_control_node-3] [INFO] [1791437642.385074145] [rl_quadruped_controller]: [VERIFY] rl_kp[0]=30.00, rl_kd[0]=0.65
[ros2_control_node-3] [INFO] [1791437642.385086225] [rl_quadruped_controller]: [VERIFY] scales: action=0.25 lin_vel=1.00 ang_vel=1.00 dof_pos=1.00 dof_vel=0.20
[ros2_control_node-3] [INFO] [1791437642.385099345] [rl_quadruped_controller]: [VERIFY] default_dof_pos: 0.0000 0.8000 -1.5000 (first 3 joints = FR hip/thigh/calf)
[ros2_control_node-3] [INFO] [1791437642.385106290] [rl_quadruped_controller]: [VERIFY] ABS: max_ep_len=9.0s contact_thr=1.0N ray2d_count=11 ray2d_max_range=6.0m
[ros2_control_node-3] [INFO] [1791437642.385112230] [rl_quadruped_controller]: [VERIFY] decimation=4 frequency=200Hz dt=0.0200s
[ros2_control_node-3] [INFO] [1791437642.385117771] [rl_quadruped_controller]: [VERIFY] use_rl_thread=false policy_joint_order=ros1_fl_fr_rl_rr
[ros2_control_node-3] [INFO] [1791437642.388171657] [rl_quadruped_controller]: [RA] Value network loaded: ra_value.pt
[ros2_control_node-3] [INFO] [1791437642.392255529] [rl_quadruped_controller]: [REC] Recovery policy loaded: /tmp/s1_04_overlay/share/go2_description/config/rec/policy.pt
[ros2_control_node-3] [INFO] [1791437642.392810708] [rl_quadruped_controller]: StateRLRec: Loading recovery model: policy.pt
[ros2_control_node-3] [INFO] [1791437642.396479700] [rl_quadruped_controller]: [REC-VERIFY] num_observations=49, num_of_dofs=12
[ros2_control_node-3] [INFO] [1791437642.396567139] [rl_quadruped_controller]: [REC-VERIFY] observations: contact ang_vel gravity_vec commands dof_pos dof_vel actions 
[ros2_control_node-3] [INFO] [1791437642.396613836] [rl_quadruped_controller]: [REC-VERIFY] rl_kp[0]=30.00, rl_kd[0]=0.65
[ros2_control_node-3] [INFO] [1791437642.396624628] [rl_quadruped_controller]: [REC-VERIFY] action_scale=0.25 dof_vel_scale=0.20 contact_thr=1.0N
[spawner-6] [INFO] [1791437642.398144831] [spawner_rl_quadruped_controller]: [92mConfigured and activated [1mrl_quadruped_controller[0m
[INFO] [spawner-6]: process has finished cleanly [pid 184678]
[ros2_control_node-3] [INFO] [1791437650.404973000] [rl_quadruped_controller]: Switched from passive to fixed down
[ros2_control_node-3] [INFO] [1791437652.419943747] [rl_quadruped_controller]: Switched from fixed down to fixed stand
[ros2_control_node-3] [INFO] [1791437652.430044148] [BaseFixedStand]: [STAND-SYMM] phase=0.004 q_thigh FR=1.256 FL=1.256 RR=1.342 RL=1.342 diff_FLFR=0.000 diff_RLRR=-0.000 q_calf FR=-2.732 FL=-2.732 RR=-2.743 RL=-2.743 diff_FLFR=0.000 diff_RLRR=-0.000
[ros2_control_node-3] [INFO] [1791437652.929944120] [BaseFixedStand]: [STAND-SYMM] phase=0.398 q_thigh FR=1.074 FL=1.074 RR=1.132 RL=1.132 diff_FLFR=0.000 diff_RLRR=-0.000 q_calf FR=-2.366 FL=-2.366 RR=-2.392 RL=-2.392 diff_FLFR=-0.000 diff_RLRR=0.000
[ros2_control_node-3] [INFO] [1791437653.429969665] [BaseFixedStand]: [STAND-SYMM] phase=0.684 q_thigh FR=0.939 FL=0.939 RR=0.976 RL=0.976 diff_FLFR=0.000 diff_RLRR=-0.000 q_calf FR=-1.996 FL=-1.996 RR=-2.009 RL=-2.009 diff_FLFR=-0.000 diff_RLRR=-0.000
[ros2_control_node-3] [INFO] [1791437653.930049697] [BaseFixedStand]: [STAND-SYMM] phase=0.849 q_thigh FR=0.862 FL=0.862 RR=0.887 RL=0.887 diff_FLFR=0.000 diff_RLRR=-0.000 q_calf FR=-1.778 FL=-1.778 RR=-1.779 RL=-1.779 diff_FLFR=-0.000 diff_RLRR=-0.000
[ros2_control_node-3] [INFO] [1791437654.430036333] [BaseFixedStand]: [STAND-SYMM] phase=0.932 q_thigh FR=0.823 FL=0.823 RR=0.842 RL=0.842 diff_FLFR=0.000 diff_RLRR=-0.000 q_calf FR=-1.667 FL=-1.667 RR=-1.663 RL=-1.663 diff_FLFR=-0.000 diff_RLRR=-0.000
[ros2_control_node-3] [INFO] [1791437654.930149544] [BaseFixedStand]: [STAND-SYMM] phase=0.970 q_thigh FR=0.806 FL=0.806 RR=0.822 RL=0.822 diff_FLFR=0.000 diff_RLRR=-0.000 q_calf FR=-1.616 FL=-1.616 RR=-1.609 RL=-1.609 diff_FLFR=0.000 diff_RLRR=-0.000
[ros2_control_node-3] [INFO] [1791437655.429855922] [BaseFixedStand]: [STAND-SYMM] phase=0.987 q_thigh FR=0.798 FL=0.798 RR=0.813 RL=0.813 diff_FLFR=0.000 diff_RLRR=-0.000 q_calf FR=-1.593 FL=-1.593 RR=-1.584 RL=-1.584 diff_FLFR=0.000 diff_RLRR=-0.000
[ros2_control_node-3] [INFO] [1791437655.929814932] [BaseFixedStand]: [STAND-SYMM] phase=0.994 q_thigh FR=0.794 FL=0.794 RR=0.808 RL=0.808 diff_FLFR=0.000 diff_RLRR=-0.000 q_calf FR=-1.583 FL=-1.583 RR=-1.573 RL=-1.573 diff_FLFR=0.000 diff_RLRR=-0.000
[ros2_control_node-3] [INFO] [1791437656.430034493] [BaseFixedStand]: [STAND-SYMM] phase=0.997 q_thigh FR=0.792 FL=0.792 RR=0.806 RL=0.806 diff_FLFR=0.000 diff_RLRR=-0.000 q_calf FR=-1.577 FL=-1.577 RR=-1.567 RL=-1.567 diff_FLFR=0.000 diff_RLRR=-0.000
[ros2_control_node-3] [INFO] [1791437656.929676093] [BaseFixedStand]: [STAND-SYMM] phase=0.999 q_thigh FR=0.791 FL=0.791 RR=0.805 RL=0.805 diff_FLFR=0.000 diff_RLRR=-0.000 q_calf FR=-1.574 FL=-1.574 RR=-1.564 RL=-1.564 diff_FLFR=0.000 diff_RLRR=-0.000
[ros2_control_node-3] [INFO] [1791437657.429883520] [BaseFixedStand]: [STAND-SYMM] phase=1.000 q_thigh FR=0.791 FL=0.791 RR=0.804 RL=0.804 diff_FLFR=0.000 diff_RLRR=-0.000 q_calf FR=-1.573 FL=-1.573 RR=-1.562 RL=-1.562 diff_FLFR=0.000 diff_RLRR=-0.000
[ros2_control_node-3] [INFO] [1791437657.859655146] [rl_quadruped_controller]: Switched from fixed stand to rl
[ros2_control_node-3] [INFO] [1791437657.864789877] [StateRL]: [Ray2D] Shared memory connected: /mujoco_ray2d
[ros2_control_node-3] [INFO] [1791437657.864840744] [StateRL]: [RtFrame] Shared memory initialized: /mujoco_rt_frame session_id=19444219130639 writer_pid=184497
[ros2_control_node-3] [INFO] [1791437657.865120337] [StateRL]: [RL] enable_estimator_=1 rec_loaded=1 ra_loaded=1 ra_threshold=-0.0500
[ros2_control_node-3] [INFO] [1791437657.865130958] [StateRL]: [RL] Ray2d: shm connected, policy active
[ros2_control_node-3] [INFO] [1791437657.894069277] [StateRL]: [PATH] start=(-0.03,0.00) goal=(1.00,0.00) tracking=1 lateral_gain=2.50 heading_gain=2.50
[ros2_control_node-3] [INFO] [1791437657.894128665] [StateRL]: [GOAL] 位置=(-0.03,0.00) 偏航=-0.00 目标=(1.00,0.00) 距离=1.03 机体系=(1.03,0.00) 航向=0.00 path_err=0.00 path_on=1
[ros2_control_node-3] [INFO] [1791437657.931808513] [StateRL]: [RA] ra=-0.9644 ray2d=[1.13 0.95 2.05 2.58 2.58 2.58 2.14 0.77 0.87 2.58 2.58]
[ros2_control_node-3] [INFO] [1791437657.933918812] [StateRL]: [EVAL] step=0 t=0.000 robot=(-0.034,0.000) yaw=-0.000 goal=(1.000,0.000) dist=1.034 body=(1.034,0.000) heading=0.000 arrived=0 ra=-0.96441 entry=-0.05000 recovery=0 hold=0 twist=(0.000,0.000,0.000) min_ray_log=0.772 max_ray_log=2.585 min_ray_m=1.708 lin_vel=(0.001,0.000,-0.074) ang_vel=(-0.000,0.053,-0.000) action_range=(-0.517,1.997) contact=(1,1,1,1)
[ros2_control_node-3] [INFO] [1791437658.386490506] [StateRL]: [EVAL] step=25 t=0.500 robot=(-0.093,-0.002) yaw=-0.002 goal=(1.000,0.000) dist=1.093 body=(1.093,0.010) heading=0.023 arrived=0 ra=-0.95694 entry=-0.05000 recovery=0 hold=0 twist=(0.000,0.000,0.000) min_ray_log=0.819 max_ray_log=2.585 min_ray_m=1.764 lin_vel=(-0.033,0.038,0.407) ang_vel=(-0.108,0.338,-0.033) action_range=(-1.264,2.183) contact=(1,1,1,1)
[WARNING] [launch]: user interrupted with ctrl-c (SIGINT)
[robot_state_publisher-2] [INFO] [1791437658.640630312] [rclcpp]: signal_handler(SIGINT/SIGTERM)
[INFO] [ros2_control_node-3]: sending signal 'SIGINT' to process[ros2_control_node-3]
[INFO] [robot_state_publisher-2]: sending signal 'SIGINT' to process[robot_state_publisher-2]
[INFO] [rviz2-1]: sending signal 'SIGINT' to process[rviz2-1]
[ros2_control_node-3] [INFO] [1791437658.641581134] [rclcpp]: signal_handler(SIGINT/SIGTERM)
[ros2_control_node-3] [INFO] [1791437658.642318148] [controller_manager]: Shutdown request received....
[ros2_control_node-3] [INFO] [1791437658.642470430] [controller_manager]: Shutting down all controllers in the controller manager.
[ros2_control_node-3] [INFO] [1791437658.642562537] [controller_manager]: Deactivating controller 'joint_state_broadcaster'
[ros2_control_node-3] [INFO] [1791437658.642658583] [controller_manager]: Shutting down controller 'joint_state_broadcaster'
[ros2_control_node-3] [INFO] [1791437658.642744163] [controller_manager]: Deactivating controller 'imu_sensor_broadcaster'
[ros2_control_node-3] [INFO] [1791437658.642805126] [controller_manager]: Shutting down controller 'imu_sensor_broadcaster'
[ros2_control_node-3] [INFO] [1791437658.642891174] [controller_manager]: Deactivating controller 'rl_quadruped_controller'
[ros2_control_node-3] [INFO] [1791437658.642998798] [controller_manager]: Shutting down controller 'rl_quadruped_controller'
[ros2_control_node-3] [INFO] [1791437658.643091757] [resource_manager]: 'deactivate' hardware 'UnitreeSystem' 
[ros2_control_node-3] [INFO] [1791437658.643134039] [resource_manager]: Successful 'deactivate' of hardware 'UnitreeSystem'
[ros2_control_node-3] [INFO] [1791437658.643149951] [resource_manager]: 'shutdown' hardware 'UnitreeSystem' 
[ros2_control_node-3] [INFO] [1791437658.643172510] [resource_manager]: Successful 'shutdown' of hardware 'UnitreeSystem'
[ros2_control_node-3] [INFO] [1791437658.643204787] [controller_manager]: Shutting down the controller manager.
[rviz2-1] [INFO] [1791437658.642745725] [rclcpp]: signal_handler(SIGINT/SIGTERM)
[ERROR] [robot_state_publisher-2]: process has died [pid 184495, exit code -2, cmd '/opt/ros/humble/lib/robot_state_publisher/robot_state_publisher --ros-args -r __node:=robot_state_publisher --params-file /tmp/launch_params_5_uc2w9g'].
[ERROR] [ros2_control_node-3]: process has died [pid 184497, exit code -2, cmd '/opt/ros/humble/lib/controller_manager/ros2_control_node --ros-args --params-file /tmp/s1_04_overlay/share/go2_description/config/robot_control.yaml -r ~/robot_description:=/robot_description'].
[ERROR] [rviz2-1]: process has died [pid 184493, exit code -2, cmd '/opt/ros/humble/lib/rviz2/rviz2 -d /tmp/s1_04_overlay/share/go2_description/config/visualize_urdf.rviz --ros-args -r __node:=rviz_ocs2'].
