[INFO] [launch]: All log files can be found below /home/lidio/.ros/log/2026-10-10-19-03-48-889307-Estara-213831
[INFO] [launch]: Default logging verbosity is set to INFO
[INFO] [rviz2-1]: process started with pid [213854]
[INFO] [robot_state_publisher-2]: process started with pid [213856]
[INFO] [ros2_control_node-3]: process started with pid [213858]
[INFO] [spawner-4]: process started with pid [213860]
[ros2_control_node-3] [INFO] [1791630229.051912259] [controller_manager]: Subscribing to '~/robot_description' topic for robot description file.
[ros2_control_node-3] [INFO] [1791630229.052481694] [controller_manager]: update rate is 1000 Hz
[ros2_control_node-3] [INFO] [1791630229.052498317] [controller_manager]: Spawning controller_manager RT thread with scheduler priority: 50
[ros2_control_node-3] [WARN] [1791630229.052592133] [controller_manager]: Could not enable FIFO RT scheduling policy: with error number <1>(Operation not permitted). See [https://control.ros.org/master/doc/ros2_control/controller_manager/doc/userdoc.html] for details on how to enable realtime scheduling.
[robot_state_publisher-2] [INFO] [1791630229.060245849] [robot_state_publisher]: got segment FL_calf
[robot_state_publisher-2] [INFO] [1791630229.060327306] [robot_state_publisher]: got segment FL_foot
[robot_state_publisher-2] [INFO] [1791630229.060332290] [robot_state_publisher]: got segment FL_hip
[robot_state_publisher-2] [INFO] [1791630229.060335249] [robot_state_publisher]: got segment FL_thigh
[robot_state_publisher-2] [INFO] [1791630229.060337797] [robot_state_publisher]: got segment FR_calf
[robot_state_publisher-2] [INFO] [1791630229.060340310] [robot_state_publisher]: got segment FR_foot
[robot_state_publisher-2] [INFO] [1791630229.060342770] [robot_state_publisher]: got segment FR_hip
[robot_state_publisher-2] [INFO] [1791630229.060345353] [robot_state_publisher]: got segment FR_thigh
[robot_state_publisher-2] [INFO] [1791630229.060347844] [robot_state_publisher]: got segment RL_calf
[robot_state_publisher-2] [INFO] [1791630229.060350300] [robot_state_publisher]: got segment RL_foot
[robot_state_publisher-2] [INFO] [1791630229.060352703] [robot_state_publisher]: got segment RL_hip
[robot_state_publisher-2] [INFO] [1791630229.060355223] [robot_state_publisher]: got segment RL_thigh
[robot_state_publisher-2] [INFO] [1791630229.060357640] [robot_state_publisher]: got segment RR_calf
[robot_state_publisher-2] [INFO] [1791630229.060360120] [robot_state_publisher]: got segment RR_foot
[robot_state_publisher-2] [INFO] [1791630229.060362627] [robot_state_publisher]: got segment RR_hip
[robot_state_publisher-2] [INFO] [1791630229.060365183] [robot_state_publisher]: got segment RR_thigh
[robot_state_publisher-2] [INFO] [1791630229.060367705] [robot_state_publisher]: got segment base
[robot_state_publisher-2] [INFO] [1791630229.060370212] [robot_state_publisher]: got segment front_camera
[robot_state_publisher-2] [INFO] [1791630229.060372780] [robot_state_publisher]: got segment imu_link
[robot_state_publisher-2] [INFO] [1791630229.060375391] [robot_state_publisher]: got segment lidar
[robot_state_publisher-2] [INFO] [1791630229.060377849] [robot_state_publisher]: got segment trunk
[ros2_control_node-3] [INFO] [1791630229.060536430] [controller_manager]: Received robot description file.
[ros2_control_node-3] [INFO] [1791630229.061127380] [resource_manager]: Loading hardware 'UnitreeSystem' 
[ros2_control_node-3] [INFO] [1791630229.065123677] [resource_manager]: Initialize hardware 'UnitreeSystem' 
[ros2_control_node-3] [INFO] [1791630229.065183785] [unitree_hardware]:  network_interface: lo, domain: 1
[ros2_control_node-3] 1791630229.066881 [1] ros2_contr: selected interface "lo" is not multicast-capable: disabling multicast
[ros2_control_node-3] [INFO] [1791630229.170505882] [unitree_hardware]: [MOTOR-MAP] controller[0] FR_hip_joint -> Unitree motor[0]
[ros2_control_node-3] [INFO] [1791630229.170534379] [unitree_hardware]: [MOTOR-MAP] controller[1] FR_thigh_joint -> Unitree motor[1]
[ros2_control_node-3] [INFO] [1791630229.170537112] [unitree_hardware]: [MOTOR-MAP] controller[2] FR_calf_joint -> Unitree motor[2]
[ros2_control_node-3] [INFO] [1791630229.170539096] [unitree_hardware]: [MOTOR-MAP] controller[3] FL_hip_joint -> Unitree motor[3]
[ros2_control_node-3] [INFO] [1791630229.170540983] [unitree_hardware]: [MOTOR-MAP] controller[4] FL_thigh_joint -> Unitree motor[4]
[ros2_control_node-3] [INFO] [1791630229.170542890] [unitree_hardware]: [MOTOR-MAP] controller[5] FL_calf_joint -> Unitree motor[5]
[ros2_control_node-3] [INFO] [1791630229.170544752] [unitree_hardware]: [MOTOR-MAP] controller[6] RR_hip_joint -> Unitree motor[6]
[ros2_control_node-3] [INFO] [1791630229.170546638] [unitree_hardware]: [MOTOR-MAP] controller[7] RR_thigh_joint -> Unitree motor[7]
[ros2_control_node-3] [INFO] [1791630229.170548467] [unitree_hardware]: [MOTOR-MAP] controller[8] RR_calf_joint -> Unitree motor[8]
[ros2_control_node-3] [INFO] [1791630229.170550313] [unitree_hardware]: [MOTOR-MAP] controller[9] RL_hip_joint -> Unitree motor[9]
[ros2_control_node-3] [INFO] [1791630229.170552234] [unitree_hardware]: [MOTOR-MAP] controller[10] RL_thigh_joint -> Unitree motor[10]
[ros2_control_node-3] [INFO] [1791630229.170554355] [unitree_hardware]: [MOTOR-MAP] controller[11] RL_calf_joint -> Unitree motor[11]
[ros2_control_node-3] [INFO] [1791630229.170992965] [resource_manager]: Successful initialization of hardware 'UnitreeSystem'
[ros2_control_node-3] [INFO] [1791630229.171128858] [resource_manager]: 'configure' hardware 'UnitreeSystem' 
[ros2_control_node-3] [INFO] [1791630229.171138743] [resource_manager]: Successful 'configure' of hardware 'UnitreeSystem'
[ros2_control_node-3] [INFO] [1791630229.171155268] [resource_manager]: 'activate' hardware 'UnitreeSystem' 
[ros2_control_node-3] [INFO] [1791630229.171159067] [resource_manager]: Successful 'activate' of hardware 'UnitreeSystem'
[spawner-4] [INFO] [1791630229.279595772] [spawner_joint_state_broadcaster]: waiting for service /controller_manager/list_controllers to become available...
[rviz2-1] [INFO] [1791630229.519159161] [rviz2]: Stereo is NOT SUPPORTED
[rviz2-1] [INFO] [1791630229.519265236] [rviz2]: OpenGl version: 4.6 (GLSL 4.6)
[ros2_control_node-3] [INFO] [1791630229.532032064] [controller_manager]: Loading controller 'joint_state_broadcaster'
[rviz2-1] [INFO] [1791630229.537432253] [rviz2]: Stereo is NOT SUPPORTED
[spawner-4] [INFO] [1791630229.538677973] [spawner_joint_state_broadcaster]: [94mLoaded [1mjoint_state_broadcaster[0m
[ros2_control_node-3] [INFO] [1791630229.539550503] [controller_manager]: Configuring controller 'joint_state_broadcaster'
[ros2_control_node-3] [INFO] [1791630229.539733606] [joint_state_broadcaster]: 'joints' or 'interfaces' parameter is empty. All available state interfaces will be published
[spawner-4] [INFO] [1791630229.549241685] [spawner_joint_state_broadcaster]: [92mConfigured and activated [1mjoint_state_broadcaster[0m
[INFO] [spawner-4]: process has finished cleanly [pid 213860]
[INFO] [spawner-5]: process started with pid [214015]
[ros2_control_node-3] [INFO] [1791630229.944305442] [controller_manager]: Loading controller 'imu_sensor_broadcaster'
[spawner-5] [INFO] [1791630229.967371804] [spawner_imu_sensor_broadcaster]: [94mLoaded [1mimu_sensor_broadcaster[0m
[ros2_control_node-3] [INFO] [1791630229.968292677] [controller_manager]: Configuring controller 'imu_sensor_broadcaster'
[spawner-5] [INFO] [1791630229.972804468] [spawner_imu_sensor_broadcaster]: [92mConfigured and activated [1mimu_sensor_broadcaster[0m
[INFO] [spawner-5]: process has finished cleanly [pid 214015]
[INFO] [spawner-6]: process started with pid [214047]
[ros2_control_node-3] [INFO] [1791630230.422544767] [controller_manager]: Loading controller 'rl_quadruped_controller'
[ros2_control_node-3] [INFO] [1791630230.653727606] [rl_quadruped_controller]: Controller Update Rate: 200 Hz
[ros2_control_node-3] [INFO] [1791630230.653754839] [rl_quadruped_controller]: Enable Estimator
[ros2_control_node-3] dt: 0.005
[spawner-6] [INFO] [1791630230.664346538] [spawner_rl_quadruped_controller]: [94mLoaded [1mrl_quadruped_controller[0m
[ros2_control_node-3] [INFO] [1791630230.665210999] [controller_manager]: Configuring controller 'rl_quadruped_controller'
[ros2_control_node-3] [INFO] [1791630230.669242589] [rl_quadruped_controller]: [FOOT-LOANED] index=0 name=foot_force/FR
[ros2_control_node-3] [INFO] [1791630230.669288689] [rl_quadruped_controller]: [FOOT-LOANED] index=1 name=foot_force/FL
[ros2_control_node-3] [INFO] [1791630230.669301331] [rl_quadruped_controller]: [FOOT-LOANED] index=2 name=foot_force/RR
[ros2_control_node-3] [INFO] [1791630230.669311880] [rl_quadruped_controller]: [FOOT-LOANED] index=3 name=foot_force/RL
[ros2_control_node-3] [INFO] [1791630230.669353917] [rl_quadruped_controller]: [VERIFY] joint interface order: FR_hip_joint FR_thigh_joint FR_calf_joint ... RL_calf_joint
[ros2_control_node-3] [INFO] [1791630230.669521710] [rl_quadruped_controller]: Using robot model from go2_description
[ros2_control_node-3] [INFO] [1791630230.672871438] [rl_quadruped_controller]: [S1-RUN-SOURCE] pid=213858 package_share=/home/lidio/quadruped_robots/quadruped_ros2_control_humble/install/go2_description/share/go2_description config=/home/lidio/quadruped_robots/quadruped_ros2_control_humble/install/go2_description/share/go2_description/config/abs/config.yaml agile_model=/home/lidio/quadruped_robots/quadruped_ros2_control_humble/install/go2_description/share/go2_description/config/abs/policy.pt ra_model=/home/lidio/quadruped_robots/quadruped_ros2_control_humble/install/go2_description/share/go2_description/config/abs/ra_value.pt candidate=paper_faithful_switch group=A entry_threshold=-0.05 effective_exit_threshold=-0.05 hysteresis=false hold=false goal=(7.000,0.000)
[ros2_control_node-3] [INFO] [1791630230.672996204] [rl_quadruped_controller]: [S2-SWITCH-CONFIG] group=A entry_threshold=-0.05 effective_exit_threshold=-0.05 hysteresis=false hold=false
[ros2_control_node-3] [INFO] [1791630230.673033755] [rl_quadruped_controller]: Model loading: policy.pt
[ros2_control_node-3] robot_legs_.size(): 4
[ros2_control_node-3] [INFO] [1791630230.692388315] [rl_quadruped_controller]: [VERIFY] num_observations=61, num_of_dofs=12
[ros2_control_node-3] [INFO] [1791630230.692447453] [rl_quadruped_controller]: [VERIFY] observations order: contact ang_vel gravity_vec commands timer dof_pos dof_vel actions ray2d 
[ros2_control_node-3] [INFO] [1791630230.692523459] [rl_quadruped_controller]: [VERIFY] rl_kp[0]=30.00, rl_kd[0]=0.65
[ros2_control_node-3] [INFO] [1791630230.692534955] [rl_quadruped_controller]: [VERIFY] scales: action=0.25 lin_vel=1.00 ang_vel=1.00 dof_pos=1.00 dof_vel=0.20
[ros2_control_node-3] [INFO] [1791630230.692547621] [rl_quadruped_controller]: [VERIFY] default_dof_pos: 0.0000 0.8000 -1.5000 (first 3 joints = FR hip/thigh/calf)
[ros2_control_node-3] [INFO] [1791630230.692553957] [rl_quadruped_controller]: [VERIFY] ABS: max_ep_len=9.0s contact_thr=1.0N ray2d_count=11 ray2d_max_range=6.0m
[ros2_control_node-3] [INFO] [1791630230.692559221] [rl_quadruped_controller]: [VERIFY] decimation=4 frequency=200Hz dt=0.0200s
[ros2_control_node-3] [INFO] [1791630230.692564440] [rl_quadruped_controller]: [VERIFY] use_rl_thread=false policy_joint_order=ros1_fl_fr_rl_rr
[ros2_control_node-3] [INFO] [1791630230.695855260] [rl_quadruped_controller]: [RA] Value network loaded: ra_value.pt
[ros2_control_node-3] [INFO] [1791630230.701085568] [rl_quadruped_controller]: [REC] Recovery policy loaded: /home/lidio/quadruped_robots/quadruped_ros2_control_humble/install/go2_description/share/go2_description/config/rec/policy.pt
[ros2_control_node-3] [INFO] [1791630230.701775698] [rl_quadruped_controller]: StateRLRec: Loading recovery model: policy.pt
[ros2_control_node-3] [INFO] [1791630230.705508691] [rl_quadruped_controller]: [REC-VERIFY] num_observations=49, num_of_dofs=12
[ros2_control_node-3] [INFO] [1791630230.705593231] [rl_quadruped_controller]: [REC-VERIFY] observations: contact ang_vel gravity_vec commands dof_pos dof_vel actions 
[ros2_control_node-3] [INFO] [1791630230.705697879] [rl_quadruped_controller]: [REC-VERIFY] rl_kp[0]=30.00, rl_kd[0]=0.65
[ros2_control_node-3] [INFO] [1791630230.705715315] [rl_quadruped_controller]: [REC-VERIFY] action_scale=0.25 dof_vel_scale=0.20 contact_thr=1.0N
[spawner-6] [INFO] [1791630230.707102730] [spawner_rl_quadruped_controller]: [92mConfigured and activated [1mrl_quadruped_controller[0m
[INFO] [spawner-6]: process has finished cleanly [pid 214047]
[ros2_control_node-3] [INFO] [1791630244.017371960] [rl_quadruped_controller]: Switched from passive to fixed down
[ros2_control_node-3] [INFO] [1791630245.827629386] [rl_quadruped_controller]: Switched from fixed down to fixed stand
[ros2_control_node-3] [INFO] [1791630245.837507110] [BaseFixedStand]: [STAND-SYMM] phase=0.004 q_thigh FR=1.255 FL=1.255 RR=1.352 RL=1.352 diff_FLFR=0.000 diff_RLRR=-0.000 q_calf FR=-2.732 FL=-2.732 RR=-2.743 RL=-2.743 diff_FLFR=-0.000 diff_RLRR=-0.000
[ros2_control_node-3] [INFO] [1791630246.337367673] [BaseFixedStand]: [STAND-SYMM] phase=0.398 q_thigh FR=1.074 FL=1.074 RR=1.139 RL=1.139 diff_FLFR=0.000 diff_RLRR=-0.000 q_calf FR=-2.367 FL=-2.367 RR=-2.393 RL=-2.393 diff_FLFR=-0.000 diff_RLRR=0.000
[ros2_control_node-3] [INFO] [1791630246.837590364] [BaseFixedStand]: [STAND-SYMM] phase=0.684 q_thigh FR=0.938 FL=0.938 RR=0.980 RL=0.980 diff_FLFR=0.000 diff_RLRR=-0.000 q_calf FR=-1.996 FL=-1.996 RR=-2.010 RL=-2.010 diff_FLFR=-0.000 diff_RLRR=-0.000
[ros2_control_node-3] [INFO] [1791630247.337404627] [BaseFixedStand]: [STAND-SYMM] phase=0.849 q_thigh FR=0.860 FL=0.860 RR=0.889 RL=0.889 diff_FLFR=0.000 diff_RLRR=-0.000 q_calf FR=-1.778 FL=-1.778 RR=-1.779 RL=-1.779 diff_FLFR=-0.000 diff_RLRR=-0.000
[ros2_control_node-3] [INFO] [1791630247.837524864] [BaseFixedStand]: [STAND-SYMM] phase=0.932 q_thigh FR=0.822 FL=0.822 RR=0.844 RL=0.844 diff_FLFR=0.000 diff_RLRR=-0.000 q_calf FR=-1.668 FL=-1.668 RR=-1.663 RL=-1.663 diff_FLFR=-0.000 diff_RLRR=-0.000
[ros2_control_node-3] [INFO] [1791630248.337551062] [BaseFixedStand]: [STAND-SYMM] phase=0.970 q_thigh FR=0.804 FL=0.804 RR=0.823 RL=0.823 diff_FLFR=0.000 diff_RLRR=-0.000 q_calf FR=-1.617 FL=-1.617 RR=-1.609 RL=-1.609 diff_FLFR=0.000 diff_RLRR=-0.000
[ros2_control_node-3] [INFO] [1791630248.837437146] [BaseFixedStand]: [STAND-SYMM] phase=0.987 q_thigh FR=0.796 FL=0.796 RR=0.814 RL=0.814 diff_FLFR=0.000 diff_RLRR=-0.000 q_calf FR=-1.594 FL=-1.594 RR=-1.584 RL=-1.584 diff_FLFR=0.000 diff_RLRR=-0.000
[ros2_control_node-3] [INFO] [1791630249.337550618] [BaseFixedStand]: [STAND-SYMM] phase=0.994 q_thigh FR=0.792 FL=0.792 RR=0.810 RL=0.810 diff_FLFR=0.000 diff_RLRR=-0.000 q_calf FR=-1.584 FL=-1.584 RR=-1.573 RL=-1.573 diff_FLFR=0.000 diff_RLRR=-0.000
[ros2_control_node-3] [INFO] [1791630249.837449000] [BaseFixedStand]: [STAND-SYMM] phase=0.997 q_thigh FR=0.790 FL=0.790 RR=0.807 RL=0.807 diff_FLFR=0.000 diff_RLRR=-0.000 q_calf FR=-1.578 FL=-1.578 RR=-1.567 RL=-1.567 diff_FLFR=0.000 diff_RLRR=-0.000
[ros2_control_node-3] [INFO] [1791630250.337631365] [BaseFixedStand]: [STAND-SYMM] phase=0.999 q_thigh FR=0.789 FL=0.789 RR=0.806 RL=0.806 diff_FLFR=0.000 diff_RLRR=-0.000 q_calf FR=-1.575 FL=-1.575 RR=-1.564 RL=-1.564 diff_FLFR=0.000 diff_RLRR=-0.000
[ros2_control_node-3] [INFO] [1791630250.837302270] [BaseFixedStand]: [STAND-SYMM] phase=1.000 q_thigh FR=0.789 FL=0.789 RR=0.805 RL=0.805 diff_FLFR=0.000 diff_RLRR=-0.000 q_calf FR=-1.573 FL=-1.573 RR=-1.562 RL=-1.562 diff_FLFR=0.000 diff_RLRR=-0.000
[ros2_control_node-3] [INFO] [1791630251.337414217] [BaseFixedStand]: [STAND-SYMM] phase=1.000 q_thigh FR=0.789 FL=0.789 RR=0.805 RL=0.805 diff_FLFR=0.000 diff_RLRR=-0.000 q_calf FR=-1.573 FL=-1.573 RR=-1.561 RL=-1.561 diff_FLFR=0.000 diff_RLRR=-0.000
[ros2_control_node-3] [INFO] [1791630251.837586064] [BaseFixedStand]: [STAND-SYMM] phase=1.000 q_thigh FR=0.790 FL=0.790 RR=0.805 RL=0.805 diff_FLFR=0.000 diff_RLRR=-0.000 q_calf FR=-1.572 FL=-1.572 RR=-1.560 RL=-1.560 diff_FLFR=0.000 diff_RLRR=-0.000
[ros2_control_node-3] [INFO] [1791630252.337436014] [BaseFixedStand]: [STAND-SYMM] phase=1.000 q_thigh FR=0.790 FL=0.790 RR=0.806 RL=0.806 diff_FLFR=0.000 diff_RLRR=-0.000 q_calf FR=-1.572 FL=-1.572 RR=-1.559 RL=-1.559 diff_FLFR=0.000 diff_RLRR=-0.000
[ros2_control_node-3] [INFO] [1791630252.837448677] [BaseFixedStand]: [STAND-SYMM] phase=1.000 q_thigh FR=0.791 FL=0.791 RR=0.806 RL=0.806 diff_FLFR=0.000 diff_RLRR=-0.000 q_calf FR=-1.572 FL=-1.572 RR=-1.559 RL=-1.559 diff_FLFR=0.000 diff_RLRR=-0.000
[ros2_control_node-3] [INFO] [1791630253.337552187] [BaseFixedStand]: [STAND-SYMM] phase=1.000 q_thigh FR=0.791 FL=0.791 RR=0.806 RL=0.806 diff_FLFR=0.000 diff_RLRR=-0.000 q_calf FR=-1.572 FL=-1.572 RR=-1.558 RL=-1.558 diff_FLFR=0.000 diff_RLRR=-0.000
[ros2_control_node-3] [INFO] [1791630253.837429952] [BaseFixedStand]: [STAND-SYMM] phase=1.000 q_thigh FR=0.791 FL=0.791 RR=0.806 RL=0.806 diff_FLFR=0.000 diff_RLRR=-0.000 q_calf FR=-1.572 FL=-1.572 RR=-1.558 RL=-1.558 diff_FLFR=0.000 diff_RLRR=-0.000
[ros2_control_node-3] [INFO] [1791630254.337474968] [BaseFixedStand]: [STAND-SYMM] phase=1.000 q_thigh FR=0.792 FL=0.792 RR=0.806 RL=0.806 diff_FLFR=0.000 diff_RLRR=-0.000 q_calf FR=-1.572 FL=-1.572 RR=-1.558 RL=-1.558 diff_FLFR=0.000 diff_RLRR=-0.000
[ros2_control_node-3] [INFO] [1791630254.837346621] [BaseFixedStand]: [STAND-SYMM] phase=1.000 q_thigh FR=0.792 FL=0.792 RR=0.806 RL=0.806 diff_FLFR=0.000 diff_RLRR=-0.000 q_calf FR=-1.572 FL=-1.572 RR=-1.557 RL=-1.557 diff_FLFR=0.000 diff_RLRR=-0.000
[ros2_control_node-3] [INFO] [1791630255.337494817] [BaseFixedStand]: [STAND-SYMM] phase=1.000 q_thigh FR=0.792 FL=0.792 RR=0.806 RL=0.806 diff_FLFR=0.000 diff_RLRR=-0.000 q_calf FR=-1.572 FL=-1.572 RR=-1.557 RL=-1.557 diff_FLFR=0.000 diff_RLRR=-0.000
[ros2_control_node-3] [INFO] [1791630255.837605300] [BaseFixedStand]: [STAND-SYMM] phase=1.000 q_thigh FR=0.792 FL=0.792 RR=0.806 RL=0.806 diff_FLFR=0.000 diff_RLRR=-0.000 q_calf FR=-1.572 FL=-1.572 RR=-1.557 RL=-1.557 diff_FLFR=0.000 diff_RLRR=-0.000
[ros2_control_node-3] [INFO] [1791630256.337527812] [BaseFixedStand]: [STAND-SYMM] phase=1.000 q_thigh FR=0.792 FL=0.792 RR=0.806 RL=0.806 diff_FLFR=0.000 diff_RLRR=-0.000 q_calf FR=-1.572 FL=-1.572 RR=-1.557 RL=-1.557 diff_FLFR=0.000 diff_RLRR=-0.000
[ros2_control_node-3] [INFO] [1791630256.837377656] [BaseFixedStand]: [STAND-SYMM] phase=1.000 q_thigh FR=0.793 FL=0.793 RR=0.807 RL=0.807 diff_FLFR=0.000 diff_RLRR=-0.000 q_calf FR=-1.572 FL=-1.572 RR=-1.557 RL=-1.557 diff_FLFR=0.000 diff_RLRR=-0.000
[ros2_control_node-3] [INFO] [1791630257.337306533] [BaseFixedStand]: [STAND-SYMM] phase=1.000 q_thigh FR=0.793 FL=0.793 RR=0.807 RL=0.807 diff_FLFR=0.000 diff_RLRR=-0.000 q_calf FR=-1.572 FL=-1.572 RR=-1.557 RL=-1.557 diff_FLFR=0.000 diff_RLRR=-0.000
[ros2_control_node-3] [INFO] [1791630257.837556005] [BaseFixedStand]: [STAND-SYMM] phase=1.000 q_thigh FR=0.793 FL=0.793 RR=0.807 RL=0.807 diff_FLFR=0.000 diff_RLRR=-0.000 q_calf FR=-1.572 FL=-1.572 RR=-1.556 RL=-1.556 diff_FLFR=0.000 diff_RLRR=-0.000
[ros2_control_node-3] [INFO] [1791630258.337333426] [BaseFixedStand]: [STAND-SYMM] phase=1.000 q_thigh FR=0.793 FL=0.793 RR=0.807 RL=0.807 diff_FLFR=0.000 diff_RLRR=-0.000 q_calf FR=-1.572 FL=-1.572 RR=-1.556 RL=-1.556 diff_FLFR=0.000 diff_RLRR=-0.000
[ros2_control_node-3] [INFO] [1791630258.837468682] [BaseFixedStand]: [STAND-SYMM] phase=1.000 q_thigh FR=0.793 FL=0.793 RR=0.807 RL=0.807 diff_FLFR=0.000 diff_RLRR=-0.000 q_calf FR=-1.572 FL=-1.572 RR=-1.556 RL=-1.556 diff_FLFR=0.000 diff_RLRR=-0.000
[ros2_control_node-3] [INFO] [1791630259.337334284] [BaseFixedStand]: [STAND-SYMM] phase=1.000 q_thigh FR=0.793 FL=0.793 RR=0.807 RL=0.807 diff_FLFR=0.000 diff_RLRR=-0.000 q_calf FR=-1.572 FL=-1.572 RR=-1.556 RL=-1.556 diff_FLFR=0.000 diff_RLRR=-0.000
[ros2_control_node-3] [INFO] [1791630259.837530036] [BaseFixedStand]: [STAND-SYMM] phase=1.000 q_thigh FR=0.793 FL=0.793 RR=0.807 RL=0.807 diff_FLFR=0.000 diff_RLRR=-0.000 q_calf FR=-1.571 FL=-1.571 RR=-1.556 RL=-1.556 diff_FLFR=0.000 diff_RLRR=-0.000
[ros2_control_node-3] [INFO] [1791630260.337524699] [BaseFixedStand]: [STAND-SYMM] phase=1.000 q_thigh FR=0.793 FL=0.793 RR=0.807 RL=0.807 diff_FLFR=0.000 diff_RLRR=-0.000 q_calf FR=-1.571 FL=-1.571 RR=-1.556 RL=-1.556 diff_FLFR=0.000 diff_RLRR=-0.000
[ros2_control_node-3] [INFO] [1791630260.837655359] [BaseFixedStand]: [STAND-SYMM] phase=1.000 q_thigh FR=0.793 FL=0.793 RR=0.807 RL=0.807 diff_FLFR=0.000 diff_RLRR=-0.000 q_calf FR=-1.571 FL=-1.571 RR=-1.556 RL=-1.556 diff_FLFR=0.000 diff_RLRR=-0.000
[ros2_control_node-3] [INFO] [1791630261.337469221] [BaseFixedStand]: [STAND-SYMM] phase=1.000 q_thigh FR=0.793 FL=0.793 RR=0.807 RL=0.807 diff_FLFR=0.000 diff_RLRR=-0.000 q_calf FR=-1.571 FL=-1.571 RR=-1.556 RL=-1.556 diff_FLFR=0.000 diff_RLRR=-0.000
[ros2_control_node-3] [INFO] [1791630261.837443152] [BaseFixedStand]: [STAND-SYMM] phase=1.000 q_thigh FR=0.793 FL=0.793 RR=0.807 RL=0.807 diff_FLFR=0.000 diff_RLRR=-0.000 q_calf FR=-1.571 FL=-1.571 RR=-1.556 RL=-1.556 diff_FLFR=0.000 diff_RLRR=-0.000
[ros2_control_node-3] [INFO] [1791630262.337584162] [BaseFixedStand]: [STAND-SYMM] phase=1.000 q_thigh FR=0.793 FL=0.793 RR=0.807 RL=0.807 diff_FLFR=0.000 diff_RLRR=-0.000 q_calf FR=-1.571 FL=-1.571 RR=-1.556 RL=-1.556 diff_FLFR=0.000 diff_RLRR=-0.000
[ros2_control_node-3] [INFO] [1791630262.837379203] [BaseFixedStand]: [STAND-SYMM] phase=1.000 q_thigh FR=0.793 FL=0.793 RR=0.807 RL=0.807 diff_FLFR=0.000 diff_RLRR=-0.000 q_calf FR=-1.571 FL=-1.571 RR=-1.556 RL=-1.556 diff_FLFR=0.000 diff_RLRR=-0.000
[ros2_control_node-3] [INFO] [1791630263.337531538] [BaseFixedStand]: [STAND-SYMM] phase=1.000 q_thigh FR=0.793 FL=0.793 RR=0.807 RL=0.807 diff_FLFR=0.000 diff_RLRR=-0.000 q_calf FR=-1.571 FL=-1.571 RR=-1.556 RL=-1.556 diff_FLFR=0.000 diff_RLRR=-0.000
[ros2_control_node-3] [INFO] [1791630263.837562516] [BaseFixedStand]: [STAND-SYMM] phase=1.000 q_thigh FR=0.793 FL=0.793 RR=0.807 RL=0.807 diff_FLFR=0.000 diff_RLRR=-0.000 q_calf FR=-1.571 FL=-1.571 RR=-1.556 RL=-1.556 diff_FLFR=0.000 diff_RLRR=-0.000
[ros2_control_node-3] [INFO] [1791630264.337653565] [BaseFixedStand]: [STAND-SYMM] phase=1.000 q_thigh FR=0.793 FL=0.793 RR=0.807 RL=0.807 diff_FLFR=0.000 diff_RLRR=-0.000 q_calf FR=-1.571 FL=-1.571 RR=-1.556 RL=-1.556 diff_FLFR=0.000 diff_RLRR=-0.000
[ros2_control_node-3] [INFO] [1791630264.837415307] [BaseFixedStand]: [STAND-SYMM] phase=1.000 q_thigh FR=0.793 FL=0.793 RR=0.807 RL=0.807 diff_FLFR=0.000 diff_RLRR=-0.000 q_calf FR=-1.571 FL=-1.571 RR=-1.556 RL=-1.556 diff_FLFR=0.000 diff_RLRR=-0.000
[ros2_control_node-3] [INFO] [1791630265.337491239] [BaseFixedStand]: [STAND-SYMM] phase=1.000 q_thigh FR=0.793 FL=0.793 RR=0.807 RL=0.807 diff_FLFR=0.000 diff_RLRR=-0.000 q_calf FR=-1.571 FL=-1.571 RR=-1.556 RL=-1.556 diff_FLFR=0.000 diff_RLRR=-0.000
[ros2_control_node-3] [INFO] [1791630265.837501804] [BaseFixedStand]: [STAND-SYMM] phase=1.000 q_thigh FR=0.793 FL=0.793 RR=0.807 RL=0.807 diff_FLFR=0.000 diff_RLRR=-0.000 q_calf FR=-1.571 FL=-1.571 RR=-1.556 RL=-1.556 diff_FLFR=0.000 diff_RLRR=-0.000
[ros2_control_node-3] [INFO] [1791630266.337485978] [BaseFixedStand]: [STAND-SYMM] phase=1.000 q_thigh FR=0.793 FL=0.793 RR=0.807 RL=0.807 diff_FLFR=0.000 diff_RLRR=-0.000 q_calf FR=-1.571 FL=-1.571 RR=-1.556 RL=-1.556 diff_FLFR=0.000 diff_RLRR=-0.000
[ros2_control_node-3] [INFO] [1791630266.837515540] [BaseFixedStand]: [STAND-SYMM] phase=1.000 q_thigh FR=0.793 FL=0.793 RR=0.807 RL=0.807 diff_FLFR=0.000 diff_RLRR=-0.000 q_calf FR=-1.571 FL=-1.571 RR=-1.556 RL=-1.556 diff_FLFR=0.000 diff_RLRR=-0.000
[ros2_control_node-3] [INFO] [1791630267.337545377] [BaseFixedStand]: [STAND-SYMM] phase=1.000 q_thigh FR=0.794 FL=0.794 RR=0.807 RL=0.807 diff_FLFR=0.000 diff_RLRR=-0.000 q_calf FR=-1.571 FL=-1.571 RR=-1.556 RL=-1.556 diff_FLFR=0.000 diff_RLRR=-0.000
[ros2_control_node-3] [INFO] [1791630267.837334813] [BaseFixedStand]: [STAND-SYMM] phase=1.000 q_thigh FR=0.794 FL=0.794 RR=0.807 RL=0.807 diff_FLFR=0.000 diff_RLRR=-0.000 q_calf FR=-1.571 FL=-1.571 RR=-1.556 RL=-1.556 diff_FLFR=0.000 diff_RLRR=-0.000
[ros2_control_node-3] [INFO] [1791630268.337488348] [BaseFixedStand]: [STAND-SYMM] phase=1.000 q_thigh FR=0.794 FL=0.794 RR=0.807 RL=0.807 diff_FLFR=0.000 diff_RLRR=-0.000 q_calf FR=-1.571 FL=-1.571 RR=-1.556 RL=-1.556 diff_FLFR=0.000 diff_RLRR=-0.000
[ros2_control_node-3] [INFO] [1791630268.837533671] [BaseFixedStand]: [STAND-SYMM] phase=1.000 q_thigh FR=0.794 FL=0.794 RR=0.807 RL=0.807 diff_FLFR=0.000 diff_RLRR=-0.000 q_calf FR=-1.571 FL=-1.571 RR=-1.556 RL=-1.556 diff_FLFR=0.000 diff_RLRR=-0.000
[ros2_control_node-3] [INFO] [1791630269.337483623] [BaseFixedStand]: [STAND-SYMM] phase=1.000 q_thigh FR=0.794 FL=0.794 RR=0.807 RL=0.807 diff_FLFR=0.000 diff_RLRR=-0.000 q_calf FR=-1.571 FL=-1.571 RR=-1.556 RL=-1.556 diff_FLFR=0.000 diff_RLRR=-0.000
[ros2_control_node-3] [INFO] [1791630269.837459321] [BaseFixedStand]: [STAND-SYMM] phase=1.000 q_thigh FR=0.794 FL=0.794 RR=0.807 RL=0.807 diff_FLFR=0.000 diff_RLRR=-0.000 q_calf FR=-1.571 FL=-1.571 RR=-1.556 RL=-1.556 diff_FLFR=0.000 diff_RLRR=-0.000
[ros2_control_node-3] [INFO] [1791630270.337784757] [BaseFixedStand]: [STAND-SYMM] phase=1.000 q_thigh FR=0.794 FL=0.794 RR=0.807 RL=0.807 diff_FLFR=0.000 diff_RLRR=-0.000 q_calf FR=-1.571 FL=-1.571 RR=-1.556 RL=-1.556 diff_FLFR=0.000 diff_RLRR=-0.000
[ros2_control_node-3] [INFO] [1791630270.837359578] [BaseFixedStand]: [STAND-SYMM] phase=1.000 q_thigh FR=0.794 FL=0.794 RR=0.806 RL=0.806 diff_FLFR=0.000 diff_RLRR=-0.000 q_calf FR=-1.571 FL=-1.571 RR=-1.556 RL=-1.556 diff_FLFR=0.000 diff_RLRR=-0.000
[ros2_control_node-3] [INFO] [1791630271.337406541] [BaseFixedStand]: [STAND-SYMM] phase=1.000 q_thigh FR=0.794 FL=0.794 RR=0.806 RL=0.806 diff_FLFR=0.000 diff_RLRR=-0.000 q_calf FR=-1.571 FL=-1.571 RR=-1.556 RL=-1.556 diff_FLFR=0.000 diff_RLRR=-0.000
[ros2_control_node-3] [INFO] [1791630271.837559353] [BaseFixedStand]: [STAND-SYMM] phase=1.000 q_thigh FR=0.794 FL=0.794 RR=0.806 RL=0.806 diff_FLFR=0.000 diff_RLRR=-0.000 q_calf FR=-1.571 FL=-1.571 RR=-1.556 RL=-1.556 diff_FLFR=0.000 diff_RLRR=-0.000
[ros2_control_node-3] [INFO] [1791630272.337555958] [BaseFixedStand]: [STAND-SYMM] phase=1.000 q_thigh FR=0.794 FL=0.794 RR=0.806 RL=0.806 diff_FLFR=0.000 diff_RLRR=-0.000 q_calf FR=-1.571 FL=-1.571 RR=-1.556 RL=-1.556 diff_FLFR=0.000 diff_RLRR=-0.000
[ros2_control_node-3] [INFO] [1791630272.837530831] [BaseFixedStand]: [STAND-SYMM] phase=1.000 q_thigh FR=0.794 FL=0.794 RR=0.806 RL=0.806 diff_FLFR=0.000 diff_RLRR=-0.000 q_calf FR=-1.571 FL=-1.571 RR=-1.556 RL=-1.556 diff_FLFR=0.000 diff_RLRR=-0.000
[ros2_control_node-3] [INFO] [1791630273.337595096] [BaseFixedStand]: [STAND-SYMM] phase=1.000 q_thigh FR=0.794 FL=0.794 RR=0.806 RL=0.806 diff_FLFR=0.000 diff_RLRR=-0.000 q_calf FR=-1.571 FL=-1.571 RR=-1.556 RL=-1.556 diff_FLFR=0.000 diff_RLRR=-0.000
[ros2_control_node-3] [INFO] [1791630273.837664350] [BaseFixedStand]: [STAND-SYMM] phase=1.000 q_thigh FR=0.794 FL=0.794 RR=0.806 RL=0.806 diff_FLFR=0.000 diff_RLRR=-0.000 q_calf FR=-1.571 FL=-1.571 RR=-1.556 RL=-1.556 diff_FLFR=0.000 diff_RLRR=-0.000
[ros2_control_node-3] [INFO] [1791630274.337383435] [BaseFixedStand]: [STAND-SYMM] phase=1.000 q_thigh FR=0.794 FL=0.794 RR=0.806 RL=0.806 diff_FLFR=0.000 diff_RLRR=-0.000 q_calf FR=-1.571 FL=-1.571 RR=-1.556 RL=-1.556 diff_FLFR=0.000 diff_RLRR=-0.000
[ros2_control_node-3] [INFO] [1791630274.837541514] [BaseFixedStand]: [STAND-SYMM] phase=1.000 q_thigh FR=0.794 FL=0.794 RR=0.806 RL=0.806 diff_FLFR=0.000 diff_RLRR=-0.000 q_calf FR=-1.571 FL=-1.571 RR=-1.556 RL=-1.556 diff_FLFR=0.000 diff_RLRR=-0.000
[ros2_control_node-3] [INFO] [1791630275.337554009] [BaseFixedStand]: [STAND-SYMM] phase=1.000 q_thigh FR=0.794 FL=0.794 RR=0.806 RL=0.806 diff_FLFR=0.000 diff_RLRR=-0.000 q_calf FR=-1.571 FL=-1.571 RR=-1.556 RL=-1.556 diff_FLFR=0.000 diff_RLRR=-0.000
[ros2_control_node-3] [INFO] [1791630275.837623565] [BaseFixedStand]: [STAND-SYMM] phase=1.000 q_thigh FR=0.794 FL=0.794 RR=0.806 RL=0.806 diff_FLFR=0.000 diff_RLRR=-0.000 q_calf FR=-1.571 FL=-1.571 RR=-1.556 RL=-1.556 diff_FLFR=0.000 diff_RLRR=-0.000
[ros2_control_node-3] [INFO] [1791630276.337452616] [BaseFixedStand]: [STAND-SYMM] phase=1.000 q_thigh FR=0.794 FL=0.794 RR=0.806 RL=0.806 diff_FLFR=0.000 diff_RLRR=-0.000 q_calf FR=-1.571 FL=-1.571 RR=-1.556 RL=-1.556 diff_FLFR=0.000 diff_RLRR=-0.000
[ros2_control_node-3] [INFO] [1791630276.837461328] [BaseFixedStand]: [STAND-SYMM] phase=1.000 q_thigh FR=0.794 FL=0.794 RR=0.806 RL=0.806 diff_FLFR=0.000 diff_RLRR=-0.000 q_calf FR=-1.571 FL=-1.571 RR=-1.556 RL=-1.556 diff_FLFR=0.000 diff_RLRR=-0.000
[ros2_control_node-3] [INFO] [1791630277.337381553] [BaseFixedStand]: [STAND-SYMM] phase=1.000 q_thigh FR=0.794 FL=0.794 RR=0.806 RL=0.806 diff_FLFR=0.000 diff_RLRR=-0.000 q_calf FR=-1.571 FL=-1.571 RR=-1.556 RL=-1.556 diff_FLFR=0.000 diff_RLRR=-0.000
[ros2_control_node-3] [INFO] [1791630277.837403157] [BaseFixedStand]: [STAND-SYMM] phase=1.000 q_thigh FR=0.794 FL=0.794 RR=0.806 RL=0.806 diff_FLFR=0.000 diff_RLRR=-0.000 q_calf FR=-1.571 FL=-1.571 RR=-1.557 RL=-1.557 diff_FLFR=0.000 diff_RLRR=-0.000
[ros2_control_node-3] [INFO] [1791630278.337732781] [BaseFixedStand]: [STAND-SYMM] phase=1.000 q_thigh FR=0.794 FL=0.794 RR=0.806 RL=0.806 diff_FLFR=0.000 diff_RLRR=-0.000 q_calf FR=-1.571 FL=-1.571 RR=-1.557 RL=-1.557 diff_FLFR=0.000 diff_RLRR=-0.000
[ros2_control_node-3] [INFO] [1791630278.837311403] [BaseFixedStand]: [STAND-SYMM] phase=1.000 q_thigh FR=0.794 FL=0.794 RR=0.806 RL=0.806 diff_FLFR=0.000 diff_RLRR=-0.000 q_calf FR=-1.571 FL=-1.571 RR=-1.557 RL=-1.557 diff_FLFR=0.000 diff_RLRR=-0.000
[ros2_control_node-3] [INFO] [1791630279.337625204] [BaseFixedStand]: [STAND-SYMM] phase=1.000 q_thigh FR=0.794 FL=0.794 RR=0.806 RL=0.806 diff_FLFR=0.000 diff_RLRR=-0.000 q_calf FR=-1.571 FL=-1.571 RR=-1.557 RL=-1.557 diff_FLFR=0.000 diff_RLRR=-0.000
[ros2_control_node-3] [INFO] [1791630279.837470077] [BaseFixedStand]: [STAND-SYMM] phase=1.000 q_thigh FR=0.794 FL=0.794 RR=0.806 RL=0.806 diff_FLFR=0.000 diff_RLRR=-0.000 q_calf FR=-1.571 FL=-1.571 RR=-1.557 RL=-1.557 diff_FLFR=0.000 diff_RLRR=-0.000
[ros2_control_node-3] [INFO] [1791630280.337511758] [BaseFixedStand]: [STAND-SYMM] phase=1.000 q_thigh FR=0.794 FL=0.794 RR=0.806 RL=0.806 diff_FLFR=0.000 diff_RLRR=-0.000 q_calf FR=-1.571 FL=-1.571 RR=-1.557 RL=-1.557 diff_FLFR=0.000 diff_RLRR=-0.000
[ros2_control_node-3] [INFO] [1791630280.837538972] [BaseFixedStand]: [STAND-SYMM] phase=1.000 q_thigh FR=0.794 FL=0.794 RR=0.806 RL=0.806 diff_FLFR=0.000 diff_RLRR=-0.000 q_calf FR=-1.571 FL=-1.571 RR=-1.557 RL=-1.557 diff_FLFR=0.000 diff_RLRR=-0.000
[ros2_control_node-3] [INFO] [1791630281.337494540] [BaseFixedStand]: [STAND-SYMM] phase=1.000 q_thigh FR=0.794 FL=0.794 RR=0.806 RL=0.806 diff_FLFR=0.000 diff_RLRR=-0.000 q_calf FR=-1.571 FL=-1.571 RR=-1.557 RL=-1.557 diff_FLFR=0.000 diff_RLRR=-0.000
[ros2_control_node-3] [INFO] [1791630281.837533705] [BaseFixedStand]: [STAND-SYMM] phase=1.000 q_thigh FR=0.794 FL=0.794 RR=0.806 RL=0.806 diff_FLFR=0.000 diff_RLRR=-0.000 q_calf FR=-1.571 FL=-1.571 RR=-1.557 RL=-1.557 diff_FLFR=0.000 diff_RLRR=-0.000
[ros2_control_node-3] [INFO] [1791630282.337531345] [BaseFixedStand]: [STAND-SYMM] phase=1.000 q_thigh FR=0.794 FL=0.794 RR=0.806 RL=0.806 diff_FLFR=0.000 diff_RLRR=-0.000 q_calf FR=-1.571 FL=-1.571 RR=-1.557 RL=-1.557 diff_FLFR=0.000 diff_RLRR=-0.000
[ros2_control_node-3] [INFO] [1791630282.837590822] [BaseFixedStand]: [STAND-SYMM] phase=1.000 q_thigh FR=0.794 FL=0.794 RR=0.806 RL=0.806 diff_FLFR=0.000 diff_RLRR=-0.000 q_calf FR=-1.571 FL=-1.571 RR=-1.557 RL=-1.557 diff_FLFR=0.000 diff_RLRR=-0.000
[ros2_control_node-3] [INFO] [1791630283.337363035] [BaseFixedStand]: [STAND-SYMM] phase=1.000 q_thigh FR=0.794 FL=0.794 RR=0.806 RL=0.806 diff_FLFR=0.000 diff_RLRR=-0.000 q_calf FR=-1.571 FL=-1.571 RR=-1.557 RL=-1.557 diff_FLFR=0.000 diff_RLRR=-0.000
[ros2_control_node-3] [INFO] [1791630283.837346477] [BaseFixedStand]: [STAND-SYMM] phase=1.000 q_thigh FR=0.794 FL=0.794 RR=0.806 RL=0.806 diff_FLFR=0.000 diff_RLRR=-0.000 q_calf FR=-1.571 FL=-1.571 RR=-1.557 RL=-1.557 diff_FLFR=0.000 diff_RLRR=-0.000
[ros2_control_node-3] [INFO] [1791630284.337359767] [BaseFixedStand]: [STAND-SYMM] phase=1.000 q_thigh FR=0.794 FL=0.794 RR=0.806 RL=0.806 diff_FLFR=0.000 diff_RLRR=-0.000 q_calf FR=-1.571 FL=-1.571 RR=-1.557 RL=-1.557 diff_FLFR=0.000 diff_RLRR=-0.000
[ros2_control_node-3] [INFO] [1791630284.837383290] [BaseFixedStand]: [STAND-SYMM] phase=1.000 q_thigh FR=0.794 FL=0.794 RR=0.806 RL=0.806 diff_FLFR=0.000 diff_RLRR=-0.000 q_calf FR=-1.571 FL=-1.571 RR=-1.557 RL=-1.557 diff_FLFR=0.000 diff_RLRR=-0.000
[ros2_control_node-3] [INFO] [1791630285.337626898] [BaseFixedStand]: [STAND-SYMM] phase=1.000 q_thigh FR=0.794 FL=0.794 RR=0.806 RL=0.806 diff_FLFR=0.000 diff_RLRR=-0.000 q_calf FR=-1.571 FL=-1.571 RR=-1.557 RL=-1.557 diff_FLFR=0.000 diff_RLRR=-0.000
[ros2_control_node-3] [INFO] [1791630285.837547628] [BaseFixedStand]: [STAND-SYMM] phase=1.000 q_thigh FR=0.794 FL=0.794 RR=0.806 RL=0.806 diff_FLFR=0.000 diff_RLRR=-0.000 q_calf FR=-1.571 FL=-1.571 RR=-1.557 RL=-1.557 diff_FLFR=0.000 diff_RLRR=-0.000
[ros2_control_node-3] [INFO] [1791630286.337313846] [BaseFixedStand]: [STAND-SYMM] phase=1.000 q_thigh FR=0.794 FL=0.794 RR=0.806 RL=0.806 diff_FLFR=0.000 diff_RLRR=-0.000 q_calf FR=-1.571 FL=-1.571 RR=-1.557 RL=-1.557 diff_FLFR=0.000 diff_RLRR=-0.000
[ros2_control_node-3] [INFO] [1791630286.837560157] [BaseFixedStand]: [STAND-SYMM] phase=1.000 q_thigh FR=0.794 FL=0.794 RR=0.806 RL=0.806 diff_FLFR=0.000 diff_RLRR=-0.000 q_calf FR=-1.571 FL=-1.571 RR=-1.557 RL=-1.557 diff_FLFR=0.000 diff_RLRR=-0.000
[ros2_control_node-3] [INFO] [1791630287.337513019] [BaseFixedStand]: [STAND-SYMM] phase=1.000 q_thigh FR=0.794 FL=0.794 RR=0.806 RL=0.806 diff_FLFR=0.000 diff_RLRR=-0.000 q_calf FR=-1.571 FL=-1.571 RR=-1.557 RL=-1.557 diff_FLFR=0.000 diff_RLRR=-0.000
[ros2_control_node-3] [INFO] [1791630287.837413739] [BaseFixedStand]: [STAND-SYMM] phase=1.000 q_thigh FR=0.794 FL=0.794 RR=0.806 RL=0.806 diff_FLFR=0.000 diff_RLRR=-0.000 q_calf FR=-1.571 FL=-1.571 RR=-1.557 RL=-1.557 diff_FLFR=0.000 diff_RLRR=-0.000
[ros2_control_node-3] [INFO] [1791630288.337608668] [BaseFixedStand]: [STAND-SYMM] phase=1.000 q_thigh FR=0.794 FL=0.794 RR=0.806 RL=0.806 diff_FLFR=0.000 diff_RLRR=-0.000 q_calf FR=-1.571 FL=-1.571 RR=-1.557 RL=-1.557 diff_FLFR=0.000 diff_RLRR=-0.000
[ros2_control_node-3] [INFO] [1791630288.837360372] [BaseFixedStand]: [STAND-SYMM] phase=1.000 q_thigh FR=0.794 FL=0.794 RR=0.806 RL=0.806 diff_FLFR=0.000 diff_RLRR=-0.000 q_calf FR=-1.571 FL=-1.571 RR=-1.557 RL=-1.557 diff_FLFR=0.000 diff_RLRR=-0.000
[ros2_control_node-3] [INFO] [1791630289.337564978] [BaseFixedStand]: [STAND-SYMM] phase=1.000 q_thigh FR=0.794 FL=0.794 RR=0.806 RL=0.806 diff_FLFR=0.000 diff_RLRR=-0.000 q_calf FR=-1.571 FL=-1.571 RR=-1.557 RL=-1.557 diff_FLFR=0.000 diff_RLRR=-0.000
[ros2_control_node-3] [INFO] [1791630289.837367698] [BaseFixedStand]: [STAND-SYMM] phase=1.000 q_thigh FR=0.794 FL=0.794 RR=0.806 RL=0.806 diff_FLFR=0.000 diff_RLRR=-0.000 q_calf FR=-1.571 FL=-1.571 RR=-1.557 RL=-1.557 diff_FLFR=0.000 diff_RLRR=-0.000
[ros2_control_node-3] [INFO] [1791630290.337367220] [BaseFixedStand]: [STAND-SYMM] phase=1.000 q_thigh FR=0.794 FL=0.794 RR=0.806 RL=0.806 diff_FLFR=0.000 diff_RLRR=-0.000 q_calf FR=-1.571 FL=-1.571 RR=-1.557 RL=-1.557 diff_FLFR=0.000 diff_RLRR=-0.000
[ros2_control_node-3] [INFO] [1791630290.837514125] [BaseFixedStand]: [STAND-SYMM] phase=1.000 q_thigh FR=0.794 FL=0.794 RR=0.806 RL=0.806 diff_FLFR=0.000 diff_RLRR=-0.000 q_calf FR=-1.571 FL=-1.571 RR=-1.557 RL=-1.557 diff_FLFR=0.000 diff_RLRR=-0.000
[ros2_control_node-3] [INFO] [1791630291.337300351] [BaseFixedStand]: [STAND-SYMM] phase=1.000 q_thigh FR=0.794 FL=0.794 RR=0.806 RL=0.806 diff_FLFR=0.000 diff_RLRR=-0.000 q_calf FR=-1.571 FL=-1.571 RR=-1.557 RL=-1.557 diff_FLFR=0.000 diff_RLRR=-0.000
[ros2_control_node-3] [INFO] [1791630291.837606776] [BaseFixedStand]: [STAND-SYMM] phase=1.000 q_thigh FR=0.794 FL=0.794 RR=0.806 RL=0.806 diff_FLFR=0.000 diff_RLRR=-0.000 q_calf FR=-1.571 FL=-1.571 RR=-1.557 RL=-1.557 diff_FLFR=0.000 diff_RLRR=-0.000
[ros2_control_node-3] [INFO] [1791630292.337443427] [BaseFixedStand]: [STAND-SYMM] phase=1.000 q_thigh FR=0.794 FL=0.794 RR=0.806 RL=0.806 diff_FLFR=0.000 diff_RLRR=-0.000 q_calf FR=-1.571 FL=-1.571 RR=-1.557 RL=-1.557 diff_FLFR=0.000 diff_RLRR=-0.000
[ros2_control_node-3] [INFO] [1791630292.837423101] [BaseFixedStand]: [STAND-SYMM] phase=1.000 q_thigh FR=0.794 FL=0.794 RR=0.806 RL=0.806 diff_FLFR=0.000 diff_RLRR=-0.000 q_calf FR=-1.571 FL=-1.571 RR=-1.557 RL=-1.557 diff_FLFR=0.000 diff_RLRR=-0.000
[ros2_control_node-3] [INFO] [1791630293.337596572] [BaseFixedStand]: [STAND-SYMM] phase=1.000 q_thigh FR=0.794 FL=0.794 RR=0.806 RL=0.806 diff_FLFR=0.000 diff_RLRR=-0.000 q_calf FR=-1.571 FL=-1.571 RR=-1.557 RL=-1.557 diff_FLFR=0.000 diff_RLRR=-0.000
[ros2_control_node-3] [INFO] [1791630293.837601191] [BaseFixedStand]: [STAND-SYMM] phase=1.000 q_thigh FR=0.794 FL=0.794 RR=0.806 RL=0.806 diff_FLFR=0.000 diff_RLRR=-0.000 q_calf FR=-1.571 FL=-1.571 RR=-1.557 RL=-1.557 diff_FLFR=0.000 diff_RLRR=-0.000
[ros2_control_node-3] [INFO] [1791630294.337403179] [BaseFixedStand]: [STAND-SYMM] phase=1.000 q_thigh FR=0.794 FL=0.794 RR=0.806 RL=0.806 diff_FLFR=0.000 diff_RLRR=-0.000 q_calf FR=-1.571 FL=-1.571 RR=-1.557 RL=-1.557 diff_FLFR=0.000 diff_RLRR=-0.000
[ros2_control_node-3] [INFO] [1791630294.837502521] [BaseFixedStand]: [STAND-SYMM] phase=1.000 q_thigh FR=0.794 FL=0.794 RR=0.806 RL=0.806 diff_FLFR=0.000 diff_RLRR=-0.000 q_calf FR=-1.571 FL=-1.571 RR=-1.557 RL=-1.557 diff_FLFR=0.000 diff_RLRR=-0.000
[ros2_control_node-3] [INFO] [1791630295.337543683] [BaseFixedStand]: [STAND-SYMM] phase=1.000 q_thigh FR=0.794 FL=0.794 RR=0.806 RL=0.806 diff_FLFR=0.000 diff_RLRR=-0.000 q_calf FR=-1.571 FL=-1.571 RR=-1.557 RL=-1.557 diff_FLFR=0.000 diff_RLRR=-0.000
[ros2_control_node-3] [INFO] [1791630295.837358328] [BaseFixedStand]: [STAND-SYMM] phase=1.000 q_thigh FR=0.794 FL=0.794 RR=0.806 RL=0.806 diff_FLFR=0.000 diff_RLRR=-0.000 q_calf FR=-1.571 FL=-1.571 RR=-1.557 RL=-1.557 diff_FLFR=0.000 diff_RLRR=-0.000
[ros2_control_node-3] [INFO] [1791630296.337305714] [BaseFixedStand]: [STAND-SYMM] phase=1.000 q_thigh FR=0.794 FL=0.794 RR=0.806 RL=0.806 diff_FLFR=0.000 diff_RLRR=-0.000 q_calf FR=-1.571 FL=-1.571 RR=-1.557 RL=-1.557 diff_FLFR=0.000 diff_RLRR=-0.000
[ros2_control_node-3] [INFO] [1791630296.837410156] [BaseFixedStand]: [STAND-SYMM] phase=1.000 q_thigh FR=0.794 FL=0.794 RR=0.806 RL=0.806 diff_FLFR=0.000 diff_RLRR=-0.000 q_calf FR=-1.571 FL=-1.571 RR=-1.557 RL=-1.557 diff_FLFR=0.000 diff_RLRR=-0.000
[ros2_control_node-3] [INFO] [1791630297.337472356] [BaseFixedStand]: [STAND-SYMM] phase=1.000 q_thigh FR=0.794 FL=0.794 RR=0.806 RL=0.806 diff_FLFR=0.000 diff_RLRR=-0.000 q_calf FR=-1.571 FL=-1.571 RR=-1.557 RL=-1.557 diff_FLFR=0.000 diff_RLRR=-0.000
[ros2_control_node-3] [INFO] [1791630297.837485751] [BaseFixedStand]: [STAND-SYMM] phase=1.000 q_thigh FR=0.794 FL=0.794 RR=0.806 RL=0.806 diff_FLFR=0.000 diff_RLRR=-0.000 q_calf FR=-1.571 FL=-1.571 RR=-1.557 RL=-1.557 diff_FLFR=0.000 diff_RLRR=-0.000
[ros2_control_node-3] [INFO] [1791630298.337498907] [BaseFixedStand]: [STAND-SYMM] phase=1.000 q_thigh FR=0.794 FL=0.794 RR=0.806 RL=0.806 diff_FLFR=0.000 diff_RLRR=-0.000 q_calf FR=-1.571 FL=-1.571 RR=-1.557 RL=-1.557 diff_FLFR=0.000 diff_RLRR=-0.000
[ros2_control_node-3] [INFO] [1791630298.837514108] [BaseFixedStand]: [STAND-SYMM] phase=1.000 q_thigh FR=0.794 FL=0.794 RR=0.806 RL=0.806 diff_FLFR=0.000 diff_RLRR=-0.000 q_calf FR=-1.571 FL=-1.571 RR=-1.557 RL=-1.557 diff_FLFR=0.000 diff_RLRR=-0.000
[ros2_control_node-3] [INFO] [1791630299.337634305] [BaseFixedStand]: [STAND-SYMM] phase=1.000 q_thigh FR=0.794 FL=0.794 RR=0.806 RL=0.806 diff_FLFR=0.000 diff_RLRR=-0.000 q_calf FR=-1.571 FL=-1.571 RR=-1.557 RL=-1.557 diff_FLFR=0.000 diff_RLRR=-0.000
[ros2_control_node-3] [INFO] [1791630299.837496639] [BaseFixedStand]: [STAND-SYMM] phase=1.000 q_thigh FR=0.794 FL=0.794 RR=0.806 RL=0.806 diff_FLFR=0.000 diff_RLRR=-0.000 q_calf FR=-1.571 FL=-1.571 RR=-1.557 RL=-1.557 diff_FLFR=0.000 diff_RLRR=-0.000
[ros2_control_node-3] [INFO] [1791630300.337426642] [BaseFixedStand]: [STAND-SYMM] phase=1.000 q_thigh FR=0.794 FL=0.794 RR=0.806 RL=0.806 diff_FLFR=0.000 diff_RLRR=-0.000 q_calf FR=-1.571 FL=-1.571 RR=-1.557 RL=-1.557 diff_FLFR=0.000 diff_RLRR=-0.000
[ros2_control_node-3] [INFO] [1791630300.837648302] [BaseFixedStand]: [STAND-SYMM] phase=1.000 q_thigh FR=0.794 FL=0.794 RR=0.806 RL=0.806 diff_FLFR=0.000 diff_RLRR=-0.000 q_calf FR=-1.571 FL=-1.571 RR=-1.557 RL=-1.557 diff_FLFR=0.000 diff_RLRR=-0.000
[ros2_control_node-3] [INFO] [1791630301.337612032] [BaseFixedStand]: [STAND-SYMM] phase=1.000 q_thigh FR=0.794 FL=0.794 RR=0.806 RL=0.806 diff_FLFR=0.000 diff_RLRR=-0.000 q_calf FR=-1.571 FL=-1.571 RR=-1.557 RL=-1.557 diff_FLFR=0.000 diff_RLRR=-0.000
[ros2_control_node-3] [INFO] [1791630301.837595034] [BaseFixedStand]: [STAND-SYMM] phase=1.000 q_thigh FR=0.794 FL=0.794 RR=0.806 RL=0.806 diff_FLFR=0.000 diff_RLRR=-0.000 q_calf FR=-1.571 FL=-1.571 RR=-1.557 RL=-1.557 diff_FLFR=0.000 diff_RLRR=-0.000
[ros2_control_node-3] [INFO] [1791630302.337410086] [BaseFixedStand]: [STAND-SYMM] phase=1.000 q_thigh FR=0.794 FL=0.794 RR=0.806 RL=0.806 diff_FLFR=0.000 diff_RLRR=-0.000 q_calf FR=-1.571 FL=-1.571 RR=-1.557 RL=-1.557 diff_FLFR=0.000 diff_RLRR=-0.000
[ros2_control_node-3] [INFO] [1791630302.837382499] [BaseFixedStand]: [STAND-SYMM] phase=1.000 q_thigh FR=0.794 FL=0.794 RR=0.806 RL=0.806 diff_FLFR=0.000 diff_RLRR=-0.000 q_calf FR=-1.571 FL=-1.571 RR=-1.557 RL=-1.557 diff_FLFR=0.000 diff_RLRR=-0.000
[ros2_control_node-3] [INFO] [1791630303.337610293] [BaseFixedStand]: [STAND-SYMM] phase=1.000 q_thigh FR=0.794 FL=0.794 RR=0.806 RL=0.806 diff_FLFR=0.000 diff_RLRR=-0.000 q_calf FR=-1.571 FL=-1.571 RR=-1.557 RL=-1.557 diff_FLFR=0.000 diff_RLRR=-0.000
[ros2_control_node-3] [INFO] [1791630303.837520155] [BaseFixedStand]: [STAND-SYMM] phase=1.000 q_thigh FR=0.794 FL=0.794 RR=0.806 RL=0.806 diff_FLFR=0.000 diff_RLRR=-0.000 q_calf FR=-1.571 FL=-1.571 RR=-1.557 RL=-1.557 diff_FLFR=0.000 diff_RLRR=-0.000
[ros2_control_node-3] [INFO] [1791630304.337615569] [BaseFixedStand]: [STAND-SYMM] phase=1.000 q_thigh FR=0.794 FL=0.794 RR=0.806 RL=0.806 diff_FLFR=0.000 diff_RLRR=-0.000 q_calf FR=-1.571 FL=-1.571 RR=-1.557 RL=-1.557 diff_FLFR=0.000 diff_RLRR=-0.000
[ros2_control_node-3] [INFO] [1791630304.837495525] [BaseFixedStand]: [STAND-SYMM] phase=1.000 q_thigh FR=0.794 FL=0.794 RR=0.806 RL=0.805 diff_FLFR=0.000 diff_RLRR=-0.000 q_calf FR=-1.571 FL=-1.571 RR=-1.557 RL=-1.557 diff_FLFR=0.000 diff_RLRR=-0.000
[ros2_control_node-3] [INFO] [1791630305.337623148] [BaseFixedStand]: [STAND-SYMM] phase=1.000 q_thigh FR=0.794 FL=0.794 RR=0.805 RL=0.805 diff_FLFR=0.000 diff_RLRR=-0.000 q_calf FR=-1.571 FL=-1.571 RR=-1.557 RL=-1.557 diff_FLFR=0.000 diff_RLRR=-0.000
[ros2_control_node-3] [INFO] [1791630305.837460829] [BaseFixedStand]: [STAND-SYMM] phase=1.000 q_thigh FR=0.794 FL=0.794 RR=0.805 RL=0.805 diff_FLFR=0.000 diff_RLRR=-0.000 q_calf FR=-1.571 FL=-1.571 RR=-1.557 RL=-1.557 diff_FLFR=0.000 diff_RLRR=-0.000
[ros2_control_node-3] [INFO] [1791630306.337451877] [BaseFixedStand]: [STAND-SYMM] phase=1.000 q_thigh FR=0.794 FL=0.794 RR=0.805 RL=0.805 diff_FLFR=0.000 diff_RLRR=-0.000 q_calf FR=-1.571 FL=-1.571 RR=-1.557 RL=-1.557 diff_FLFR=0.000 diff_RLRR=-0.000
[ros2_control_node-3] [INFO] [1791630306.837630791] [BaseFixedStand]: [STAND-SYMM] phase=1.000 q_thigh FR=0.794 FL=0.794 RR=0.805 RL=0.805 diff_FLFR=0.000 diff_RLRR=-0.000 q_calf FR=-1.571 FL=-1.571 RR=-1.557 RL=-1.557 diff_FLFR=0.000 diff_RLRR=-0.000
[ros2_control_node-3] [INFO] [1791630307.337352220] [BaseFixedStand]: [STAND-SYMM] phase=1.000 q_thigh FR=0.794 FL=0.794 RR=0.805 RL=0.805 diff_FLFR=0.000 diff_RLRR=-0.000 q_calf FR=-1.571 FL=-1.571 RR=-1.557 RL=-1.557 diff_FLFR=0.000 diff_RLRR=-0.000
[ros2_control_node-3] [INFO] [1791630307.837453862] [BaseFixedStand]: [STAND-SYMM] phase=1.000 q_thigh FR=0.794 FL=0.794 RR=0.805 RL=0.805 diff_FLFR=0.000 diff_RLRR=-0.000 q_calf FR=-1.571 FL=-1.571 RR=-1.557 RL=-1.557 diff_FLFR=0.000 diff_RLRR=-0.000
[ros2_control_node-3] [INFO] [1791630308.337517755] [BaseFixedStand]: [STAND-SYMM] phase=1.000 q_thigh FR=0.794 FL=0.794 RR=0.805 RL=0.805 diff_FLFR=0.000 diff_RLRR=-0.000 q_calf FR=-1.571 FL=-1.571 RR=-1.557 RL=-1.557 diff_FLFR=0.000 diff_RLRR=-0.000
[ros2_control_node-3] [INFO] [1791630308.837676736] [BaseFixedStand]: [STAND-SYMM] phase=1.000 q_thigh FR=0.794 FL=0.794 RR=0.805 RL=0.805 diff_FLFR=0.000 diff_RLRR=-0.000 q_calf FR=-1.571 FL=-1.571 RR=-1.557 RL=-1.557 diff_FLFR=0.000 diff_RLRR=-0.000
[ros2_control_node-3] [INFO] [1791630309.337481484] [BaseFixedStand]: [STAND-SYMM] phase=1.000 q_thigh FR=0.794 FL=0.794 RR=0.805 RL=0.805 diff_FLFR=0.000 diff_RLRR=-0.000 q_calf FR=-1.571 FL=-1.571 RR=-1.557 RL=-1.557 diff_FLFR=0.000 diff_RLRR=-0.000
[ros2_control_node-3] [INFO] [1791630309.837583892] [BaseFixedStand]: [STAND-SYMM] phase=1.000 q_thigh FR=0.794 FL=0.794 RR=0.805 RL=0.805 diff_FLFR=0.000 diff_RLRR=-0.000 q_calf FR=-1.571 FL=-1.571 RR=-1.557 RL=-1.557 diff_FLFR=0.000 diff_RLRR=-0.000
[ros2_control_node-3] [INFO] [1791630310.337528926] [BaseFixedStand]: [STAND-SYMM] phase=1.000 q_thigh FR=0.794 FL=0.794 RR=0.805 RL=0.805 diff_FLFR=0.000 diff_RLRR=-0.000 q_calf FR=-1.571 FL=-1.571 RR=-1.557 RL=-1.557 diff_FLFR=0.000 diff_RLRR=-0.000
[ros2_control_node-3] [INFO] [1791630310.837562632] [BaseFixedStand]: [STAND-SYMM] phase=1.000 q_thigh FR=0.794 FL=0.794 RR=0.805 RL=0.805 diff_FLFR=0.000 diff_RLRR=-0.000 q_calf FR=-1.571 FL=-1.571 RR=-1.557 RL=-1.557 diff_FLFR=0.000 diff_RLRR=-0.000
[ros2_control_node-3] [INFO] [1791630311.337444292] [BaseFixedStand]: [STAND-SYMM] phase=1.000 q_thigh FR=0.794 FL=0.794 RR=0.805 RL=0.805 diff_FLFR=0.000 diff_RLRR=-0.000 q_calf FR=-1.571 FL=-1.571 RR=-1.557 RL=-1.557 diff_FLFR=0.000 diff_RLRR=-0.000
[ros2_control_node-3] [INFO] [1791630311.837362980] [BaseFixedStand]: [STAND-SYMM] phase=1.000 q_thigh FR=0.794 FL=0.794 RR=0.805 RL=0.805 diff_FLFR=0.000 diff_RLRR=-0.000 q_calf FR=-1.571 FL=-1.571 RR=-1.557 RL=-1.557 diff_FLFR=0.000 diff_RLRR=-0.000
[ros2_control_node-3] [INFO] [1791630312.337344169] [BaseFixedStand]: [STAND-SYMM] phase=1.000 q_thigh FR=0.794 FL=0.794 RR=0.805 RL=0.805 diff_FLFR=0.000 diff_RLRR=-0.000 q_calf FR=-1.571 FL=-1.571 RR=-1.557 RL=-1.557 diff_FLFR=0.000 diff_RLRR=-0.000
[ros2_control_node-3] [INFO] [1791630312.837312057] [BaseFixedStand]: [STAND-SYMM] phase=1.000 q_thigh FR=0.794 FL=0.794 RR=0.805 RL=0.805 diff_FLFR=0.000 diff_RLRR=-0.000 q_calf FR=-1.571 FL=-1.571 RR=-1.558 RL=-1.558 diff_FLFR=0.000 diff_RLRR=-0.000
[ros2_control_node-3] [INFO] [1791630313.337343355] [BaseFixedStand]: [STAND-SYMM] phase=1.000 q_thigh FR=0.794 FL=0.794 RR=0.805 RL=0.805 diff_FLFR=0.000 diff_RLRR=-0.000 q_calf FR=-1.571 FL=-1.571 RR=-1.558 RL=-1.558 diff_FLFR=0.000 diff_RLRR=-0.000
[ros2_control_node-3] [INFO] [1791630313.837451688] [BaseFixedStand]: [STAND-SYMM] phase=1.000 q_thigh FR=0.794 FL=0.794 RR=0.805 RL=0.805 diff_FLFR=0.000 diff_RLRR=-0.000 q_calf FR=-1.571 FL=-1.571 RR=-1.558 RL=-1.558 diff_FLFR=0.000 diff_RLRR=-0.000
[ros2_control_node-3] [INFO] [1791630314.337369564] [BaseFixedStand]: [STAND-SYMM] phase=1.000 q_thigh FR=0.794 FL=0.794 RR=0.805 RL=0.805 diff_FLFR=0.000 diff_RLRR=-0.000 q_calf FR=-1.571 FL=-1.571 RR=-1.558 RL=-1.558 diff_FLFR=0.000 diff_RLRR=-0.000
[ros2_control_node-3] [INFO] [1791630314.837361055] [BaseFixedStand]: [STAND-SYMM] phase=1.000 q_thigh FR=0.794 FL=0.794 RR=0.805 RL=0.805 diff_FLFR=0.000 diff_RLRR=-0.000 q_calf FR=-1.571 FL=-1.571 RR=-1.558 RL=-1.558 diff_FLFR=0.000 diff_RLRR=-0.000
[ros2_control_node-3] [INFO] [1791630315.337377803] [BaseFixedStand]: [STAND-SYMM] phase=1.000 q_thigh FR=0.794 FL=0.794 RR=0.805 RL=0.805 diff_FLFR=0.000 diff_RLRR=-0.000 q_calf FR=-1.571 FL=-1.571 RR=-1.558 RL=-1.558 diff_FLFR=0.000 diff_RLRR=-0.000
[ros2_control_node-3] [INFO] [1791630315.837683370] [BaseFixedStand]: [STAND-SYMM] phase=1.000 q_thigh FR=0.794 FL=0.794 RR=0.805 RL=0.805 diff_FLFR=0.000 diff_RLRR=-0.000 q_calf FR=-1.571 FL=-1.571 RR=-1.558 RL=-1.558 diff_FLFR=0.000 diff_RLRR=-0.000
[ros2_control_node-3] [INFO] [1791630316.337539329] [BaseFixedStand]: [STAND-SYMM] phase=1.000 q_thigh FR=0.794 FL=0.794 RR=0.805 RL=0.805 diff_FLFR=0.000 diff_RLRR=-0.000 q_calf FR=-1.571 FL=-1.571 RR=-1.558 RL=-1.558 diff_FLFR=0.000 diff_RLRR=-0.000
[ros2_control_node-3] [INFO] [1791630316.837497337] [BaseFixedStand]: [STAND-SYMM] phase=1.000 q_thigh FR=0.794 FL=0.794 RR=0.805 RL=0.805 diff_FLFR=0.000 diff_RLRR=-0.000 q_calf FR=-1.571 FL=-1.571 RR=-1.558 RL=-1.558 diff_FLFR=0.000 diff_RLRR=-0.000
[ros2_control_node-3] [INFO] [1791630317.337501772] [BaseFixedStand]: [STAND-SYMM] phase=1.000 q_thigh FR=0.794 FL=0.794 RR=0.805 RL=0.805 diff_FLFR=0.000 diff_RLRR=-0.000 q_calf FR=-1.571 FL=-1.571 RR=-1.558 RL=-1.558 diff_FLFR=0.000 diff_RLRR=-0.000
[ros2_control_node-3] [INFO] [1791630317.837648147] [BaseFixedStand]: [STAND-SYMM] phase=1.000 q_thigh FR=0.794 FL=0.794 RR=0.805 RL=0.805 diff_FLFR=0.000 diff_RLRR=-0.000 q_calf FR=-1.571 FL=-1.571 RR=-1.558 RL=-1.558 diff_FLFR=0.000 diff_RLRR=-0.000
[ros2_control_node-3] [INFO] [1791630318.337410618] [BaseFixedStand]: [STAND-SYMM] phase=1.000 q_thigh FR=0.794 FL=0.794 RR=0.805 RL=0.805 diff_FLFR=0.000 diff_RLRR=-0.000 q_calf FR=-1.571 FL=-1.571 RR=-1.558 RL=-1.558 diff_FLFR=0.000 diff_RLRR=-0.000
[ros2_control_node-3] [INFO] [1791630318.837425511] [BaseFixedStand]: [STAND-SYMM] phase=1.000 q_thigh FR=0.794 FL=0.794 RR=0.805 RL=0.805 diff_FLFR=0.000 diff_RLRR=-0.000 q_calf FR=-1.571 FL=-1.571 RR=-1.558 RL=-1.558 diff_FLFR=0.000 diff_RLRR=-0.000
[ros2_control_node-3] [INFO] [1791630319.337632268] [BaseFixedStand]: [STAND-SYMM] phase=1.000 q_thigh FR=0.794 FL=0.794 RR=0.805 RL=0.805 diff_FLFR=0.000 diff_RLRR=-0.000 q_calf FR=-1.571 FL=-1.571 RR=-1.558 RL=-1.558 diff_FLFR=0.000 diff_RLRR=-0.000
[ros2_control_node-3] [INFO] [1791630319.837453082] [BaseFixedStand]: [STAND-SYMM] phase=1.000 q_thigh FR=0.794 FL=0.794 RR=0.805 RL=0.805 diff_FLFR=0.000 diff_RLRR=-0.000 q_calf FR=-1.571 FL=-1.571 RR=-1.558 RL=-1.558 diff_FLFR=0.000 diff_RLRR=-0.000
[ros2_control_node-3] [INFO] [1791630320.337637871] [BaseFixedStand]: [STAND-SYMM] phase=1.000 q_thigh FR=0.794 FL=0.794 RR=0.805 RL=0.805 diff_FLFR=0.000 diff_RLRR=-0.000 q_calf FR=-1.571 FL=-1.571 RR=-1.558 RL=-1.558 diff_FLFR=0.000 diff_RLRR=-0.000
[ros2_control_node-3] [INFO] [1791630320.837508928] [BaseFixedStand]: [STAND-SYMM] phase=1.000 q_thigh FR=0.794 FL=0.794 RR=0.805 RL=0.805 diff_FLFR=0.000 diff_RLRR=-0.000 q_calf FR=-1.571 FL=-1.571 RR=-1.558 RL=-1.558 diff_FLFR=0.000 diff_RLRR=-0.000
[ros2_control_node-3] [INFO] [1791630321.337425124] [BaseFixedStand]: [STAND-SYMM] phase=1.000 q_thigh FR=0.794 FL=0.794 RR=0.805 RL=0.805 diff_FLFR=0.000 diff_RLRR=-0.000 q_calf FR=-1.571 FL=-1.571 RR=-1.558 RL=-1.558 diff_FLFR=0.000 diff_RLRR=-0.000
[ros2_control_node-3] [INFO] [1791630321.837577867] [BaseFixedStand]: [STAND-SYMM] phase=1.000 q_thigh FR=0.794 FL=0.794 RR=0.805 RL=0.805 diff_FLFR=0.000 diff_RLRR=-0.000 q_calf FR=-1.571 FL=-1.571 RR=-1.558 RL=-1.558 diff_FLFR=0.000 diff_RLRR=-0.000
[ros2_control_node-3] [INFO] [1791630322.337416588] [BaseFixedStand]: [STAND-SYMM] phase=1.000 q_thigh FR=0.794 FL=0.794 RR=0.805 RL=0.805 diff_FLFR=0.000 diff_RLRR=-0.000 q_calf FR=-1.571 FL=-1.571 RR=-1.558 RL=-1.558 diff_FLFR=0.000 diff_RLRR=-0.000
[ros2_control_node-3] [INFO] [1791630322.837486442] [BaseFixedStand]: [STAND-SYMM] phase=1.000 q_thigh FR=0.794 FL=0.794 RR=0.805 RL=0.805 diff_FLFR=0.000 diff_RLRR=-0.000 q_calf FR=-1.571 FL=-1.571 RR=-1.558 RL=-1.558 diff_FLFR=0.000 diff_RLRR=-0.000
[ros2_control_node-3] [INFO] [1791630323.337478996] [BaseFixedStand]: [STAND-SYMM] phase=1.000 q_thigh FR=0.794 FL=0.794 RR=0.805 RL=0.805 diff_FLFR=0.000 diff_RLRR=-0.000 q_calf FR=-1.571 FL=-1.571 RR=-1.558 RL=-1.558 diff_FLFR=0.000 diff_RLRR=-0.000
[ros2_control_node-3] [INFO] [1791630323.837568753] [BaseFixedStand]: [STAND-SYMM] phase=1.000 q_thigh FR=0.794 FL=0.794 RR=0.805 RL=0.805 diff_FLFR=0.000 diff_RLRR=-0.000 q_calf FR=-1.571 FL=-1.571 RR=-1.558 RL=-1.558 diff_FLFR=0.000 diff_RLRR=-0.000
[ros2_control_node-3] [INFO] [1791630324.337535402] [BaseFixedStand]: [STAND-SYMM] phase=1.000 q_thigh FR=0.794 FL=0.794 RR=0.805 RL=0.805 diff_FLFR=0.000 diff_RLRR=-0.000 q_calf FR=-1.571 FL=-1.571 RR=-1.558 RL=-1.558 diff_FLFR=0.000 diff_RLRR=-0.000
[ros2_control_node-3] [INFO] [1791630324.837515863] [BaseFixedStand]: [STAND-SYMM] phase=1.000 q_thigh FR=0.794 FL=0.794 RR=0.805 RL=0.805 diff_FLFR=0.000 diff_RLRR=-0.000 q_calf FR=-1.571 FL=-1.571 RR=-1.558 RL=-1.558 diff_FLFR=0.000 diff_RLRR=-0.000
[ros2_control_node-3] [INFO] [1791630325.337614703] [BaseFixedStand]: [STAND-SYMM] phase=1.000 q_thigh FR=0.794 FL=0.794 RR=0.805 RL=0.805 diff_FLFR=0.000 diff_RLRR=-0.000 q_calf FR=-1.571 FL=-1.571 RR=-1.558 RL=-1.558 diff_FLFR=0.000 diff_RLRR=-0.000
[ros2_control_node-3] [INFO] [1791630325.837585281] [BaseFixedStand]: [STAND-SYMM] phase=1.000 q_thigh FR=0.794 FL=0.794 RR=0.805 RL=0.805 diff_FLFR=0.000 diff_RLRR=-0.000 q_calf FR=-1.571 FL=-1.571 RR=-1.558 RL=-1.558 diff_FLFR=0.000 diff_RLRR=-0.000
[ros2_control_node-3] [INFO] [1791630326.337613785] [BaseFixedStand]: [STAND-SYMM] phase=1.000 q_thigh FR=0.794 FL=0.794 RR=0.805 RL=0.805 diff_FLFR=0.000 diff_RLRR=-0.000 q_calf FR=-1.570 FL=-1.570 RR=-1.558 RL=-1.558 diff_FLFR=0.000 diff_RLRR=-0.000
[ros2_control_node-3] [INFO] [1791630326.837523617] [BaseFixedStand]: [STAND-SYMM] phase=1.000 q_thigh FR=0.794 FL=0.794 RR=0.805 RL=0.805 diff_FLFR=0.000 diff_RLRR=-0.000 q_calf FR=-1.570 FL=-1.570 RR=-1.558 RL=-1.558 diff_FLFR=0.000 diff_RLRR=-0.000
[ros2_control_node-3] [INFO] [1791630327.337428771] [BaseFixedStand]: [STAND-SYMM] phase=1.000 q_thigh FR=0.794 FL=0.794 RR=0.805 RL=0.805 diff_FLFR=0.000 diff_RLRR=-0.000 q_calf FR=-1.570 FL=-1.570 RR=-1.558 RL=-1.558 diff_FLFR=0.000 diff_RLRR=-0.000
[ros2_control_node-3] [INFO] [1791630327.837588116] [BaseFixedStand]: [STAND-SYMM] phase=1.000 q_thigh FR=0.794 FL=0.794 RR=0.805 RL=0.805 diff_FLFR=0.000 diff_RLRR=-0.000 q_calf FR=-1.570 FL=-1.570 RR=-1.558 RL=-1.558 diff_FLFR=0.000 diff_RLRR=-0.000
[ros2_control_node-3] [INFO] [1791630328.337789698] [BaseFixedStand]: [STAND-SYMM] phase=1.000 q_thigh FR=0.794 FL=0.794 RR=0.805 RL=0.805 diff_FLFR=0.000 diff_RLRR=-0.000 q_calf FR=-1.570 FL=-1.570 RR=-1.558 RL=-1.558 diff_FLFR=0.000 diff_RLRR=-0.000
[ros2_control_node-3] [INFO] [1791630328.837485912] [BaseFixedStand]: [STAND-SYMM] phase=1.000 q_thigh FR=0.794 FL=0.794 RR=0.805 RL=0.805 diff_FLFR=0.000 diff_RLRR=-0.000 q_calf FR=-1.570 FL=-1.570 RR=-1.558 RL=-1.558 diff_FLFR=0.000 diff_RLRR=-0.000
[ros2_control_node-3] [INFO] [1791630329.337566250] [BaseFixedStand]: [STAND-SYMM] phase=1.000 q_thigh FR=0.794 FL=0.794 RR=0.805 RL=0.805 diff_FLFR=0.000 diff_RLRR=-0.000 q_calf FR=-1.570 FL=-1.570 RR=-1.558 RL=-1.558 diff_FLFR=0.000 diff_RLRR=-0.000
[ros2_control_node-3] [INFO] [1791630329.837299696] [BaseFixedStand]: [STAND-SYMM] phase=1.000 q_thigh FR=0.794 FL=0.794 RR=0.805 RL=0.805 diff_FLFR=0.000 diff_RLRR=-0.000 q_calf FR=-1.570 FL=-1.570 RR=-1.558 RL=-1.558 diff_FLFR=0.000 diff_RLRR=-0.000
[ros2_control_node-3] [INFO] [1791630330.337427550] [BaseFixedStand]: [STAND-SYMM] phase=1.000 q_thigh FR=0.794 FL=0.794 RR=0.805 RL=0.805 diff_FLFR=0.000 diff_RLRR=-0.000 q_calf FR=-1.570 FL=-1.570 RR=-1.558 RL=-1.558 diff_FLFR=0.000 diff_RLRR=-0.000
[ros2_control_node-3] [INFO] [1791630330.837287626] [BaseFixedStand]: [STAND-SYMM] phase=1.000 q_thigh FR=0.794 FL=0.794 RR=0.805 RL=0.805 diff_FLFR=0.000 diff_RLRR=-0.000 q_calf FR=-1.570 FL=-1.570 RR=-1.558 RL=-1.558 diff_FLFR=0.000 diff_RLRR=-0.000
[ros2_control_node-3] [INFO] [1791630331.337605216] [BaseFixedStand]: [STAND-SYMM] phase=1.000 q_thigh FR=0.794 FL=0.794 RR=0.805 RL=0.805 diff_FLFR=0.000 diff_RLRR=-0.000 q_calf FR=-1.570 FL=-1.570 RR=-1.558 RL=-1.558 diff_FLFR=0.000 diff_RLRR=-0.000
[ros2_control_node-3] [INFO] [1791630331.837426326] [BaseFixedStand]: [STAND-SYMM] phase=1.000 q_thigh FR=0.794 FL=0.794 RR=0.805 RL=0.805 diff_FLFR=0.000 diff_RLRR=-0.000 q_calf FR=-1.570 FL=-1.570 RR=-1.558 RL=-1.558 diff_FLFR=0.000 diff_RLRR=-0.000
[ros2_control_node-3] [INFO] [1791630332.337448128] [BaseFixedStand]: [STAND-SYMM] phase=1.000 q_thigh FR=0.794 FL=0.794 RR=0.805 RL=0.805 diff_FLFR=0.000 diff_RLRR=-0.000 q_calf FR=-1.570 FL=-1.570 RR=-1.558 RL=-1.558 diff_FLFR=0.000 diff_RLRR=-0.000
[ros2_control_node-3] [INFO] [1791630332.837316959] [BaseFixedStand]: [STAND-SYMM] phase=1.000 q_thigh FR=0.794 FL=0.794 RR=0.805 RL=0.805 diff_FLFR=0.000 diff_RLRR=-0.000 q_calf FR=-1.570 FL=-1.570 RR=-1.558 RL=-1.558 diff_FLFR=0.000 diff_RLRR=-0.000
[ros2_control_node-3] [INFO] [1791630333.337374228] [BaseFixedStand]: [STAND-SYMM] phase=1.000 q_thigh FR=0.794 FL=0.794 RR=0.805 RL=0.805 diff_FLFR=0.000 diff_RLRR=-0.000 q_calf FR=-1.570 FL=-1.570 RR=-1.558 RL=-1.558 diff_FLFR=0.000 diff_RLRR=-0.000
[ros2_control_node-3] [INFO] [1791630333.837448217] [BaseFixedStand]: [STAND-SYMM] phase=1.000 q_thigh FR=0.794 FL=0.794 RR=0.805 RL=0.805 diff_FLFR=0.000 diff_RLRR=-0.000 q_calf FR=-1.570 FL=-1.570 RR=-1.558 RL=-1.558 diff_FLFR=0.000 diff_RLRR=-0.000
[ros2_control_node-3] [INFO] [1791630334.337447514] [BaseFixedStand]: [STAND-SYMM] phase=1.000 q_thigh FR=0.794 FL=0.794 RR=0.805 RL=0.805 diff_FLFR=0.000 diff_RLRR=-0.000 q_calf FR=-1.570 FL=-1.570 RR=-1.558 RL=-1.558 diff_FLFR=0.000 diff_RLRR=-0.000
[ros2_control_node-3] [INFO] [1791630334.837655891] [BaseFixedStand]: [STAND-SYMM] phase=1.000 q_thigh FR=0.794 FL=0.794 RR=0.805 RL=0.805 diff_FLFR=0.000 diff_RLRR=-0.000 q_calf FR=-1.570 FL=-1.570 RR=-1.558 RL=-1.558 diff_FLFR=0.000 diff_RLRR=-0.000
[ros2_control_node-3] [INFO] [1791630335.337583995] [BaseFixedStand]: [STAND-SYMM] phase=1.000 q_thigh FR=0.794 FL=0.794 RR=0.805 RL=0.805 diff_FLFR=0.000 diff_RLRR=-0.000 q_calf FR=-1.570 FL=-1.570 RR=-1.558 RL=-1.558 diff_FLFR=0.000 diff_RLRR=-0.000
[ros2_control_node-3] [INFO] [1791630335.837485192] [BaseFixedStand]: [STAND-SYMM] phase=1.000 q_thigh FR=0.794 FL=0.794 RR=0.805 RL=0.805 diff_FLFR=0.000 diff_RLRR=-0.000 q_calf FR=-1.570 FL=-1.570 RR=-1.558 RL=-1.558 diff_FLFR=0.000 diff_RLRR=-0.000
[ros2_control_node-3] [INFO] [1791630336.337613055] [BaseFixedStand]: [STAND-SYMM] phase=1.000 q_thigh FR=0.794 FL=0.794 RR=0.805 RL=0.805 diff_FLFR=0.000 diff_RLRR=-0.000 q_calf FR=-1.570 FL=-1.570 RR=-1.558 RL=-1.558 diff_FLFR=0.000 diff_RLRR=-0.000
[ros2_control_node-3] [INFO] [1791630336.837429606] [BaseFixedStand]: [STAND-SYMM] phase=1.000 q_thigh FR=0.794 FL=0.794 RR=0.805 RL=0.805 diff_FLFR=0.000 diff_RLRR=-0.000 q_calf FR=-1.570 FL=-1.570 RR=-1.558 RL=-1.558 diff_FLFR=0.000 diff_RLRR=-0.000
[ros2_control_node-3] [INFO] [1791630337.337578320] [BaseFixedStand]: [STAND-SYMM] phase=1.000 q_thigh FR=0.794 FL=0.794 RR=0.805 RL=0.805 diff_FLFR=0.000 diff_RLRR=-0.000 q_calf FR=-1.570 FL=-1.570 RR=-1.558 RL=-1.558 diff_FLFR=0.000 diff_RLRR=-0.000
[ros2_control_node-3] [INFO] [1791630337.837551322] [BaseFixedStand]: [STAND-SYMM] phase=1.000 q_thigh FR=0.794 FL=0.794 RR=0.805 RL=0.805 diff_FLFR=0.000 diff_RLRR=-0.000 q_calf FR=-1.570 FL=-1.570 RR=-1.558 RL=-1.558 diff_FLFR=0.000 diff_RLRR=-0.000
[ros2_control_node-3] [INFO] [1791630338.337458495] [BaseFixedStand]: [STAND-SYMM] phase=1.000 q_thigh FR=0.794 FL=0.794 RR=0.805 RL=0.805 diff_FLFR=0.000 diff_RLRR=-0.000 q_calf FR=-1.570 FL=-1.570 RR=-1.558 RL=-1.558 diff_FLFR=0.000 diff_RLRR=-0.000
[ros2_control_node-3] [INFO] [1791630338.837535975] [BaseFixedStand]: [STAND-SYMM] phase=1.000 q_thigh FR=0.794 FL=0.794 RR=0.805 RL=0.805 diff_FLFR=0.000 diff_RLRR=-0.000 q_calf FR=-1.570 FL=-1.570 RR=-1.558 RL=-1.558 diff_FLFR=0.000 diff_RLRR=-0.000
[ros2_control_node-3] [INFO] [1791630339.337619916] [BaseFixedStand]: [STAND-SYMM] phase=1.000 q_thigh FR=0.794 FL=0.794 RR=0.805 RL=0.805 diff_FLFR=0.000 diff_RLRR=-0.000 q_calf FR=-1.570 FL=-1.570 RR=-1.558 RL=-1.558 diff_FLFR=0.000 diff_RLRR=-0.000
[ros2_control_node-3] [INFO] [1791630339.837477654] [BaseFixedStand]: [STAND-SYMM] phase=1.000 q_thigh FR=0.794 FL=0.794 RR=0.805 RL=0.805 diff_FLFR=0.000 diff_RLRR=-0.000 q_calf FR=-1.570 FL=-1.570 RR=-1.558 RL=-1.558 diff_FLFR=0.000 diff_RLRR=-0.000
[ros2_control_node-3] [INFO] [1791630340.337532598] [BaseFixedStand]: [STAND-SYMM] phase=1.000 q_thigh FR=0.794 FL=0.794 RR=0.805 RL=0.805 diff_FLFR=0.000 diff_RLRR=-0.000 q_calf FR=-1.570 FL=-1.570 RR=-1.558 RL=-1.558 diff_FLFR=0.000 diff_RLRR=-0.000
[ros2_control_node-3] [INFO] [1791630340.837284236] [BaseFixedStand]: [STAND-SYMM] phase=1.000 q_thigh FR=0.794 FL=0.794 RR=0.805 RL=0.805 diff_FLFR=0.000 diff_RLRR=-0.000 q_calf FR=-1.570 FL=-1.570 RR=-1.558 RL=-1.558 diff_FLFR=0.000 diff_RLRR=-0.000
[ros2_control_node-3] [INFO] [1791630341.337445208] [BaseFixedStand]: [STAND-SYMM] phase=1.000 q_thigh FR=0.794 FL=0.794 RR=0.805 RL=0.805 diff_FLFR=0.000 diff_RLRR=-0.000 q_calf FR=-1.570 FL=-1.570 RR=-1.558 RL=-1.558 diff_FLFR=0.000 diff_RLRR=-0.000
[ros2_control_node-3] [INFO] [1791630341.837360617] [BaseFixedStand]: [STAND-SYMM] phase=1.000 q_thigh FR=0.794 FL=0.794 RR=0.805 RL=0.805 diff_FLFR=0.000 diff_RLRR=-0.000 q_calf FR=-1.570 FL=-1.570 RR=-1.558 RL=-1.558 diff_FLFR=0.000 diff_RLRR=-0.000
[ros2_control_node-3] [INFO] [1791630342.337458161] [BaseFixedStand]: [STAND-SYMM] phase=1.000 q_thigh FR=0.794 FL=0.794 RR=0.805 RL=0.805 diff_FLFR=0.000 diff_RLRR=-0.000 q_calf FR=-1.570 FL=-1.570 RR=-1.558 RL=-1.558 diff_FLFR=0.000 diff_RLRR=-0.000
[ros2_control_node-3] [INFO] [1791630342.837423726] [BaseFixedStand]: [STAND-SYMM] phase=1.000 q_thigh FR=0.794 FL=0.794 RR=0.805 RL=0.805 diff_FLFR=0.000 diff_RLRR=-0.000 q_calf FR=-1.570 FL=-1.570 RR=-1.558 RL=-1.558 diff_FLFR=0.000 diff_RLRR=-0.000
[ros2_control_node-3] [INFO] [1791630343.337497850] [BaseFixedStand]: [STAND-SYMM] phase=1.000 q_thigh FR=0.794 FL=0.794 RR=0.804 RL=0.804 diff_FLFR=0.000 diff_RLRR=-0.000 q_calf FR=-1.570 FL=-1.570 RR=-1.558 RL=-1.558 diff_FLFR=0.000 diff_RLRR=-0.000
[ros2_control_node-3] [INFO] [1791630343.837330250] [BaseFixedStand]: [STAND-SYMM] phase=1.000 q_thigh FR=0.794 FL=0.794 RR=0.804 RL=0.804 diff_FLFR=0.000 diff_RLRR=-0.000 q_calf FR=-1.570 FL=-1.570 RR=-1.558 RL=-1.558 diff_FLFR=0.000 diff_RLRR=-0.000
[ros2_control_node-3] [INFO] [1791630344.337464215] [BaseFixedStand]: [STAND-SYMM] phase=1.000 q_thigh FR=0.794 FL=0.794 RR=0.804 RL=0.804 diff_FLFR=0.000 diff_RLRR=-0.000 q_calf FR=-1.570 FL=-1.570 RR=-1.558 RL=-1.558 diff_FLFR=0.000 diff_RLRR=-0.000
[ros2_control_node-3] [INFO] [1791630344.837608592] [BaseFixedStand]: [STAND-SYMM] phase=1.000 q_thigh FR=0.794 FL=0.794 RR=0.804 RL=0.804 diff_FLFR=0.000 diff_RLRR=-0.000 q_calf FR=-1.570 FL=-1.570 RR=-1.558 RL=-1.558 diff_FLFR=0.000 diff_RLRR=-0.000
[ros2_control_node-3] [INFO] [1791630345.337365298] [BaseFixedStand]: [STAND-SYMM] phase=1.000 q_thigh FR=0.794 FL=0.794 RR=0.804 RL=0.804 diff_FLFR=0.000 diff_RLRR=-0.000 q_calf FR=-1.570 FL=-1.570 RR=-1.558 RL=-1.558 diff_FLFR=0.000 diff_RLRR=-0.000
[ros2_control_node-3] [INFO] [1791630345.837444201] [BaseFixedStand]: [STAND-SYMM] phase=1.000 q_thigh FR=0.794 FL=0.794 RR=0.804 RL=0.804 diff_FLFR=0.000 diff_RLRR=-0.000 q_calf FR=-1.570 FL=-1.570 RR=-1.558 RL=-1.558 diff_FLFR=0.000 diff_RLRR=-0.000
[ros2_control_node-3] [INFO] [1791630346.337630011] [BaseFixedStand]: [STAND-SYMM] phase=1.000 q_thigh FR=0.794 FL=0.794 RR=0.804 RL=0.804 diff_FLFR=0.000 diff_RLRR=-0.000 q_calf FR=-1.570 FL=-1.570 RR=-1.558 RL=-1.558 diff_FLFR=0.000 diff_RLRR=-0.000
[ros2_control_node-3] [INFO] [1791630346.837654219] [BaseFixedStand]: [STAND-SYMM] phase=1.000 q_thigh FR=0.794 FL=0.794 RR=0.804 RL=0.804 diff_FLFR=0.000 diff_RLRR=-0.000 q_calf FR=-1.570 FL=-1.570 RR=-1.558 RL=-1.558 diff_FLFR=0.000 diff_RLRR=-0.000
[ros2_control_node-3] [INFO] [1791630347.337280256] [BaseFixedStand]: [STAND-SYMM] phase=1.000 q_thigh FR=0.794 FL=0.794 RR=0.804 RL=0.804 diff_FLFR=0.000 diff_RLRR=-0.000 q_calf FR=-1.570 FL=-1.570 RR=-1.558 RL=-1.558 diff_FLFR=0.000 diff_RLRR=-0.000
[ros2_control_node-3] [INFO] [1791630347.837522976] [BaseFixedStand]: [STAND-SYMM] phase=1.000 q_thigh FR=0.795 FL=0.795 RR=0.804 RL=0.804 diff_FLFR=0.000 diff_RLRR=-0.000 q_calf FR=-1.570 FL=-1.570 RR=-1.558 RL=-1.558 diff_FLFR=0.000 diff_RLRR=-0.000
[ros2_control_node-3] [INFO] [1791630348.337325738] [BaseFixedStand]: [STAND-SYMM] phase=1.000 q_thigh FR=0.795 FL=0.795 RR=0.804 RL=0.804 diff_FLFR=0.000 diff_RLRR=-0.000 q_calf FR=-1.570 FL=-1.570 RR=-1.558 RL=-1.558 diff_FLFR=0.000 diff_RLRR=-0.000
[ros2_control_node-3] [INFO] [1791630348.837437517] [BaseFixedStand]: [STAND-SYMM] phase=1.000 q_thigh FR=0.795 FL=0.795 RR=0.804 RL=0.804 diff_FLFR=0.000 diff_RLRR=-0.000 q_calf FR=-1.570 FL=-1.570 RR=-1.558 RL=-1.558 diff_FLFR=0.000 diff_RLRR=-0.000
[ros2_control_node-3] [INFO] [1791630349.337492299] [BaseFixedStand]: [STAND-SYMM] phase=1.000 q_thigh FR=0.795 FL=0.795 RR=0.804 RL=0.804 diff_FLFR=0.000 diff_RLRR=-0.000 q_calf FR=-1.570 FL=-1.570 RR=-1.558 RL=-1.558 diff_FLFR=0.000 diff_RLRR=-0.000
[ros2_control_node-3] [INFO] [1791630349.837442836] [BaseFixedStand]: [STAND-SYMM] phase=1.000 q_thigh FR=0.795 FL=0.795 RR=0.804 RL=0.804 diff_FLFR=0.000 diff_RLRR=-0.000 q_calf FR=-1.570 FL=-1.570 RR=-1.558 RL=-1.558 diff_FLFR=0.000 diff_RLRR=-0.000
[ros2_control_node-3] [INFO] [1791630350.337623904] [BaseFixedStand]: [STAND-SYMM] phase=1.000 q_thigh FR=0.795 FL=0.795 RR=0.804 RL=0.804 diff_FLFR=0.000 diff_RLRR=-0.000 q_calf FR=-1.570 FL=-1.570 RR=-1.558 RL=-1.558 diff_FLFR=0.000 diff_RLRR=-0.000
[ros2_control_node-3] [INFO] [1791630350.837303466] [BaseFixedStand]: [STAND-SYMM] phase=1.000 q_thigh FR=0.795 FL=0.795 RR=0.804 RL=0.804 diff_FLFR=0.000 diff_RLRR=-0.000 q_calf FR=-1.570 FL=-1.570 RR=-1.558 RL=-1.558 diff_FLFR=0.000 diff_RLRR=-0.000
[ros2_control_node-3] [INFO] [1791630351.337596102] [BaseFixedStand]: [STAND-SYMM] phase=1.000 q_thigh FR=0.795 FL=0.795 RR=0.804 RL=0.804 diff_FLFR=0.000 diff_RLRR=-0.000 q_calf FR=-1.570 FL=-1.570 RR=-1.558 RL=-1.558 diff_FLFR=0.000 diff_RLRR=-0.000
[ros2_control_node-3] [INFO] [1791630351.837578769] [BaseFixedStand]: [STAND-SYMM] phase=1.000 q_thigh FR=0.795 FL=0.795 RR=0.804 RL=0.804 diff_FLFR=0.000 diff_RLRR=-0.000 q_calf FR=-1.570 FL=-1.570 RR=-1.558 RL=-1.558 diff_FLFR=0.000 diff_RLRR=-0.000
[ros2_control_node-3] [INFO] [1791630352.337296212] [BaseFixedStand]: [STAND-SYMM] phase=1.000 q_thigh FR=0.795 FL=0.795 RR=0.804 RL=0.804 diff_FLFR=0.000 diff_RLRR=-0.000 q_calf FR=-1.570 FL=-1.570 RR=-1.558 RL=-1.558 diff_FLFR=0.000 diff_RLRR=-0.000
[ros2_control_node-3] [INFO] [1791630352.837350573] [BaseFixedStand]: [STAND-SYMM] phase=1.000 q_thigh FR=0.795 FL=0.795 RR=0.804 RL=0.804 diff_FLFR=0.000 diff_RLRR=-0.000 q_calf FR=-1.570 FL=-1.570 RR=-1.558 RL=-1.558 diff_FLFR=0.000 diff_RLRR=-0.000
[ros2_control_node-3] [INFO] [1791630353.337374784] [BaseFixedStand]: [STAND-SYMM] phase=1.000 q_thigh FR=0.795 FL=0.795 RR=0.804 RL=0.804 diff_FLFR=0.000 diff_RLRR=-0.000 q_calf FR=-1.570 FL=-1.570 RR=-1.558 RL=-1.558 diff_FLFR=0.000 diff_RLRR=-0.000
[ros2_control_node-3] [INFO] [1791630353.837714816] [BaseFixedStand]: [STAND-SYMM] phase=1.000 q_thigh FR=0.795 FL=0.795 RR=0.804 RL=0.804 diff_FLFR=0.000 diff_RLRR=-0.000 q_calf FR=-1.570 FL=-1.570 RR=-1.558 RL=-1.558 diff_FLFR=0.000 diff_RLRR=-0.000
[ros2_control_node-3] [INFO] [1791630354.337577938] [BaseFixedStand]: [STAND-SYMM] phase=1.000 q_thigh FR=0.795 FL=0.795 RR=0.804 RL=0.804 diff_FLFR=0.000 diff_RLRR=-0.000 q_calf FR=-1.570 FL=-1.570 RR=-1.558 RL=-1.558 diff_FLFR=0.000 diff_RLRR=-0.000
[ros2_control_node-3] [INFO] [1791630354.837303210] [BaseFixedStand]: [STAND-SYMM] phase=1.000 q_thigh FR=0.795 FL=0.795 RR=0.804 RL=0.804 diff_FLFR=0.000 diff_RLRR=-0.000 q_calf FR=-1.570 FL=-1.570 RR=-1.558 RL=-1.558 diff_FLFR=0.000 diff_RLRR=-0.000
[ros2_control_node-3] [INFO] [1791630355.337425440] [BaseFixedStand]: [STAND-SYMM] phase=1.000 q_thigh FR=0.795 FL=0.795 RR=0.804 RL=0.804 diff_FLFR=0.000 diff_RLRR=-0.000 q_calf FR=-1.570 FL=-1.570 RR=-1.558 RL=-1.558 diff_FLFR=0.000 diff_RLRR=-0.000
[ros2_control_node-3] [INFO] [1791630355.837573205] [BaseFixedStand]: [STAND-SYMM] phase=1.000 q_thigh FR=0.795 FL=0.795 RR=0.804 RL=0.804 diff_FLFR=0.000 diff_RLRR=-0.000 q_calf FR=-1.570 FL=-1.570 RR=-1.558 RL=-1.559 diff_FLFR=0.000 diff_RLRR=-0.000
[ros2_control_node-3] [INFO] [1791630356.337614501] [BaseFixedStand]: [STAND-SYMM] phase=1.000 q_thigh FR=0.795 FL=0.795 RR=0.804 RL=0.804 diff_FLFR=0.000 diff_RLRR=-0.000 q_calf FR=-1.570 FL=-1.570 RR=-1.559 RL=-1.559 diff_FLFR=0.000 diff_RLRR=-0.000
[ros2_control_node-3] [INFO] [1791630356.837569200] [BaseFixedStand]: [STAND-SYMM] phase=1.000 q_thigh FR=0.795 FL=0.795 RR=0.804 RL=0.804 diff_FLFR=0.000 diff_RLRR=-0.000 q_calf FR=-1.570 FL=-1.570 RR=-1.559 RL=-1.559 diff_FLFR=0.000 diff_RLRR=-0.000
[ros2_control_node-3] [INFO] [1791630357.337375601] [BaseFixedStand]: [STAND-SYMM] phase=1.000 q_thigh FR=0.795 FL=0.795 RR=0.804 RL=0.804 diff_FLFR=0.000 diff_RLRR=-0.000 q_calf FR=-1.570 FL=-1.570 RR=-1.559 RL=-1.559 diff_FLFR=0.000 diff_RLRR=-0.000
[ros2_control_node-3] [INFO] [1791630357.837361746] [BaseFixedStand]: [STAND-SYMM] phase=1.000 q_thigh FR=0.795 FL=0.795 RR=0.804 RL=0.804 diff_FLFR=0.000 diff_RLRR=-0.000 q_calf FR=-1.570 FL=-1.570 RR=-1.559 RL=-1.559 diff_FLFR=0.000 diff_RLRR=-0.000
[ros2_control_node-3] [INFO] [1791630358.337648711] [BaseFixedStand]: [STAND-SYMM] phase=1.000 q_thigh FR=0.795 FL=0.795 RR=0.804 RL=0.804 diff_FLFR=0.000 diff_RLRR=-0.000 q_calf FR=-1.570 FL=-1.570 RR=-1.559 RL=-1.559 diff_FLFR=0.000 diff_RLRR=-0.000
[ros2_control_node-3] [INFO] [1791630358.837418352] [BaseFixedStand]: [STAND-SYMM] phase=1.000 q_thigh FR=0.795 FL=0.795 RR=0.804 RL=0.804 diff_FLFR=0.000 diff_RLRR=-0.000 q_calf FR=-1.570 FL=-1.570 RR=-1.559 RL=-1.559 diff_FLFR=0.000 diff_RLRR=-0.000
[ros2_control_node-3] [INFO] [1791630359.337374713] [BaseFixedStand]: [STAND-SYMM] phase=1.000 q_thigh FR=0.795 FL=0.795 RR=0.804 RL=0.804 diff_FLFR=0.000 diff_RLRR=-0.000 q_calf FR=-1.570 FL=-1.570 RR=-1.559 RL=-1.559 diff_FLFR=0.000 diff_RLRR=-0.000
[ros2_control_node-3] [INFO] [1791630359.837419041] [BaseFixedStand]: [STAND-SYMM] phase=1.000 q_thigh FR=0.795 FL=0.795 RR=0.804 RL=0.804 diff_FLFR=0.000 diff_RLRR=-0.000 q_calf FR=-1.570 FL=-1.570 RR=-1.559 RL=-1.559 diff_FLFR=0.000 diff_RLRR=-0.000
[ros2_control_node-3] [INFO] [1791630360.337402306] [BaseFixedStand]: [STAND-SYMM] phase=1.000 q_thigh FR=0.795 FL=0.795 RR=0.804 RL=0.804 diff_FLFR=0.000 diff_RLRR=-0.000 q_calf FR=-1.570 FL=-1.570 RR=-1.559 RL=-1.559 diff_FLFR=0.000 diff_RLRR=-0.000
[ros2_control_node-3] [INFO] [1791630360.837379259] [BaseFixedStand]: [STAND-SYMM] phase=1.000 q_thigh FR=0.795 FL=0.795 RR=0.804 RL=0.804 diff_FLFR=0.000 diff_RLRR=-0.000 q_calf FR=-1.570 FL=-1.570 RR=-1.559 RL=-1.559 diff_FLFR=0.000 diff_RLRR=-0.000
[ros2_control_node-3] [INFO] [1791630361.337429803] [BaseFixedStand]: [STAND-SYMM] phase=1.000 q_thigh FR=0.795 FL=0.795 RR=0.804 RL=0.804 diff_FLFR=0.000 diff_RLRR=-0.000 q_calf FR=-1.570 FL=-1.570 RR=-1.559 RL=-1.559 diff_FLFR=0.000 diff_RLRR=-0.000
[ros2_control_node-3] [INFO] [1791630361.837441189] [BaseFixedStand]: [STAND-SYMM] phase=1.000 q_thigh FR=0.795 FL=0.795 RR=0.804 RL=0.804 diff_FLFR=0.000 diff_RLRR=-0.000 q_calf FR=-1.570 FL=-1.570 RR=-1.559 RL=-1.559 diff_FLFR=0.000 diff_RLRR=-0.000
[ros2_control_node-3] [INFO] [1791630362.337336610] [BaseFixedStand]: [STAND-SYMM] phase=1.000 q_thigh FR=0.795 FL=0.795 RR=0.804 RL=0.804 diff_FLFR=0.000 diff_RLRR=-0.000 q_calf FR=-1.570 FL=-1.570 RR=-1.559 RL=-1.559 diff_FLFR=0.000 diff_RLRR=-0.000
[ros2_control_node-3] [INFO] [1791630362.837478490] [BaseFixedStand]: [STAND-SYMM] phase=1.000 q_thigh FR=0.795 FL=0.795 RR=0.804 RL=0.804 diff_FLFR=0.000 diff_RLRR=-0.000 q_calf FR=-1.570 FL=-1.570 RR=-1.559 RL=-1.559 diff_FLFR=0.000 diff_RLRR=-0.000
[ros2_control_node-3] [INFO] [1791630363.337496187] [BaseFixedStand]: [STAND-SYMM] phase=1.000 q_thigh FR=0.795 FL=0.795 RR=0.804 RL=0.804 diff_FLFR=0.000 diff_RLRR=-0.000 q_calf FR=-1.570 FL=-1.570 RR=-1.559 RL=-1.559 diff_FLFR=0.000 diff_RLRR=-0.000
[ros2_control_node-3] [INFO] [1791630363.837499774] [BaseFixedStand]: [STAND-SYMM] phase=1.000 q_thigh FR=0.795 FL=0.795 RR=0.804 RL=0.804 diff_FLFR=0.000 diff_RLRR=-0.000 q_calf FR=-1.570 FL=-1.570 RR=-1.559 RL=-1.559 diff_FLFR=0.000 diff_RLRR=-0.000
[ros2_control_node-3] [INFO] [1791630364.337511971] [BaseFixedStand]: [STAND-SYMM] phase=1.000 q_thigh FR=0.795 FL=0.795 RR=0.804 RL=0.804 diff_FLFR=0.000 diff_RLRR=-0.000 q_calf FR=-1.570 FL=-1.570 RR=-1.559 RL=-1.559 diff_FLFR=0.000 diff_RLRR=-0.000
[ros2_control_node-3] [INFO] [1791630364.837507459] [BaseFixedStand]: [STAND-SYMM] phase=1.000 q_thigh FR=0.795 FL=0.795 RR=0.804 RL=0.804 diff_FLFR=0.000 diff_RLRR=-0.000 q_calf FR=-1.570 FL=-1.570 RR=-1.559 RL=-1.559 diff_FLFR=0.000 diff_RLRR=-0.000
[ros2_control_node-3] [INFO] [1791630365.337476664] [BaseFixedStand]: [STAND-SYMM] phase=1.000 q_thigh FR=0.795 FL=0.795 RR=0.804 RL=0.804 diff_FLFR=0.000 diff_RLRR=-0.000 q_calf FR=-1.570 FL=-1.570 RR=-1.559 RL=-1.559 diff_FLFR=0.000 diff_RLRR=-0.000
[ros2_control_node-3] [INFO] [1791630365.837573512] [BaseFixedStand]: [STAND-SYMM] phase=1.000 q_thigh FR=0.795 FL=0.795 RR=0.804 RL=0.804 diff_FLFR=0.000 diff_RLRR=-0.000 q_calf FR=-1.570 FL=-1.570 RR=-1.559 RL=-1.559 diff_FLFR=0.000 diff_RLRR=-0.000
[ros2_control_node-3] [INFO] [1791630366.337279138] [BaseFixedStand]: [STAND-SYMM] phase=1.000 q_thigh FR=0.795 FL=0.795 RR=0.804 RL=0.804 diff_FLFR=0.000 diff_RLRR=-0.000 q_calf FR=-1.570 FL=-1.570 RR=-1.559 RL=-1.559 diff_FLFR=0.000 diff_RLRR=-0.000
[ros2_control_node-3] [INFO] [1791630366.837364415] [BaseFixedStand]: [STAND-SYMM] phase=1.000 q_thigh FR=0.795 FL=0.795 RR=0.804 RL=0.804 diff_FLFR=0.000 diff_RLRR=-0.000 q_calf FR=-1.570 FL=-1.570 RR=-1.559 RL=-1.559 diff_FLFR=0.000 diff_RLRR=-0.000
[ros2_control_node-3] [ERROR] [1791630367.337107983] [rl_quadruped_controller]: [HARD-STOP] command=1 -> forcing PASSIVE
[ros2_control_node-3] [INFO] [1791630367.337264926] [rl_quadruped_controller]: [HARD-STOP-CONFIRMED] command=1 state=PASSIVE steady_ns=37869658881264 changed=1
[WARNING] [launch]: user interrupted with ctrl-c (SIGINT)
[INFO] [ros2_control_node-3]: sending signal 'SIGINT' to process[ros2_control_node-3]
[INFO] [robot_state_publisher-2]: sending signal 'SIGINT' to process[robot_state_publisher-2]
[INFO] [rviz2-1]: sending signal 'SIGINT' to process[rviz2-1]
[robot_state_publisher-2] [INFO] [1791630367.341568139] [rclcpp]: signal_handler(SIGINT/SIGTERM)
[ros2_control_node-3] [INFO] [1791630367.341624415] [rclcpp]: signal_handler(SIGINT/SIGTERM)
[ros2_control_node-3] [INFO] [1791630367.341801107] [controller_manager]: Shutdown request received....
[ros2_control_node-3] [INFO] [1791630367.341918738] [controller_manager]: Shutting down all controllers in the controller manager.
[ros2_control_node-3] [INFO] [1791630367.341994647] [controller_manager]: Deactivating controller 'joint_state_broadcaster'
[ros2_control_node-3] [INFO] [1791630367.342098642] [controller_manager]: Shutting down controller 'joint_state_broadcaster'
[ros2_control_node-3] [INFO] [1791630367.342187682] [controller_manager]: Deactivating controller 'imu_sensor_broadcaster'
[ros2_control_node-3] [INFO] [1791630367.342245019] [controller_manager]: Shutting down controller 'imu_sensor_broadcaster'
[ros2_control_node-3] [INFO] [1791630367.342298845] [controller_manager]: Deactivating controller 'rl_quadruped_controller'
[ros2_control_node-3] [INFO] [1791630367.342423751] [controller_manager]: Shutting down controller 'rl_quadruped_controller'
[ros2_control_node-3] [INFO] [1791630367.342561139] [resource_manager]: 'deactivate' hardware 'UnitreeSystem' 
[ros2_control_node-3] [INFO] [1791630367.342620847] [resource_manager]: Successful 'deactivate' of hardware 'UnitreeSystem'
[ros2_control_node-3] [INFO] [1791630367.342654865] [resource_manager]: 'shutdown' hardware 'UnitreeSystem' 
[ros2_control_node-3] [INFO] [1791630367.342673999] [resource_manager]: Successful 'shutdown' of hardware 'UnitreeSystem'
[ros2_control_node-3] [INFO] [1791630367.342700072] [controller_manager]: Shutting down the controller manager.
[rviz2-1] [INFO] [1791630367.341657914] [rclcpp]: signal_handler(SIGINT/SIGTERM)
[robot_state_publisher-2] [INFO] [1791630367.349531794] [rclcpp]: signal_handler(SIGINT/SIGTERM)
[rviz2-1] [INFO] [1791630367.351802429] [rclcpp]: signal_handler(SIGINT/SIGTERM)
[ERROR] [ros2_control_node-3]: process has died [pid 213858, exit code -2, cmd '/opt/ros/humble/lib/controller_manager/ros2_control_node --ros-args --params-file /home/lidio/quadruped_robots/quadruped_ros2_control_humble/install/go2_description/share/go2_description/config/robot_control.yaml -r ~/robot_description:=/robot_description'].
[INFO] [robot_state_publisher-2]: process has finished cleanly [pid 213856]
[INFO] [rviz2-1]: process has finished cleanly [pid 213854]
