[INFO] [launch]: All log files can be found below /home/lidio/.ros/log/2026-10-08-13-48-16-240219-Estara-189950
[INFO] [launch]: Default logging verbosity is set to INFO
[INFO] [rviz2-1]: process started with pid [189994]
[INFO] [robot_state_publisher-2]: process started with pid [189996]
[INFO] [ros2_control_node-3]: process started with pid [189998]
[INFO] [spawner-4]: process started with pid [190000]
[robot_state_publisher-2] [INFO] [1791438496.399496487] [robot_state_publisher]: got segment FL_calf
[robot_state_publisher-2] [INFO] [1791438496.399621260] [robot_state_publisher]: got segment FL_foot
[robot_state_publisher-2] [INFO] [1791438496.399626665] [robot_state_publisher]: got segment FL_hip
[robot_state_publisher-2] [INFO] [1791438496.399630176] [robot_state_publisher]: got segment FL_thigh
[robot_state_publisher-2] [INFO] [1791438496.399633208] [robot_state_publisher]: got segment FR_calf
[robot_state_publisher-2] [INFO] [1791438496.399635944] [robot_state_publisher]: got segment FR_foot
[robot_state_publisher-2] [INFO] [1791438496.399638930] [robot_state_publisher]: got segment FR_hip
[robot_state_publisher-2] [INFO] [1791438496.399642222] [robot_state_publisher]: got segment FR_thigh
[robot_state_publisher-2] [INFO] [1791438496.399644733] [robot_state_publisher]: got segment RL_calf
[robot_state_publisher-2] [INFO] [1791438496.399647283] [robot_state_publisher]: got segment RL_foot
[robot_state_publisher-2] [INFO] [1791438496.399649925] [robot_state_publisher]: got segment RL_hip
[robot_state_publisher-2] [INFO] [1791438496.399652513] [robot_state_publisher]: got segment RL_thigh
[robot_state_publisher-2] [INFO] [1791438496.399655024] [robot_state_publisher]: got segment RR_calf
[robot_state_publisher-2] [INFO] [1791438496.399657622] [robot_state_publisher]: got segment RR_foot
[robot_state_publisher-2] [INFO] [1791438496.399660128] [robot_state_publisher]: got segment RR_hip
[robot_state_publisher-2] [INFO] [1791438496.399662594] [robot_state_publisher]: got segment RR_thigh
[robot_state_publisher-2] [INFO] [1791438496.399665199] [robot_state_publisher]: got segment base
[robot_state_publisher-2] [INFO] [1791438496.399667742] [robot_state_publisher]: got segment front_camera
[robot_state_publisher-2] [INFO] [1791438496.399670548] [robot_state_publisher]: got segment imu_link
[robot_state_publisher-2] [INFO] [1791438496.399673193] [robot_state_publisher]: got segment lidar
[robot_state_publisher-2] [INFO] [1791438496.399675766] [robot_state_publisher]: got segment trunk
[ros2_control_node-3] [INFO] [1791438496.404240277] [controller_manager]: Subscribing to '~/robot_description' topic for robot description file.
[ros2_control_node-3] [INFO] [1791438496.405156493] [controller_manager]: update rate is 1000 Hz
[ros2_control_node-3] [INFO] [1791438496.405204123] [controller_manager]: Spawning controller_manager RT thread with scheduler priority: 50
[ros2_control_node-3] [WARN] [1791438496.405342153] [controller_manager]: Could not enable FIFO RT scheduling policy: with error number <1>(Operation not permitted). See [https://control.ros.org/master/doc/ros2_control/controller_manager/doc/userdoc.html] for details on how to enable realtime scheduling.
[ros2_control_node-3] [INFO] [1791438496.555865776] [controller_manager]: Received robot description file.
[ros2_control_node-3] [INFO] [1791438496.556396180] [resource_manager]: Loading hardware 'UnitreeSystem' 
[ros2_control_node-3] [INFO] [1791438496.565107624] [resource_manager]: Initialize hardware 'UnitreeSystem' 
[ros2_control_node-3] [INFO] [1791438496.565182325] [unitree_hardware]:  network_interface: lo, domain: 1
[ros2_control_node-3] 1791438496.576089 [1] ros2_contr: selected interface "lo" is not multicast-capable: disabling multicast
[spawner-4] [INFO] [1791438496.623987349] [spawner_joint_state_broadcaster]: waiting for service /controller_manager/list_controllers to become available...
[ros2_control_node-3] [INFO] [1791438496.684410758] [unitree_hardware]: [MOTOR-MAP] controller[0] FR_hip_joint -> Unitree motor[0]
[ros2_control_node-3] [INFO] [1791438496.684462469] [unitree_hardware]: [MOTOR-MAP] controller[1] FR_thigh_joint -> Unitree motor[1]
[ros2_control_node-3] [INFO] [1791438496.684472056] [unitree_hardware]: [MOTOR-MAP] controller[2] FR_calf_joint -> Unitree motor[2]
[ros2_control_node-3] [INFO] [1791438496.684478241] [unitree_hardware]: [MOTOR-MAP] controller[3] FL_hip_joint -> Unitree motor[3]
[ros2_control_node-3] [INFO] [1791438496.684484292] [unitree_hardware]: [MOTOR-MAP] controller[4] FL_thigh_joint -> Unitree motor[4]
[ros2_control_node-3] [INFO] [1791438496.684490209] [unitree_hardware]: [MOTOR-MAP] controller[5] FL_calf_joint -> Unitree motor[5]
[ros2_control_node-3] [INFO] [1791438496.684496174] [unitree_hardware]: [MOTOR-MAP] controller[6] RR_hip_joint -> Unitree motor[6]
[ros2_control_node-3] [INFO] [1791438496.684502113] [unitree_hardware]: [MOTOR-MAP] controller[7] RR_thigh_joint -> Unitree motor[7]
[ros2_control_node-3] [INFO] [1791438496.684507993] [unitree_hardware]: [MOTOR-MAP] controller[8] RR_calf_joint -> Unitree motor[8]
[ros2_control_node-3] [INFO] [1791438496.684513907] [unitree_hardware]: [MOTOR-MAP] controller[9] RL_hip_joint -> Unitree motor[9]
[ros2_control_node-3] [INFO] [1791438496.684519786] [unitree_hardware]: [MOTOR-MAP] controller[10] RL_thigh_joint -> Unitree motor[10]
[ros2_control_node-3] [INFO] [1791438496.684526210] [unitree_hardware]: [MOTOR-MAP] controller[11] RL_calf_joint -> Unitree motor[11]
[ros2_control_node-3] [INFO] [1791438496.685863779] [resource_manager]: Successful initialization of hardware 'UnitreeSystem'
[ros2_control_node-3] [INFO] [1791438496.686219750] [resource_manager]: 'configure' hardware 'UnitreeSystem' 
[ros2_control_node-3] [INFO] [1791438496.686238763] [resource_manager]: Successful 'configure' of hardware 'UnitreeSystem'
[ros2_control_node-3] [INFO] [1791438496.686282691] [resource_manager]: 'activate' hardware 'UnitreeSystem' 
[ros2_control_node-3] [INFO] [1791438496.686292623] [resource_manager]: Successful 'activate' of hardware 'UnitreeSystem'
[ros2_control_node-3] [INFO] [1791438496.875894617] [controller_manager]: Loading controller 'joint_state_broadcaster'
[rviz2-1] [INFO] [1791438496.884239604] [rviz2]: Stereo is NOT SUPPORTED
[rviz2-1] [INFO] [1791438496.884369552] [rviz2]: OpenGl version: 4.6 (GLSL 4.6)
[spawner-4] [INFO] [1791438496.886472696] [spawner_joint_state_broadcaster]: [94mLoaded [1mjoint_state_broadcaster[0m
[ros2_control_node-3] [INFO] [1791438496.887329214] [controller_manager]: Configuring controller 'joint_state_broadcaster'
[ros2_control_node-3] [INFO] [1791438496.887480252] [joint_state_broadcaster]: 'joints' or 'interfaces' parameter is empty. All available state interfaces will be published
[spawner-4] [INFO] [1791438496.899560566] [spawner_joint_state_broadcaster]: [92mConfigured and activated [1mjoint_state_broadcaster[0m
[rviz2-1] [INFO] [1791438496.921270878] [rviz2]: Stereo is NOT SUPPORTED
[INFO] [spawner-4]: process has finished cleanly [pid 190000]
[INFO] [spawner-5]: process started with pid [190122]
[ros2_control_node-3] [INFO] [1791438497.354590774] [controller_manager]: Loading controller 'imu_sensor_broadcaster'
[spawner-5] [INFO] [1791438497.370271169] [spawner_imu_sensor_broadcaster]: [94mLoaded [1mimu_sensor_broadcaster[0m
[ros2_control_node-3] [INFO] [1791438497.371228386] [controller_manager]: Configuring controller 'imu_sensor_broadcaster'
[spawner-5] [INFO] [1791438497.376189829] [spawner_imu_sensor_broadcaster]: [92mConfigured and activated [1mimu_sensor_broadcaster[0m
[INFO] [spawner-5]: process has finished cleanly [pid 190122]
[INFO] [spawner-6]: process started with pid [190161]
[ros2_control_node-3] [INFO] [1791438497.875009449] [controller_manager]: Loading controller 'rl_quadruped_controller'
[ros2_control_node-3] [INFO] [1791438498.114844756] [rl_quadruped_controller]: Controller Update Rate: 200 Hz
[ros2_control_node-3] [INFO] [1791438498.114872845] [rl_quadruped_controller]: Enable Estimator
[ros2_control_node-3] dt: 0.005
[spawner-6] [INFO] [1791438498.125803341] [spawner_rl_quadruped_controller]: [94mLoaded [1mrl_quadruped_controller[0m
[ros2_control_node-3] [INFO] [1791438498.126719136] [controller_manager]: Configuring controller 'rl_quadruped_controller'
[ros2_control_node-3] [INFO] [1791438498.131644257] [rl_quadruped_controller]: [VERIFY] joint interface order: FR_hip_joint FR_thigh_joint FR_calf_joint ... RL_calf_joint
[ros2_control_node-3] [INFO] [1791438498.131720266] [rl_quadruped_controller]: Using robot model from go2_description
[ros2_control_node-3] [INFO] [1791438498.133596022] [rl_quadruped_controller]: [S1-RUN-SOURCE] pid=189998 package_share=/tmp/s1_04_overlay/share/go2_description config=/tmp/s1_04_overlay/share/go2_description/config/abs/config.yaml agile_model=/tmp/s1_04_overlay/share/go2_description/config/abs/policy.pt ra_model=/tmp/s1_04_overlay/share/go2_description/config/abs/ra_value.pt candidate=paper_faithful_switch entry_threshold=-0.050000 goal=(1.000,0.000)
[ros2_control_node-3] [INFO] [1791438498.133663708] [rl_quadruped_controller]: Model loading: policy.pt
[ros2_control_node-3] robot_legs_.size(): 4
[ros2_control_node-3] [INFO] [1791438498.151596734] [rl_quadruped_controller]: [VERIFY] num_observations=61, num_of_dofs=12
[ros2_control_node-3] [INFO] [1791438498.151677527] [rl_quadruped_controller]: [VERIFY] observations order: contact ang_vel gravity_vec commands timer dof_pos dof_vel actions ray2d 
[ros2_control_node-3] [INFO] [1791438498.151740782] [rl_quadruped_controller]: [VERIFY] rl_kp[0]=30.00, rl_kd[0]=0.65
[ros2_control_node-3] [INFO] [1791438498.151750706] [rl_quadruped_controller]: [VERIFY] scales: action=0.25 lin_vel=1.00 ang_vel=1.00 dof_pos=1.00 dof_vel=0.20
[ros2_control_node-3] [INFO] [1791438498.151760230] [rl_quadruped_controller]: [VERIFY] default_dof_pos: 0.0000 0.8000 -1.5000 (first 3 joints = FR hip/thigh/calf)
[ros2_control_node-3] [INFO] [1791438498.151765179] [rl_quadruped_controller]: [VERIFY] ABS: max_ep_len=9.0s contact_thr=1.0N ray2d_count=11 ray2d_max_range=6.0m
[ros2_control_node-3] [INFO] [1791438498.151769292] [rl_quadruped_controller]: [VERIFY] decimation=4 frequency=200Hz dt=0.0200s
[ros2_control_node-3] [INFO] [1791438498.151773113] [rl_quadruped_controller]: [VERIFY] use_rl_thread=false policy_joint_order=ros1_fl_fr_rl_rr
[ros2_control_node-3] [INFO] [1791438498.153735404] [rl_quadruped_controller]: [RA] Value network loaded: ra_value.pt
[ros2_control_node-3] [INFO] [1791438498.157289046] [rl_quadruped_controller]: [REC] Recovery policy loaded: /tmp/s1_04_overlay/share/go2_description/config/rec/policy.pt
[ros2_control_node-3] [INFO] [1791438498.157805765] [rl_quadruped_controller]: StateRLRec: Loading recovery model: policy.pt
[ros2_control_node-3] [INFO] [1791438498.160904179] [rl_quadruped_controller]: [REC-VERIFY] num_observations=49, num_of_dofs=12
[ros2_control_node-3] [INFO] [1791438498.160944087] [rl_quadruped_controller]: [REC-VERIFY] observations: contact ang_vel gravity_vec commands dof_pos dof_vel actions 
[ros2_control_node-3] [INFO] [1791438498.160975937] [rl_quadruped_controller]: [REC-VERIFY] rl_kp[0]=30.00, rl_kd[0]=0.65
[ros2_control_node-3] [INFO] [1791438498.160985776] [rl_quadruped_controller]: [REC-VERIFY] action_scale=0.25 dof_vel_scale=0.20 contact_thr=1.0N
[spawner-6] [INFO] [1791438498.162455347] [spawner_rl_quadruped_controller]: [92mConfigured and activated [1mrl_quadruped_controller[0m
[INFO] [spawner-6]: process has finished cleanly [pid 190161]
[ros2_control_node-3] [INFO] [1791438508.969830613] [rl_quadruped_controller]: Switched from passive to fixed down
[ros2_control_node-3] [INFO] [1791438510.965004023] [rl_quadruped_controller]: Switched from fixed down to fixed stand
[ros2_control_node-3] [INFO] [1791438510.974785667] [BaseFixedStand]: [STAND-SYMM] phase=0.004 q_thigh FR=1.256 FL=1.256 RR=1.342 RL=1.342 diff_FLFR=0.000 diff_RLRR=-0.000 q_calf FR=-2.732 FL=-2.732 RR=-2.743 RL=-2.743 diff_FLFR=-0.000 diff_RLRR=-0.000
[ros2_control_node-3] [INFO] [1791438511.474970341] [BaseFixedStand]: [STAND-SYMM] phase=0.398 q_thigh FR=1.075 FL=1.075 RR=1.134 RL=1.134 diff_FLFR=0.000 diff_RLRR=-0.000 q_calf FR=-2.370 FL=-2.370 RR=-2.396 RL=-2.396 diff_FLFR=-0.000 diff_RLRR=0.000
[ros2_control_node-3] [INFO] [1791438511.975051856] [BaseFixedStand]: [STAND-SYMM] phase=0.684 q_thigh FR=0.939 FL=0.939 RR=0.976 RL=0.976 diff_FLFR=0.000 diff_RLRR=-0.000 q_calf FR=-1.995 FL=-1.995 RR=-2.008 RL=-2.008 diff_FLFR=-0.000 diff_RLRR=-0.000
[ros2_control_node-3] [INFO] [1791438512.474848665] [BaseFixedStand]: [STAND-SYMM] phase=0.849 q_thigh FR=0.862 FL=0.862 RR=0.887 RL=0.887 diff_FLFR=0.000 diff_RLRR=-0.000 q_calf FR=-1.777 FL=-1.777 RR=-1.779 RL=-1.779 diff_FLFR=-0.000 diff_RLRR=-0.000
[ros2_control_node-3] [INFO] [1791438512.974782384] [BaseFixedStand]: [STAND-SYMM] phase=0.932 q_thigh FR=0.823 FL=0.823 RR=0.842 RL=0.842 diff_FLFR=0.000 diff_RLRR=-0.000 q_calf FR=-1.668 FL=-1.668 RR=-1.663 RL=-1.663 diff_FLFR=-0.000 diff_RLRR=-0.000
[ros2_control_node-3] [INFO] [1791438513.474850385] [BaseFixedStand]: [STAND-SYMM] phase=0.970 q_thigh FR=0.805 FL=0.805 RR=0.822 RL=0.822 diff_FLFR=0.000 diff_RLRR=-0.000 q_calf FR=-1.616 FL=-1.616 RR=-1.608 RL=-1.608 diff_FLFR=0.000 diff_RLRR=-0.000
[ros2_control_node-3] [INFO] [1791438513.974900030] [BaseFixedStand]: [STAND-SYMM] phase=0.987 q_thigh FR=0.798 FL=0.798 RR=0.813 RL=0.813 diff_FLFR=0.000 diff_RLRR=-0.000 q_calf FR=-1.593 FL=-1.593 RR=-1.584 RL=-1.584 diff_FLFR=0.000 diff_RLRR=-0.000
[ros2_control_node-3] [INFO] [1791438514.474814190] [BaseFixedStand]: [STAND-SYMM] phase=0.994 q_thigh FR=0.794 FL=0.794 RR=0.809 RL=0.809 diff_FLFR=0.000 diff_RLRR=-0.000 q_calf FR=-1.583 FL=-1.583 RR=-1.573 RL=-1.573 diff_FLFR=0.000 diff_RLRR=-0.000
[ros2_control_node-3] [INFO] [1791438514.974675351] [BaseFixedStand]: [STAND-SYMM] phase=0.997 q_thigh FR=0.792 FL=0.792 RR=0.806 RL=0.806 diff_FLFR=0.000 diff_RLRR=-0.000 q_calf FR=-1.577 FL=-1.577 RR=-1.567 RL=-1.567 diff_FLFR=0.000 diff_RLRR=-0.000
[ros2_control_node-3] [INFO] [1791438515.474709715] [BaseFixedStand]: [STAND-SYMM] phase=0.999 q_thigh FR=0.791 FL=0.791 RR=0.805 RL=0.805 diff_FLFR=0.000 diff_RLRR=-0.000 q_calf FR=-1.574 FL=-1.574 RR=-1.564 RL=-1.564 diff_FLFR=0.000 diff_RLRR=-0.000
[ros2_control_node-3] [INFO] [1791438515.974739213] [BaseFixedStand]: [STAND-SYMM] phase=1.000 q_thigh FR=0.791 FL=0.791 RR=0.804 RL=0.804 diff_FLFR=0.000 diff_RLRR=-0.000 q_calf FR=-1.573 FL=-1.573 RR=-1.562 RL=-1.562 diff_FLFR=0.000 diff_RLRR=-0.000
[ros2_control_node-3] [INFO] [1791438516.444878752] [rl_quadruped_controller]: Switched from fixed stand to rl
[ros2_control_node-3] [INFO] [1791438516.450299868] [StateRL]: [Ray2D] Shared memory connected: /mujoco_ray2d
[ros2_control_node-3] [INFO] [1791438516.450418747] [StateRL]: [RtFrame] Shared memory initialized: /mujoco_rt_frame session_id=20302804686619 writer_pid=189998
[ros2_control_node-3] [INFO] [1791438516.451058189] [StateRL]: [RL] enable_estimator_=1 rec_loaded=1 ra_loaded=1 ra_threshold=-0.0500
[ros2_control_node-3] [INFO] [1791438516.451079605] [StateRL]: [RL] Ray2d: shm connected, policy active
[ros2_control_node-3] [INFO] [1791438516.474886884] [StateRL]: [PATH] start=(-0.03,0.00) goal=(1.00,0.00) tracking=1 lateral_gain=2.50 heading_gain=2.50
[ros2_control_node-3] [INFO] [1791438516.474980706] [StateRL]: [GOAL] 位置=(-0.03,0.00) 偏航=-0.00 目标=(1.00,0.00) 距离=1.03 机体系=(1.03,0.00) 航向=0.00 path_err=0.00 path_on=1
[ros2_control_node-3] [INFO] [1791438516.519754498] [StateRL]: [RA] ra=-0.9644 ray2d=[1.13 0.95 2.05 2.58 2.58 2.58 2.14 0.77 0.87 2.58 2.58]
[ros2_control_node-3] [INFO] [1791438516.522321863] [StateRL]: [EVAL] step=0 t=0.000 robot=(-0.035,0.000) yaw=-0.000 goal=(1.000,0.000) dist=1.035 body=(1.035,0.000) heading=0.000 arrived=0 ra=-0.96441 entry=-0.05000 recovery=0 hold=0 twist=(0.000,0.000,0.000) min_ray_log=0.772 max_ray_log=2.585 min_ray_m=1.708 lin_vel=(0.001,0.000,-0.074) ang_vel=(-0.000,0.053,-0.000) action_range=(-0.517,1.997) contact=(1,1,1,1)
[ros2_control_node-3] [INFO] [1791438516.971170003] [StateRL]: [EVAL] step=25 t=0.500 robot=(-0.093,-0.002) yaw=-0.003 goal=(1.000,0.000) dist=1.093 body=(1.093,0.011) heading=0.026 arrived=0 ra=-0.95915 entry=-0.05000 recovery=0 hold=0 twist=(0.000,0.000,0.000) min_ray_log=0.819 max_ray_log=2.585 min_ray_m=1.764 lin_vel=(-0.031,0.037,0.403) ang_vel=(-0.091,0.349,-0.027) action_range=(-1.256,2.189) contact=(1,1,1,1)
[ros2_control_node-3] [INFO] [1791438517.471622459] [StateRL]: [EVAL] step=50 t=1.000 robot=(0.067,0.020) yaw=-0.055 goal=(1.000,0.000) dist=0.933 body=(0.932,-0.018) heading=-0.048 arrived=0 ra=-0.98803 entry=-0.05000 recovery=0 hold=0 twist=(0.000,0.000,0.000) min_ray_log=0.653 max_ray_log=2.585 min_ray_m=1.572 lin_vel=(0.712,-0.046,0.108) ang_vel=(2.050,-0.120,-0.474) action_range=(-1.556,2.053) contact=(1,1,-1,1)
[ros2_control_node-3] [ERROR] [1791438519.349740939] [rl_quadruped_controller]: [HARD-STOP] command=1 -> forcing PASSIVE
[ros2_control_node-3] [INFO] [1791438519.349987496] [StateRL]: [VERIFY-EXIT] RL steps executed: 144
[WARNING] [launch]: user interrupted with ctrl-c (SIGINT)
[INFO] [ros2_control_node-3]: sending signal 'SIGINT' to process[ros2_control_node-3]
[INFO] [robot_state_publisher-2]: sending signal 'SIGINT' to process[robot_state_publisher-2]
[INFO] [rviz2-1]: sending signal 'SIGINT' to process[rviz2-1]
[ros2_control_node-3] [INFO] [1791438519.861012128] [rclcpp]: signal_handler(SIGINT/SIGTERM)
[ros2_control_node-3] [INFO] [1791438519.861271045] [controller_manager]: Shutdown request received....
[ros2_control_node-3] [INFO] [1791438519.861472033] [controller_manager]: Shutting down all controllers in the controller manager.
[ros2_control_node-3] [INFO] [1791438519.861616790] [controller_manager]: Deactivating controller 'joint_state_broadcaster'
[ros2_control_node-3] [INFO] [1791438519.861843758] [controller_manager]: Shutting down controller 'joint_state_broadcaster'
[ERROR] [robot_state_publisher-2]: process has died [pid 189996, exit code -2, cmd '/opt/ros/humble/lib/robot_state_publisher/robot_state_publisher --ros-args -r __node:=robot_state_publisher --params-file /tmp/launch_params_t97fl6_u'].
[robot_state_publisher-2] [INFO] [1791438519.861003629] [rclcpp]: signal_handler(SIGINT/SIGTERM)
[rviz2-1] [INFO] [1791438519.861012063] [rclcpp]: signal_handler(SIGINT/SIGTERM)
[ros2_control_node-3] [INFO] [1791438519.862039844] [controller_manager]: Deactivating controller 'imu_sensor_broadcaster'
[ros2_control_node-3] [INFO] [1791438519.862158757] [controller_manager]: Shutting down controller 'imu_sensor_broadcaster'
[ros2_control_node-3] [INFO] [1791438519.862291151] [controller_manager]: Deactivating controller 'rl_quadruped_controller'
[ros2_control_node-3] [INFO] [1791438519.862475463] [controller_manager]: Shutting down controller 'rl_quadruped_controller'
[ros2_control_node-3] [INFO] [1791438519.862680060] [resource_manager]: 'deactivate' hardware 'UnitreeSystem' 
[ros2_control_node-3] [INFO] [1791438519.862765701] [resource_manager]: Successful 'deactivate' of hardware 'UnitreeSystem'
[ros2_control_node-3] [INFO] [1791438519.862798828] [resource_manager]: 'shutdown' hardware 'UnitreeSystem' 
[ros2_control_node-3] [INFO] [1791438519.862834010] [resource_manager]: Successful 'shutdown' of hardware 'UnitreeSystem'
[ros2_control_node-3] [INFO] [1791438519.862865686] [controller_manager]: Shutting down the controller manager.
[rviz2-1] [INFO] [1791438519.877409429] [rclcpp]: signal_handler(SIGINT/SIGTERM)
[ERROR] [ros2_control_node-3]: process has died [pid 189998, exit code -2, cmd '/opt/ros/humble/lib/controller_manager/ros2_control_node --ros-args --params-file /tmp/s1_04_overlay/share/go2_description/config/robot_control.yaml -r ~/robot_description:=/robot_description'].
[INFO] [rviz2-1]: process has finished cleanly [pid 189994]
