[INFO] [launch]: All log files can be found below /home/lidio/.ros/log/2026-10-10-14-38-51-237905-Estara-106202
[INFO] [launch]: Default logging verbosity is set to INFO
[INFO] [rviz2-1]: process started with pid [106236]
[INFO] [robot_state_publisher-2]: process started with pid [106238]
[INFO] [ros2_control_node-3]: process started with pid [106240]
[INFO] [spawner-4]: process started with pid [106242]
[robot_state_publisher-2] [INFO] [1791614331.395363648] [robot_state_publisher]: got segment FL_calf
[robot_state_publisher-2] [INFO] [1791614331.395471514] [robot_state_publisher]: got segment FL_foot
[robot_state_publisher-2] [INFO] [1791614331.395477123] [robot_state_publisher]: got segment FL_hip
[robot_state_publisher-2] [INFO] [1791614331.395480194] [robot_state_publisher]: got segment FL_thigh
[robot_state_publisher-2] [INFO] [1791614331.395483083] [robot_state_publisher]: got segment FR_calf
[robot_state_publisher-2] [INFO] [1791614331.395485849] [robot_state_publisher]: got segment FR_foot
[robot_state_publisher-2] [INFO] [1791614331.395488523] [robot_state_publisher]: got segment FR_hip
[robot_state_publisher-2] [INFO] [1791614331.395491273] [robot_state_publisher]: got segment FR_thigh
[robot_state_publisher-2] [INFO] [1791614331.395493957] [robot_state_publisher]: got segment RL_calf
[robot_state_publisher-2] [INFO] [1791614331.395496557] [robot_state_publisher]: got segment RL_foot
[robot_state_publisher-2] [INFO] [1791614331.395499386] [robot_state_publisher]: got segment RL_hip
[robot_state_publisher-2] [INFO] [1791614331.395502071] [robot_state_publisher]: got segment RL_thigh
[robot_state_publisher-2] [INFO] [1791614331.395504882] [robot_state_publisher]: got segment RR_calf
[robot_state_publisher-2] [INFO] [1791614331.395507544] [robot_state_publisher]: got segment RR_foot
[robot_state_publisher-2] [INFO] [1791614331.395510229] [robot_state_publisher]: got segment RR_hip
[robot_state_publisher-2] [INFO] [1791614331.395512877] [robot_state_publisher]: got segment RR_thigh
[robot_state_publisher-2] [INFO] [1791614331.395515522] [robot_state_publisher]: got segment base
[robot_state_publisher-2] [INFO] [1791614331.395518257] [robot_state_publisher]: got segment front_camera
[robot_state_publisher-2] [INFO] [1791614331.395521179] [robot_state_publisher]: got segment imu_link
[robot_state_publisher-2] [INFO] [1791614331.395523836] [robot_state_publisher]: got segment lidar
[robot_state_publisher-2] [INFO] [1791614331.395526691] [robot_state_publisher]: got segment trunk
[ros2_control_node-3] [INFO] [1791614331.407267293] [controller_manager]: Subscribing to '~/robot_description' topic for robot description file.
[ros2_control_node-3] [INFO] [1791614331.408116122] [controller_manager]: update rate is 1000 Hz
[ros2_control_node-3] [INFO] [1791614331.408131420] [controller_manager]: Spawning controller_manager RT thread with scheduler priority: 50
[ros2_control_node-3] [WARN] [1791614331.408213229] [controller_manager]: Could not enable FIFO RT scheduling policy: with error number <1>(Operation not permitted). See [https://control.ros.org/master/doc/ros2_control/controller_manager/doc/userdoc.html] for details on how to enable realtime scheduling.
[ros2_control_node-3] [INFO] [1791614331.418636282] [controller_manager]: Received robot description file.
[ros2_control_node-3] [INFO] [1791614331.419303836] [resource_manager]: Loading hardware 'UnitreeSystem' 
[ros2_control_node-3] [INFO] [1791614331.425308078] [resource_manager]: Initialize hardware 'UnitreeSystem' 
[ros2_control_node-3] [INFO] [1791614331.425400173] [unitree_hardware]:  network_interface: lo, domain: 1
[ros2_control_node-3] 1791614331.428991 [1] ros2_contr: selected interface "lo" is not multicast-capable: disabling multicast
[ros2_control_node-3] [INFO] [1791614331.534685390] [unitree_hardware]: [MOTOR-MAP] controller[0] FR_hip_joint -> Unitree motor[0]
[ros2_control_node-3] [INFO] [1791614331.534748311] [unitree_hardware]: [MOTOR-MAP] controller[1] FR_thigh_joint -> Unitree motor[1]
[ros2_control_node-3] [INFO] [1791614331.534751974] [unitree_hardware]: [MOTOR-MAP] controller[2] FR_calf_joint -> Unitree motor[2]
[ros2_control_node-3] [INFO] [1791614331.534754943] [unitree_hardware]: [MOTOR-MAP] controller[3] FL_hip_joint -> Unitree motor[3]
[ros2_control_node-3] [INFO] [1791614331.534757807] [unitree_hardware]: [MOTOR-MAP] controller[4] FL_thigh_joint -> Unitree motor[4]
[ros2_control_node-3] [INFO] [1791614331.534760732] [unitree_hardware]: [MOTOR-MAP] controller[5] FL_calf_joint -> Unitree motor[5]
[ros2_control_node-3] [INFO] [1791614331.534763543] [unitree_hardware]: [MOTOR-MAP] controller[6] RR_hip_joint -> Unitree motor[6]
[ros2_control_node-3] [INFO] [1791614331.534766417] [unitree_hardware]: [MOTOR-MAP] controller[7] RR_thigh_joint -> Unitree motor[7]
[ros2_control_node-3] [INFO] [1791614331.534769372] [unitree_hardware]: [MOTOR-MAP] controller[8] RR_calf_joint -> Unitree motor[8]
[ros2_control_node-3] [INFO] [1791614331.534772197] [unitree_hardware]: [MOTOR-MAP] controller[9] RL_hip_joint -> Unitree motor[9]
[ros2_control_node-3] [INFO] [1791614331.534775021] [unitree_hardware]: [MOTOR-MAP] controller[10] RL_thigh_joint -> Unitree motor[10]
[ros2_control_node-3] [INFO] [1791614331.534778041] [unitree_hardware]: [MOTOR-MAP] controller[11] RL_calf_joint -> Unitree motor[11]
[ros2_control_node-3] [INFO] [1791614331.535517473] [resource_manager]: Successful initialization of hardware 'UnitreeSystem'
[ros2_control_node-3] [INFO] [1791614331.535701211] [resource_manager]: 'configure' hardware 'UnitreeSystem' 
[ros2_control_node-3] [INFO] [1791614331.535711160] [resource_manager]: Successful 'configure' of hardware 'UnitreeSystem'
[ros2_control_node-3] [INFO] [1791614331.535731847] [resource_manager]: 'activate' hardware 'UnitreeSystem' 
[ros2_control_node-3] [INFO] [1791614331.535737404] [resource_manager]: Successful 'activate' of hardware 'UnitreeSystem'
[ros2_control_node-3] [INFO] [1791614331.630095375] [controller_manager]: Loading controller 'joint_state_broadcaster'
[spawner-4] [INFO] [1791614331.643495278] [spawner_joint_state_broadcaster]: [94mLoaded [1mjoint_state_broadcaster[0m
[ros2_control_node-3] [INFO] [1791614331.724899215] [controller_manager]: Configuring controller 'joint_state_broadcaster'
[ros2_control_node-3] [INFO] [1791614331.725166429] [joint_state_broadcaster]: 'joints' or 'interfaces' parameter is empty. All available state interfaces will be published
[spawner-4] [INFO] [1791614331.737687339] [spawner_joint_state_broadcaster]: [92mConfigured and activated [1mjoint_state_broadcaster[0m
[rviz2-1] [INFO] [1791614331.852540311] [rviz2]: Stereo is NOT SUPPORTED
[rviz2-1] [INFO] [1791614331.852632760] [rviz2]: OpenGl version: 4.6 (GLSL 4.6)
[rviz2-1] [INFO] [1791614331.868213914] [rviz2]: Stereo is NOT SUPPORTED
[INFO] [spawner-4]: process has finished cleanly [pid 106242]
[INFO] [spawner-5]: process started with pid [106361]
[spawner-5] [INFO] [1791614332.158728852] [spawner_imu_sensor_broadcaster]: waiting for service /controller_manager/list_controllers to become available...
[ros2_control_node-3] [INFO] [1791614335.167581415] [controller_manager]: Loading controller 'imu_sensor_broadcaster'
[spawner-5] [INFO] [1791614335.184747445] [spawner_imu_sensor_broadcaster]: [94mLoaded [1mimu_sensor_broadcaster[0m
[ros2_control_node-3] [INFO] [1791614335.186710578] [controller_manager]: Configuring controller 'imu_sensor_broadcaster'
[spawner-5] [INFO] [1791614335.194992386] [spawner_imu_sensor_broadcaster]: [92mConfigured and activated [1mimu_sensor_broadcaster[0m
[INFO] [spawner-5]: process has finished cleanly [pid 106361]
[INFO] [spawner-6]: process started with pid [106426]
[ros2_control_node-3] [INFO] [1791614335.940579508] [controller_manager]: Loading controller 'rl_quadruped_controller'
[ros2_control_node-3] [INFO] [1791614336.174848216] [rl_quadruped_controller]: Controller Update Rate: 200 Hz
[ros2_control_node-3] [INFO] [1791614336.174876627] [rl_quadruped_controller]: Enable Estimator
[ros2_control_node-3] dt: 0.005
[spawner-6] [INFO] [1791614336.185010798] [spawner_rl_quadruped_controller]: [94mLoaded [1mrl_quadruped_controller[0m
[ros2_control_node-3] [INFO] [1791614336.185986816] [controller_manager]: Configuring controller 'rl_quadruped_controller'
[ros2_control_node-3] [INFO] [1791614336.190574451] [rl_quadruped_controller]: [FOOT-LOANED] index=0 name=foot_force/FR
[ros2_control_node-3] [INFO] [1791614336.190632362] [rl_quadruped_controller]: [FOOT-LOANED] index=1 name=foot_force/FL
[ros2_control_node-3] [INFO] [1791614336.190644677] [rl_quadruped_controller]: [FOOT-LOANED] index=2 name=foot_force/RR
[ros2_control_node-3] [INFO] [1791614336.190654684] [rl_quadruped_controller]: [FOOT-LOANED] index=3 name=foot_force/RL
[ros2_control_node-3] [INFO] [1791614336.190693589] [rl_quadruped_controller]: [VERIFY] joint interface order: FR_hip_joint FR_thigh_joint FR_calf_joint ... RL_calf_joint
[ros2_control_node-3] [INFO] [1791614336.190831359] [rl_quadruped_controller]: Using robot model from go2_description
[ros2_control_node-3] [INFO] [1791614336.193906565] [rl_quadruped_controller]: [S1-RUN-SOURCE] pid=106240 package_share=/home/lidio/quadruped_robots/quadruped_ros2_control_humble/install/go2_description/share/go2_description config=/home/lidio/quadruped_robots/quadruped_ros2_control_humble/install/go2_description/share/go2_description/config/abs/config.yaml agile_model=/home/lidio/quadruped_robots/quadruped_ros2_control_humble/install/go2_description/share/go2_description/config/abs/policy.pt ra_model=/home/lidio/quadruped_robots/quadruped_ros2_control_humble/install/go2_description/share/go2_description/config/abs/ra_value.pt candidate=paper_faithful_switch group=A entry_threshold=-0.05 effective_exit_threshold=-0.05 hysteresis=false hold=false goal=(7.000,0.000)
[ros2_control_node-3] [INFO] [1791614336.194024490] [rl_quadruped_controller]: [S2-SWITCH-CONFIG] group=A entry_threshold=-0.05 effective_exit_threshold=-0.05 hysteresis=false hold=false
[ros2_control_node-3] [INFO] [1791614336.194044669] [rl_quadruped_controller]: Model loading: policy.pt
[ros2_control_node-3] robot_legs_.size(): 4
[ros2_control_node-3] [INFO] [1791614336.213064063] [rl_quadruped_controller]: [VERIFY] num_observations=61, num_of_dofs=12
[ros2_control_node-3] [INFO] [1791614336.213116119] [rl_quadruped_controller]: [VERIFY] observations order: contact ang_vel gravity_vec commands timer dof_pos dof_vel actions ray2d 
[ros2_control_node-3] [INFO] [1791614336.213171646] [rl_quadruped_controller]: [VERIFY] rl_kp[0]=30.00, rl_kd[0]=0.65
[ros2_control_node-3] [INFO] [1791614336.213183010] [rl_quadruped_controller]: [VERIFY] scales: action=0.25 lin_vel=1.00 ang_vel=1.00 dof_pos=1.00 dof_vel=0.20
[ros2_control_node-3] [INFO] [1791614336.213194412] [rl_quadruped_controller]: [VERIFY] default_dof_pos: 0.0000 0.8000 -1.5000 (first 3 joints = FR hip/thigh/calf)
[ros2_control_node-3] [INFO] [1791614336.213199876] [rl_quadruped_controller]: [VERIFY] ABS: max_ep_len=9.0s contact_thr=1.0N ray2d_count=11 ray2d_max_range=6.0m
[ros2_control_node-3] [INFO] [1791614336.213207004] [rl_quadruped_controller]: [VERIFY] decimation=4 frequency=200Hz dt=0.0200s
[ros2_control_node-3] [INFO] [1791614336.213211669] [rl_quadruped_controller]: [VERIFY] use_rl_thread=false policy_joint_order=ros1_fl_fr_rl_rr
[ros2_control_node-3] [INFO] [1791614336.215701158] [rl_quadruped_controller]: [RA] Value network loaded: ra_value.pt
[ros2_control_node-3] [INFO] [1791614336.218810526] [rl_quadruped_controller]: [REC] Recovery policy loaded: /home/lidio/quadruped_robots/quadruped_ros2_control_humble/install/go2_description/share/go2_description/config/rec/policy.pt
[ros2_control_node-3] [INFO] [1791614336.219281487] [rl_quadruped_controller]: StateRLRec: Loading recovery model: policy.pt
[ros2_control_node-3] [INFO] [1791614336.222504338] [rl_quadruped_controller]: [REC-VERIFY] num_observations=49, num_of_dofs=12
[ros2_control_node-3] [INFO] [1791614336.222605269] [rl_quadruped_controller]: [REC-VERIFY] observations: contact ang_vel gravity_vec commands dof_pos dof_vel actions 
[ros2_control_node-3] [INFO] [1791614336.222660392] [rl_quadruped_controller]: [REC-VERIFY] rl_kp[0]=30.00, rl_kd[0]=0.65
[ros2_control_node-3] [INFO] [1791614336.222676877] [rl_quadruped_controller]: [REC-VERIFY] action_scale=0.25 dof_vel_scale=0.20 contact_thr=1.0N
[spawner-6] [INFO] [1791614336.224110409] [spawner_rl_quadruped_controller]: [92mConfigured and activated [1mrl_quadruped_controller[0m
[INFO] [spawner-6]: process has finished cleanly [pid 106426]
[ros2_control_node-3] [INFO] [1791614346.132632347] [rl_quadruped_controller]: Switched from passive to fixed down
[ros2_control_node-3] [INFO] [1791614348.147862960] [rl_quadruped_controller]: Switched from fixed down to fixed stand
[ros2_control_node-3] [INFO] [1791614348.157767289] [BaseFixedStand]: [STAND-SYMM] phase=0.004 q_thigh FR=1.256 FL=1.256 RR=1.341 RL=1.341 diff_FLFR=0.000 diff_RLRR=-0.000 q_calf FR=-2.732 FL=-2.732 RR=-2.743 RL=-2.743 diff_FLFR=0.000 diff_RLRR=-0.000
[ros2_control_node-3] [INFO] [1791614348.657689319] [BaseFixedStand]: [STAND-SYMM] phase=0.398 q_thigh FR=1.074 FL=1.074 RR=1.132 RL=1.132 diff_FLFR=0.000 diff_RLRR=-0.000 q_calf FR=-2.367 FL=-2.367 RR=-2.394 RL=-2.394 diff_FLFR=-0.000 diff_RLRR=0.000
[ros2_control_node-3] [INFO] [1791614349.157754888] [BaseFixedStand]: [STAND-SYMM] phase=0.684 q_thigh FR=0.939 FL=0.939 RR=0.976 RL=0.976 diff_FLFR=0.000 diff_RLRR=-0.000 q_calf FR=-1.995 FL=-1.995 RR=-2.009 RL=-2.009 diff_FLFR=-0.000 diff_RLRR=-0.000
[ros2_control_node-3] [INFO] [1791614349.657885800] [BaseFixedStand]: [STAND-SYMM] phase=0.849 q_thigh FR=0.862 FL=0.862 RR=0.887 RL=0.887 diff_FLFR=0.000 diff_RLRR=-0.000 q_calf FR=-1.777 FL=-1.777 RR=-1.779 RL=-1.779 diff_FLFR=-0.000 diff_RLRR=-0.000
[ros2_control_node-3] [INFO] [1791614350.157729399] [BaseFixedStand]: [STAND-SYMM] phase=0.932 q_thigh FR=0.823 FL=0.823 RR=0.842 RL=0.842 diff_FLFR=0.000 diff_RLRR=-0.000 q_calf FR=-1.667 FL=-1.667 RR=-1.663 RL=-1.663 diff_FLFR=0.000 diff_RLRR=-0.000
[ros2_control_node-3] [INFO] [1791614350.657729199] [BaseFixedStand]: [STAND-SYMM] phase=0.970 q_thigh FR=0.806 FL=0.806 RR=0.822 RL=0.822 diff_FLFR=0.000 diff_RLRR=-0.000 q_calf FR=-1.616 FL=-1.616 RR=-1.608 RL=-1.608 diff_FLFR=0.000 diff_RLRR=-0.000
[ros2_control_node-3] [INFO] [1791614351.157682169] [BaseFixedStand]: [STAND-SYMM] phase=0.987 q_thigh FR=0.798 FL=0.798 RR=0.813 RL=0.812 diff_FLFR=0.000 diff_RLRR=-0.000 q_calf FR=-1.593 FL=-1.593 RR=-1.584 RL=-1.584 diff_FLFR=0.000 diff_RLRR=-0.000
[ros2_control_node-3] [INFO] [1791614351.657792288] [BaseFixedStand]: [STAND-SYMM] phase=0.994 q_thigh FR=0.794 FL=0.794 RR=0.808 RL=0.808 diff_FLFR=0.000 diff_RLRR=-0.000 q_calf FR=-1.583 FL=-1.583 RR=-1.573 RL=-1.573 diff_FLFR=0.000 diff_RLRR=-0.000
[ros2_control_node-3] [INFO] [1791614352.157917662] [BaseFixedStand]: [STAND-SYMM] phase=0.997 q_thigh FR=0.792 FL=0.792 RR=0.806 RL=0.806 diff_FLFR=0.000 diff_RLRR=-0.000 q_calf FR=-1.577 FL=-1.577 RR=-1.567 RL=-1.567 diff_FLFR=0.000 diff_RLRR=-0.000
[ros2_control_node-3] [INFO] [1791614352.657529630] [BaseFixedStand]: [STAND-SYMM] phase=0.999 q_thigh FR=0.791 FL=0.791 RR=0.805 RL=0.805 diff_FLFR=0.000 diff_RLRR=-0.000 q_calf FR=-1.574 FL=-1.574 RR=-1.564 RL=-1.564 diff_FLFR=0.000 diff_RLRR=-0.000
[ros2_control_node-3] [INFO] [1791614353.157514612] [BaseFixedStand]: [STAND-SYMM] phase=1.000 q_thigh FR=0.791 FL=0.791 RR=0.804 RL=0.804 diff_FLFR=0.000 diff_RLRR=-0.000 q_calf FR=-1.573 FL=-1.573 RR=-1.562 RL=-1.562 diff_FLFR=0.000 diff_RLRR=-0.000
[ros2_control_node-3] [INFO] [1791614353.658049141] [BaseFixedStand]: [STAND-SYMM] phase=1.000 q_thigh FR=0.791 FL=0.791 RR=0.804 RL=0.804 diff_FLFR=0.000 diff_RLRR=-0.000 q_calf FR=-1.572 FL=-1.572 RR=-1.561 RL=-1.561 diff_FLFR=0.000 diff_RLRR=-0.000
[ros2_control_node-3] [INFO] [1791614354.158017840] [BaseFixedStand]: [STAND-SYMM] phase=1.000 q_thigh FR=0.791 FL=0.791 RR=0.804 RL=0.804 diff_FLFR=0.000 diff_RLRR=-0.000 q_calf FR=-1.572 FL=-1.572 RR=-1.560 RL=-1.560 diff_FLFR=0.000 diff_RLRR=-0.000
[ros2_control_node-3] [INFO] [1791614354.182879015] [rl_quadruped_controller]: Switched from fixed stand to rl
[ros2_control_node-3] [INFO] [1791614354.188518948] [StateRL]: [Ray2D] Shared memory connected: /mujoco_ray2d
[ros2_control_node-3] [INFO] [1791614354.188663846] [StateRL]: [RtFrame] Shared memory initialized: /mujoco_rt_frame session_id=21856510220642 writer_pid=106240
[ros2_control_node-3] [INFO] [1791614354.189745155] [StateRL]: [RL] enable_estimator_=1 rec_loaded=1 ra_loaded=1 ra_threshold=-0.0500
[ros2_control_node-3] [INFO] [1791614354.189796057] [StateRL]: [RL] Ray2d: shm connected, policy active
[ros2_control_node-3] [INFO] [1791614354.214292598] [StateRL]: [PATH] start=(-0.03,0.00) goal=(7.00,0.00) tracking=1 lateral_gain=2.50 heading_gain=2.50
[ros2_control_node-3] [INFO] [1791614354.214411486] [StateRL]: [GOAL] 位置=(-0.03,0.00) 偏航=-0.00 目标=(7.00,0.00) 距离=7.03 机体系=(4.99,0.00) 航向=0.00 path_err=0.00 path_on=1
[ros2_control_node-3] [INFO] [1791614354.258014516] [StateRL]: [RA] ra=-0.3842 ray2d=[1.13 0.95 2.05 2.58 2.58 2.58 2.14 0.77 0.87 2.58 2.58]
[ros2_control_node-3] [INFO] [1791614354.259983769] [StateRL]: [EVAL] step=0 t=0.000 robot=(-0.034,0.000) yaw=-0.000 goal=(7.000,0.000) dist=7.034 body=(4.993,0.000) heading=0.000 arrived=0 ra=-0.38417 entry=-0.05000 recovery=0 hold=0 twist=(0.000,0.000,0.000) min_ray_log=0.772 max_ray_log=2.585 min_ray_m=1.707 lin_vel=(0.001,0.000,-0.059) ang_vel=(-0.000,0.043,-0.000) action_range=(-0.552,2.407) contact=(1,1,1,1)
[ros2_control_node-3] [INFO] [1791614354.708575524] [StateRL]: [EVAL] step=25 t=0.500 robot=(-0.077,-0.002) yaw=0.034 goal=(7.000,0.000) dist=7.077 body=(4.990,-0.163) heading=-0.082 arrived=0 ra=-0.41772 entry=-0.05000 recovery=0 hold=0 twist=(0.000,0.000,0.000) min_ray_log=0.824 max_ray_log=2.585 min_ray_m=1.770 lin_vel=(0.051,-0.023,0.313) ang_vel=(0.210,0.706,0.220) action_range=(-1.693,3.095) contact=(1,1,1,1)
[ros2_control_node-3] [INFO] [1791614355.211838589] [StateRL]: [EVAL] step=50 t=1.000 robot=(0.075,-0.001) yaw=-0.026 goal=(7.000,0.000) dist=6.925 body=(4.991,0.131) heading=0.066 arrived=0 ra=-0.35326 entry=-0.05000 recovery=0 hold=0 twist=(0.000,0.000,0.000) min_ray_log=0.656 max_ray_log=2.585 min_ray_m=1.576 lin_vel=(0.522,-0.087,-0.232) ang_vel=(-1.318,0.894,-0.267) action_range=(-0.980,2.480) contact=(-1,-1,1,-1)
[ros2_control_node-3] [INFO] [1791614355.708372474] [StateRL]: [EVAL] step=75 t=1.500 robot=(0.587,0.007) yaw=-0.077 goal=(7.000,0.000) dist=6.413 body=(4.978,0.360) heading=0.179 arrived=0 ra=-0.58736 entry=-0.05000 recovery=0 hold=0 twist=(0.000,0.000,0.000) min_ray_log=0.113 max_ray_log=2.585 min_ray_m=1.082 lin_vel=(1.478,0.205,0.100) ang_vel=(-1.069,-0.030,0.336) action_range=(-2.125,2.392) contact=(1,-1,-1,1)
[ros2_control_node-3] [INFO] [1791614356.207982701] [StateRL]: [GOAL] 位置=(1.35,-0.06) 偏航=-0.09 目标=(7.00,0.00) 距离=5.65 机体系=(4.97,0.63) 航向=0.31 path_err=-0.06 path_on=1
[ros2_control_node-3] [INFO] [1791614356.209956823] [StateRL]: [EVAL] step=100 t=2.000 robot=(1.354,-0.058) yaw=-0.086 goal=(7.000,0.000) dist=5.646 body=(4.968,0.626) heading=0.305 arrived=0 ra=-0.26688 entry=-0.05000 recovery=0 hold=0 twist=(0.000,0.000,0.000) min_ray_log=-0.546 max_ray_log=2.585 min_ray_m=0.685 lin_vel=(1.487,-0.209,-0.055) ang_vel=(0.166,-2.089,-0.081) action_range=(-2.304,1.989) contact=(-1,1,-1,-1)
[ros2_control_node-3] [INFO] [1791614356.710127057] [StateRL]: [EVAL] step=125 t=2.500 robot=(2.253,-0.145) yaw=0.043 goal=(7.000,0.000) dist=4.749 body=(4.749,0.301) heading=0.157 arrived=0 ra=-0.24684 entry=-0.05000 recovery=0 hold=0 twist=(0.000,0.000,0.000) min_ray_log=1.067 max_ray_log=2.585 min_ray_m=2.095 lin_vel=(1.978,-0.040,0.153) ang_vel=(-0.423,0.461,0.078) action_range=(-1.485,2.538) contact=(1,-1,1,1)
[ros2_control_node-3] [INFO] [1791614356.894550238] [StateRL]: [TWIST-GD] 梯度下降恢复速度优化 | 初始=[1.77,-0.17,-0.04] 最终=[1.27,-0.30,0.06] 目标=(4.39,0.58) RA迭代=[-0.0191,-0.1512,-0.1502] 中心射线=2.58
[ros2_control_node-3] [WARN] [1791614356.894596450] [StateRL]: [RA-REC] 进入恢复 | group=A mode=paper_faithful_switch ra=-0.0191 entry=-0.0500 effective_exit=-0.0500 hysteresis=false hold=false 恢复速度=[1.27,-0.30,0.06]
[ros2_control_node-3] [INFO] [1791614356.898225920] [StateRL]: [REC-DIAG] lin_vel=[1.77,-0.17,-0.08] twist=[1.27,-0.30,0.06] hold=0 rec_action_range=[-1.554,0.730]
[ros2_control_node-3] [INFO] [1791614356.899053932] [StateRL]: [ABS-POLICY-CMD] event=recovery_command_issued clock=steady_clock_ns write_ns=21859220619121 write_id=540 source_session_id=21856510220642 source_policy_cycle_id=134 source_mode=1 action_source=2 transition_reason=1 recovery_episode_id=1 q_rad=[0.029734,0.527480,-1.605239,0.125302,0.529970,-1.888426,0.010929,0.621499,-1.381811,0.182391,0.910813,-1.575454]
[ros2_control_node-3] [INFO] [1791614356.911332135] [StateRL]: [RA-REC] 退出恢复 | group=A mode=paper_faithful_switch ra=-0.0826 < effective_exit=-0.0500 entry=-0.0500 hysteresis=false hold=false, 回到敏捷策略
[ros2_control_node-3] [INFO] [1791614356.963924689] [StateRL]: [TWIST-GD] 梯度下降恢复速度优化 | 初始=[2.02,-0.19,-0.73] 最终=[1.50,-0.30,-0.59] 目标=(4.26,0.74) RA迭代=[-0.0050,-0.1333,-0.1332] 中心射线=2.58
[ros2_control_node-3] [WARN] [1791614356.964034780] [StateRL]: [RA-REC] 进入恢复 | group=A mode=paper_faithful_switch ra=-0.0050 entry=-0.0500 effective_exit=-0.0500 hysteresis=false hold=false 恢复速度=[1.50,-0.30,-0.59]
[ros2_control_node-3] [INFO] [1791614356.976974073] [StateRL]: [ABS-POLICY-CMD] event=recovery_command_issued clock=steady_clock_ns write_ns=21859298516346 write_id=552 source_session_id=21856510220642 source_policy_cycle_id=137 source_mode=1 action_source=2 transition_reason=1 recovery_episode_id=2 q_rad=[0.065266,0.217535,-1.501873,-0.036014,0.399204,-1.776378,0.246653,0.889918,-1.931973,0.408425,0.718563,-1.805664]
[ros2_control_node-3] [INFO] [1791614356.990908268] [StateRL]: [RA-REC] 退出恢复 | group=A mode=paper_faithful_switch ra=-0.0697 < effective_exit=-0.0500 entry=-0.0500 hysteresis=false hold=false, 回到敏捷策略
[ros2_control_node-3] [INFO] [1791614357.209320448] [StateRL]: [EVAL] step=150 t=3.000 robot=(3.201,-0.184) yaw=-0.064 goal=(7.000,0.000) dist=3.803 body=(3.779,0.885) heading=0.529 arrived=0 ra=-0.36271 entry=-0.05000 recovery=0 hold=0 twist=(1.500,-0.298,-0.594) min_ray_log=0.192 max_ray_log=2.585 min_ray_m=1.143 lin_vel=(1.728,-0.047,0.159) ang_vel=(1.266,0.128,-0.008) action_range=(-2.483,1.891) contact=(-1,1,-1,-1)
[ros2_control_node-3] [INFO] [1791614357.364370465] [StateRL]: [TWIST-GD] 梯度下降恢复速度优化 | 初始=[1.89,0.09,-0.06] 最终=[1.40,-0.30,0.25] 目标=(3.53,0.97) RA迭代=[-0.0352,-0.3246,-0.3232] 中心射线=2.58
[ros2_control_node-3] [WARN] [1791614357.364423776] [StateRL]: [RA-REC] 进入恢复 | group=A mode=paper_faithful_switch ra=-0.0352 entry=-0.0500 effective_exit=-0.0500 hysteresis=false hold=false 恢复速度=[1.40,-0.30,0.25]
[ros2_control_node-3] [INFO] [1791614357.366055065] [StateRL]: [ABS-POLICY-CMD] event=recovery_command_issued clock=steady_clock_ns write_ns=21859687621497 write_id=632 source_session_id=21856510220642 source_policy_cycle_id=157 source_mode=1 action_source=2 transition_reason=1 recovery_episode_id=3 q_rad=[-0.072418,0.444209,-1.953521,-0.043284,0.355524,-1.606187,0.224413,1.225394,-1.988238,0.250365,0.699382,-1.895643]
[ros2_control_node-3] [INFO] [1791614357.369305770] [StateRL]: [RA-REC] 退出恢复 | group=A mode=paper_faithful_switch ra=-0.0916 < effective_exit=-0.0500 entry=-0.0500 hysteresis=false hold=false, 回到敏捷策略
[ros2_control_node-3] [INFO] [1791614357.391219191] [StateRL]: [TWIST-GD] 梯度下降恢复速度优化 | 初始=[1.82,0.06,0.09] 最终=[1.32,-0.30,0.28] 目标=(3.47,0.97) RA迭代=[0.0334,-0.3307,-0.3293] 中心射线=2.58
[ros2_control_node-3] [WARN] [1791614357.391300717] [StateRL]: [RA-REC] 进入恢复 | group=A mode=paper_faithful_switch ra=0.0334 entry=-0.0500 effective_exit=-0.0500 hysteresis=false hold=false 恢复速度=[1.32,-0.30,0.28]
[ros2_control_node-3] [INFO] [1791614357.392707204] [StateRL]: [ABS-POLICY-CMD] event=recovery_command_issued clock=steady_clock_ns write_ns=21859714296804 write_id=640 source_session_id=21856510220642 source_policy_cycle_id=159 source_mode=1 action_source=2 transition_reason=1 recovery_episode_id=4 q_rad=[0.111816,0.649782,-1.956935,-0.074449,0.627173,-1.437992,0.122191,1.206326,-2.102403,-0.080832,0.894560,-1.688210]
[ros2_control_node-3] [INFO] [1791614357.408472796] [StateRL]: [RA-REC] 退出恢复 | group=A mode=paper_faithful_switch ra=-0.0507 < effective_exit=-0.0500 entry=-0.0500 hysteresis=false hold=false, 回到敏捷策略
[ros2_control_node-3] [INFO] [1791614357.440379729] [StateRL]: [TWIST-GD] 梯度下降恢复速度优化 | 初始=[1.83,0.05,0.21] 最终=[1.33,-0.30,0.61] 目标=(3.40,0.95) RA迭代=[0.0814,-0.3450,-0.3433] 中心射线=2.58
[ros2_control_node-3] [WARN] [1791614357.440546010] [StateRL]: [RA-REC] 进入恢复 | group=A mode=paper_faithful_switch ra=0.0814 entry=-0.0500 effective_exit=-0.0500 hysteresis=false hold=false 恢复速度=[1.33,-0.30,0.61]
[ros2_control_node-3] [INFO] [1791614357.446953422] [StateRL]: [ABS-POLICY-CMD] event=recovery_command_issued clock=steady_clock_ns write_ns=21859768496902 write_id=648 source_session_id=21856510220642 source_policy_cycle_id=161 source_mode=1 action_source=2 transition_reason=1 recovery_episode_id=5 q_rad=[0.031991,0.839648,-1.938459,-0.033982,0.526131,-1.270672,-0.102538,1.275577,-1.949023,-0.046990,0.937610,-1.826522]
[ros2_control_node-3] [INFO] [1791614357.461338176] [StateRL]: [RA-REC] 退出恢复 | group=A mode=paper_faithful_switch ra=-0.7663 < effective_exit=-0.0500 entry=-0.0500 hysteresis=false hold=false, 回到敏捷策略
[ros2_control_node-3] [INFO] [1791614357.713062030] [StateRL]: [TWIST-GD] 梯度下降恢复速度优化 | 初始=[1.63,-0.45,0.66] 最终=[1.14,-0.30,1.16] 目标=(2.95,0.61) RA迭代=[-0.0033,-0.1288,-0.1276] 中心射线=2.58
[ros2_control_node-3] [WARN] [1791614357.713094326] [StateRL]: [RA-REC] 进入恢复 | group=A mode=paper_faithful_switch ra=-0.0033 entry=-0.0500 effective_exit=-0.0500 hysteresis=false hold=false 恢复速度=[1.14,-0.30,1.16]
[ros2_control_node-3] [INFO] [1791614357.713660036] [StateRL]: [EVAL] step=175 t=3.500 robot=(4.060,-0.266) yaw=0.109 goal=(7.000,0.000) dist=2.952 body=(2.951,0.606) heading=0.475 arrived=0 ra=-0.00329 entry=-0.05000 recovery=1 hold=0 twist=(1.137,-0.299,1.164) min_ray_log=-1.322 max_ray_log=2.585 min_ray_m=0.400 lin_vel=(1.631,-0.453,0.274) ang_vel=(1.587,-0.550,0.664) action_range=(-2.706,0.913) contact=(-1,1,-1,-1)
[ros2_control_node-3] [INFO] [1791614357.713779973] [StateRL]: [ABS-POLICY-CMD] event=recovery_command_issued clock=steady_clock_ns write_ns=21860035386006 write_id=704 source_session_id=21856510220642 source_policy_cycle_id=175 source_mode=1 action_source=2 transition_reason=1 recovery_episode_id=6 q_rad=[-0.177710,0.609396,-2.170273,0.228144,0.540516,-2.076312,-0.676565,0.998658,-1.607054,0.034495,0.996703,-1.555904]
[ros2_control_node-3] [INFO] [1791614357.748722660] [StateRL]: [RA-REC] 退出恢复 | group=A mode=paper_faithful_switch ra=-0.5795 < effective_exit=-0.0500 entry=-0.0500 hysteresis=false hold=false, 回到敏捷策略
[ros2_control_node-3] [INFO] [1791614358.207744171] [StateRL]: [GOAL] 位置=(4.83,-0.21) 偏航=0.35 目标=(7.00,0.00) 距离=2.18 机体系=(2.11,-0.06) 航向=-0.07 path_err=-0.21 path_on=1
[ros2_control_node-3] [INFO] [1791614358.208560707] [StateRL]: [EVAL] step=200 t=4.000 robot=(4.826,-0.212) yaw=0.354 goal=(7.000,0.000) dist=2.184 body=(2.113,-0.056) heading=-0.067 arrived=0 ra=-0.98886 entry=-0.05000 recovery=0 hold=0 twist=(1.137,-0.299,1.164) min_ray_log=2.585 max_ray_log=2.585 min_ray_m=6.000 lin_vel=(1.703,-0.031,0.197) ang_vel=(0.671,0.077,-0.051) action_range=(-1.917,3.127) contact=(1,-1,1,1)
[ros2_control_node-3] [INFO] [1791614358.711992364] [StateRL]: [EVAL] step=225 t=4.500 robot=(5.718,0.075) yaw=0.016 goal=(7.000,0.000) dist=1.284 body=(1.281,-0.283) heading=-0.505 arrived=0 ra=-0.99742 entry=-0.05000 recovery=0 hold=0 twist=(1.137,-0.299,1.164) min_ray_log=2.585 max_ray_log=2.585 min_ray_m=6.000 lin_vel=(1.892,0.433,0.131) ang_vel=(1.365,-0.277,-1.373) action_range=(-2.416,2.157) contact=(-1,1,-1,-1)
[ros2_control_node-3] [ERROR] [1791614359.152378988] [rl_quadruped_controller]: [HARD-STOP] command=1 -> forcing PASSIVE
[ros2_control_node-3] [INFO] [1791614359.152466720] [StateRL]: [VERIFY-EXIT] RL steps executed: 248
[ros2_control_node-3] [INFO] [1791614359.152480231] [rl_quadruped_controller]: [HARD-STOP-CONFIRMED] command=1 state=PASSIVE steady_ns=21861474096468 changed=1
[WARNING] [launch]: user interrupted with ctrl-c (SIGINT)
[INFO] [ros2_control_node-3]: sending signal 'SIGINT' to process[ros2_control_node-3]
[INFO] [robot_state_publisher-2]: sending signal 'SIGINT' to process[robot_state_publisher-2]
[INFO] [rviz2-1]: sending signal 'SIGINT' to process[rviz2-1]
[ros2_control_node-3] [INFO] [1791614359.158185191] [rclcpp]: signal_handler(SIGINT/SIGTERM)
[ros2_control_node-3] [INFO] [1791614359.158284370] [controller_manager]: Shutdown request received....
[ros2_control_node-3] [INFO] [1791614359.158348709] [controller_manager]: Shutting down all controllers in the controller manager.
[ros2_control_node-3] [INFO] [1791614359.158379431] [controller_manager]: Deactivating controller 'joint_state_broadcaster'
[ros2_control_node-3] [INFO] [1791614359.158436779] [controller_manager]: Shutting down controller 'joint_state_broadcaster'
[ros2_control_node-3] [INFO] [1791614359.158484709] [controller_manager]: Deactivating controller 'imu_sensor_broadcaster'
[ros2_control_node-3] [INFO] [1791614359.158516684] [controller_manager]: Shutting down controller 'imu_sensor_broadcaster'
[ros2_control_node-3] [INFO] [1791614359.158545679] [controller_manager]: Deactivating controller 'rl_quadruped_controller'
[robot_state_publisher-2] [INFO] [1791614359.158203894] [rclcpp]: signal_handler(SIGINT/SIGTERM)
[ros2_control_node-3] [INFO] [1791614359.158606096] [controller_manager]: Shutting down controller 'rl_quadruped_controller'
[ros2_control_node-3] [INFO] [1791614359.158654519] [resource_manager]: 'deactivate' hardware 'UnitreeSystem' 
[ros2_control_node-3] [INFO] [1791614359.158672881] [resource_manager]: Successful 'deactivate' of hardware 'UnitreeSystem'
[ros2_control_node-3] [INFO] [1791614359.158684781] [resource_manager]: 'shutdown' hardware 'UnitreeSystem' 
[ros2_control_node-3] [INFO] [1791614359.158692920] [resource_manager]: Successful 'shutdown' of hardware 'UnitreeSystem'
[ros2_control_node-3] [INFO] [1791614359.158700932] [controller_manager]: Shutting down the controller manager.
[rviz2-1] [INFO] [1791614359.158269262] [rclcpp]: signal_handler(SIGINT/SIGTERM)
[robot_state_publisher-2] [INFO] [1791614359.160852188] [rclcpp]: signal_handler(SIGINT/SIGTERM)
[rviz2-1] [INFO] [1791614359.161427485] [rclcpp]: signal_handler(SIGINT/SIGTERM)
[ERROR] [ros2_control_node-3]: process has died [pid 106240, exit code -2, cmd '/opt/ros/humble/lib/controller_manager/ros2_control_node --ros-args --params-file /home/lidio/quadruped_robots/quadruped_ros2_control_humble/install/go2_description/share/go2_description/config/robot_control.yaml -r ~/robot_description:=/robot_description'].
[INFO] [robot_state_publisher-2]: process has finished cleanly [pid 106238]
[INFO] [rviz2-1]: process has finished cleanly [pid 106236]
