2026-08-30T11:41:05+0800 P1-09AE_BEGIN scene=scene_flat.xml interface=lo launch=mujoco.launch.py simulation_test=0
2026-08-30T11:41:05+0800 DISPLAY_ENV DISPLAY=:0 XAUTHORITY=/run/user/1000/gdm/Xauthority
2026-08-30T11:41:05+0800 PROCESS_PRECHECK
2026-08-30T11:41:05+0800 PRECHECK_SHM existing=[]
2026-08-30T11:41:05+0800 PRECHECK_PGREP []
2026-08-30T11:41:05+0800 PROCESS_START mujoco
2026-08-30T11:41:05+0800 PROCESS_START mujoco pid=28924 pgid=28924
2026-08-30T11:41:08+0800 SIGDISP pid=28924 SigIgn:	0000000000000000
2026-08-30T11:41:08+0800 SIGDISP pid=28924 SigCgt:	0000000100004002
2026-08-30T11:41:08+0800 PROCESS_START ros2_launch
2026-08-30T11:41:08+0800 PROCESS_START ros2_launch pid=28982 pgid=28982
2026-08-30T11:41:13+0800 CONTROLLER_READY=1 last=[[92mjoint_state_broadcaster[0m joint_state_broadcaster/JointStateBroadcaster  [92mactive[0m
[92mimu_sensor_broadcaster [0m imu_sensor_broadcaster/IMUSensorBroadcaster    [92mactive[0m
[92mrl_]
2026-08-30T11:41:13+0800 PROCESS_START hud
2026-08-30T11:41:13+0800 PROCESS_START hud pid=29337
2026-08-30T11:41:13+0800 RECORDER_START run_id=d9c988223cec4b1385a8fd031abc385f -> /tmp/p1_09ae_capture_v2/record.jsonl state=CAPTURING
2026-08-30T11:41:13+0800 CONTROL_COMMAND command=2 lx=0.0 ly=0.0 rx=0.0 ry=0.0
2026-08-30T11:41:14+0800 CONTROL_PUB_RC rc=0
2026-08-30T11:41:15+0800 CONTROL_COMMAND command=2 lx=0.0 ly=0.0 rx=0.0 ry=0.0
2026-08-30T11:41:16+0800 CONTROL_PUB_RC rc=0
2026-08-30T11:41:16+0800 WAIT_FIXEDDOWN_TO_FIXEDSTAND
2026-08-30T11:41:20+0800 CONTROL_COMMAND command=3 lx=0.0 ly=1.0 rx=0.0 ry=0.0
2026-08-30T11:41:22+0800 CONTROL_PUB_RC rc=0
2026-08-30T11:41:22+0800 CONTROL_COMMAND command=3 lx=0.0 ly=1.0 rx=0.0 ry=0.0
2026-08-30T11:41:24+0800 CONTROL_PUB_RC rc=0
2026-08-30T11:41:24+0800 WAIT_FIXEDSTAND_TO_RL
2026-08-30T11:41:27+0800 RL_LIVE_CONFIRMED session_id=8049381969251 rl_step=284 policy_state=0 ra_value=-0.9993
2026-08-30T11:41:27+0800 OBSERVE_WINDOW start window_s=10.0
2026-08-30T11:41:37+0800 OBSERVE_WINDOW end stats_live=306 missing=176 other=0
2026-08-30T11:41:37+0800 RECORDER_STOPPED state=STOPPED finalized=False
2026-08-30T11:41:37+0800 RECORDER_STOP_VERIFY last_line_kind=frame terminal_present=False line_count=483
2026-08-30T11:41:37+0800 SIGDISP pid=28982 SigIgn:	0000000001001000
2026-08-30T11:41:37+0800 SIGDISP pid=28982 SigCgt:	0000000100000002
2026-08-30T11:41:37+0800 STOP_REQUEST ros2_launch pid=28982 pgid=28982 signal=2
2026-08-30T11:41:37+0800 STOP_KILL_RC ros2_launch leader_pid=28982 rc=0
2026-08-30T11:41:37+0800 PROCESS_EXIT ros2_launch pid=28982 rc=0
2026-08-30T11:41:37+0800 SIGDISP pid=28924 SigIgn:	0000000000000000
2026-08-30T11:41:37+0800 SIGDISP pid=28924 SigCgt:	0000000100004002
2026-08-30T11:41:37+0800 STOP_REQUEST mujoco pid=28924 pgid=28924 signal=2
2026-08-30T11:41:37+0800 STOP_KILL_RC mujoco leader_pid=28924 rc=0
2026-08-30T11:41:38+0800 PROCESS_EXIT mujoco pid=28924 rc=0
2026-08-30T11:41:42+0800 PROCESS_EXIT hud pid=29337 rc=0
2026-08-30T11:41:43+0800 PROCESS_POSTCHECK residue=NONE []
2026-08-30T11:41:43+0800 FACTS_WRITTEN {"exit_code": 0, "forced_termination": false, "mujoco_rc": 0, "ros_launch_rc": 0, "shutdown_complete": true, "shutdown_request_source": "recorder_stop;SIGINT_ros_launch;SIGINT_mujoco"}
2026-08-30T11:41:43+0800 RECORDER_FINALIZE run_id=d9c988223cec4b1385a8fd031abc385f state=FINALIZED normal_shutdown=True term=FRAMES_ENDED_RC0 frames_observed=306
2026-08-30T11:41:43+0800 POST_RUN_SUMMARY rc=0
2026-08-30T11:41:43+0800 ERROR_SCAN mujoco hits=[]
2026-08-30T11:41:43+0800 ERROR_SCAN ros2 hits=[]
2026-08-30T11:41:43+0800 ERROR_SCAN hud hits=[]
2026-08-30T11:41:43+0800 STATUS ros_rc=0 ros_forced=False mujoco_rc=0 mujoco_forced=False exit_code=0 forced=False shutdown_complete=True live_frames=306 run_id=d9c988223cec4b1385a8fd031abc385f
2026-08-30T11:41:43+0800 P1-09AE_END
