[INFO] [launch]: All log files can be found below /home/lidio/.ros/log/2026-10-10-14-59-53-211970-Estara-121605
[INFO] [launch]: Default logging verbosity is set to INFO
[INFO] [rviz2-1]: process started with pid [121628]
[INFO] [robot_state_publisher-2]: process started with pid [121630]
[INFO] [ros2_control_node-3]: process started with pid [121632]
[INFO] [spawner-4]: process started with pid [121634]
[robot_state_publisher-2] [INFO] [1791615593.364206192] [robot_state_publisher]: got segment FL_calf
[robot_state_publisher-2] [INFO] [1791615593.364318063] [robot_state_publisher]: got segment FL_foot
[robot_state_publisher-2] [INFO] [1791615593.364323560] [robot_state_publisher]: got segment FL_hip
[robot_state_publisher-2] [INFO] [1791615593.364326652] [robot_state_publisher]: got segment FL_thigh
[robot_state_publisher-2] [INFO] [1791615593.364329694] [robot_state_publisher]: got segment FR_calf
[robot_state_publisher-2] [INFO] [1791615593.364332293] [robot_state_publisher]: got segment FR_foot
[robot_state_publisher-2] [INFO] [1791615593.364334801] [robot_state_publisher]: got segment FR_hip
[robot_state_publisher-2] [INFO] [1791615593.364337409] [robot_state_publisher]: got segment FR_thigh
[robot_state_publisher-2] [INFO] [1791615593.364339916] [robot_state_publisher]: got segment RL_calf
[robot_state_publisher-2] [INFO] [1791615593.364342375] [robot_state_publisher]: got segment RL_foot
[robot_state_publisher-2] [INFO] [1791615593.364344962] [robot_state_publisher]: got segment RL_hip
[robot_state_publisher-2] [INFO] [1791615593.364347590] [robot_state_publisher]: got segment RL_thigh
[robot_state_publisher-2] [INFO] [1791615593.364350087] [robot_state_publisher]: got segment RR_calf
[robot_state_publisher-2] [INFO] [1791615593.364352579] [robot_state_publisher]: got segment RR_foot
[robot_state_publisher-2] [INFO] [1791615593.364354988] [robot_state_publisher]: got segment RR_hip
[robot_state_publisher-2] [INFO] [1791615593.364357561] [robot_state_publisher]: got segment RR_thigh
[robot_state_publisher-2] [INFO] [1791615593.364360040] [robot_state_publisher]: got segment base
[robot_state_publisher-2] [INFO] [1791615593.364362582] [robot_state_publisher]: got segment front_camera
[robot_state_publisher-2] [INFO] [1791615593.364365203] [robot_state_publisher]: got segment imu_link
[robot_state_publisher-2] [INFO] [1791615593.364367845] [robot_state_publisher]: got segment lidar
[robot_state_publisher-2] [INFO] [1791615593.364370305] [robot_state_publisher]: got segment trunk
[ros2_control_node-3] [INFO] [1791615593.383781190] [controller_manager]: Subscribing to '~/robot_description' topic for robot description file.
[ros2_control_node-3] [INFO] [1791615593.384598218] [controller_manager]: update rate is 1000 Hz
[ros2_control_node-3] [INFO] [1791615593.384623294] [controller_manager]: Spawning controller_manager RT thread with scheduler priority: 50
[ros2_control_node-3] [WARN] [1791615593.384711893] [controller_manager]: Could not enable FIFO RT scheduling policy: with error number <1>(Operation not permitted). See [https://control.ros.org/master/doc/ros2_control/controller_manager/doc/userdoc.html] for details on how to enable realtime scheduling.
[ros2_control_node-3] [INFO] [1791615593.395083352] [controller_manager]: Received robot description file.
[ros2_control_node-3] [INFO] [1791615593.395756456] [resource_manager]: Loading hardware 'UnitreeSystem' 
[ros2_control_node-3] [INFO] [1791615593.401869974] [resource_manager]: Initialize hardware 'UnitreeSystem' 
[ros2_control_node-3] [INFO] [1791615593.401949375] [unitree_hardware]:  network_interface: lo, domain: 1
[ros2_control_node-3] 1791615593.404765 [1] ros2_contr: selected interface "lo" is not multicast-capable: disabling multicast
[ros2_control_node-3] [INFO] [1791615593.509951684] [unitree_hardware]: [MOTOR-MAP] controller[0] FR_hip_joint -> Unitree motor[0]
[ros2_control_node-3] [INFO] [1791615593.509980824] [unitree_hardware]: [MOTOR-MAP] controller[1] FR_thigh_joint -> Unitree motor[1]
[ros2_control_node-3] [INFO] [1791615593.509987375] [unitree_hardware]: [MOTOR-MAP] controller[2] FR_calf_joint -> Unitree motor[2]
[ros2_control_node-3] [INFO] [1791615593.509992406] [unitree_hardware]: [MOTOR-MAP] controller[3] FL_hip_joint -> Unitree motor[3]
[ros2_control_node-3] [INFO] [1791615593.509997043] [unitree_hardware]: [MOTOR-MAP] controller[4] FL_thigh_joint -> Unitree motor[4]
[ros2_control_node-3] [INFO] [1791615593.510001456] [unitree_hardware]: [MOTOR-MAP] controller[5] FL_calf_joint -> Unitree motor[5]
[ros2_control_node-3] [INFO] [1791615593.510005806] [unitree_hardware]: [MOTOR-MAP] controller[6] RR_hip_joint -> Unitree motor[6]
[ros2_control_node-3] [INFO] [1791615593.510010131] [unitree_hardware]: [MOTOR-MAP] controller[7] RR_thigh_joint -> Unitree motor[7]
[ros2_control_node-3] [INFO] [1791615593.510014484] [unitree_hardware]: [MOTOR-MAP] controller[8] RR_calf_joint -> Unitree motor[8]
[ros2_control_node-3] [INFO] [1791615593.510018836] [unitree_hardware]: [MOTOR-MAP] controller[9] RL_hip_joint -> Unitree motor[9]
[ros2_control_node-3] [INFO] [1791615593.510023179] [unitree_hardware]: [MOTOR-MAP] controller[10] RL_thigh_joint -> Unitree motor[10]
[ros2_control_node-3] [INFO] [1791615593.510027589] [unitree_hardware]: [MOTOR-MAP] controller[11] RL_calf_joint -> Unitree motor[11]
[ros2_control_node-3] [INFO] [1791615593.510851317] [resource_manager]: Successful initialization of hardware 'UnitreeSystem'
[ros2_control_node-3] [INFO] [1791615593.511066984] [resource_manager]: 'configure' hardware 'UnitreeSystem' 
[ros2_control_node-3] [INFO] [1791615593.511081377] [resource_manager]: Successful 'configure' of hardware 'UnitreeSystem'
[ros2_control_node-3] [INFO] [1791615593.511106846] [resource_manager]: 'activate' hardware 'UnitreeSystem' 
[ros2_control_node-3] [INFO] [1791615593.511114323] [resource_manager]: Successful 'activate' of hardware 'UnitreeSystem'
[ros2_control_node-3] [INFO] [1791615593.568469842] [controller_manager]: Loading controller 'joint_state_broadcaster'
[spawner-4] [INFO] [1791615593.580459850] [spawner_joint_state_broadcaster]: [94mLoaded [1mjoint_state_broadcaster[0m
[ros2_control_node-3] [INFO] [1791615593.580926800] [controller_manager]: Configuring controller 'joint_state_broadcaster'
[ros2_control_node-3] [INFO] [1791615593.580976259] [joint_state_broadcaster]: 'joints' or 'interfaces' parameter is empty. All available state interfaces will be published
[spawner-4] [INFO] [1791615593.586336871] [spawner_joint_state_broadcaster]: [92mConfigured and activated [1mjoint_state_broadcaster[0m
[INFO] [spawner-4]: process has finished cleanly [pid 121634]
[INFO] [spawner-5]: process started with pid [121743]
[rviz2-1] [INFO] [1791615593.779120488] [rviz2]: Stereo is NOT SUPPORTED
[rviz2-1] [INFO] [1791615593.779188087] [rviz2]: OpenGl version: 4.6 (GLSL 4.6)
[rviz2-1] [INFO] [1791615593.800818137] [rviz2]: Stereo is NOT SUPPORTED
[ros2_control_node-3] [INFO] [1791615593.974935203] [controller_manager]: Loading controller 'imu_sensor_broadcaster'
[spawner-5] [INFO] [1791615593.989944033] [spawner_imu_sensor_broadcaster]: [94mLoaded [1mimu_sensor_broadcaster[0m
[ros2_control_node-3] [INFO] [1791615593.991308605] [controller_manager]: Configuring controller 'imu_sensor_broadcaster'
[spawner-5] [INFO] [1791615593.996495601] [spawner_imu_sensor_broadcaster]: [92mConfigured and activated [1mimu_sensor_broadcaster[0m
[INFO] [spawner-5]: process has finished cleanly [pid 121743]
[INFO] [spawner-6]: process started with pid [121781]
[ros2_control_node-3] [INFO] [1791615594.386243527] [controller_manager]: Loading controller 'rl_quadruped_controller'
[ros2_control_node-3] [INFO] [1791615594.627048481] [rl_quadruped_controller]: Controller Update Rate: 200 Hz
[ros2_control_node-3] [INFO] [1791615594.627072869] [rl_quadruped_controller]: Enable Estimator
[ros2_control_node-3] dt: 0.005
[spawner-6] [INFO] [1791615594.637816059] [spawner_rl_quadruped_controller]: [94mLoaded [1mrl_quadruped_controller[0m
[ros2_control_node-3] [INFO] [1791615594.638633988] [controller_manager]: Configuring controller 'rl_quadruped_controller'
[ros2_control_node-3] [INFO] [1791615594.644014281] [rl_quadruped_controller]: [FOOT-LOANED] index=0 name=foot_force/FR
[ros2_control_node-3] [INFO] [1791615594.644045519] [rl_quadruped_controller]: [FOOT-LOANED] index=1 name=foot_force/FL
[ros2_control_node-3] [INFO] [1791615594.644051255] [rl_quadruped_controller]: [FOOT-LOANED] index=2 name=foot_force/RR
[ros2_control_node-3] [INFO] [1791615594.644054894] [rl_quadruped_controller]: [FOOT-LOANED] index=3 name=foot_force/RL
[ros2_control_node-3] [INFO] [1791615594.644071231] [rl_quadruped_controller]: [VERIFY] joint interface order: FR_hip_joint FR_thigh_joint FR_calf_joint ... RL_calf_joint
[ros2_control_node-3] [INFO] [1791615594.644138058] [rl_quadruped_controller]: Using robot model from go2_description
[ros2_control_node-3] [INFO] [1791615594.645971305] [rl_quadruped_controller]: [S1-RUN-SOURCE] pid=121632 package_share=/home/lidio/quadruped_robots/quadruped_ros2_control_humble/install/go2_description/share/go2_description config=/home/lidio/quadruped_robots/quadruped_ros2_control_humble/install/go2_description/share/go2_description/config/abs/config.yaml agile_model=/home/lidio/quadruped_robots/quadruped_ros2_control_humble/install/go2_description/share/go2_description/config/abs/policy.pt ra_model=/home/lidio/quadruped_robots/quadruped_ros2_control_humble/install/go2_description/share/go2_description/config/abs/ra_value.pt candidate=paper_faithful_switch group=A entry_threshold=-0.05 effective_exit_threshold=-0.05 hysteresis=false hold=false goal=(7.000,0.000)
[ros2_control_node-3] [INFO] [1791615594.646013854] [rl_quadruped_controller]: [S2-SWITCH-CONFIG] group=A entry_threshold=-0.05 effective_exit_threshold=-0.05 hysteresis=false hold=false
[ros2_control_node-3] [INFO] [1791615594.646021058] [rl_quadruped_controller]: Model loading: policy.pt
[ros2_control_node-3] robot_legs_.size(): 4
[ros2_control_node-3] [INFO] [1791615594.661325868] [rl_quadruped_controller]: [VERIFY] num_observations=61, num_of_dofs=12
[ros2_control_node-3] [INFO] [1791615594.661411126] [rl_quadruped_controller]: [VERIFY] observations order: contact ang_vel gravity_vec commands timer dof_pos dof_vel actions ray2d 
[ros2_control_node-3] [INFO] [1791615594.661485095] [rl_quadruped_controller]: [VERIFY] rl_kp[0]=30.00, rl_kd[0]=0.65
[ros2_control_node-3] [INFO] [1791615594.661494877] [rl_quadruped_controller]: [VERIFY] scales: action=0.25 lin_vel=1.00 ang_vel=1.00 dof_pos=1.00 dof_vel=0.20
[ros2_control_node-3] [INFO] [1791615594.661504383] [rl_quadruped_controller]: [VERIFY] default_dof_pos: 0.0000 0.8000 -1.5000 (first 3 joints = FR hip/thigh/calf)
[ros2_control_node-3] [INFO] [1791615594.661509110] [rl_quadruped_controller]: [VERIFY] ABS: max_ep_len=9.0s contact_thr=1.0N ray2d_count=11 ray2d_max_range=6.0m
[ros2_control_node-3] [INFO] [1791615594.661513241] [rl_quadruped_controller]: [VERIFY] decimation=4 frequency=200Hz dt=0.0200s
[ros2_control_node-3] [INFO] [1791615594.661517155] [rl_quadruped_controller]: [VERIFY] use_rl_thread=false policy_joint_order=ros1_fl_fr_rl_rr
[ros2_control_node-3] [INFO] [1791615594.663486129] [rl_quadruped_controller]: [RA] Value network loaded: ra_value.pt
[ros2_control_node-3] [INFO] [1791615594.666869690] [rl_quadruped_controller]: [REC] Recovery policy loaded: /home/lidio/quadruped_robots/quadruped_ros2_control_humble/install/go2_description/share/go2_description/config/rec/policy.pt
[ros2_control_node-3] [INFO] [1791615594.667475963] [rl_quadruped_controller]: StateRLRec: Loading recovery model: policy.pt
[ros2_control_node-3] [INFO] [1791615594.670702914] [rl_quadruped_controller]: [REC-VERIFY] num_observations=49, num_of_dofs=12
[ros2_control_node-3] [INFO] [1791615594.670794717] [rl_quadruped_controller]: [REC-VERIFY] observations: contact ang_vel gravity_vec commands dof_pos dof_vel actions 
[ros2_control_node-3] [INFO] [1791615594.670843695] [rl_quadruped_controller]: [REC-VERIFY] rl_kp[0]=30.00, rl_kd[0]=0.65
[ros2_control_node-3] [INFO] [1791615594.670854975] [rl_quadruped_controller]: [REC-VERIFY] action_scale=0.25 dof_vel_scale=0.20 contact_thr=1.0N
[spawner-6] [INFO] [1791615594.671884730] [spawner_rl_quadruped_controller]: [92mConfigured and activated [1mrl_quadruped_controller[0m
[INFO] [spawner-6]: process has finished cleanly [pid 121781]
[ros2_control_node-3] [INFO] [1791615605.839243580] [rl_quadruped_controller]: Switched from passive to fixed down
[ros2_control_node-3] [INFO] [1791615607.784294173] [rl_quadruped_controller]: Switched from fixed down to fixed stand
[ros2_control_node-3] [INFO] [1791615607.794322855] [BaseFixedStand]: [STAND-SYMM] phase=0.004 q_thigh FR=1.256 FL=1.256 RR=1.345 RL=1.345 diff_FLFR=0.000 diff_RLRR=-0.000 q_calf FR=-2.732 FL=-2.732 RR=-2.743 RL=-2.743 diff_FLFR=0.000 diff_RLRR=-0.000
[ros2_control_node-3] [INFO] [1791615608.294324281] [BaseFixedStand]: [STAND-SYMM] phase=0.398 q_thigh FR=1.074 FL=1.074 RR=1.135 RL=1.135 diff_FLFR=0.000 diff_RLRR=-0.000 q_calf FR=-2.367 FL=-2.367 RR=-2.394 RL=-2.394 diff_FLFR=-0.000 diff_RLRR=0.000
[ros2_control_node-3] [INFO] [1791615608.794340587] [BaseFixedStand]: [STAND-SYMM] phase=0.684 q_thigh FR=0.938 FL=0.938 RR=0.977 RL=0.977 diff_FLFR=0.000 diff_RLRR=-0.000 q_calf FR=-1.995 FL=-1.995 RR=-2.009 RL=-2.009 diff_FLFR=-0.000 diff_RLRR=-0.000
[ros2_control_node-3] [INFO] [1791615609.294351888] [BaseFixedStand]: [STAND-SYMM] phase=0.849 q_thigh FR=0.862 FL=0.862 RR=0.888 RL=0.888 diff_FLFR=0.000 diff_RLRR=-0.000 q_calf FR=-1.778 FL=-1.778 RR=-1.780 RL=-1.780 diff_FLFR=-0.000 diff_RLRR=-0.000
[ros2_control_node-3] [INFO] [1791615609.794422823] [BaseFixedStand]: [STAND-SYMM] phase=0.932 q_thigh FR=0.823 FL=0.823 RR=0.843 RL=0.843 diff_FLFR=0.000 diff_RLRR=-0.000 q_calf FR=-1.668 FL=-1.668 RR=-1.663 RL=-1.663 diff_FLFR=-0.000 diff_RLRR=-0.000
[ros2_control_node-3] [INFO] [1791615610.294179091] [BaseFixedStand]: [STAND-SYMM] phase=0.970 q_thigh FR=0.805 FL=0.805 RR=0.822 RL=0.822 diff_FLFR=0.000 diff_RLRR=-0.000 q_calf FR=-1.616 FL=-1.616 RR=-1.608 RL=-1.608 diff_FLFR=0.000 diff_RLRR=-0.000
[ros2_control_node-3] [INFO] [1791615610.794258413] [BaseFixedStand]: [STAND-SYMM] phase=0.987 q_thigh FR=0.797 FL=0.797 RR=0.813 RL=0.813 diff_FLFR=0.000 diff_RLRR=-0.000 q_calf FR=-1.593 FL=-1.593 RR=-1.584 RL=-1.584 diff_FLFR=0.000 diff_RLRR=-0.000
[ros2_control_node-3] [INFO] [1791615611.294368750] [BaseFixedStand]: [STAND-SYMM] phase=0.994 q_thigh FR=0.794 FL=0.794 RR=0.809 RL=0.809 diff_FLFR=0.000 diff_RLRR=-0.000 q_calf FR=-1.583 FL=-1.583 RR=-1.573 RL=-1.573 diff_FLFR=0.000 diff_RLRR=-0.000
[ros2_control_node-3] [INFO] [1791615611.794176537] [BaseFixedStand]: [STAND-SYMM] phase=0.997 q_thigh FR=0.791 FL=0.791 RR=0.806 RL=0.806 diff_FLFR=0.000 diff_RLRR=-0.000 q_calf FR=-1.577 FL=-1.577 RR=-1.567 RL=-1.567 diff_FLFR=0.000 diff_RLRR=-0.000
[ros2_control_node-3] [INFO] [1791615612.294014639] [BaseFixedStand]: [STAND-SYMM] phase=0.999 q_thigh FR=0.790 FL=0.790 RR=0.805 RL=0.805 diff_FLFR=0.000 diff_RLRR=-0.000 q_calf FR=-1.574 FL=-1.574 RR=-1.564 RL=-1.564 diff_FLFR=0.000 diff_RLRR=-0.000
[ros2_control_node-3] [INFO] [1791615612.794037676] [BaseFixedStand]: [STAND-SYMM] phase=1.000 q_thigh FR=0.790 FL=0.790 RR=0.805 RL=0.805 diff_FLFR=0.000 diff_RLRR=-0.000 q_calf FR=-1.573 FL=-1.573 RR=-1.562 RL=-1.562 diff_FLFR=0.000 diff_RLRR=-0.000
[ros2_control_node-3] [INFO] [1791615613.294205125] [BaseFixedStand]: [STAND-SYMM] phase=1.000 q_thigh FR=0.790 FL=0.790 RR=0.805 RL=0.805 diff_FLFR=0.000 diff_RLRR=-0.000 q_calf FR=-1.572 FL=-1.572 RR=-1.561 RL=-1.561 diff_FLFR=0.000 diff_RLRR=-0.000
[ros2_control_node-3] [INFO] [1791615613.589354897] [rl_quadruped_controller]: Switched from fixed stand to rl
[ros2_control_node-3] [INFO] [1791615613.594856855] [StateRL]: [Ray2D] Shared memory connected: /mujoco_ray2d
[ros2_control_node-3] [INFO] [1791615613.595008199] [StateRL]: [RtFrame] Shared memory initialized: /mujoco_rt_frame session_id=23115916554953 writer_pid=121632
[ros2_control_node-3] [INFO] [1791615613.596064679] [StateRL]: [RL] enable_estimator_=1 rec_loaded=1 ra_loaded=1 ra_threshold=-0.0500
[ros2_control_node-3] [INFO] [1791615613.596111692] [StateRL]: [RL] Ray2d: shm connected, policy active
[ros2_control_node-3] [INFO] [1791615613.622280396] [StateRL]: [PATH] start=(-0.03,0.00) goal=(7.00,0.00) tracking=1 lateral_gain=2.50 heading_gain=2.50
[ros2_control_node-3] [INFO] [1791615613.622376765] [StateRL]: [GOAL] 位置=(-0.03,0.00) 偏航=-0.00 目标=(7.00,0.00) 距离=7.03 机体系=(4.99,0.00) 航向=0.00 path_err=0.00 path_on=1
[ros2_control_node-3] [INFO] [1791615613.667841364] [StateRL]: [RA] ra=-0.7536 ray2d=[2.58 2.58 2.58 2.58 2.58 2.58 2.58 2.58 2.58 2.58 2.58]
[ros2_control_node-3] [INFO] [1791615613.669652979] [StateRL]: [EVAL] step=0 t=0.000 robot=(-0.035,0.000) yaw=-0.000 goal=(7.000,0.000) dist=7.035 body=(4.993,0.000) heading=0.000 arrived=0 ra=-0.75364 entry=-0.05000 recovery=0 hold=0 twist=(0.000,0.000,0.000) min_ray_log=2.585 max_ray_log=2.585 min_ray_m=6.000 lin_vel=(0.001,0.000,-0.074) ang_vel=(-0.000,0.053,-0.000) action_range=(-0.724,2.328) contact=(1,1,1,1)
[ros2_control_node-3] [INFO] [1791615614.116375744] [StateRL]: [EVAL] step=25 t=0.500 robot=(-0.077,-0.001) yaw=0.028 goal=(7.000,0.000) dist=7.077 body=(4.991,-0.135) heading=-0.068 arrived=0 ra=-0.76106 entry=-0.05000 recovery=0 hold=0 twist=(0.000,0.000,0.000) min_ray_log=2.585 max_ray_log=2.585 min_ray_m=6.000 lin_vel=(0.057,-0.007,0.311) ang_vel=(0.067,0.800,0.197) action_range=(-1.716,2.966) contact=(1,1,1,1)
[ros2_control_node-3] [INFO] [1791615614.614938878] [StateRL]: [EVAL] step=50 t=1.000 robot=(0.097,0.038) yaw=0.007 goal=(7.000,0.000) dist=6.904 body=(4.992,-0.156) heading=-0.078 arrived=0 ra=-0.78895 entry=-0.05000 recovery=0 hold=0 twist=(0.000,0.000,0.000) min_ray_log=2.585 max_ray_log=2.585 min_ray_m=6.000 lin_vel=(0.419,-0.019,-0.191) ang_vel=(-1.569,-1.428,-0.208) action_range=(-1.541,2.667) contact=(-1,1,1,-1)
[ros2_control_node-3] [INFO] [1791615615.128446505] [StateRL]: [EVAL] step=75 t=1.500 robot=(0.628,0.131) yaw=-0.055 goal=(7.000,0.000) dist=6.374 body=(4.989,-0.155) heading=-0.078 arrived=0 ra=-0.81144 entry=-0.05000 recovery=0 hold=0 twist=(0.000,0.000,0.000) min_ray_log=2.585 max_ray_log=2.585 min_ray_m=6.000 lin_vel=(1.460,0.359,-0.005) ang_vel=(-1.713,-0.400,0.042) action_range=(-2.196,3.182) contact=(1,-1,1,-1)
[ros2_control_node-3] [INFO] [1791615615.615513713] [StateRL]: [GOAL] 位置=(1.46,0.21) 偏航=-0.07 目标=(7.00,0.00) 距离=5.55 机体系=(4.99,-0.33) 航向=-0.16 path_err=0.21 path_on=1
[ros2_control_node-3] [INFO] [1791615615.618879869] [StateRL]: [EVAL] step=100 t=2.000 robot=(1.456,0.208) yaw=-0.075 goal=(7.000,0.000) dist=5.548 body=(4.988,-0.332) heading=-0.165 arrived=0 ra=-0.81840 entry=-0.05000 recovery=0 hold=0 twist=(0.000,0.000,0.000) min_ray_log=2.585 max_ray_log=2.585 min_ray_m=6.000 lin_vel=(1.808,0.178,0.379) ang_vel=(2.721,0.461,-0.497) action_range=(-2.911,1.689) contact=(-1,1,-1,-1)
[ros2_control_node-3] [INFO] [1791615616.116458129] [StateRL]: [EVAL] step=125 t=2.500 robot=(2.436,0.250) yaw=-0.101 goal=(7.000,0.000) dist=4.571 body=(4.566,-0.408) heading=-0.220 arrived=0 ra=-0.88346 entry=-0.05000 recovery=0 hold=0 twist=(0.000,0.000,0.000) min_ray_log=2.585 max_ray_log=2.585 min_ray_m=6.000 lin_vel=(2.092,0.341,-0.415) ang_vel=(-1.133,1.091,0.135) action_range=(-1.069,3.425) contact=(-1,-1,1,-1)
[ros2_control_node-3] [INFO] [1791615616.615879950] [StateRL]: [EVAL] step=150 t=3.000 robot=(3.565,0.324) yaw=-0.184 goal=(7.000,0.000) dist=3.450 body=(3.436,-0.486) heading=-0.340 arrived=0 ra=-0.95817 entry=-0.05000 recovery=0 hold=0 twist=(0.000,0.000,0.000) min_ray_log=2.585 max_ray_log=2.585 min_ray_m=6.000 lin_vel=(2.357,0.500,0.272) ang_vel=(0.736,-0.036,-0.140) action_range=(-1.917,2.288) contact=(1,1,-1,1)
[ros2_control_node-3] [INFO] [1791615617.116392987] [StateRL]: [EVAL] step=175 t=3.500 robot=(4.698,0.283) yaw=-0.406 goal=(7.000,0.000) dist=2.319 body=(2.227,-0.001) heading=-0.001 arrived=0 ra=-0.99017 entry=-0.05000 recovery=0 hold=0 twist=(0.000,0.000,0.000) min_ray_log=2.585 max_ray_log=2.585 min_ray_m=6.000 lin_vel=(2.038,0.601,-0.391) ang_vel=(-1.500,-0.576,-0.677) action_range=(-1.326,3.203) contact=(-1,-1,1,-1)
[ros2_control_node-3] [INFO] [1791615617.614327418] [StateRL]: [GOAL] 位置=(5.81,0.12) 偏航=-0.46 目标=(7.00,0.00) 距离=1.20 机体系=(1.12,0.14) 航向=0.30 path_err=0.12 path_on=1
[ros2_control_node-3] [INFO] [1791615617.615965502] [StateRL]: [EVAL] step=200 t=4.000 robot=(5.809,0.122) yaw=-0.455 goal=(7.000,0.000) dist=1.198 body=(1.124,0.140) heading=0.302 arrived=0 ra=-0.99778 entry=-0.05000 recovery=0 hold=0 twist=(0.000,0.000,0.000) min_ray_log=2.585 max_ray_log=2.585 min_ray_m=6.000 lin_vel=(2.202,0.647,0.323) ang_vel=(-0.750,0.805,0.874) action_range=(-2.045,2.283) contact=(1,-1,-1,1)
[ros2_control_node-3] [ERROR] [1791615617.978898268] [rl_quadruped_controller]: [HARD-STOP] command=1 -> forcing PASSIVE
[ros2_control_node-3] [INFO] [1791615617.979684684] [StateRL]: [VERIFY-EXIT] RL steps executed: 219
[ros2_control_node-3] [INFO] [1791615617.979703102] [rl_quadruped_controller]: [HARD-STOP-CONFIRMED] command=1 state=PASSIVE steady_ns=23120301319309 changed=1
[WARNING] [launch]: user interrupted with ctrl-c (SIGINT)
[INFO] [ros2_control_node-3]: sending signal 'SIGINT' to process[ros2_control_node-3]
[INFO] [robot_state_publisher-2]: sending signal 'SIGINT' to process[robot_state_publisher-2]
[INFO] [rviz2-1]: sending signal 'SIGINT' to process[rviz2-1]
[rviz2-1] [INFO] [1791615617.983978805] [rclcpp]: signal_handler(SIGINT/SIGTERM)
[ros2_control_node-3] [INFO] [1791615617.984014013] [rclcpp]: signal_handler(SIGINT/SIGTERM)
[ros2_control_node-3] [INFO] [1791615617.984115625] [controller_manager]: Shutdown request received....
[ros2_control_node-3] [INFO] [1791615617.984172454] [controller_manager]: Shutting down all controllers in the controller manager.
[ros2_control_node-3] [INFO] [1791615617.984204233] [controller_manager]: Deactivating controller 'joint_state_broadcaster'
[ros2_control_node-3] [INFO] [1791615617.984245454] [controller_manager]: Shutting down controller 'joint_state_broadcaster'
[ros2_control_node-3] [INFO] [1791615617.984283111] [controller_manager]: Deactivating controller 'imu_sensor_broadcaster'
[ros2_control_node-3] [INFO] [1791615617.984308784] [controller_manager]: Shutting down controller 'imu_sensor_broadcaster'
[ros2_control_node-3] [INFO] [1791615617.984337068] [controller_manager]: Deactivating controller 'rl_quadruped_controller'
[robot_state_publisher-2] [INFO] [1791615617.984016140] [rclcpp]: signal_handler(SIGINT/SIGTERM)
[ros2_control_node-3] [INFO] [1791615617.984399743] [controller_manager]: Shutting down controller 'rl_quadruped_controller'
[ros2_control_node-3] [INFO] [1791615617.984437265] [resource_manager]: 'deactivate' hardware 'UnitreeSystem' 
[ros2_control_node-3] [INFO] [1791615617.984454149] [resource_manager]: Successful 'deactivate' of hardware 'UnitreeSystem'
[ros2_control_node-3] [INFO] [1791615617.984462380] [resource_manager]: 'shutdown' hardware 'UnitreeSystem' 
[ros2_control_node-3] [INFO] [1791615617.984472646] [resource_manager]: Successful 'shutdown' of hardware 'UnitreeSystem'
[ros2_control_node-3] [INFO] [1791615617.984482058] [controller_manager]: Shutting down the controller manager.
[robot_state_publisher-2] [INFO] [1791615617.987029567] [rclcpp]: signal_handler(SIGINT/SIGTERM)
[rviz2-1] [INFO] [1791615617.987538941] [rclcpp]: signal_handler(SIGINT/SIGTERM)
[ERROR] [ros2_control_node-3]: process has died [pid 121632, exit code -2, cmd '/opt/ros/humble/lib/controller_manager/ros2_control_node --ros-args --params-file /home/lidio/quadruped_robots/quadruped_ros2_control_humble/install/go2_description/share/go2_description/config/robot_control.yaml -r ~/robot_description:=/robot_description'].
[INFO] [robot_state_publisher-2]: process has finished cleanly [pid 121630]
[INFO] [rviz2-1]: process has finished cleanly [pid 121628]
