[INFO] [launch]: All log files can be found below /home/lidio/.ros/log/2026-10-08-13-12-01-949921-Estara-173798
[INFO] [launch]: Default logging verbosity is set to INFO
[INFO] [rviz2-1]: process started with pid [173821]
[INFO] [robot_state_publisher-2]: process started with pid [173823]
[INFO] [ros2_control_node-3]: process started with pid [173825]
[INFO] [spawner-4]: process started with pid [173827]
[robot_state_publisher-2] [INFO] [1791436322.110323647] [robot_state_publisher]: got segment FL_calf
[robot_state_publisher-2] [INFO] [1791436322.110410045] [robot_state_publisher]: got segment FL_foot
[robot_state_publisher-2] [INFO] [1791436322.110415200] [robot_state_publisher]: got segment FL_hip
[robot_state_publisher-2] [INFO] [1791436322.110418482] [robot_state_publisher]: got segment FL_thigh
[robot_state_publisher-2] [INFO] [1791436322.110420947] [robot_state_publisher]: got segment FR_calf
[robot_state_publisher-2] [INFO] [1791436322.110423549] [robot_state_publisher]: got segment FR_foot
[robot_state_publisher-2] [INFO] [1791436322.110425997] [robot_state_publisher]: got segment FR_hip
[robot_state_publisher-2] [INFO] [1791436322.110428525] [robot_state_publisher]: got segment FR_thigh
[robot_state_publisher-2] [INFO] [1791436322.110430875] [robot_state_publisher]: got segment RL_calf
[robot_state_publisher-2] [INFO] [1791436322.110433294] [robot_state_publisher]: got segment RL_foot
[robot_state_publisher-2] [INFO] [1791436322.110435656] [robot_state_publisher]: got segment RL_hip
[robot_state_publisher-2] [INFO] [1791436322.110438308] [robot_state_publisher]: got segment RL_thigh
[robot_state_publisher-2] [INFO] [1791436322.110440737] [robot_state_publisher]: got segment RR_calf
[robot_state_publisher-2] [INFO] [1791436322.110443172] [robot_state_publisher]: got segment RR_foot
[robot_state_publisher-2] [INFO] [1791436322.110445460] [robot_state_publisher]: got segment RR_hip
[robot_state_publisher-2] [INFO] [1791436322.110449657] [robot_state_publisher]: got segment RR_thigh
[robot_state_publisher-2] [INFO] [1791436322.110451993] [robot_state_publisher]: got segment base
[robot_state_publisher-2] [INFO] [1791436322.110454392] [robot_state_publisher]: got segment front_camera
[robot_state_publisher-2] [INFO] [1791436322.110456905] [robot_state_publisher]: got segment imu_link
[robot_state_publisher-2] [INFO] [1791436322.110459264] [robot_state_publisher]: got segment lidar
[robot_state_publisher-2] [INFO] [1791436322.110461739] [robot_state_publisher]: got segment trunk
[ros2_control_node-3] [INFO] [1791436322.111276796] [controller_manager]: Subscribing to '~/robot_description' topic for robot description file.
[ros2_control_node-3] [INFO] [1791436322.111831055] [controller_manager]: update rate is 1000 Hz
[ros2_control_node-3] [INFO] [1791436322.111846218] [controller_manager]: Spawning controller_manager RT thread with scheduler priority: 50
[ros2_control_node-3] [WARN] [1791436322.111934581] [controller_manager]: Could not enable FIFO RT scheduling policy: with error number <1>(Operation not permitted). See [https://control.ros.org/master/doc/ros2_control/controller_manager/doc/userdoc.html] for details on how to enable realtime scheduling.
[ros2_control_node-3] [INFO] [1791436322.184141584] [controller_manager]: Received robot description file.
[ros2_control_node-3] [INFO] [1791436322.184906354] [resource_manager]: Loading hardware 'UnitreeSystem' 
[ros2_control_node-3] [INFO] [1791436322.191070394] [resource_manager]: Initialize hardware 'UnitreeSystem' 
[ros2_control_node-3] [INFO] [1791436322.191151160] [unitree_hardware]:  network_interface: lo, domain: 1
[ros2_control_node-3] 1791436322.193381 [1] ros2_contr: selected interface "lo" is not multicast-capable: disabling multicast
[ros2_control_node-3] [INFO] [1791436322.298827676] [unitree_hardware]: [MOTOR-MAP] controller[0] FR_hip_joint -> Unitree motor[0]
[ros2_control_node-3] [INFO] [1791436322.298861242] [unitree_hardware]: [MOTOR-MAP] controller[1] FR_thigh_joint -> Unitree motor[1]
[ros2_control_node-3] [INFO] [1791436322.298864915] [unitree_hardware]: [MOTOR-MAP] controller[2] FR_calf_joint -> Unitree motor[2]
[ros2_control_node-3] [INFO] [1791436322.298867961] [unitree_hardware]: [MOTOR-MAP] controller[3] FL_hip_joint -> Unitree motor[3]
[ros2_control_node-3] [INFO] [1791436322.298870826] [unitree_hardware]: [MOTOR-MAP] controller[4] FL_thigh_joint -> Unitree motor[4]
[ros2_control_node-3] [INFO] [1791436322.298873699] [unitree_hardware]: [MOTOR-MAP] controller[5] FL_calf_joint -> Unitree motor[5]
[ros2_control_node-3] [INFO] [1791436322.298876551] [unitree_hardware]: [MOTOR-MAP] controller[6] RR_hip_joint -> Unitree motor[6]
[ros2_control_node-3] [INFO] [1791436322.298879362] [unitree_hardware]: [MOTOR-MAP] controller[7] RR_thigh_joint -> Unitree motor[7]
[ros2_control_node-3] [INFO] [1791436322.298882313] [unitree_hardware]: [MOTOR-MAP] controller[8] RR_calf_joint -> Unitree motor[8]
[ros2_control_node-3] [INFO] [1791436322.298885196] [unitree_hardware]: [MOTOR-MAP] controller[9] RL_hip_joint -> Unitree motor[9]
[ros2_control_node-3] [INFO] [1791436322.298888020] [unitree_hardware]: [MOTOR-MAP] controller[10] RL_thigh_joint -> Unitree motor[10]
[ros2_control_node-3] [INFO] [1791436322.298891038] [unitree_hardware]: [MOTOR-MAP] controller[11] RL_calf_joint -> Unitree motor[11]
[ros2_control_node-3] [INFO] [1791436322.299432155] [resource_manager]: Successful initialization of hardware 'UnitreeSystem'
[ros2_control_node-3] [INFO] [1791436322.299584408] [resource_manager]: 'configure' hardware 'UnitreeSystem' 
[ros2_control_node-3] [INFO] [1791436322.299591624] [resource_manager]: Successful 'configure' of hardware 'UnitreeSystem'
[ros2_control_node-3] [INFO] [1791436322.299610809] [resource_manager]: 'activate' hardware 'UnitreeSystem' 
[ros2_control_node-3] [INFO] [1791436322.299615559] [resource_manager]: Successful 'activate' of hardware 'UnitreeSystem'
[ros2_control_node-3] [INFO] [1791436322.340775450] [controller_manager]: Loading controller 'joint_state_broadcaster'
[spawner-4] [INFO] [1791436322.356088517] [spawner_joint_state_broadcaster]: [94mLoaded [1mjoint_state_broadcaster[0m
[ros2_control_node-3] [INFO] [1791436322.356575271] [controller_manager]: Configuring controller 'joint_state_broadcaster'
[ros2_control_node-3] [INFO] [1791436322.356657830] [joint_state_broadcaster]: 'joints' or 'interfaces' parameter is empty. All available state interfaces will be published
[spawner-4] [INFO] [1791436322.363575486] [spawner_joint_state_broadcaster]: [92mConfigured and activated [1mjoint_state_broadcaster[0m
[INFO] [spawner-4]: process has finished cleanly [pid 173827]
[INFO] [spawner-5]: process started with pid [173941]
[rviz2-1] [INFO] [1791436322.526207975] [rviz2]: Stereo is NOT SUPPORTED
[rviz2-1] [INFO] [1791436322.526283602] [rviz2]: OpenGl version: 4.6 (GLSL 4.6)
[rviz2-1] [INFO] [1791436322.547686445] [rviz2]: Stereo is NOT SUPPORTED
[spawner-5] [INFO] [1791436322.791958601] [spawner_imu_sensor_broadcaster]: waiting for service /controller_manager/list_controllers to become available...
[ros2_control_node-3] [INFO] [1791436323.044750061] [controller_manager]: Loading controller 'imu_sensor_broadcaster'
[spawner-5] [INFO] [1791436323.063958593] [spawner_imu_sensor_broadcaster]: [94mLoaded [1mimu_sensor_broadcaster[0m
[ros2_control_node-3] [INFO] [1791436323.066352353] [controller_manager]: Configuring controller 'imu_sensor_broadcaster'
[spawner-5] [INFO] [1791436323.074312442] [spawner_imu_sensor_broadcaster]: [92mConfigured and activated [1mimu_sensor_broadcaster[0m
[INFO] [spawner-5]: process has finished cleanly [pid 173941]
[INFO] [spawner-6]: process started with pid [173988]
[ros2_control_node-3] [INFO] [1791436323.523278392] [controller_manager]: Loading controller 'rl_quadruped_controller'
[ros2_control_node-3] [INFO] [1791436323.766013281] [rl_quadruped_controller]: Controller Update Rate: 200 Hz
[ros2_control_node-3] [INFO] [1791436323.766037605] [rl_quadruped_controller]: Enable Estimator
[ros2_control_node-3] dt: 0.005
[spawner-6] [INFO] [1791436323.777137968] [spawner_rl_quadruped_controller]: [94mLoaded [1mrl_quadruped_controller[0m
[ros2_control_node-3] [INFO] [1791436323.777898292] [controller_manager]: Configuring controller 'rl_quadruped_controller'
[ros2_control_node-3] [INFO] [1791436323.781315981] [rl_quadruped_controller]: [VERIFY] joint interface order: FR_hip_joint FR_thigh_joint FR_calf_joint ... RL_calf_joint
[ros2_control_node-3] [INFO] [1791436323.781417921] [rl_quadruped_controller]: Using robot model from go2_description
[ros2_control_node-3] [INFO] [1791436323.784174841] [rl_quadruped_controller]: [S1-RUN-SOURCE] pid=173825 package_share=/tmp/s1_04_overlay/share/go2_description config=/tmp/s1_04_overlay/share/go2_description/config/abs/config.yaml agile_model=/tmp/s1_04_overlay/share/go2_description/config/abs/policy.pt ra_model=/tmp/s1_04_overlay/share/go2_description/config/abs/ra_value.pt candidate=paper_faithful_switch entry_threshold=-0.050000 goal=(1.000,0.000)
[ros2_control_node-3] [INFO] [1791436323.784278656] [rl_quadruped_controller]: Model loading: policy.pt
[ros2_control_node-3] robot_legs_.size(): 4
[ros2_control_node-3] [INFO] [1791436323.807419062] [rl_quadruped_controller]: [VERIFY] num_observations=61, num_of_dofs=12
[ros2_control_node-3] [INFO] [1791436323.807465333] [rl_quadruped_controller]: [VERIFY] observations order: contact ang_vel gravity_vec commands timer dof_pos dof_vel actions ray2d 
[ros2_control_node-3] [INFO] [1791436323.807516909] [rl_quadruped_controller]: [VERIFY] rl_kp[0]=30.00, rl_kd[0]=0.65
[ros2_control_node-3] [INFO] [1791436323.807525760] [rl_quadruped_controller]: [VERIFY] scales: action=0.25 lin_vel=1.00 ang_vel=1.00 dof_pos=1.00 dof_vel=0.20
[ros2_control_node-3] [INFO] [1791436323.807534849] [rl_quadruped_controller]: [VERIFY] default_dof_pos: 0.0000 0.8000 -1.5000 (first 3 joints = FR hip/thigh/calf)
[ros2_control_node-3] [INFO] [1791436323.807540015] [rl_quadruped_controller]: [VERIFY] ABS: max_ep_len=9.0s contact_thr=1.0N ray2d_count=11 ray2d_max_range=6.0m
[ros2_control_node-3] [INFO] [1791436323.807544314] [rl_quadruped_controller]: [VERIFY] decimation=4 frequency=200Hz dt=0.0200s
[ros2_control_node-3] [INFO] [1791436323.807548091] [rl_quadruped_controller]: [VERIFY] use_rl_thread=false policy_joint_order=ros1_fl_fr_rl_rr
[ros2_control_node-3] [INFO] [1791436323.809712859] [rl_quadruped_controller]: [RA] Value network loaded: ra_value.pt
[ros2_control_node-3] [INFO] [1791436323.813075392] [rl_quadruped_controller]: [REC] Recovery policy loaded: /tmp/s1_04_overlay/share/go2_description/config/rec/policy.pt
[ros2_control_node-3] [INFO] [1791436323.813670000] [rl_quadruped_controller]: StateRLRec: Loading recovery model: policy.pt
[ros2_control_node-3] [INFO] [1791436323.816937035] [rl_quadruped_controller]: [REC-VERIFY] num_observations=49, num_of_dofs=12
[ros2_control_node-3] [INFO] [1791436323.816966079] [rl_quadruped_controller]: [REC-VERIFY] observations: contact ang_vel gravity_vec commands dof_pos dof_vel actions 
[ros2_control_node-3] [INFO] [1791436323.816993500] [rl_quadruped_controller]: [REC-VERIFY] rl_kp[0]=30.00, rl_kd[0]=0.65
[ros2_control_node-3] [INFO] [1791436323.817001826] [rl_quadruped_controller]: [REC-VERIFY] action_scale=0.25 dof_vel_scale=0.20 contact_thr=1.0N
[spawner-6] [INFO] [1791436323.818082974] [spawner_rl_quadruped_controller]: [92mConfigured and activated [1mrl_quadruped_controller[0m
[INFO] [spawner-6]: process has finished cleanly [pid 173988]
[ros2_control_node-3] [INFO] [1791436334.371583765] [rl_quadruped_controller]: Switched from passive to fixed down
[ros2_control_node-3] [INFO] [1791436336.366474952] [rl_quadruped_controller]: Switched from fixed down to fixed stand
[ros2_control_node-3] [INFO] [1791436336.376378636] [BaseFixedStand]: [STAND-SYMM] phase=0.004 q_thigh FR=1.256 FL=1.256 RR=1.343 RL=1.342 diff_FLFR=0.000 diff_RLRR=-0.000 q_calf FR=-2.732 FL=-2.732 RR=-2.743 RL=-2.743 diff_FLFR=0.000 diff_RLRR=-0.000
[ros2_control_node-3] [INFO] [1791436336.876430978] [BaseFixedStand]: [STAND-SYMM] phase=0.398 q_thigh FR=1.074 FL=1.074 RR=1.133 RL=1.133 diff_FLFR=0.000 diff_RLRR=-0.000 q_calf FR=-2.368 FL=-2.368 RR=-2.394 RL=-2.394 diff_FLFR=-0.000 diff_RLRR=0.000
[ros2_control_node-3] [INFO] [1791436337.376448905] [BaseFixedStand]: [STAND-SYMM] phase=0.684 q_thigh FR=0.939 FL=0.939 RR=0.976 RL=0.976 diff_FLFR=0.000 diff_RLRR=-0.000 q_calf FR=-1.995 FL=-1.995 RR=-2.009 RL=-2.009 diff_FLFR=-0.000 diff_RLRR=-0.000
[ros2_control_node-3] [INFO] [1791436337.876472398] [BaseFixedStand]: [STAND-SYMM] phase=0.849 q_thigh FR=0.862 FL=0.862 RR=0.887 RL=0.887 diff_FLFR=0.000 diff_RLRR=-0.000 q_calf FR=-1.777 FL=-1.777 RR=-1.779 RL=-1.779 diff_FLFR=-0.000 diff_RLRR=-0.000
[ros2_control_node-3] [INFO] [1791436338.376462313] [BaseFixedStand]: [STAND-SYMM] phase=0.932 q_thigh FR=0.823 FL=0.823 RR=0.842 RL=0.842 diff_FLFR=0.000 diff_RLRR=-0.000 q_calf FR=-1.668 FL=-1.668 RR=-1.663 RL=-1.663 diff_FLFR=0.000 diff_RLRR=-0.000
[ros2_control_node-3] [INFO] [1791436338.876344832] [BaseFixedStand]: [STAND-SYMM] phase=0.970 q_thigh FR=0.805 FL=0.805 RR=0.822 RL=0.822 diff_FLFR=0.000 diff_RLRR=-0.000 q_calf FR=-1.616 FL=-1.616 RR=-1.609 RL=-1.609 diff_FLFR=0.000 diff_RLRR=-0.000
[ros2_control_node-3] [INFO] [1791436339.376495272] [BaseFixedStand]: [STAND-SYMM] phase=0.987 q_thigh FR=0.798 FL=0.798 RR=0.813 RL=0.813 diff_FLFR=0.000 diff_RLRR=-0.000 q_calf FR=-1.593 FL=-1.593 RR=-1.584 RL=-1.584 diff_FLFR=0.000 diff_RLRR=-0.000
[ros2_control_node-3] [INFO] [1791436339.876375712] [BaseFixedStand]: [STAND-SYMM] phase=0.994 q_thigh FR=0.794 FL=0.794 RR=0.809 RL=0.809 diff_FLFR=0.000 diff_RLRR=-0.000 q_calf FR=-1.583 FL=-1.583 RR=-1.573 RL=-1.573 diff_FLFR=0.000 diff_RLRR=-0.000
[ros2_control_node-3] [INFO] [1791436340.376465324] [BaseFixedStand]: [STAND-SYMM] phase=0.997 q_thigh FR=0.792 FL=0.792 RR=0.806 RL=0.806 diff_FLFR=0.000 diff_RLRR=-0.000 q_calf FR=-1.577 FL=-1.577 RR=-1.567 RL=-1.567 diff_FLFR=0.000 diff_RLRR=-0.000
[ros2_control_node-3] [INFO] [1791436340.876198370] [BaseFixedStand]: [STAND-SYMM] phase=0.999 q_thigh FR=0.791 FL=0.791 RR=0.805 RL=0.805 diff_FLFR=0.000 diff_RLRR=-0.000 q_calf FR=-1.574 FL=-1.574 RR=-1.564 RL=-1.564 diff_FLFR=0.000 diff_RLRR=-0.000
[ros2_control_node-3] [INFO] [1791436341.376206421] [BaseFixedStand]: [STAND-SYMM] phase=1.000 q_thigh FR=0.791 FL=0.791 RR=0.804 RL=0.804 diff_FLFR=0.000 diff_RLRR=-0.000 q_calf FR=-1.573 FL=-1.573 RR=-1.562 RL=-1.562 diff_FLFR=0.000 diff_RLRR=-0.000
[ros2_control_node-3] [INFO] [1791436341.876439259] [BaseFixedStand]: [STAND-SYMM] phase=1.000 q_thigh FR=0.791 FL=0.791 RR=0.804 RL=0.804 diff_FLFR=0.000 diff_RLRR=-0.000 q_calf FR=-1.572 FL=-1.572 RR=-1.561 RL=-1.561 diff_FLFR=0.000 diff_RLRR=-0.000
[ros2_control_node-3] [INFO] [1791436341.936401633] [rl_quadruped_controller]: Switched from fixed stand to rl
[ros2_control_node-3] [INFO] [1791436341.941658501] [StateRL]: [Ray2D] Shared memory connected: /mujoco_ray2d
[ros2_control_node-3] [INFO] [1791436341.941770075] [StateRL]: [RtFrame] Shared memory initialized: /mujoco_rt_frame session_id=18128296032633 writer_pid=173825
[ros2_control_node-3] [INFO] [1791436341.942609708] [StateRL]: [RL] enable_estimator_=1 rec_loaded=1 ra_loaded=1 ra_threshold=-0.0500
[ros2_control_node-3] [INFO] [1791436341.942650938] [StateRL]: [RL] Ray2d: shm connected, policy active
[ros2_control_node-3] [INFO] [1791436341.968386415] [StateRL]: [PATH] start=(-0.03,0.00) goal=(1.00,0.00) tracking=1 lateral_gain=2.50 heading_gain=2.50
[ros2_control_node-3] [INFO] [1791436341.968500746] [StateRL]: [GOAL] 位置=(-0.03,0.00) 偏航=-0.00 目标=(1.00,0.00) 距离=1.03 机体系=(1.03,0.00) 航向=0.00 path_err=0.00 path_on=1
[ros2_control_node-3] [ERROR] [1791436341.969355077] [StateRL]: [ABS-CONTRACT] event=detected clock=steady_clock_ns detection_ns=18128323651326 last_ray_ns=18128323631102 ray_age_ns=0 ray_reason=monotonic_clock_order stage=ray frame (missing/stale/non-finite) transition_request=PASSIVE
[ros2_control_node-3] [INFO] [1791436341.969660514] [StateRL]: [ABS-LIVE-CMD] event=safety_veto clock=steady_clock_ns timestamp_ns=18128323967224 sequence=1 controller_state=RL rl_active=0 finite=1 kp_zero=1 kd_zero=1 tau_zero=1 veto_reason=ray frame (missing/stale/non-finite) q=[0.0000,0.8000,-1.5000,-0.0000,0.8000,-1.5000,0.0000,0.8000,-1.5000,-0.0000,0.8000,-1.5000] kp=[0.0000,0.0000,0.0000,0.0000,0.0000,0.0000,0.0000,0.0000,0.0000,0.0000,0.0000,0.0000] kd=[0.0000,0.0000,0.0000,0.0000,0.0000,0.0000,0.0000,0.0000,0.0000,0.0000,0.0000,0.0000] tau=[0.0000,0.0000,0.0000,0.0000,0.0000,0.0000,0.0000,0.0000,0.0000,0.0000,0.0000,0.0000]
[ros2_control_node-3] [INFO] [1791436341.970053911] [rl_quadruped_controller]: Switched from rl to passive
[ros2_control_node-3] [INFO] [1791436341.971318813] [StateRL]: [VERIFY-EXIT] RL steps executed: 0
[WARNING] [launch]: user interrupted with ctrl-c (SIGINT)
[INFO] [ros2_control_node-3]: sending signal 'SIGINT' to process[ros2_control_node-3]
[INFO] [robot_state_publisher-2]: sending signal 'SIGINT' to process[robot_state_publisher-2]
[INFO] [rviz2-1]: sending signal 'SIGINT' to process[rviz2-1]
[robot_state_publisher-2] [INFO] [1791436342.701354347] [rclcpp]: signal_handler(SIGINT/SIGTERM)
[rviz2-1] [INFO] [1791436342.701363296] [rclcpp]: signal_handler(SIGINT/SIGTERM)
[ros2_control_node-3] [INFO] [1791436342.701358962] [rclcpp]: signal_handler(SIGINT/SIGTERM)
[ros2_control_node-3] [INFO] [1791436342.701566743] [controller_manager]: Shutdown request received....
[ros2_control_node-3] [INFO] [1791436342.701724704] [controller_manager]: Shutting down all controllers in the controller manager.
[ros2_control_node-3] [INFO] [1791436342.701809576] [controller_manager]: Deactivating controller 'joint_state_broadcaster'
[ros2_control_node-3] [INFO] [1791436342.701933307] [controller_manager]: Shutting down controller 'joint_state_broadcaster'
[ros2_control_node-3] [INFO] [1791436342.702076598] [controller_manager]: Deactivating controller 'imu_sensor_broadcaster'
[ros2_control_node-3] [INFO] [1791436342.702178561] [controller_manager]: Shutting down controller 'imu_sensor_broadcaster'
[ros2_control_node-3] [INFO] [1791436342.702249774] [controller_manager]: Deactivating controller 'rl_quadruped_controller'
[ros2_control_node-3] [INFO] [1791436342.702410982] [controller_manager]: Shutting down controller 'rl_quadruped_controller'
[ros2_control_node-3] [INFO] [1791436342.702544275] [resource_manager]: 'deactivate' hardware 'UnitreeSystem' 
[ros2_control_node-3] [INFO] [1791436342.702599438] [resource_manager]: Successful 'deactivate' of hardware 'UnitreeSystem'
[ros2_control_node-3] [INFO] [1791436342.702618352] [resource_manager]: 'shutdown' hardware 'UnitreeSystem' 
[ros2_control_node-3] [INFO] [1791436342.702638719] [resource_manager]: Successful 'shutdown' of hardware 'UnitreeSystem'
[ros2_control_node-3] [INFO] [1791436342.702656750] [controller_manager]: Shutting down the controller manager.
[robot_state_publisher-2] [INFO] [1791436342.709967831] [rclcpp]: signal_handler(SIGINT/SIGTERM)
[rviz2-1] [INFO] [1791436342.712844145] [rclcpp]: signal_handler(SIGINT/SIGTERM)
[ERROR] [ros2_control_node-3]: process has died [pid 173825, exit code -2, cmd '/opt/ros/humble/lib/controller_manager/ros2_control_node --ros-args --params-file /tmp/s1_04_overlay/share/go2_description/config/robot_control.yaml -r ~/robot_description:=/robot_description'].
[INFO] [robot_state_publisher-2]: process has finished cleanly [pid 173823]
[INFO] [rviz2-1]: process has finished cleanly [pid 173821]
