[INFO] [launch]: All log files can be found below /home/lidio/.ros/log/2026-10-10-15-00-54-491747-Estara-123736
[INFO] [launch]: Default logging verbosity is set to INFO
[INFO] [rviz2-1]: process started with pid [123759]
[INFO] [robot_state_publisher-2]: process started with pid [123761]
[INFO] [ros2_control_node-3]: process started with pid [123763]
[INFO] [spawner-4]: process started with pid [123765]
[ros2_control_node-3] [INFO] [1791615654.654081337] [controller_manager]: Subscribing to '~/robot_description' topic for robot description file.
[ros2_control_node-3] [INFO] [1791615654.655074371] [controller_manager]: update rate is 1000 Hz
[ros2_control_node-3] [INFO] [1791615654.655098590] [controller_manager]: Spawning controller_manager RT thread with scheduler priority: 50
[ros2_control_node-3] [WARN] [1791615654.655232237] [controller_manager]: Could not enable FIFO RT scheduling policy: with error number <1>(Operation not permitted). See [https://control.ros.org/master/doc/ros2_control/controller_manager/doc/userdoc.html] for details on how to enable realtime scheduling.
[robot_state_publisher-2] [INFO] [1791615654.655707225] [robot_state_publisher]: got segment FL_calf
[robot_state_publisher-2] [INFO] [1791615654.655860263] [robot_state_publisher]: got segment FL_foot
[robot_state_publisher-2] [INFO] [1791615654.655875018] [robot_state_publisher]: got segment FL_hip
[robot_state_publisher-2] [INFO] [1791615654.655885215] [robot_state_publisher]: got segment FL_thigh
[robot_state_publisher-2] [INFO] [1791615654.655894861] [robot_state_publisher]: got segment FR_calf
[robot_state_publisher-2] [INFO] [1791615654.655903683] [robot_state_publisher]: got segment FR_foot
[robot_state_publisher-2] [INFO] [1791615654.655912482] [robot_state_publisher]: got segment FR_hip
[robot_state_publisher-2] [INFO] [1791615654.655921153] [robot_state_publisher]: got segment FR_thigh
[robot_state_publisher-2] [INFO] [1791615654.655930344] [robot_state_publisher]: got segment RL_calf
[robot_state_publisher-2] [INFO] [1791615654.655939178] [robot_state_publisher]: got segment RL_foot
[robot_state_publisher-2] [INFO] [1791615654.655947387] [robot_state_publisher]: got segment RL_hip
[robot_state_publisher-2] [INFO] [1791615654.655956373] [robot_state_publisher]: got segment RL_thigh
[robot_state_publisher-2] [INFO] [1791615654.655965641] [robot_state_publisher]: got segment RR_calf
[robot_state_publisher-2] [INFO] [1791615654.655974167] [robot_state_publisher]: got segment RR_foot
[robot_state_publisher-2] [INFO] [1791615654.655983171] [robot_state_publisher]: got segment RR_hip
[robot_state_publisher-2] [INFO] [1791615654.655991778] [robot_state_publisher]: got segment RR_thigh
[robot_state_publisher-2] [INFO] [1791615654.656000974] [robot_state_publisher]: got segment base
[robot_state_publisher-2] [INFO] [1791615654.656009891] [robot_state_publisher]: got segment front_camera
[robot_state_publisher-2] [INFO] [1791615654.656019708] [robot_state_publisher]: got segment imu_link
[robot_state_publisher-2] [INFO] [1791615654.656028380] [robot_state_publisher]: got segment lidar
[robot_state_publisher-2] [INFO] [1791615654.656037234] [robot_state_publisher]: got segment trunk
[ros2_control_node-3] [INFO] [1791615654.656780707] [controller_manager]: Received robot description file.
[ros2_control_node-3] [INFO] [1791615654.657357722] [resource_manager]: Loading hardware 'UnitreeSystem' 
[ros2_control_node-3] [INFO] [1791615654.661092892] [resource_manager]: Initialize hardware 'UnitreeSystem' 
[ros2_control_node-3] [INFO] [1791615654.661143774] [unitree_hardware]:  network_interface: lo, domain: 1
[ros2_control_node-3] 1791615654.662834 [1] ros2_contr: selected interface "lo" is not multicast-capable: disabling multicast
[ros2_control_node-3] [INFO] [1791615654.766130068] [unitree_hardware]: [MOTOR-MAP] controller[0] FR_hip_joint -> Unitree motor[0]
[ros2_control_node-3] [INFO] [1791615654.766149722] [unitree_hardware]: [MOTOR-MAP] controller[1] FR_thigh_joint -> Unitree motor[1]
[ros2_control_node-3] [INFO] [1791615654.766152519] [unitree_hardware]: [MOTOR-MAP] controller[2] FR_calf_joint -> Unitree motor[2]
[ros2_control_node-3] [INFO] [1791615654.766154574] [unitree_hardware]: [MOTOR-MAP] controller[3] FL_hip_joint -> Unitree motor[3]
[ros2_control_node-3] [INFO] [1791615654.766156540] [unitree_hardware]: [MOTOR-MAP] controller[4] FL_thigh_joint -> Unitree motor[4]
[ros2_control_node-3] [INFO] [1791615654.766158473] [unitree_hardware]: [MOTOR-MAP] controller[5] FL_calf_joint -> Unitree motor[5]
[ros2_control_node-3] [INFO] [1791615654.766160398] [unitree_hardware]: [MOTOR-MAP] controller[6] RR_hip_joint -> Unitree motor[6]
[ros2_control_node-3] [INFO] [1791615654.766162320] [unitree_hardware]: [MOTOR-MAP] controller[7] RR_thigh_joint -> Unitree motor[7]
[ros2_control_node-3] [INFO] [1791615654.766164212] [unitree_hardware]: [MOTOR-MAP] controller[8] RR_calf_joint -> Unitree motor[8]
[ros2_control_node-3] [INFO] [1791615654.766166125] [unitree_hardware]: [MOTOR-MAP] controller[9] RL_hip_joint -> Unitree motor[9]
[ros2_control_node-3] [INFO] [1791615654.766168076] [unitree_hardware]: [MOTOR-MAP] controller[10] RL_thigh_joint -> Unitree motor[10]
[ros2_control_node-3] [INFO] [1791615654.766170175] [unitree_hardware]: [MOTOR-MAP] controller[11] RL_calf_joint -> Unitree motor[11]
[ros2_control_node-3] [INFO] [1791615654.766598999] [resource_manager]: Successful initialization of hardware 'UnitreeSystem'
[ros2_control_node-3] [INFO] [1791615654.766746084] [resource_manager]: 'configure' hardware 'UnitreeSystem' 
[ros2_control_node-3] [INFO] [1791615654.766753602] [resource_manager]: Successful 'configure' of hardware 'UnitreeSystem'
[ros2_control_node-3] [INFO] [1791615654.766769593] [resource_manager]: 'activate' hardware 'UnitreeSystem' 
[ros2_control_node-3] [INFO] [1791615654.766773062] [resource_manager]: Successful 'activate' of hardware 'UnitreeSystem'
[ros2_control_node-3] [INFO] [1791615654.850267447] [controller_manager]: Loading controller 'joint_state_broadcaster'
[spawner-4] [INFO] [1791615654.862120999] [spawner_joint_state_broadcaster]: [94mLoaded [1mjoint_state_broadcaster[0m
[ros2_control_node-3] [INFO] [1791615654.862556810] [controller_manager]: Configuring controller 'joint_state_broadcaster'
[ros2_control_node-3] [INFO] [1791615654.862611087] [joint_state_broadcaster]: 'joints' or 'interfaces' parameter is empty. All available state interfaces will be published
[spawner-4] [INFO] [1791615654.867915082] [spawner_joint_state_broadcaster]: [92mConfigured and activated [1mjoint_state_broadcaster[0m
[INFO] [spawner-4]: process has finished cleanly [pid 123765]
[INFO] [spawner-5]: process started with pid [123867]
[rviz2-1] [INFO] [1791615655.061964403] [rviz2]: Stereo is NOT SUPPORTED
[rviz2-1] [INFO] [1791615655.062097545] [rviz2]: OpenGl version: 4.6 (GLSL 4.6)
[rviz2-1] [INFO] [1791615655.082998785] [rviz2]: Stereo is NOT SUPPORTED
[ros2_control_node-3] [INFO] [1791615655.242107174] [controller_manager]: Loading controller 'imu_sensor_broadcaster'
[spawner-5] [INFO] [1791615655.257966543] [spawner_imu_sensor_broadcaster]: [94mLoaded [1mimu_sensor_broadcaster[0m
[ros2_control_node-3] [INFO] [1791615655.258616341] [controller_manager]: Configuring controller 'imu_sensor_broadcaster'
[spawner-5] [INFO] [1791615655.262109879] [spawner_imu_sensor_broadcaster]: [92mConfigured and activated [1mimu_sensor_broadcaster[0m
[INFO] [spawner-5]: process has finished cleanly [pid 123867]
[INFO] [spawner-6]: process started with pid [123903]
[ros2_control_node-3] [INFO] [1791615655.635642207] [controller_manager]: Loading controller 'rl_quadruped_controller'
[ros2_control_node-3] [INFO] [1791615655.891330449] [rl_quadruped_controller]: Controller Update Rate: 200 Hz
[ros2_control_node-3] [INFO] [1791615655.891358236] [rl_quadruped_controller]: Enable Estimator
[ros2_control_node-3] dt: 0.005
[spawner-6] [INFO] [1791615655.901086712] [spawner_rl_quadruped_controller]: [94mLoaded [1mrl_quadruped_controller[0m
[ros2_control_node-3] [INFO] [1791615655.901985055] [controller_manager]: Configuring controller 'rl_quadruped_controller'
[ros2_control_node-3] [INFO] [1791615655.905631496] [rl_quadruped_controller]: [FOOT-LOANED] index=0 name=foot_force/FR
[ros2_control_node-3] [INFO] [1791615655.905665102] [rl_quadruped_controller]: [FOOT-LOANED] index=1 name=foot_force/FL
[ros2_control_node-3] [INFO] [1791615655.905670225] [rl_quadruped_controller]: [FOOT-LOANED] index=2 name=foot_force/RR
[ros2_control_node-3] [INFO] [1791615655.905674286] [rl_quadruped_controller]: [FOOT-LOANED] index=3 name=foot_force/RL
[ros2_control_node-3] [INFO] [1791615655.905696388] [rl_quadruped_controller]: [VERIFY] joint interface order: FR_hip_joint FR_thigh_joint FR_calf_joint ... RL_calf_joint
[ros2_control_node-3] [INFO] [1791615655.905776783] [rl_quadruped_controller]: Using robot model from go2_description
[ros2_control_node-3] [INFO] [1791615655.907689567] [rl_quadruped_controller]: [S1-RUN-SOURCE] pid=123763 package_share=/home/lidio/quadruped_robots/quadruped_ros2_control_humble/install/go2_description/share/go2_description config=/home/lidio/quadruped_robots/quadruped_ros2_control_humble/install/go2_description/share/go2_description/config/abs/config.yaml agile_model=/home/lidio/quadruped_robots/quadruped_ros2_control_humble/install/go2_description/share/go2_description/config/abs/policy.pt ra_model=/home/lidio/quadruped_robots/quadruped_ros2_control_humble/install/go2_description/share/go2_description/config/abs/ra_value.pt candidate=paper_faithful_switch group=A entry_threshold=-0.05 effective_exit_threshold=-0.05 hysteresis=false hold=false goal=(7.000,0.000)
[ros2_control_node-3] [INFO] [1791615655.907739552] [rl_quadruped_controller]: [S2-SWITCH-CONFIG] group=A entry_threshold=-0.05 effective_exit_threshold=-0.05 hysteresis=false hold=false
[ros2_control_node-3] [INFO] [1791615655.907747322] [rl_quadruped_controller]: Model loading: policy.pt
[ros2_control_node-3] robot_legs_.size(): 4
[ros2_control_node-3] [INFO] [1791615655.922615343] [rl_quadruped_controller]: [VERIFY] num_observations=61, num_of_dofs=12
[ros2_control_node-3] [INFO] [1791615655.922669861] [rl_quadruped_controller]: [VERIFY] observations order: contact ang_vel gravity_vec commands timer dof_pos dof_vel actions ray2d 
[ros2_control_node-3] [INFO] [1791615655.922730131] [rl_quadruped_controller]: [VERIFY] rl_kp[0]=30.00, rl_kd[0]=0.65
[ros2_control_node-3] [INFO] [1791615655.922739208] [rl_quadruped_controller]: [VERIFY] scales: action=0.25 lin_vel=1.00 ang_vel=1.00 dof_pos=1.00 dof_vel=0.20
[ros2_control_node-3] [INFO] [1791615655.922747645] [rl_quadruped_controller]: [VERIFY] default_dof_pos: 0.0000 0.8000 -1.5000 (first 3 joints = FR hip/thigh/calf)
[ros2_control_node-3] [INFO] [1791615655.922752287] [rl_quadruped_controller]: [VERIFY] ABS: max_ep_len=9.0s contact_thr=1.0N ray2d_count=11 ray2d_max_range=6.0m
[ros2_control_node-3] [INFO] [1791615655.922756219] [rl_quadruped_controller]: [VERIFY] decimation=4 frequency=200Hz dt=0.0200s
[ros2_control_node-3] [INFO] [1791615655.922759904] [rl_quadruped_controller]: [VERIFY] use_rl_thread=false policy_joint_order=ros1_fl_fr_rl_rr
[ros2_control_node-3] [INFO] [1791615655.924971576] [rl_quadruped_controller]: [RA] Value network loaded: ra_value.pt
[ros2_control_node-3] [INFO] [1791615655.928360379] [rl_quadruped_controller]: [REC] Recovery policy loaded: /home/lidio/quadruped_robots/quadruped_ros2_control_humble/install/go2_description/share/go2_description/config/rec/policy.pt
[ros2_control_node-3] [INFO] [1791615655.928950492] [rl_quadruped_controller]: StateRLRec: Loading recovery model: policy.pt
[ros2_control_node-3] [INFO] [1791615655.932472955] [rl_quadruped_controller]: [REC-VERIFY] num_observations=49, num_of_dofs=12
[ros2_control_node-3] [INFO] [1791615655.932515461] [rl_quadruped_controller]: [REC-VERIFY] observations: contact ang_vel gravity_vec commands dof_pos dof_vel actions 
[ros2_control_node-3] [INFO] [1791615655.932547985] [rl_quadruped_controller]: [REC-VERIFY] rl_kp[0]=30.00, rl_kd[0]=0.65
[ros2_control_node-3] [INFO] [1791615655.932556346] [rl_quadruped_controller]: [REC-VERIFY] action_scale=0.25 dof_vel_scale=0.20 contact_thr=1.0N
[spawner-6] [INFO] [1791615655.933474311] [spawner_rl_quadruped_controller]: [92mConfigured and activated [1mrl_quadruped_controller[0m
[INFO] [spawner-6]: process has finished cleanly [pid 123903]
[ros2_control_node-3] [INFO] [1791615667.094602384] [rl_quadruped_controller]: Switched from passive to fixed down
[ros2_control_node-3] [INFO] [1791615669.499678245] [rl_quadruped_controller]: Switched from fixed down to fixed stand
[ros2_control_node-3] [INFO] [1791615669.509777225] [BaseFixedStand]: [STAND-SYMM] phase=0.004 q_thigh FR=1.258 FL=1.258 RR=1.329 RL=1.329 diff_FLFR=0.000 diff_RLRR=-0.000 q_calf FR=-2.732 FL=-2.732 RR=-2.744 RL=-2.744 diff_FLFR=0.000 diff_RLRR=0.000
[ros2_control_node-3] [INFO] [1791615670.009861126] [BaseFixedStand]: [STAND-SYMM] phase=0.398 q_thigh FR=1.075 FL=1.075 RR=1.124 RL=1.124 diff_FLFR=0.000 diff_RLRR=-0.000 q_calf FR=-2.367 FL=-2.367 RR=-2.393 RL=-2.393 diff_FLFR=-0.000 diff_RLRR=-0.000
[ros2_control_node-3] [INFO] [1791615670.509874695] [BaseFixedStand]: [STAND-SYMM] phase=0.684 q_thigh FR=0.940 FL=0.940 RR=0.971 RL=0.971 diff_FLFR=0.000 diff_RLRR=-0.000 q_calf FR=-1.996 FL=-1.996 RR=-2.010 RL=-2.010 diff_FLFR=-0.000 diff_RLRR=-0.000
[ros2_control_node-3] [INFO] [1791615671.009901724] [BaseFixedStand]: [STAND-SYMM] phase=0.849 q_thigh FR=0.864 FL=0.864 RR=0.883 RL=0.883 diff_FLFR=0.000 diff_RLRR=-0.000 q_calf FR=-1.777 FL=-1.777 RR=-1.779 RL=-1.779 diff_FLFR=0.000 diff_RLRR=-0.000
[ros2_control_node-3] [INFO] [1791615671.509769197] [BaseFixedStand]: [STAND-SYMM] phase=0.932 q_thigh FR=0.825 FL=0.825 RR=0.840 RL=0.840 diff_FLFR=0.000 diff_RLRR=-0.000 q_calf FR=-1.667 FL=-1.667 RR=-1.662 RL=-1.662 diff_FLFR=0.000 diff_RLRR=-0.000
[ros2_control_node-3] [INFO] [1791615672.009753263] [BaseFixedStand]: [STAND-SYMM] phase=0.970 q_thigh FR=0.808 FL=0.808 RR=0.820 RL=0.820 diff_FLFR=0.000 diff_RLRR=-0.000 q_calf FR=-1.615 FL=-1.615 RR=-1.608 RL=-1.608 diff_FLFR=0.000 diff_RLRR=-0.000
[ros2_control_node-3] [INFO] [1791615672.509925863] [BaseFixedStand]: [STAND-SYMM] phase=0.987 q_thigh FR=0.800 FL=0.800 RR=0.811 RL=0.811 diff_FLFR=0.000 diff_RLRR=-0.000 q_calf FR=-1.592 FL=-1.592 RR=-1.584 RL=-1.584 diff_FLFR=0.000 diff_RLRR=-0.000
[ros2_control_node-3] [INFO] [1791615673.009956811] [BaseFixedStand]: [STAND-SYMM] phase=0.994 q_thigh FR=0.796 FL=0.796 RR=0.807 RL=0.807 diff_FLFR=0.000 diff_RLRR=-0.000 q_calf FR=-1.582 FL=-1.582 RR=-1.573 RL=-1.573 diff_FLFR=0.000 diff_RLRR=-0.000
[ros2_control_node-3] [INFO] [1791615673.509965741] [BaseFixedStand]: [STAND-SYMM] phase=0.997 q_thigh FR=0.794 FL=0.794 RR=0.804 RL=0.804 diff_FLFR=0.000 diff_RLRR=-0.000 q_calf FR=-1.576 FL=-1.576 RR=-1.567 RL=-1.567 diff_FLFR=0.000 diff_RLRR=-0.000
[ros2_control_node-3] [INFO] [1791615674.009568567] [BaseFixedStand]: [STAND-SYMM] phase=0.999 q_thigh FR=0.793 FL=0.793 RR=0.803 RL=0.803 diff_FLFR=0.000 diff_RLRR=-0.000 q_calf FR=-1.573 FL=-1.573 RR=-1.564 RL=-1.564 diff_FLFR=0.000 diff_RLRR=-0.000
[ros2_control_node-3] [INFO] [1791615674.509877468] [BaseFixedStand]: [STAND-SYMM] phase=1.000 q_thigh FR=0.793 FL=0.793 RR=0.803 RL=0.803 diff_FLFR=0.000 diff_RLRR=-0.000 q_calf FR=-1.572 FL=-1.572 RR=-1.562 RL=-1.562 diff_FLFR=0.000 diff_RLRR=-0.000
[ros2_control_node-3] [INFO] [1791615674.924839776] [rl_quadruped_controller]: Switched from fixed stand to rl
[ros2_control_node-3] [INFO] [1791615674.930269735] [StateRL]: [Ray2D] Shared memory connected: /mujoco_ray2d
[ros2_control_node-3] [INFO] [1791615674.930378683] [StateRL]: [RtFrame] Shared memory initialized: /mujoco_rt_frame session_id=23177251954220 writer_pid=123763
[ros2_control_node-3] [INFO] [1791615674.931024486] [StateRL]: [RL] enable_estimator_=1 rec_loaded=1 ra_loaded=1 ra_threshold=-0.0500
[ros2_control_node-3] [INFO] [1791615674.931052809] [StateRL]: [RL] Ray2d: shm connected, policy active
[ros2_control_node-3] [INFO] [1791615674.955955931] [StateRL]: [PATH] start=(-0.03,0.00) goal=(7.00,0.00) tracking=1 lateral_gain=2.50 heading_gain=2.50
[ros2_control_node-3] [INFO] [1791615674.956045962] [StateRL]: [GOAL] 位置=(-0.03,0.00) 偏航=-0.00 目标=(7.00,0.00) 距离=7.03 机体系=(4.99,0.00) 航向=0.00 path_err=0.00 path_on=1
[ros2_control_node-3] [INFO] [1791615674.998742003] [StateRL]: [RA] ra=-0.7308 ray2d=[2.58 2.58 2.58 1.64 1.76 2.58 2.26 2.58 1.38 1.01 1.18]
[ros2_control_node-3] [INFO] [1791615675.000692082] [StateRL]: [EVAL] step=0 t=0.000 robot=(-0.034,0.000) yaw=-0.000 goal=(7.000,0.000) dist=7.034 body=(4.993,0.000) heading=0.000 arrived=0 ra=-0.73082 entry=-0.05000 recovery=0 hold=0 twist=(0.000,0.000,0.000) min_ray_log=1.006 max_ray_log=2.585 min_ray_m=2.008 lin_vel=(0.001,0.000,-0.074) ang_vel=(-0.000,0.043,-0.000) action_range=(-0.613,2.352) contact=(1,1,1,1)
[ros2_control_node-3] [INFO] [1791615675.450665540] [StateRL]: [EVAL] step=25 t=0.500 robot=(-0.077,-0.001) yaw=0.027 goal=(7.000,0.000) dist=7.077 body=(4.991,-0.130) heading=-0.065 arrived=0 ra=-0.78215 entry=-0.05000 recovery=0 hold=0 twist=(0.000,0.000,0.000) min_ray_log=1.048 max_ray_log=2.585 min_ray_m=2.067 lin_vel=(0.080,0.016,0.340) ang_vel=(-0.069,0.873,0.194) action_range=(-1.883,2.913) contact=(1,1,1,1)
[ros2_control_node-3] [INFO] [1791615675.951538021] [StateRL]: [EVAL] step=50 t=1.000 robot=(0.108,0.032) yaw=-0.003 goal=(7.000,0.000) dist=6.892 body=(4.993,-0.086) heading=-0.043 arrived=0 ra=-0.74624 entry=-0.05000 recovery=0 hold=0 twist=(0.000,0.000,0.000) min_ray_log=0.971 max_ray_log=2.585 min_ray_m=1.960 lin_vel=(0.664,0.116,-0.175) ang_vel=(-1.301,0.727,-0.105) action_range=(-1.083,2.820) contact=(1,-1,1,-1)
[ros2_control_node-3] [INFO] [1791615676.450975270] [StateRL]: [EVAL] step=75 t=1.500 robot=(0.715,0.130) yaw=-0.015 goal=(7.000,0.000) dist=6.286 body=(4.992,-0.353) heading=-0.175 arrived=0 ra=-0.75272 entry=-0.05000 recovery=0 hold=0 twist=(0.000,0.000,0.000) min_ray_log=0.595 max_ray_log=2.585 min_ray_m=1.510 lin_vel=(1.698,0.257,0.125) ang_vel=(-0.241,0.444,0.037) action_range=(-1.593,2.017) contact=(1,1,-1,1)
[ros2_control_node-3] [INFO] [1791615676.950109030] [StateRL]: [GOAL] 位置=(1.57,0.22) 偏航=-0.02 目标=(7.00,0.00) 距离=5.43 机体系=(4.99,-0.63) 航向=-0.30 path_err=0.22 path_on=1
[ros2_control_node-3] [INFO] [1791615676.950917498] [StateRL]: [EVAL] step=100 t=2.000 robot=(1.570,0.218) yaw=-0.024 goal=(7.000,0.000) dist=5.434 body=(4.990,-0.626) heading=-0.304 arrived=0 ra=-0.59912 entry=-0.05000 recovery=0 hold=0 twist=(0.000,0.000,0.000) min_ray_log=0.661 max_ray_log=2.585 min_ray_m=1.581 lin_vel=(1.743,0.175,-0.346) ang_vel=(-1.262,-0.054,-0.161) action_range=(-0.947,3.534) contact=(-1,-1,1,-1)
[ros2_control_node-3] [INFO] [1791615677.450687594] [StateRL]: [EVAL] step=125 t=2.500 robot=(2.587,0.369) yaw=-0.116 goal=(7.000,0.000) dist=4.428 body=(4.426,-0.774) heading=-0.412 arrived=0 ra=-0.72391 entry=-0.05000 recovery=0 hold=0 twist=(0.000,0.000,0.000) min_ray_log=0.198 max_ray_log=2.585 min_ray_m=1.147 lin_vel=(2.116,0.567,0.332) ang_vel=(0.796,0.963,-0.169) action_range=(-2.103,2.196) contact=(1,1,-1,1)
[ros2_control_node-3] [INFO] [1791615677.951423510] [StateRL]: [EVAL] step=150 t=3.000 robot=(3.607,0.398) yaw=-0.352 goal=(7.000,0.000) dist=3.416 body=(3.322,-0.138) heading=-0.103 arrived=0 ra=-0.63112 entry=-0.05000 recovery=0 hold=0 twist=(0.000,0.000,0.000) min_ray_log=0.132 max_ray_log=2.585 min_ray_m=1.096 lin_vel=(1.840,0.571,-0.382) ang_vel=(-1.110,-0.910,-0.323) action_range=(-1.648,2.785) contact=(-1,-1,1,-1)
[ros2_control_node-3] [INFO] [1791615678.175165856] [StateRL]: [TWIST-GD] 梯度下降恢复速度优化 | 初始=[2.07,0.45,-0.60] 最终=[1.50,-0.05,-0.10] 目标=(2.86,-0.22) RA迭代=[0.0434,-0.5403,-0.5404] 中心射线=2.58
[ros2_control_node-3] [WARN] [1791615678.175275250] [StateRL]: [RA-REC] 进入恢复 | group=A mode=paper_faithful_switch ra=0.0434 entry=-0.0500 effective_exit=-0.0500 hysteresis=false hold=false 恢复速度=[1.50,-0.05,-0.10]
[ros2_control_node-3] [INFO] [1791615678.179569734] [StateRL]: [REC-DIAG] lin_vel=[2.07,0.45,0.24] twist=[1.50,-0.05,-0.10] hold=0 rec_action_range=[-2.728,1.432]
[ros2_control_node-3] [INFO] [1791615678.180373987] [StateRL]: [ABS-POLICY-CMD] event=recovery_command_issued clock=steady_clock_ns write_ns=23180501968660 write_id=648 source_session_id=23177251954220 source_policy_cycle_id=161 source_mode=1 action_source=2 transition_reason=1 recovery_episode_id=1 q_rad=[-0.153825,0.590819,-1.981231,0.173058,0.522987,-2.003006,-0.682072,1.157992,-1.667991,-0.001867,0.896271,-1.590619]
[ros2_control_node-3] [INFO] [1791615678.211459076] [StateRL]: [RA-REC] 退出恢复 | group=A mode=paper_faithful_switch ra=-0.2041 < effective_exit=-0.0500 entry=-0.0500 hysteresis=false hold=false, 回到敏捷策略
[ros2_control_node-3] [INFO] [1791615678.264674485] [StateRL]: [TWIST-GD] 梯度下降恢复速度优化 | 初始=[2.01,0.57,0.45] 最终=[1.50,0.07,0.95] 目标=(2.69,-0.19) RA迭代=[0.0339,-0.4792,-0.4793] 中心射线=2.58
[ros2_control_node-3] [WARN] [1791615678.264792654] [StateRL]: [RA-REC] 进入恢复 | group=A mode=paper_faithful_switch ra=0.0339 entry=-0.0500 effective_exit=-0.0500 hysteresis=false hold=false 恢复速度=[1.50,0.07,0.95]
[ros2_control_node-3] [INFO] [1791615678.269446817] [StateRL]: [ABS-POLICY-CMD] event=recovery_command_issued clock=steady_clock_ns write_ns=23180591013283 write_id=664 source_session_id=23177251954220 source_policy_cycle_id=165 source_mode=1 action_source=2 transition_reason=1 recovery_episode_id=2 q_rad=[-0.110501,0.411356,-1.841738,0.055050,0.527850,-1.793694,-0.253091,0.984949,-1.782008,0.148847,0.865944,-1.844344]
[ros2_control_node-3] [INFO] [1791615678.411040453] [StateRL]: [REC-DIAG] lin_vel=[1.45,0.46,-0.25] twist=[1.50,0.07,0.95] hold=0 rec_action_range=[-2.166,1.415]
[ros2_control_node-3] [INFO] [1791615678.460515846] [StateRL]: [EVAL] step=175 t=3.500 robot=(4.598,0.314) yaw=-0.353 goal=(7.000,0.000) dist=2.423 body=(2.363,0.536) heading=0.223 arrived=0 ra=-0.03170 entry=-0.05000 recovery=1 hold=0 twist=(1.500,0.070,0.950) min_ray_log=-1.252 max_ray_log=2.585 min_ray_m=0.420 lin_vel=(1.230,0.388,-0.053) ang_vel=(-0.955,-0.709,0.415) action_range=(-2.114,1.367) contact=(1,1,1,1)
[ros2_control_node-3] [INFO] [1791615678.470349562] [StateRL]: [RA-REC] 退出恢复 | group=A mode=paper_faithful_switch ra=-0.1691 < effective_exit=-0.0500 entry=-0.0500 hysteresis=false hold=false, 回到敏捷策略
[ros2_control_node-3] [INFO] [1791615678.511843620] [StateRL]: [TWIST-GD] 梯度下降恢复速度优化 | 初始=[1.05,0.30,0.01] 最终=[0.81,-0.20,0.51] 目标=(2.31,-0.25) RA迭代=[-0.0385,-0.4847,-0.4847] 中心射线=2.58
[ros2_control_node-3] [WARN] [1791615678.511899974] [StateRL]: [RA-REC] 进入恢复 | group=A mode=paper_faithful_switch ra=-0.0385 entry=-0.0500 effective_exit=-0.0500 hysteresis=false hold=false 恢复速度=[0.81,-0.20,0.51]
[ros2_control_node-3] [INFO] [1791615678.530972326] [StateRL]: [ABS-POLICY-CMD] event=recovery_command_issued clock=steady_clock_ns write_ns=23180852561265 write_id=716 source_session_id=23177251954220 source_policy_cycle_id=178 source_mode=1 action_source=2 transition_reason=1 recovery_episode_id=3 q_rad=[0.313733,1.118820,-2.089303,-0.226212,0.620147,-1.517277,0.422859,1.153172,-1.766147,-0.116943,1.367681,-1.908982]
[ros2_control_node-3] [INFO] [1791615678.550802780] [StateRL]: [RA-REC] 退出恢复 | group=A mode=paper_faithful_switch ra=-0.4899 < effective_exit=-0.0500 entry=-0.0500 hysteresis=false hold=false, 回到敏捷策略
[ros2_control_node-3] [ERROR] [1791615678.614477549] [rl_quadruped_controller]: [HARD-STOP] command=1 -> forcing PASSIVE
[ros2_control_node-3] [INFO] [1791615678.614520784] [StateRL]: [VERIFY-EXIT] RL steps executed: 184
[ros2_control_node-3] [INFO] [1791615678.614535558] [rl_quadruped_controller]: [HARD-STOP-CONFIRMED] command=1 state=PASSIVE steady_ns=23180936151872 changed=1
[WARNING] [launch]: user interrupted with ctrl-c (SIGINT)
[INFO] [ros2_control_node-3]: sending signal 'SIGINT' to process[ros2_control_node-3]
[INFO] [robot_state_publisher-2]: sending signal 'SIGINT' to process[robot_state_publisher-2]
[INFO] [rviz2-1]: sending signal 'SIGINT' to process[rviz2-1]
[ros2_control_node-3] [INFO] [1791615678.619960681] [rclcpp]: signal_handler(SIGINT/SIGTERM)
[ros2_control_node-3] [INFO] [1791615678.620103345] [controller_manager]: Shutdown request received....
[ros2_control_node-3] [INFO] [1791615678.620196798] [controller_manager]: Shutting down all controllers in the controller manager.
[ros2_control_node-3] [INFO] [1791615678.620224064] [controller_manager]: Deactivating controller 'joint_state_broadcaster'
[ros2_control_node-3] [INFO] [1791615678.620257507] [controller_manager]: Shutting down controller 'joint_state_broadcaster'
[ros2_control_node-3] [INFO] [1791615678.620279285] [controller_manager]: Deactivating controller 'imu_sensor_broadcaster'
[ros2_control_node-3] [INFO] [1791615678.620292402] [controller_manager]: Shutting down controller 'imu_sensor_broadcaster'
[ros2_control_node-3] [INFO] [1791615678.620307404] [controller_manager]: Deactivating controller 'rl_quadruped_controller'
[ros2_control_node-3] [INFO] [1791615678.620361374] [controller_manager]: Shutting down controller 'rl_quadruped_controller'
[ros2_control_node-3] [INFO] [1791615678.620400560] [resource_manager]: 'deactivate' hardware 'UnitreeSystem' 
[ros2_control_node-3] [INFO] [1791615678.620415442] [resource_manager]: Successful 'deactivate' of hardware 'UnitreeSystem'
[ros2_control_node-3] [INFO] [1791615678.620419803] [resource_manager]: 'shutdown' hardware 'UnitreeSystem' 
[ros2_control_node-3] [INFO] [1791615678.620425633] [resource_manager]: Successful 'shutdown' of hardware 'UnitreeSystem'
[ros2_control_node-3] [INFO] [1791615678.620428508] [controller_manager]: Shutting down the controller manager.
[robot_state_publisher-2] [INFO] [1791615678.619961007] [rclcpp]: signal_handler(SIGINT/SIGTERM)
[rviz2-1] [INFO] [1791615678.619972156] [rclcpp]: signal_handler(SIGINT/SIGTERM)
[ERROR] [robot_state_publisher-2]: process has died [pid 123761, exit code -2, cmd '/opt/ros/humble/lib/robot_state_publisher/robot_state_publisher --ros-args -r __node:=robot_state_publisher --params-file /tmp/launch_params_2m5unl5a'].
[rviz2-1] [INFO] [1791615678.626895072] [rclcpp]: signal_handler(SIGINT/SIGTERM)
[ERROR] [ros2_control_node-3]: process has died [pid 123763, exit code -2, cmd '/opt/ros/humble/lib/controller_manager/ros2_control_node --ros-args --params-file /home/lidio/quadruped_robots/quadruped_ros2_control_humble/install/go2_description/share/go2_description/config/robot_control.yaml -r ~/robot_description:=/robot_description'].
[INFO] [rviz2-1]: process has finished cleanly [pid 123759]
